

================================================================
== Vitis HLS Report for 'compute_systolic'
================================================================
* Date:           Mon May 25 15:51:03 2026

* Version:        2022.2 (Build 3670227 on Oct 13 2022)
* Project:        SystolicArray
* Solution:       solution1 (Vivado IP Flow Target)
* Product family: zynq
* Target device:  xc7z020-clg400-1


================================================================
== Performance Estimates
================================================================
+ Timing: 
    * Summary: 
    +--------+----------+----------+------------+
    |  Clock |  Target  | Estimated| Uncertainty|
    +--------+----------+----------+------------+
    |ap_clk  |  10.00 ns|  6.459 ns|     2.70 ns|
    +--------+----------+----------+------------+

+ Latency: 
    * Summary: 
    +---------+---------+----------+----------+-----+-----+---------+
    |  Latency (cycles) |  Latency (absolute) |  Interval | Pipeline|
    |   min   |   max   |    min   |    max   | min | max |   Type  |
    +---------+---------+----------+----------+-----+-----+---------+
    |      142|      142|  1.420 us|  1.420 us|  142|  142|       no|
    +---------+---------+----------+----------+-----+-----+---------+

    + Detail: 
        * Instance: 
        +--------------------------------------------------------+-------------------------------------------+---------+---------+----------+----------+-----+-----+---------+
        |                                                        |                                           |  Latency (cycles) |  Latency (absolute) |  Interval | Pipeline|
        |                        Instance                        |                   Module                  |   min   |   max   |    min   |    max   | min | max |   Type  |
        +--------------------------------------------------------+-------------------------------------------+---------+---------+----------+----------+-----+-----+---------+
        |grp_compute_systolic_Pipeline_Load_Cache_Row_fu_8708    |compute_systolic_Pipeline_Load_Cache_Row   |       34|       34|  0.340 us|  0.340 us|   34|   34|       no|
        |grp_compute_systolic_Pipeline_Pulse_fu_9768             |compute_systolic_Pipeline_Pulse            |       37|       37|  0.370 us|  0.370 us|   37|   37|       no|
        |grp_compute_systolic_Pipeline_Store_Cache_Row_fu_11854  |compute_systolic_Pipeline_Store_Cache_Row  |       66|       66|  0.660 us|  0.660 us|   66|   66|       no|
        +--------------------------------------------------------+-------------------------------------------+---------+---------+----------+----------+-----+-----+---------+

        * Loop: 
        N/A



================================================================
== Utilization Estimates
================================================================
* Summary: 
+-----------------+---------+------+--------+-------+-----+
|       Name      | BRAM_18K|  DSP |   FF   |  LUT  | URAM|
+-----------------+---------+------+--------+-------+-----+
|DSP              |        -|     -|       -|      -|    -|
|Expression       |        -|     -|       -|      -|    -|
|FIFO             |        -|     -|       -|      -|    -|
|Instance         |        -|  1024|   66412|  54057|    -|
|Memory           |        -|     -|       -|      -|    -|
|Multiplexer      |        -|     -|       -|    773|    -|
|Register         |        -|     -|    8201|      -|    -|
+-----------------+---------+------+--------+-------+-----+
|Total            |        0|  1024|   74613|  54830|    0|
+-----------------+---------+------+--------+-------+-----+
|Available        |      280|   220|  106400|  53200|    0|
+-----------------+---------+------+--------+-------+-----+
|Utilization (%)  |        0|   465|      70|    103|    0|
+-----------------+---------+------+--------+-------+-----+

+ Detail: 
    * Instance: 
    +--------------------------------------------------------+-------------------------------------------+---------+------+-------+-------+-----+
    |                        Instance                        |                   Module                  | BRAM_18K|  DSP |   FF  |  LUT  | URAM|
    +--------------------------------------------------------+-------------------------------------------+---------+------+-------+-------+-----+
    |grp_compute_systolic_Pipeline_Load_Cache_Row_fu_8708    |compute_systolic_Pipeline_Load_Cache_Row   |        0|     0|  32782|     68|    0|
    |grp_compute_systolic_Pipeline_Pulse_fu_9768             |compute_systolic_Pipeline_Pulse            |        0|  1024|  33104|  48926|    0|
    |grp_compute_systolic_Pipeline_Store_Cache_Row_fu_11854  |compute_systolic_Pipeline_Store_Cache_Row  |        0|     0|    526|   5063|    0|
    +--------------------------------------------------------+-------------------------------------------+---------+------+-------+-------+-----+
    |Total                                                   |                                           |        0|  1024|  66412|  54057|    0|
    +--------------------------------------------------------+-------------------------------------------+---------+------+-------+-------+-----+

    * DSP: 
    N/A

    * Memory: 
    N/A

    * FIFO: 
    N/A

    * Expression: 
    N/A

    * Multiplexer: 
    +------------------------+----+-----------+-----+-----------+
    |          Name          | LUT| Input Size| Bits| Total Bits|
    +------------------------+----+-----------+-----+-----------+
    |ap_NS_fsm               |  37|          7|    1|          7|
    |big_tile_C_0_address1   |  14|          3|    6|         18|
    |big_tile_C_0_ce0        |   9|          2|    1|          2|
    |big_tile_C_0_ce1        |  14|          3|    1|          3|
    |big_tile_C_0_we1        |   9|          2|    1|          2|
    |big_tile_C_10_address1  |  14|          3|    6|         18|
    |big_tile_C_10_ce0       |   9|          2|    1|          2|
    |big_tile_C_10_ce1       |  14|          3|    1|          3|
    |big_tile_C_10_we1       |   9|          2|    1|          2|
    |big_tile_C_11_address1  |  14|          3|    6|         18|
    |big_tile_C_11_ce0       |   9|          2|    1|          2|
    |big_tile_C_11_ce1       |  14|          3|    1|          3|
    |big_tile_C_11_we1       |   9|          2|    1|          2|
    |big_tile_C_12_address1  |  14|          3|    6|         18|
    |big_tile_C_12_ce0       |   9|          2|    1|          2|
    |big_tile_C_12_ce1       |  14|          3|    1|          3|
    |big_tile_C_12_we1       |   9|          2|    1|          2|
    |big_tile_C_13_address1  |  14|          3|    6|         18|
    |big_tile_C_13_ce0       |   9|          2|    1|          2|
    |big_tile_C_13_ce1       |  14|          3|    1|          3|
    |big_tile_C_13_we1       |   9|          2|    1|          2|
    |big_tile_C_14_address1  |  14|          3|    6|         18|
    |big_tile_C_14_ce0       |   9|          2|    1|          2|
    |big_tile_C_14_ce1       |  14|          3|    1|          3|
    |big_tile_C_14_we1       |   9|          2|    1|          2|
    |big_tile_C_15_address1  |  14|          3|    6|         18|
    |big_tile_C_15_ce0       |   9|          2|    1|          2|
    |big_tile_C_15_ce1       |  14|          3|    1|          3|
    |big_tile_C_15_we1       |   9|          2|    1|          2|
    |big_tile_C_1_address1   |  14|          3|    6|         18|
    |big_tile_C_1_ce0        |   9|          2|    1|          2|
    |big_tile_C_1_ce1        |  14|          3|    1|          3|
    |big_tile_C_1_we1        |   9|          2|    1|          2|
    |big_tile_C_2_address1   |  14|          3|    6|         18|
    |big_tile_C_2_ce0        |   9|          2|    1|          2|
    |big_tile_C_2_ce1        |  14|          3|    1|          3|
    |big_tile_C_2_we1        |   9|          2|    1|          2|
    |big_tile_C_3_address1   |  14|          3|    6|         18|
    |big_tile_C_3_ce0        |   9|          2|    1|          2|
    |big_tile_C_3_ce1        |  14|          3|    1|          3|
    |big_tile_C_3_we1        |   9|          2|    1|          2|
    |big_tile_C_4_address1   |  14|          3|    6|         18|
    |big_tile_C_4_ce0        |   9|          2|    1|          2|
    |big_tile_C_4_ce1        |  14|          3|    1|          3|
    |big_tile_C_4_we1        |   9|          2|    1|          2|
    |big_tile_C_5_address1   |  14|          3|    6|         18|
    |big_tile_C_5_ce0        |   9|          2|    1|          2|
    |big_tile_C_5_ce1        |  14|          3|    1|          3|
    |big_tile_C_5_we1        |   9|          2|    1|          2|
    |big_tile_C_6_address1   |  14|          3|    6|         18|
    |big_tile_C_6_ce0        |   9|          2|    1|          2|
    |big_tile_C_6_ce1        |  14|          3|    1|          3|
    |big_tile_C_6_we1        |   9|          2|    1|          2|
    |big_tile_C_7_address1   |  14|          3|    6|         18|
    |big_tile_C_7_ce0        |   9|          2|    1|          2|
    |big_tile_C_7_ce1        |  14|          3|    1|          3|
    |big_tile_C_7_we1        |   9|          2|    1|          2|
    |big_tile_C_8_address1   |  14|          3|    6|         18|
    |big_tile_C_8_ce0        |   9|          2|    1|          2|
    |big_tile_C_8_ce1        |  14|          3|    1|          3|
    |big_tile_C_8_we1        |   9|          2|    1|          2|
    |big_tile_C_9_address1   |  14|          3|    6|         18|
    |big_tile_C_9_ce0        |   9|          2|    1|          2|
    |big_tile_C_9_ce1        |  14|          3|    1|          3|
    |big_tile_C_9_we1        |   9|          2|    1|          2|
    +------------------------+----+-----------+-----+-----------+
    |Total                   | 773|        167|  145|        407|
    +------------------------+----+-----------+-----+-----------+

    * Register: 
    +---------------------------------------------------------------------+-----+----+-----+-----------+
    |                                 Name                                |  FF | LUT| Bits| Const Bits|
    +---------------------------------------------------------------------+-----+----+-----+-----------+
    |ap_CS_fsm                                                            |    6|   0|    6|          0|
    |big_tile_A_0_load_1_reg_33634                                        |  256|   0|  256|          0|
    |big_tile_A_0_load_reg_33554                                          |  256|   0|  256|          0|
    |big_tile_A_10_load_1_reg_33684                                       |  256|   0|  256|          0|
    |big_tile_A_10_load_reg_33604                                         |  256|   0|  256|          0|
    |big_tile_A_11_load_1_reg_33689                                       |  256|   0|  256|          0|
    |big_tile_A_11_load_reg_33609                                         |  256|   0|  256|          0|
    |big_tile_A_12_load_1_reg_33694                                       |  256|   0|  256|          0|
    |big_tile_A_12_load_reg_33614                                         |  256|   0|  256|          0|
    |big_tile_A_13_load_1_reg_33699                                       |  256|   0|  256|          0|
    |big_tile_A_13_load_reg_33619                                         |  256|   0|  256|          0|
    |big_tile_A_14_load_1_reg_33704                                       |  256|   0|  256|          0|
    |big_tile_A_14_load_reg_33624                                         |  256|   0|  256|          0|
    |big_tile_A_15_load_1_reg_33709                                       |  256|   0|  256|          0|
    |big_tile_A_15_load_reg_33629                                         |  256|   0|  256|          0|
    |big_tile_A_1_load_1_reg_33639                                        |  256|   0|  256|          0|
    |big_tile_A_1_load_reg_33559                                          |  256|   0|  256|          0|
    |big_tile_A_2_load_1_reg_33644                                        |  256|   0|  256|          0|
    |big_tile_A_2_load_reg_33564                                          |  256|   0|  256|          0|
    |big_tile_A_3_load_1_reg_33649                                        |  256|   0|  256|          0|
    |big_tile_A_3_load_reg_33569                                          |  256|   0|  256|          0|
    |big_tile_A_4_load_1_reg_33654                                        |  256|   0|  256|          0|
    |big_tile_A_4_load_reg_33574                                          |  256|   0|  256|          0|
    |big_tile_A_5_load_1_reg_33659                                        |  256|   0|  256|          0|
    |big_tile_A_5_load_reg_33579                                          |  256|   0|  256|          0|
    |big_tile_A_6_load_1_reg_33664                                        |  256|   0|  256|          0|
    |big_tile_A_6_load_reg_33584                                          |  256|   0|  256|          0|
    |big_tile_A_7_load_1_reg_33669                                        |  256|   0|  256|          0|
    |big_tile_A_7_load_reg_33589                                          |  256|   0|  256|          0|
    |big_tile_A_8_load_1_reg_33674                                        |  256|   0|  256|          0|
    |big_tile_A_8_load_reg_33594                                          |  256|   0|  256|          0|
    |big_tile_A_9_load_1_reg_33679                                        |  256|   0|  256|          0|
    |big_tile_A_9_load_reg_33599                                          |  256|   0|  256|          0|
    |grp_compute_systolic_Pipeline_Load_Cache_Row_fu_8708_ap_start_reg    |    1|   0|    1|          0|
    |grp_compute_systolic_Pipeline_Pulse_fu_9768_ap_start_reg             |    1|   0|    1|          0|
    |grp_compute_systolic_Pipeline_Store_Cache_Row_fu_11854_ap_start_reg  |    1|   0|    1|          0|
    +---------------------------------------------------------------------+-----+----+-----+-----------+
    |Total                                                                | 8201|   0| 8201|          0|
    +---------------------------------------------------------------------+-----+----+-----+-----------+



================================================================
== Interface
================================================================
* Summary: 
+------------------------+-----+-----+------------+------------------+--------------+
|        RTL Ports       | Dir | Bits|  Protocol  |   Source Object  |    C Type    |
+------------------------+-----+-----+------------+------------------+--------------+
|ap_clk                  |   in|    1|  ap_ctrl_hs|  compute_systolic|  return value|
|ap_rst                  |   in|    1|  ap_ctrl_hs|  compute_systolic|  return value|
|ap_start                |   in|    1|  ap_ctrl_hs|  compute_systolic|  return value|
|ap_done                 |  out|    1|  ap_ctrl_hs|  compute_systolic|  return value|
|ap_idle                 |  out|    1|  ap_ctrl_hs|  compute_systolic|  return value|
|ap_ready                |  out|    1|  ap_ctrl_hs|  compute_systolic|  return value|
|big_tile_A_0_address0   |  out|    1|   ap_memory|      big_tile_A_0|         array|
|big_tile_A_0_ce0        |  out|    1|   ap_memory|      big_tile_A_0|         array|
|big_tile_A_0_q0         |   in|  256|   ap_memory|      big_tile_A_0|         array|
|big_tile_A_0_address1   |  out|    1|   ap_memory|      big_tile_A_0|         array|
|big_tile_A_0_ce1        |  out|    1|   ap_memory|      big_tile_A_0|         array|
|big_tile_A_0_q1         |   in|  256|   ap_memory|      big_tile_A_0|         array|
|big_tile_A_1_address0   |  out|    1|   ap_memory|      big_tile_A_1|         array|
|big_tile_A_1_ce0        |  out|    1|   ap_memory|      big_tile_A_1|         array|
|big_tile_A_1_q0         |   in|  256|   ap_memory|      big_tile_A_1|         array|
|big_tile_A_1_address1   |  out|    1|   ap_memory|      big_tile_A_1|         array|
|big_tile_A_1_ce1        |  out|    1|   ap_memory|      big_tile_A_1|         array|
|big_tile_A_1_q1         |   in|  256|   ap_memory|      big_tile_A_1|         array|
|big_tile_A_2_address0   |  out|    1|   ap_memory|      big_tile_A_2|         array|
|big_tile_A_2_ce0        |  out|    1|   ap_memory|      big_tile_A_2|         array|
|big_tile_A_2_q0         |   in|  256|   ap_memory|      big_tile_A_2|         array|
|big_tile_A_2_address1   |  out|    1|   ap_memory|      big_tile_A_2|         array|
|big_tile_A_2_ce1        |  out|    1|   ap_memory|      big_tile_A_2|         array|
|big_tile_A_2_q1         |   in|  256|   ap_memory|      big_tile_A_2|         array|
|big_tile_A_3_address0   |  out|    1|   ap_memory|      big_tile_A_3|         array|
|big_tile_A_3_ce0        |  out|    1|   ap_memory|      big_tile_A_3|         array|
|big_tile_A_3_q0         |   in|  256|   ap_memory|      big_tile_A_3|         array|
|big_tile_A_3_address1   |  out|    1|   ap_memory|      big_tile_A_3|         array|
|big_tile_A_3_ce1        |  out|    1|   ap_memory|      big_tile_A_3|         array|
|big_tile_A_3_q1         |   in|  256|   ap_memory|      big_tile_A_3|         array|
|big_tile_A_4_address0   |  out|    1|   ap_memory|      big_tile_A_4|         array|
|big_tile_A_4_ce0        |  out|    1|   ap_memory|      big_tile_A_4|         array|
|big_tile_A_4_q0         |   in|  256|   ap_memory|      big_tile_A_4|         array|
|big_tile_A_4_address1   |  out|    1|   ap_memory|      big_tile_A_4|         array|
|big_tile_A_4_ce1        |  out|    1|   ap_memory|      big_tile_A_4|         array|
|big_tile_A_4_q1         |   in|  256|   ap_memory|      big_tile_A_4|         array|
|big_tile_A_5_address0   |  out|    1|   ap_memory|      big_tile_A_5|         array|
|big_tile_A_5_ce0        |  out|    1|   ap_memory|      big_tile_A_5|         array|
|big_tile_A_5_q0         |   in|  256|   ap_memory|      big_tile_A_5|         array|
|big_tile_A_5_address1   |  out|    1|   ap_memory|      big_tile_A_5|         array|
|big_tile_A_5_ce1        |  out|    1|   ap_memory|      big_tile_A_5|         array|
|big_tile_A_5_q1         |   in|  256|   ap_memory|      big_tile_A_5|         array|
|big_tile_A_6_address0   |  out|    1|   ap_memory|      big_tile_A_6|         array|
|big_tile_A_6_ce0        |  out|    1|   ap_memory|      big_tile_A_6|         array|
|big_tile_A_6_q0         |   in|  256|   ap_memory|      big_tile_A_6|         array|
|big_tile_A_6_address1   |  out|    1|   ap_memory|      big_tile_A_6|         array|
|big_tile_A_6_ce1        |  out|    1|   ap_memory|      big_tile_A_6|         array|
|big_tile_A_6_q1         |   in|  256|   ap_memory|      big_tile_A_6|         array|
|big_tile_A_7_address0   |  out|    1|   ap_memory|      big_tile_A_7|         array|
|big_tile_A_7_ce0        |  out|    1|   ap_memory|      big_tile_A_7|         array|
|big_tile_A_7_q0         |   in|  256|   ap_memory|      big_tile_A_7|         array|
|big_tile_A_7_address1   |  out|    1|   ap_memory|      big_tile_A_7|         array|
|big_tile_A_7_ce1        |  out|    1|   ap_memory|      big_tile_A_7|         array|
|big_tile_A_7_q1         |   in|  256|   ap_memory|      big_tile_A_7|         array|
|big_tile_A_8_address0   |  out|    1|   ap_memory|      big_tile_A_8|         array|
|big_tile_A_8_ce0        |  out|    1|   ap_memory|      big_tile_A_8|         array|
|big_tile_A_8_q0         |   in|  256|   ap_memory|      big_tile_A_8|         array|
|big_tile_A_8_address1   |  out|    1|   ap_memory|      big_tile_A_8|         array|
|big_tile_A_8_ce1        |  out|    1|   ap_memory|      big_tile_A_8|         array|
|big_tile_A_8_q1         |   in|  256|   ap_memory|      big_tile_A_8|         array|
|big_tile_A_9_address0   |  out|    1|   ap_memory|      big_tile_A_9|         array|
|big_tile_A_9_ce0        |  out|    1|   ap_memory|      big_tile_A_9|         array|
|big_tile_A_9_q0         |   in|  256|   ap_memory|      big_tile_A_9|         array|
|big_tile_A_9_address1   |  out|    1|   ap_memory|      big_tile_A_9|         array|
|big_tile_A_9_ce1        |  out|    1|   ap_memory|      big_tile_A_9|         array|
|big_tile_A_9_q1         |   in|  256|   ap_memory|      big_tile_A_9|         array|
|big_tile_A_10_address0  |  out|    1|   ap_memory|     big_tile_A_10|         array|
|big_tile_A_10_ce0       |  out|    1|   ap_memory|     big_tile_A_10|         array|
|big_tile_A_10_q0        |   in|  256|   ap_memory|     big_tile_A_10|         array|
|big_tile_A_10_address1  |  out|    1|   ap_memory|     big_tile_A_10|         array|
|big_tile_A_10_ce1       |  out|    1|   ap_memory|     big_tile_A_10|         array|
|big_tile_A_10_q1        |   in|  256|   ap_memory|     big_tile_A_10|         array|
|big_tile_A_11_address0  |  out|    1|   ap_memory|     big_tile_A_11|         array|
|big_tile_A_11_ce0       |  out|    1|   ap_memory|     big_tile_A_11|         array|
|big_tile_A_11_q0        |   in|  256|   ap_memory|     big_tile_A_11|         array|
|big_tile_A_11_address1  |  out|    1|   ap_memory|     big_tile_A_11|         array|
|big_tile_A_11_ce1       |  out|    1|   ap_memory|     big_tile_A_11|         array|
|big_tile_A_11_q1        |   in|  256|   ap_memory|     big_tile_A_11|         array|
|big_tile_A_12_address0  |  out|    1|   ap_memory|     big_tile_A_12|         array|
|big_tile_A_12_ce0       |  out|    1|   ap_memory|     big_tile_A_12|         array|
|big_tile_A_12_q0        |   in|  256|   ap_memory|     big_tile_A_12|         array|
|big_tile_A_12_address1  |  out|    1|   ap_memory|     big_tile_A_12|         array|
|big_tile_A_12_ce1       |  out|    1|   ap_memory|     big_tile_A_12|         array|
|big_tile_A_12_q1        |   in|  256|   ap_memory|     big_tile_A_12|         array|
|big_tile_A_13_address0  |  out|    1|   ap_memory|     big_tile_A_13|         array|
|big_tile_A_13_ce0       |  out|    1|   ap_memory|     big_tile_A_13|         array|
|big_tile_A_13_q0        |   in|  256|   ap_memory|     big_tile_A_13|         array|
|big_tile_A_13_address1  |  out|    1|   ap_memory|     big_tile_A_13|         array|
|big_tile_A_13_ce1       |  out|    1|   ap_memory|     big_tile_A_13|         array|
|big_tile_A_13_q1        |   in|  256|   ap_memory|     big_tile_A_13|         array|
|big_tile_A_14_address0  |  out|    1|   ap_memory|     big_tile_A_14|         array|
|big_tile_A_14_ce0       |  out|    1|   ap_memory|     big_tile_A_14|         array|
|big_tile_A_14_q0        |   in|  256|   ap_memory|     big_tile_A_14|         array|
|big_tile_A_14_address1  |  out|    1|   ap_memory|     big_tile_A_14|         array|
|big_tile_A_14_ce1       |  out|    1|   ap_memory|     big_tile_A_14|         array|
|big_tile_A_14_q1        |   in|  256|   ap_memory|     big_tile_A_14|         array|
|big_tile_A_15_address0  |  out|    1|   ap_memory|     big_tile_A_15|         array|
|big_tile_A_15_ce0       |  out|    1|   ap_memory|     big_tile_A_15|         array|
|big_tile_A_15_q0        |   in|  256|   ap_memory|     big_tile_A_15|         array|
|big_tile_A_15_address1  |  out|    1|   ap_memory|     big_tile_A_15|         array|
|big_tile_A_15_ce1       |  out|    1|   ap_memory|     big_tile_A_15|         array|
|big_tile_A_15_q1        |   in|  256|   ap_memory|     big_tile_A_15|         array|
|big_tile_B_address0     |  out|    5|   ap_memory|        big_tile_B|         array|
|big_tile_B_ce0          |  out|    1|   ap_memory|        big_tile_B|         array|
|big_tile_B_q0           |   in|  256|   ap_memory|        big_tile_B|         array|
|big_tile_C_0_address0   |  out|    6|   ap_memory|      big_tile_C_0|         array|
|big_tile_C_0_ce0        |  out|    1|   ap_memory|      big_tile_C_0|         array|
|big_tile_C_0_q0         |   in|   32|   ap_memory|      big_tile_C_0|         array|
|big_tile_C_0_address1   |  out|    6|   ap_memory|      big_tile_C_0|         array|
|big_tile_C_0_ce1        |  out|    1|   ap_memory|      big_tile_C_0|         array|
|big_tile_C_0_we1        |  out|    1|   ap_memory|      big_tile_C_0|         array|
|big_tile_C_0_d1         |  out|   32|   ap_memory|      big_tile_C_0|         array|
|big_tile_C_0_q1         |   in|   32|   ap_memory|      big_tile_C_0|         array|
|big_tile_C_1_address0   |  out|    6|   ap_memory|      big_tile_C_1|         array|
|big_tile_C_1_ce0        |  out|    1|   ap_memory|      big_tile_C_1|         array|
|big_tile_C_1_q0         |   in|   32|   ap_memory|      big_tile_C_1|         array|
|big_tile_C_1_address1   |  out|    6|   ap_memory|      big_tile_C_1|         array|
|big_tile_C_1_ce1        |  out|    1|   ap_memory|      big_tile_C_1|         array|
|big_tile_C_1_we1        |  out|    1|   ap_memory|      big_tile_C_1|         array|
|big_tile_C_1_d1         |  out|   32|   ap_memory|      big_tile_C_1|         array|
|big_tile_C_1_q1         |   in|   32|   ap_memory|      big_tile_C_1|         array|
|big_tile_C_2_address0   |  out|    6|   ap_memory|      big_tile_C_2|         array|
|big_tile_C_2_ce0        |  out|    1|   ap_memory|      big_tile_C_2|         array|
|big_tile_C_2_q0         |   in|   32|   ap_memory|      big_tile_C_2|         array|
|big_tile_C_2_address1   |  out|    6|   ap_memory|      big_tile_C_2|         array|
|big_tile_C_2_ce1        |  out|    1|   ap_memory|      big_tile_C_2|         array|
|big_tile_C_2_we1        |  out|    1|   ap_memory|      big_tile_C_2|         array|
|big_tile_C_2_d1         |  out|   32|   ap_memory|      big_tile_C_2|         array|
|big_tile_C_2_q1         |   in|   32|   ap_memory|      big_tile_C_2|         array|
|big_tile_C_3_address0   |  out|    6|   ap_memory|      big_tile_C_3|         array|
|big_tile_C_3_ce0        |  out|    1|   ap_memory|      big_tile_C_3|         array|
|big_tile_C_3_q0         |   in|   32|   ap_memory|      big_tile_C_3|         array|
|big_tile_C_3_address1   |  out|    6|   ap_memory|      big_tile_C_3|         array|
|big_tile_C_3_ce1        |  out|    1|   ap_memory|      big_tile_C_3|         array|
|big_tile_C_3_we1        |  out|    1|   ap_memory|      big_tile_C_3|         array|
|big_tile_C_3_d1         |  out|   32|   ap_memory|      big_tile_C_3|         array|
|big_tile_C_3_q1         |   in|   32|   ap_memory|      big_tile_C_3|         array|
|big_tile_C_4_address0   |  out|    6|   ap_memory|      big_tile_C_4|         array|
|big_tile_C_4_ce0        |  out|    1|   ap_memory|      big_tile_C_4|         array|
|big_tile_C_4_q0         |   in|   32|   ap_memory|      big_tile_C_4|         array|
|big_tile_C_4_address1   |  out|    6|   ap_memory|      big_tile_C_4|         array|
|big_tile_C_4_ce1        |  out|    1|   ap_memory|      big_tile_C_4|         array|
|big_tile_C_4_we1        |  out|    1|   ap_memory|      big_tile_C_4|         array|
|big_tile_C_4_d1         |  out|   32|   ap_memory|      big_tile_C_4|         array|
|big_tile_C_4_q1         |   in|   32|   ap_memory|      big_tile_C_4|         array|
|big_tile_C_5_address0   |  out|    6|   ap_memory|      big_tile_C_5|         array|
|big_tile_C_5_ce0        |  out|    1|   ap_memory|      big_tile_C_5|         array|
|big_tile_C_5_q0         |   in|   32|   ap_memory|      big_tile_C_5|         array|
|big_tile_C_5_address1   |  out|    6|   ap_memory|      big_tile_C_5|         array|
|big_tile_C_5_ce1        |  out|    1|   ap_memory|      big_tile_C_5|         array|
|big_tile_C_5_we1        |  out|    1|   ap_memory|      big_tile_C_5|         array|
|big_tile_C_5_d1         |  out|   32|   ap_memory|      big_tile_C_5|         array|
|big_tile_C_5_q1         |   in|   32|   ap_memory|      big_tile_C_5|         array|
|big_tile_C_6_address0   |  out|    6|   ap_memory|      big_tile_C_6|         array|
|big_tile_C_6_ce0        |  out|    1|   ap_memory|      big_tile_C_6|         array|
|big_tile_C_6_q0         |   in|   32|   ap_memory|      big_tile_C_6|         array|
|big_tile_C_6_address1   |  out|    6|   ap_memory|      big_tile_C_6|         array|
|big_tile_C_6_ce1        |  out|    1|   ap_memory|      big_tile_C_6|         array|
|big_tile_C_6_we1        |  out|    1|   ap_memory|      big_tile_C_6|         array|
|big_tile_C_6_d1         |  out|   32|   ap_memory|      big_tile_C_6|         array|
|big_tile_C_6_q1         |   in|   32|   ap_memory|      big_tile_C_6|         array|
|big_tile_C_7_address0   |  out|    6|   ap_memory|      big_tile_C_7|         array|
|big_tile_C_7_ce0        |  out|    1|   ap_memory|      big_tile_C_7|         array|
|big_tile_C_7_q0         |   in|   32|   ap_memory|      big_tile_C_7|         array|
|big_tile_C_7_address1   |  out|    6|   ap_memory|      big_tile_C_7|         array|
|big_tile_C_7_ce1        |  out|    1|   ap_memory|      big_tile_C_7|         array|
|big_tile_C_7_we1        |  out|    1|   ap_memory|      big_tile_C_7|         array|
|big_tile_C_7_d1         |  out|   32|   ap_memory|      big_tile_C_7|         array|
|big_tile_C_7_q1         |   in|   32|   ap_memory|      big_tile_C_7|         array|
|big_tile_C_8_address0   |  out|    6|   ap_memory|      big_tile_C_8|         array|
|big_tile_C_8_ce0        |  out|    1|   ap_memory|      big_tile_C_8|         array|
|big_tile_C_8_q0         |   in|   32|   ap_memory|      big_tile_C_8|         array|
|big_tile_C_8_address1   |  out|    6|   ap_memory|      big_tile_C_8|         array|
|big_tile_C_8_ce1        |  out|    1|   ap_memory|      big_tile_C_8|         array|
|big_tile_C_8_we1        |  out|    1|   ap_memory|      big_tile_C_8|         array|
|big_tile_C_8_d1         |  out|   32|   ap_memory|      big_tile_C_8|         array|
|big_tile_C_8_q1         |   in|   32|   ap_memory|      big_tile_C_8|         array|
|big_tile_C_9_address0   |  out|    6|   ap_memory|      big_tile_C_9|         array|
|big_tile_C_9_ce0        |  out|    1|   ap_memory|      big_tile_C_9|         array|
|big_tile_C_9_q0         |   in|   32|   ap_memory|      big_tile_C_9|         array|
|big_tile_C_9_address1   |  out|    6|   ap_memory|      big_tile_C_9|         array|
|big_tile_C_9_ce1        |  out|    1|   ap_memory|      big_tile_C_9|         array|
|big_tile_C_9_we1        |  out|    1|   ap_memory|      big_tile_C_9|         array|
|big_tile_C_9_d1         |  out|   32|   ap_memory|      big_tile_C_9|         array|
|big_tile_C_9_q1         |   in|   32|   ap_memory|      big_tile_C_9|         array|
|big_tile_C_10_address0  |  out|    6|   ap_memory|     big_tile_C_10|         array|
|big_tile_C_10_ce0       |  out|    1|   ap_memory|     big_tile_C_10|         array|
|big_tile_C_10_q0        |   in|   32|   ap_memory|     big_tile_C_10|         array|
|big_tile_C_10_address1  |  out|    6|   ap_memory|     big_tile_C_10|         array|
|big_tile_C_10_ce1       |  out|    1|   ap_memory|     big_tile_C_10|         array|
|big_tile_C_10_we1       |  out|    1|   ap_memory|     big_tile_C_10|         array|
|big_tile_C_10_d1        |  out|   32|   ap_memory|     big_tile_C_10|         array|
|big_tile_C_10_q1        |   in|   32|   ap_memory|     big_tile_C_10|         array|
|big_tile_C_11_address0  |  out|    6|   ap_memory|     big_tile_C_11|         array|
|big_tile_C_11_ce0       |  out|    1|   ap_memory|     big_tile_C_11|         array|
|big_tile_C_11_q0        |   in|   32|   ap_memory|     big_tile_C_11|         array|
|big_tile_C_11_address1  |  out|    6|   ap_memory|     big_tile_C_11|         array|
|big_tile_C_11_ce1       |  out|    1|   ap_memory|     big_tile_C_11|         array|
|big_tile_C_11_we1       |  out|    1|   ap_memory|     big_tile_C_11|         array|
|big_tile_C_11_d1        |  out|   32|   ap_memory|     big_tile_C_11|         array|
|big_tile_C_11_q1        |   in|   32|   ap_memory|     big_tile_C_11|         array|
|big_tile_C_12_address0  |  out|    6|   ap_memory|     big_tile_C_12|         array|
|big_tile_C_12_ce0       |  out|    1|   ap_memory|     big_tile_C_12|         array|
|big_tile_C_12_q0        |   in|   32|   ap_memory|     big_tile_C_12|         array|
|big_tile_C_12_address1  |  out|    6|   ap_memory|     big_tile_C_12|         array|
|big_tile_C_12_ce1       |  out|    1|   ap_memory|     big_tile_C_12|         array|
|big_tile_C_12_we1       |  out|    1|   ap_memory|     big_tile_C_12|         array|
|big_tile_C_12_d1        |  out|   32|   ap_memory|     big_tile_C_12|         array|
|big_tile_C_12_q1        |   in|   32|   ap_memory|     big_tile_C_12|         array|
|big_tile_C_13_address0  |  out|    6|   ap_memory|     big_tile_C_13|         array|
|big_tile_C_13_ce0       |  out|    1|   ap_memory|     big_tile_C_13|         array|
|big_tile_C_13_q0        |   in|   32|   ap_memory|     big_tile_C_13|         array|
|big_tile_C_13_address1  |  out|    6|   ap_memory|     big_tile_C_13|         array|
|big_tile_C_13_ce1       |  out|    1|   ap_memory|     big_tile_C_13|         array|
|big_tile_C_13_we1       |  out|    1|   ap_memory|     big_tile_C_13|         array|
|big_tile_C_13_d1        |  out|   32|   ap_memory|     big_tile_C_13|         array|
|big_tile_C_13_q1        |   in|   32|   ap_memory|     big_tile_C_13|         array|
|big_tile_C_14_address0  |  out|    6|   ap_memory|     big_tile_C_14|         array|
|big_tile_C_14_ce0       |  out|    1|   ap_memory|     big_tile_C_14|         array|
|big_tile_C_14_q0        |   in|   32|   ap_memory|     big_tile_C_14|         array|
|big_tile_C_14_address1  |  out|    6|   ap_memory|     big_tile_C_14|         array|
|big_tile_C_14_ce1       |  out|    1|   ap_memory|     big_tile_C_14|         array|
|big_tile_C_14_we1       |  out|    1|   ap_memory|     big_tile_C_14|         array|
|big_tile_C_14_d1        |  out|   32|   ap_memory|     big_tile_C_14|         array|
|big_tile_C_14_q1        |   in|   32|   ap_memory|     big_tile_C_14|         array|
|big_tile_C_15_address0  |  out|    6|   ap_memory|     big_tile_C_15|         array|
|big_tile_C_15_ce0       |  out|    1|   ap_memory|     big_tile_C_15|         array|
|big_tile_C_15_q0        |   in|   32|   ap_memory|     big_tile_C_15|         array|
|big_tile_C_15_address1  |  out|    6|   ap_memory|     big_tile_C_15|         array|
|big_tile_C_15_ce1       |  out|    1|   ap_memory|     big_tile_C_15|         array|
|big_tile_C_15_we1       |  out|    1|   ap_memory|     big_tile_C_15|         array|
|big_tile_C_15_d1        |  out|   32|   ap_memory|     big_tile_C_15|         array|
|big_tile_C_15_q1        |   in|   32|   ap_memory|     big_tile_C_15|         array|
+------------------------+-----+-----+------------+------------------+--------------+

