

================================================================
== Vitis HLS Report for 'pipelined_layer_processor'
================================================================
* Date:           Mon May 25 15:51:04 2026

* Version:        2022.2 (Build 3670227 on Oct 13 2022)
* Project:        SystolicArray
* Solution:       solution1 (Vivado IP Flow Target)
* Product family: zynq
* Target device:  xc7z020-clg400-1


================================================================
== Performance Estimates
================================================================
+ Timing: 
    * Summary: 
    +--------+----------+----------+------------+
    |  Clock |  Target  | Estimated| Uncertainty|
    +--------+----------+----------+------------+
    |ap_clk  |  10.00 ns|  7.300 ns|     2.70 ns|
    +--------+----------+----------+------------+

+ Latency: 
    * Summary: 
    +---------+---------+----------+----------+-----+-----+---------+
    |  Latency (cycles) |  Latency (absolute) |  Interval | Pipeline|
    |   min   |   max   |    min   |    max   | min | max |   Type  |
    +---------+---------+----------+----------+-----+-----+---------+
    |        ?|        ?|         ?|         ?|    ?|    ?|       no|
    +---------+---------+----------+----------+-----+-----+---------+

    + Detail: 
        * Instance: 
        +-----------------------------------------------------+------------------------------------------+---------+---------+----------+----------+-----+-----+---------+
        |                                                     |                                          |  Latency (cycles) |  Latency (absolute) |  Interval | Pipeline|
        |                       Instance                      |                  Module                  |   min   |   max   |    min   |    max   | min | max |   Type  |
        +-----------------------------------------------------+------------------------------------------+---------+---------+----------+----------+-----+-----+---------+
        |grp_pipelined_layer_processor_Pipeline_Clear_fu_310  |pipelined_layer_processor_Pipeline_Clear  |       66|       66|  0.660 us|  0.660 us|   66|   66|       no|
        |grp_read_big_tile_fu_330                             |read_big_tile                             |       44|       44|  0.440 us|  0.440 us|   44|   44|       no|
        |grp_read_big_tile_1_fu_354                           |read_big_tile_1                           |       44|       44|  0.440 us|  0.440 us|   44|   44|       no|
        |grp_write_big_tile_fu_363                            |write_big_tile                            |      139|      139|  1.390 us|  1.390 us|  139|  139|       no|
        |grp_compute_systolic_fu_387                          |compute_systolic                          |      142|      142|  1.420 us|  1.420 us|  142|  142|       no|
        +-----------------------------------------------------+------------------------------------------+---------+---------+----------+----------+-----+-----+---------+

        * Loop: 
        +---------------------+---------+---------+----------+-----------+-----------+------+----------+
        |                     |  Latency (cycles) | Iteration|  Initiation Interval  | Trip |          |
        |      Loop Name      |   min   |   max   |  Latency |  achieved |   target  | Count| Pipelined|
        +---------------------+---------+---------+----------+-----------+-----------+------+----------+
        |- Row_Loop_Col_Loop  |        ?|        ?|         ?|          -|          -|     ?|        no|
        | + Depth_Loop        |        ?|        ?|       190|          -|          -|     ?|        no|
        +---------------------+---------+---------+----------+-----------+-----------+------+----------+



================================================================
== Utilization Estimates
================================================================
* Summary: 
+-----------------+---------+------+--------+-------+-----+
|       Name      | BRAM_18K|  DSP |   FF   |  LUT  | URAM|
+-----------------+---------+------+--------+-------+-----+
|DSP              |        -|     -|       -|      -|    -|
|Expression       |        -|     -|       0|    448|    -|
|FIFO             |        -|     -|       -|      -|    -|
|Instance         |        0|  1029|   78379|  60894|    -|
|Memory           |      280|     -|       0|      0|    -|
|Multiplexer      |        -|     -|       -|   2274|    -|
|Register         |        -|     -|    1050|      -|    -|
+-----------------+---------+------+--------+-------+-----+
|Total            |      280|  1029|   79429|  63616|    0|
+-----------------+---------+------+--------+-------+-----+
|Available        |      280|   220|  106400|  53200|    0|
+-----------------+---------+------+--------+-------+-----+
|Utilization (%)  |      100|   467|      74|    119|    0|
+-----------------+---------+------+--------+-------+-----+

+ Detail: 
    * Instance: 
    +-----------------------------------------------------+------------------------------------------+---------+------+-------+-------+-----+
    |                       Instance                      |                  Module                  | BRAM_18K|  DSP |   FF  |  LUT  | URAM|
    +-----------------------------------------------------+------------------------------------------+---------+------+-------+-------+-----+
    |grp_compute_systolic_fu_387                          |compute_systolic                          |        0|  1024|  74613|  54830|    0|
    |control_s_axi_U                                      |control_s_axi                             |        0|     0|    360|    616|    0|
    |gmem0_m_axi_U                                        |gmem0_m_axi                               |        0|     0|   1087|   1790|    0|
    |gmem1_m_axi_U                                        |gmem1_m_axi                               |        0|     0|   1087|   1790|    0|
    |mul_25s_25s_25_1_1_U5352                             |mul_25s_25s_25_1_1                        |        0|     1|      0|     47|    0|
    |mul_27s_27s_27_1_1_U5351                             |mul_27s_27s_27_1_1                        |        0|     1|      0|     39|    0|
    |mul_32ns_32ns_64_2_1_U5350                           |mul_32ns_32ns_64_2_1                      |        0|     3|    165|     50|    0|
    |grp_pipelined_layer_processor_Pipeline_Clear_fu_310  |pipelined_layer_processor_Pipeline_Clear  |        0|     0|     14|    295|    0|
    |grp_read_big_tile_fu_330                             |read_big_tile                             |        0|     0|    348|    346|    0|
    |grp_read_big_tile_1_fu_354                           |read_big_tile_1                           |        0|     0|    350|    346|    0|
    |grp_write_big_tile_fu_363                            |write_big_tile                            |        0|     0|    355|    745|    0|
    +-----------------------------------------------------+------------------------------------------+---------+------+-------+-------+-----+
    |Total                                                |                                          |        0|  1029|  78379|  60894|    0|
    +-----------------------------------------------------+------------------------------------------+---------+------+-------+-------+-----+

    * DSP: 
    N/A

    * Memory: 
    +---------------+---------------------------+---------+---+----+-----+------+-----+------+-------------+
    |     Memory    |           Module          | BRAM_18K| FF| LUT| URAM| Words| Bits| Banks| W*Bits*Banks|
    +---------------+---------------------------+---------+---+----+-----+------+-----+------+-------------+
    |tile_A_V_U     |tile_A_V_RAM_2P_BRAM_1R1W  |       15|  0|   0|    0|     2|  256|     1|          512|
    |tile_A_V_1_U   |tile_A_V_RAM_2P_BRAM_1R1W  |       15|  0|   0|    0|     2|  256|     1|          512|
    |tile_A_V_2_U   |tile_A_V_RAM_2P_BRAM_1R1W  |       15|  0|   0|    0|     2|  256|     1|          512|
    |tile_A_V_3_U   |tile_A_V_RAM_2P_BRAM_1R1W  |       15|  0|   0|    0|     2|  256|     1|          512|
    |tile_A_V_4_U   |tile_A_V_RAM_2P_BRAM_1R1W  |       15|  0|   0|    0|     2|  256|     1|          512|
    |tile_A_V_5_U   |tile_A_V_RAM_2P_BRAM_1R1W  |       15|  0|   0|    0|     2|  256|     1|          512|
    |tile_A_V_6_U   |tile_A_V_RAM_2P_BRAM_1R1W  |       15|  0|   0|    0|     2|  256|     1|          512|
    |tile_A_V_7_U   |tile_A_V_RAM_2P_BRAM_1R1W  |       15|  0|   0|    0|     2|  256|     1|          512|
    |tile_A_V_8_U   |tile_A_V_RAM_2P_BRAM_1R1W  |       15|  0|   0|    0|     2|  256|     1|          512|
    |tile_A_V_9_U   |tile_A_V_RAM_2P_BRAM_1R1W  |       15|  0|   0|    0|     2|  256|     1|          512|
    |tile_A_V_10_U  |tile_A_V_RAM_2P_BRAM_1R1W  |       15|  0|   0|    0|     2|  256|     1|          512|
    |tile_A_V_11_U  |tile_A_V_RAM_2P_BRAM_1R1W  |       15|  0|   0|    0|     2|  256|     1|          512|
    |tile_A_V_12_U  |tile_A_V_RAM_2P_BRAM_1R1W  |       15|  0|   0|    0|     2|  256|     1|          512|
    |tile_A_V_13_U  |tile_A_V_RAM_2P_BRAM_1R1W  |       15|  0|   0|    0|     2|  256|     1|          512|
    |tile_A_V_14_U  |tile_A_V_RAM_2P_BRAM_1R1W  |       15|  0|   0|    0|     2|  256|     1|          512|
    |tile_A_V_15_U  |tile_A_V_RAM_2P_BRAM_1R1W  |       15|  0|   0|    0|     2|  256|     1|          512|
    |tile_B_V_U     |tile_B_V_RAM_2P_BRAM_1R1W  |        8|  0|   0|    0|    32|  256|     1|         8192|
    |tile_C_V_U     |tile_C_V_RAM_2P_BRAM_1R1W  |        2|  0|   0|    0|    64|   32|     1|         2048|
    |tile_C_V_1_U   |tile_C_V_RAM_2P_BRAM_1R1W  |        2|  0|   0|    0|    64|   32|     1|         2048|
    |tile_C_V_2_U   |tile_C_V_RAM_2P_BRAM_1R1W  |        2|  0|   0|    0|    64|   32|     1|         2048|
    |tile_C_V_3_U   |tile_C_V_RAM_2P_BRAM_1R1W  |        2|  0|   0|    0|    64|   32|     1|         2048|
    |tile_C_V_4_U   |tile_C_V_RAM_2P_BRAM_1R1W  |        2|  0|   0|    0|    64|   32|     1|         2048|
    |tile_C_V_5_U   |tile_C_V_RAM_2P_BRAM_1R1W  |        2|  0|   0|    0|    64|   32|     1|         2048|
    |tile_C_V_6_U   |tile_C_V_RAM_2P_BRAM_1R1W  |        2|  0|   0|    0|    64|   32|     1|         2048|
    |tile_C_V_7_U   |tile_C_V_RAM_2P_BRAM_1R1W  |        2|  0|   0|    0|    64|   32|     1|         2048|
    |tile_C_V_8_U   |tile_C_V_RAM_2P_BRAM_1R1W  |        2|  0|   0|    0|    64|   32|     1|         2048|
    |tile_C_V_9_U   |tile_C_V_RAM_2P_BRAM_1R1W  |        2|  0|   0|    0|    64|   32|     1|         2048|
    |tile_C_V_10_U  |tile_C_V_RAM_2P_BRAM_1R1W  |        2|  0|   0|    0|    64|   32|     1|         2048|
    |tile_C_V_11_U  |tile_C_V_RAM_2P_BRAM_1R1W  |        2|  0|   0|    0|    64|   32|     1|         2048|
    |tile_C_V_12_U  |tile_C_V_RAM_2P_BRAM_1R1W  |        2|  0|   0|    0|    64|   32|     1|         2048|
    |tile_C_V_13_U  |tile_C_V_RAM_2P_BRAM_1R1W  |        2|  0|   0|    0|    64|   32|     1|         2048|
    |tile_C_V_14_U  |tile_C_V_RAM_2P_BRAM_1R1W  |        2|  0|   0|    0|    64|   32|     1|         2048|
    |tile_C_V_15_U  |tile_C_V_RAM_2P_BRAM_1R1W  |        2|  0|   0|    0|    64|   32|     1|         2048|
    +---------------+---------------------------+---------+---+----+-----+------+-----+------+-------------+
    |Total          |                           |      280|  0|   0|    0|  1088| 4864|    33|        49152|
    +---------------+---------------------------+---------+---+----+-----+------+-----+------+-------------+

    * FIFO: 
    N/A

    * Expression: 
    +---------------------------------+----------+----+---+----+------------+------------+
    |          Variable Name          | Operation| DSP| FF| LUT| Bitwidth P0| Bitwidth P1|
    +---------------------------------+----------+----+---+----+------------+------------+
    |add_ln167_fu_483_p2              |         +|   0|  0|  71|          64|           1|
    |add_ln180_fu_561_p2              |         +|   0|  0|  34|          27|          27|
    |i_3_fu_492_p2                    |         +|   0|  0|  38|          31|           1|
    |idx_A_fu_555_p2                  |         +|   0|  0|  34|          27|          27|
    |idx_B_fu_566_p2                  |         +|   0|  0|  34|          27|          27|
    |idx_C_fu_572_p2                  |         +|   0|  0|  32|          25|          25|
    |j_3_fu_577_p2                    |         +|   0|  0|  38|          31|           1|
    |k_1_fu_549_p2                    |         +|   0|  0|  38|          31|           1|
    |icmp_ln167_fu_478_p2             |      icmp|   0|  0|  29|          64|          64|
    |icmp_ln168_fu_473_p2             |      icmp|   0|  0|  18|          32|          32|
    |icmp_ln176_fu_544_p2             |      icmp|   0|  0|  18|          32|          32|
    |ap_block_state7_on_subcall_done  |        or|   0|  0|   2|           1|           1|
    |select_ln167_1_fu_498_p3         |    select|   0|  0|  31|           1|          31|
    |select_ln167_fu_514_p3           |    select|   0|  0|  31|           1|          31|
    +---------------------------------+----------+----+---+----+------------+------------+
    |Total                            |          |   0|  0| 448|         394|         301|
    +---------------------------------+----------+----+---+----+------------+------------+

    * Multiplexer: 
    +-----------------------+----+-----------+-----+-----------+
    |          Name         | LUT| Input Size| Bits| Total Bits|
    +-----------------------+----+-----------+-----+-----------+
    |ap_NS_fsm              |  59|         11|    1|         11|
    |gmem0_ARVALID          |   9|          2|    1|          2|
    |gmem0_AWVALID          |   9|          2|    1|          2|
    |gmem0_BREADY           |   9|          2|    1|          2|
    |gmem0_RREADY           |   9|          2|    1|          2|
    |gmem0_WVALID           |   9|          2|    1|          2|
    |gmem1_ARVALID          |   9|          2|    1|          2|
    |gmem1_RREADY           |   9|          2|    1|          2|
    |i_fu_112               |   9|          2|   31|         62|
    |indvar_flatten_fu_116  |   9|          2|   64|        128|
    |j_fu_108               |   9|          2|   31|         62|
    |k_reg_288              |   9|          2|   31|         62|
    |phi_mul_reg_299        |   9|          2|   27|         54|
    |tile_A_V_10_address1   |  14|          3|    1|          3|
    |tile_A_V_10_ce0        |   9|          2|    1|          2|
    |tile_A_V_10_ce1        |  14|          3|    1|          3|
    |tile_A_V_10_we1        |   9|          2|    1|          2|
    |tile_A_V_11_address1   |  14|          3|    1|          3|
    |tile_A_V_11_ce0        |   9|          2|    1|          2|
    |tile_A_V_11_ce1        |  14|          3|    1|          3|
    |tile_A_V_11_we1        |   9|          2|    1|          2|
    |tile_A_V_12_address1   |  14|          3|    1|          3|
    |tile_A_V_12_ce0        |   9|          2|    1|          2|
    |tile_A_V_12_ce1        |  14|          3|    1|          3|
    |tile_A_V_12_we1        |   9|          2|    1|          2|
    |tile_A_V_13_address1   |  14|          3|    1|          3|
    |tile_A_V_13_ce0        |   9|          2|    1|          2|
    |tile_A_V_13_ce1        |  14|          3|    1|          3|
    |tile_A_V_13_we1        |   9|          2|    1|          2|
    |tile_A_V_14_address1   |  14|          3|    1|          3|
    |tile_A_V_14_ce0        |   9|          2|    1|          2|
    |tile_A_V_14_ce1        |  14|          3|    1|          3|
    |tile_A_V_14_we1        |   9|          2|    1|          2|
    |tile_A_V_15_address1   |  14|          3|    1|          3|
    |tile_A_V_15_ce0        |   9|          2|    1|          2|
    |tile_A_V_15_ce1        |  14|          3|    1|          3|
    |tile_A_V_15_we1        |   9|          2|    1|          2|
    |tile_A_V_1_address1    |  14|          3|    1|          3|
    |tile_A_V_1_ce0         |   9|          2|    1|          2|
    |tile_A_V_1_ce1         |  14|          3|    1|          3|
    |tile_A_V_1_we1         |   9|          2|    1|          2|
    |tile_A_V_2_address1    |  14|          3|    1|          3|
    |tile_A_V_2_ce0         |   9|          2|    1|          2|
    |tile_A_V_2_ce1         |  14|          3|    1|          3|
    |tile_A_V_2_we1         |   9|          2|    1|          2|
    |tile_A_V_3_address1    |  14|          3|    1|          3|
    |tile_A_V_3_ce0         |   9|          2|    1|          2|
    |tile_A_V_3_ce1         |  14|          3|    1|          3|
    |tile_A_V_3_we1         |   9|          2|    1|          2|
    |tile_A_V_4_address1    |  14|          3|    1|          3|
    |tile_A_V_4_ce0         |   9|          2|    1|          2|
    |tile_A_V_4_ce1         |  14|          3|    1|          3|
    |tile_A_V_4_we1         |   9|          2|    1|          2|
    |tile_A_V_5_address1    |  14|          3|    1|          3|
    |tile_A_V_5_ce0         |   9|          2|    1|          2|
    |tile_A_V_5_ce1         |  14|          3|    1|          3|
    |tile_A_V_5_we1         |   9|          2|    1|          2|
    |tile_A_V_6_address1    |  14|          3|    1|          3|
    |tile_A_V_6_ce0         |   9|          2|    1|          2|
    |tile_A_V_6_ce1         |  14|          3|    1|          3|
    |tile_A_V_6_we1         |   9|          2|    1|          2|
    |tile_A_V_7_address1    |  14|          3|    1|          3|
    |tile_A_V_7_ce0         |   9|          2|    1|          2|
    |tile_A_V_7_ce1         |  14|          3|    1|          3|
    |tile_A_V_7_we1         |   9|          2|    1|          2|
    |tile_A_V_8_address1    |  14|          3|    1|          3|
    |tile_A_V_8_ce0         |   9|          2|    1|          2|
    |tile_A_V_8_ce1         |  14|          3|    1|          3|
    |tile_A_V_8_we1         |   9|          2|    1|          2|
    |tile_A_V_9_address1    |  14|          3|    1|          3|
    |tile_A_V_9_ce0         |   9|          2|    1|          2|
    |tile_A_V_9_ce1         |  14|          3|    1|          3|
    |tile_A_V_9_we1         |   9|          2|    1|          2|
    |tile_A_V_address1      |  14|          3|    1|          3|
    |tile_A_V_ce0           |   9|          2|    1|          2|
    |tile_A_V_ce1           |  14|          3|    1|          3|
    |tile_A_V_we1           |   9|          2|    1|          2|
    |tile_B_V_ce0           |   9|          2|    1|          2|
    |tile_B_V_ce1           |   9|          2|    1|          2|
    |tile_B_V_we1           |   9|          2|    1|          2|
    |tile_C_V_10_address0   |  14|          3|    6|         18|
    |tile_C_V_10_address1   |  14|          3|    6|         18|
    |tile_C_V_10_ce0        |  14|          3|    1|          3|
    |tile_C_V_10_ce1        |  14|          3|    1|          3|
    |tile_C_V_10_d1         |  14|          3|   32|         96|
    |tile_C_V_10_we1        |  14|          3|    1|          3|
    |tile_C_V_11_address0   |  14|          3|    6|         18|
    |tile_C_V_11_address1   |  14|          3|    6|         18|
    |tile_C_V_11_ce0        |  14|          3|    1|          3|
    |tile_C_V_11_ce1        |  14|          3|    1|          3|
    |tile_C_V_11_d1         |  14|          3|   32|         96|
    |tile_C_V_11_we1        |  14|          3|    1|          3|
    |tile_C_V_12_address0   |  14|          3|    6|         18|
    |tile_C_V_12_address1   |  14|          3|    6|         18|
    |tile_C_V_12_ce0        |  14|          3|    1|          3|
    |tile_C_V_12_ce1        |  14|          3|    1|          3|
    |tile_C_V_12_d1         |  14|          3|   32|         96|
    |tile_C_V_12_we1        |  14|          3|    1|          3|
    |tile_C_V_13_address0   |  14|          3|    6|         18|
    |tile_C_V_13_address1   |  14|          3|    6|         18|
    |tile_C_V_13_ce0        |  14|          3|    1|          3|
    |tile_C_V_13_ce1        |  14|          3|    1|          3|
    |tile_C_V_13_d1         |  14|          3|   32|         96|
    |tile_C_V_13_we1        |  14|          3|    1|          3|
    |tile_C_V_14_address0   |  14|          3|    6|         18|
    |tile_C_V_14_address1   |  14|          3|    6|         18|
    |tile_C_V_14_ce0        |  14|          3|    1|          3|
    |tile_C_V_14_ce1        |  14|          3|    1|          3|
    |tile_C_V_14_d1         |  14|          3|   32|         96|
    |tile_C_V_14_we1        |  14|          3|    1|          3|
    |tile_C_V_15_address0   |  14|          3|    6|         18|
    |tile_C_V_15_address1   |  14|          3|    6|         18|
    |tile_C_V_15_ce0        |  14|          3|    1|          3|
    |tile_C_V_15_ce1        |  14|          3|    1|          3|
    |tile_C_V_15_d1         |  14|          3|   32|         96|
    |tile_C_V_15_we1        |  14|          3|    1|          3|
    |tile_C_V_1_address0    |  14|          3|    6|         18|
    |tile_C_V_1_address1    |  14|          3|    6|         18|
    |tile_C_V_1_ce0         |  14|          3|    1|          3|
    |tile_C_V_1_ce1         |  14|          3|    1|          3|
    |tile_C_V_1_d1          |  14|          3|   32|         96|
    |tile_C_V_1_we1         |  14|          3|    1|          3|
    |tile_C_V_2_address0    |  14|          3|    6|         18|
    |tile_C_V_2_address1    |  14|          3|    6|         18|
    |tile_C_V_2_ce0         |  14|          3|    1|          3|
    |tile_C_V_2_ce1         |  14|          3|    1|          3|
    |tile_C_V_2_d1          |  14|          3|   32|         96|
    |tile_C_V_2_we1         |  14|          3|    1|          3|
    |tile_C_V_3_address0    |  14|          3|    6|         18|
    |tile_C_V_3_address1    |  14|          3|    6|         18|
    |tile_C_V_3_ce0         |  14|          3|    1|          3|
    |tile_C_V_3_ce1         |  14|          3|    1|          3|
    |tile_C_V_3_d1          |  14|          3|   32|         96|
    |tile_C_V_3_we1         |  14|          3|    1|          3|
    |tile_C_V_4_address0    |  14|          3|    6|         18|
    |tile_C_V_4_address1    |  14|          3|    6|         18|
    |tile_C_V_4_ce0         |  14|          3|    1|          3|
    |tile_C_V_4_ce1         |  14|          3|    1|          3|
    |tile_C_V_4_d1          |  14|          3|   32|         96|
    |tile_C_V_4_we1         |  14|          3|    1|          3|
    |tile_C_V_5_address0    |  14|          3|    6|         18|
    |tile_C_V_5_address1    |  14|          3|    6|         18|
    |tile_C_V_5_ce0         |  14|          3|    1|          3|
    |tile_C_V_5_ce1         |  14|          3|    1|          3|
    |tile_C_V_5_d1          |  14|          3|   32|         96|
    |tile_C_V_5_we1         |  14|          3|    1|          3|
    |tile_C_V_6_address0    |  14|          3|    6|         18|
    |tile_C_V_6_address1    |  14|          3|    6|         18|
    |tile_C_V_6_ce0         |  14|          3|    1|          3|
    |tile_C_V_6_ce1         |  14|          3|    1|          3|
    |tile_C_V_6_d1          |  14|          3|   32|         96|
    |tile_C_V_6_we1         |  14|          3|    1|          3|
    |tile_C_V_7_address0    |  14|          3|    6|         18|
    |tile_C_V_7_address1    |  14|          3|    6|         18|
    |tile_C_V_7_ce0         |  14|          3|    1|          3|
    |tile_C_V_7_ce1         |  14|          3|    1|          3|
    |tile_C_V_7_d1          |  14|          3|   32|         96|
    |tile_C_V_7_we1         |  14|          3|    1|          3|
    |tile_C_V_8_address0    |  14|          3|    6|         18|
    |tile_C_V_8_address1    |  14|          3|    6|         18|
    |tile_C_V_8_ce0         |  14|          3|    1|          3|
    |tile_C_V_8_ce1         |  14|          3|    1|          3|
    |tile_C_V_8_d1          |  14|          3|   32|         96|
    |tile_C_V_8_we1         |  14|          3|    1|          3|
    |tile_C_V_9_address0    |  14|          3|    6|         18|
    |tile_C_V_9_address1    |  14|          3|    6|         18|
    |tile_C_V_9_ce0         |  14|          3|    1|          3|
    |tile_C_V_9_ce1         |  14|          3|    1|          3|
    |tile_C_V_9_d1          |  14|          3|   32|         96|
    |tile_C_V_9_we1         |  14|          3|    1|          3|
    |tile_C_V_address0      |  14|          3|    6|         18|
    |tile_C_V_address1      |  14|          3|    6|         18|
    |tile_C_V_ce0           |  14|          3|    1|          3|
    |tile_C_V_ce1           |  14|          3|    1|          3|
    |tile_C_V_d1            |  14|          3|   32|         96|
    |tile_C_V_we1           |  14|          3|    1|          3|
    +-----------------------+----+-----------+-----+-----------+
    |Total                  |2274|        489| 1011|       2815|
    +-----------------------+----+-----------+-----+-----------+

    * Register: 
    +------------------------------------------------------------------+----+----+-----+-----------+
    |                               Name                               | FF | LUT| Bits| Const Bits|
    +------------------------------------------------------------------+----+----+-----+-----------+
    |add_ln167_reg_688                                                 |  64|   0|   64|          0|
    |add_ln180_reg_746                                                 |  27|   0|   27|          0|
    |ap_CS_fsm                                                         |  10|   0|   10|          0|
    |empty_1055_reg_652                                                |  25|   0|   25|          0|
    |empty_reg_647                                                     |  27|   0|   27|          0|
    |grp_compute_systolic_fu_387_ap_start_reg                          |   1|   0|    1|          0|
    |grp_pipelined_layer_processor_Pipeline_Clear_fu_310_ap_start_reg  |   1|   0|    1|          0|
    |grp_read_big_tile_1_fu_354_ap_start_reg                           |   1|   0|    1|          0|
    |grp_read_big_tile_fu_330_ap_start_reg                             |   1|   0|    1|          0|
    |grp_write_big_tile_fu_363_ap_start_reg                            |   1|   0|    1|          0|
    |i_fu_112                                                          |  31|   0|   31|          0|
    |icmp_ln168_reg_680                                                |   1|   0|    1|          0|
    |idx_A_reg_741                                                     |  27|   0|   27|          0|
    |idx_B_reg_751                                                     |  27|   0|   27|          0|
    |idx_C_reg_756                                                     |  25|   0|   25|          0|
    |indvar_flatten_fu_116                                             |  64|   0|   64|          0|
    |j_fu_108                                                          |  31|   0|   31|          0|
    |k_1_reg_736                                                       |  31|   0|   31|          0|
    |k_reg_288                                                         |  31|   0|   31|          0|
    |mat_A_read_reg_642                                                |  64|   0|   64|          0|
    |mat_B_read_reg_637                                                |  64|   0|   64|          0|
    |mat_C_read_reg_632                                                |  64|   0|   64|          0|
    |mul_ln130_reg_672                                                 |  64|   0|   64|          0|
    |mul_ln167_1_reg_718                                               |  25|   0|   25|          0|
    |mul_ln167_reg_713                                                 |  27|   0|   27|          0|
    |num_col_tiles_read_reg_616                                        |  32|   0|   32|          0|
    |num_depth_tiles_read_reg_622                                      |  32|   0|   32|          0|
    |num_row_tiles_read_reg_627                                        |  32|   0|   32|          0|
    |phi_mul_reg_299                                                   |  27|   0|   27|          0|
    |select_ln167_1_reg_693                                            |  31|   0|   31|          0|
    |select_ln167_reg_708                                              |  31|   0|   31|          0|
    |trunc_ln167_1_reg_703                                             |  25|   0|   25|          0|
    |trunc_ln167_reg_698                                               |  27|   0|   27|          0|
    |trunc_ln168_1_reg_728                                             |  27|   0|   27|          0|
    |trunc_ln168_reg_723                                               |  25|   0|   25|          0|
    |trunc_ln180_reg_657                                               |  27|   0|   27|          0|
    +------------------------------------------------------------------+----+----+-----+-----------+
    |Total                                                             |1050|   0| 1050|          0|
    +------------------------------------------------------------------+----+----+-----+-----------+



================================================================
== Interface
================================================================
* Summary: 
+-----------------------+-----+-----+------------+---------------------------+--------------+
|       RTL Ports       | Dir | Bits|  Protocol  |       Source Object       |    C Type    |
+-----------------------+-----+-----+------------+---------------------------+--------------+
|s_axi_control_AWVALID  |   in|    1|       s_axi|                    control|        scalar|
|s_axi_control_AWREADY  |  out|    1|       s_axi|                    control|        scalar|
|s_axi_control_AWADDR   |   in|    7|       s_axi|                    control|        scalar|
|s_axi_control_WVALID   |   in|    1|       s_axi|                    control|        scalar|
|s_axi_control_WREADY   |  out|    1|       s_axi|                    control|        scalar|
|s_axi_control_WDATA    |   in|   32|       s_axi|                    control|        scalar|
|s_axi_control_WSTRB    |   in|    4|       s_axi|                    control|        scalar|
|s_axi_control_ARVALID  |   in|    1|       s_axi|                    control|        scalar|
|s_axi_control_ARREADY  |  out|    1|       s_axi|                    control|        scalar|
|s_axi_control_ARADDR   |   in|    7|       s_axi|                    control|        scalar|
|s_axi_control_RVALID   |  out|    1|       s_axi|                    control|        scalar|
|s_axi_control_RREADY   |   in|    1|       s_axi|                    control|        scalar|
|s_axi_control_RDATA    |  out|   32|       s_axi|                    control|        scalar|
|s_axi_control_RRESP    |  out|    2|       s_axi|                    control|        scalar|
|s_axi_control_BVALID   |  out|    1|       s_axi|                    control|        scalar|
|s_axi_control_BREADY   |   in|    1|       s_axi|                    control|        scalar|
|s_axi_control_BRESP    |  out|    2|       s_axi|                    control|        scalar|
|ap_clk                 |   in|    1|  ap_ctrl_hs|  pipelined_layer_processor|  return value|
|ap_rst_n               |   in|    1|  ap_ctrl_hs|  pipelined_layer_processor|  return value|
|interrupt              |  out|    1|  ap_ctrl_hs|  pipelined_layer_processor|  return value|
|m_axi_gmem0_AWVALID    |  out|    1|       m_axi|                      gmem0|       pointer|
|m_axi_gmem0_AWREADY    |   in|    1|       m_axi|                      gmem0|       pointer|
|m_axi_gmem0_AWADDR     |  out|   64|       m_axi|                      gmem0|       pointer|
|m_axi_gmem0_AWID       |  out|    1|       m_axi|                      gmem0|       pointer|
|m_axi_gmem0_AWLEN      |  out|    8|       m_axi|                      gmem0|       pointer|
|m_axi_gmem0_AWSIZE     |  out|    3|       m_axi|                      gmem0|       pointer|
|m_axi_gmem0_AWBURST    |  out|    2|       m_axi|                      gmem0|       pointer|
|m_axi_gmem0_AWLOCK     |  out|    2|       m_axi|                      gmem0|       pointer|
|m_axi_gmem0_AWCACHE    |  out|    4|       m_axi|                      gmem0|       pointer|
|m_axi_gmem0_AWPROT     |  out|    3|       m_axi|                      gmem0|       pointer|
|m_axi_gmem0_AWQOS      |  out|    4|       m_axi|                      gmem0|       pointer|
|m_axi_gmem0_AWREGION   |  out|    4|       m_axi|                      gmem0|       pointer|
|m_axi_gmem0_AWUSER     |  out|    1|       m_axi|                      gmem0|       pointer|
|m_axi_gmem0_WVALID     |  out|    1|       m_axi|                      gmem0|       pointer|
|m_axi_gmem0_WREADY     |   in|    1|       m_axi|                      gmem0|       pointer|
|m_axi_gmem0_WDATA      |  out|  256|       m_axi|                      gmem0|       pointer|
|m_axi_gmem0_WSTRB      |  out|   32|       m_axi|                      gmem0|       pointer|
|m_axi_gmem0_WLAST      |  out|    1|       m_axi|                      gmem0|       pointer|
|m_axi_gmem0_WID        |  out|    1|       m_axi|                      gmem0|       pointer|
|m_axi_gmem0_WUSER      |  out|    1|       m_axi|                      gmem0|       pointer|
|m_axi_gmem0_ARVALID    |  out|    1|       m_axi|                      gmem0|       pointer|
|m_axi_gmem0_ARREADY    |   in|    1|       m_axi|                      gmem0|       pointer|
|m_axi_gmem0_ARADDR     |  out|   64|       m_axi|                      gmem0|       pointer|
|m_axi_gmem0_ARID       |  out|    1|       m_axi|                      gmem0|       pointer|
|m_axi_gmem0_ARLEN      |  out|    8|       m_axi|                      gmem0|       pointer|
|m_axi_gmem0_ARSIZE     |  out|    3|       m_axi|                      gmem0|       pointer|
|m_axi_gmem0_ARBURST    |  out|    2|       m_axi|                      gmem0|       pointer|
|m_axi_gmem0_ARLOCK     |  out|    2|       m_axi|                      gmem0|       pointer|
|m_axi_gmem0_ARCACHE    |  out|    4|       m_axi|                      gmem0|       pointer|
|m_axi_gmem0_ARPROT     |  out|    3|       m_axi|                      gmem0|       pointer|
|m_axi_gmem0_ARQOS      |  out|    4|       m_axi|                      gmem0|       pointer|
|m_axi_gmem0_ARREGION   |  out|    4|       m_axi|                      gmem0|       pointer|
|m_axi_gmem0_ARUSER     |  out|    1|       m_axi|                      gmem0|       pointer|
|m_axi_gmem0_RVALID     |   in|    1|       m_axi|                      gmem0|       pointer|
|m_axi_gmem0_RREADY     |  out|    1|       m_axi|                      gmem0|       pointer|
|m_axi_gmem0_RDATA      |   in|  256|       m_axi|                      gmem0|       pointer|
|m_axi_gmem0_RLAST      |   in|    1|       m_axi|                      gmem0|       pointer|
|m_axi_gmem0_RID        |   in|    1|       m_axi|                      gmem0|       pointer|
|m_axi_gmem0_RUSER      |   in|    1|       m_axi|                      gmem0|       pointer|
|m_axi_gmem0_RRESP      |   in|    2|       m_axi|                      gmem0|       pointer|
|m_axi_gmem0_BVALID     |   in|    1|       m_axi|                      gmem0|       pointer|
|m_axi_gmem0_BREADY     |  out|    1|       m_axi|                      gmem0|       pointer|
|m_axi_gmem0_BRESP      |   in|    2|       m_axi|                      gmem0|       pointer|
|m_axi_gmem0_BID        |   in|    1|       m_axi|                      gmem0|       pointer|
|m_axi_gmem0_BUSER      |   in|    1|       m_axi|                      gmem0|       pointer|
|m_axi_gmem1_AWVALID    |  out|    1|       m_axi|                      gmem1|       pointer|
|m_axi_gmem1_AWREADY    |   in|    1|       m_axi|                      gmem1|       pointer|
|m_axi_gmem1_AWADDR     |  out|   64|       m_axi|                      gmem1|       pointer|
|m_axi_gmem1_AWID       |  out|    1|       m_axi|                      gmem1|       pointer|
|m_axi_gmem1_AWLEN      |  out|    8|       m_axi|                      gmem1|       pointer|
|m_axi_gmem1_AWSIZE     |  out|    3|       m_axi|                      gmem1|       pointer|
|m_axi_gmem1_AWBURST    |  out|    2|       m_axi|                      gmem1|       pointer|
|m_axi_gmem1_AWLOCK     |  out|    2|       m_axi|                      gmem1|       pointer|
|m_axi_gmem1_AWCACHE    |  out|    4|       m_axi|                      gmem1|       pointer|
|m_axi_gmem1_AWPROT     |  out|    3|       m_axi|                      gmem1|       pointer|
|m_axi_gmem1_AWQOS      |  out|    4|       m_axi|                      gmem1|       pointer|
|m_axi_gmem1_AWREGION   |  out|    4|       m_axi|                      gmem1|       pointer|
|m_axi_gmem1_AWUSER     |  out|    1|       m_axi|                      gmem1|       pointer|
|m_axi_gmem1_WVALID     |  out|    1|       m_axi|                      gmem1|       pointer|
|m_axi_gmem1_WREADY     |   in|    1|       m_axi|                      gmem1|       pointer|
|m_axi_gmem1_WDATA      |  out|  256|       m_axi|                      gmem1|       pointer|
|m_axi_gmem1_WSTRB      |  out|   32|       m_axi|                      gmem1|       pointer|
|m_axi_gmem1_WLAST      |  out|    1|       m_axi|                      gmem1|       pointer|
|m_axi_gmem1_WID        |  out|    1|       m_axi|                      gmem1|       pointer|
|m_axi_gmem1_WUSER      |  out|    1|       m_axi|                      gmem1|       pointer|
|m_axi_gmem1_ARVALID    |  out|    1|       m_axi|                      gmem1|       pointer|
|m_axi_gmem1_ARREADY    |   in|    1|       m_axi|                      gmem1|       pointer|
|m_axi_gmem1_ARADDR     |  out|   64|       m_axi|                      gmem1|       pointer|
|m_axi_gmem1_ARID       |  out|    1|       m_axi|                      gmem1|       pointer|
|m_axi_gmem1_ARLEN      |  out|    8|       m_axi|                      gmem1|       pointer|
|m_axi_gmem1_ARSIZE     |  out|    3|       m_axi|                      gmem1|       pointer|
|m_axi_gmem1_ARBURST    |  out|    2|       m_axi|                      gmem1|       pointer|
|m_axi_gmem1_ARLOCK     |  out|    2|       m_axi|                      gmem1|       pointer|
|m_axi_gmem1_ARCACHE    |  out|    4|       m_axi|                      gmem1|       pointer|
|m_axi_gmem1_ARPROT     |  out|    3|       m_axi|                      gmem1|       pointer|
|m_axi_gmem1_ARQOS      |  out|    4|       m_axi|                      gmem1|       pointer|
|m_axi_gmem1_ARREGION   |  out|    4|       m_axi|                      gmem1|       pointer|
|m_axi_gmem1_ARUSER     |  out|    1|       m_axi|                      gmem1|       pointer|
|m_axi_gmem1_RVALID     |   in|    1|       m_axi|                      gmem1|       pointer|
|m_axi_gmem1_RREADY     |  out|    1|       m_axi|                      gmem1|       pointer|
|m_axi_gmem1_RDATA      |   in|  256|       m_axi|                      gmem1|       pointer|
|m_axi_gmem1_RLAST      |   in|    1|       m_axi|                      gmem1|       pointer|
|m_axi_gmem1_RID        |   in|    1|       m_axi|                      gmem1|       pointer|
|m_axi_gmem1_RUSER      |   in|    1|       m_axi|                      gmem1|       pointer|
|m_axi_gmem1_RRESP      |   in|    2|       m_axi|                      gmem1|       pointer|
|m_axi_gmem1_BVALID     |   in|    1|       m_axi|                      gmem1|       pointer|
|m_axi_gmem1_BREADY     |  out|    1|       m_axi|                      gmem1|       pointer|
|m_axi_gmem1_BRESP      |   in|    2|       m_axi|                      gmem1|       pointer|
|m_axi_gmem1_BID        |   in|    1|       m_axi|                      gmem1|       pointer|
|m_axi_gmem1_BUSER      |   in|    1|       m_axi|                      gmem1|       pointer|
+-----------------------+-----+-----+------------+---------------------------+--------------+

