

================================================================
== Vitis HLS Report for 'pipelined_layer_processor_Pipeline_Clear'
================================================================
* Date:           Mon May 25 15:50:52 2026

* Version:        2022.2 (Build 3670227 on Oct 13 2022)
* Project:        SystolicArray
* Solution:       solution1 (Vivado IP Flow Target)
* Product family: zynq
* Target device:  xc7z020-clg400-1


================================================================
== Performance Estimates
================================================================
+ Timing: 
    * Summary: 
    +--------+----------+----------+------------+
    |  Clock |  Target  | Estimated| Uncertainty|
    +--------+----------+----------+------------+
    |ap_clk  |  10.00 ns|  4.681 ns|     2.70 ns|
    +--------+----------+----------+------------+

+ Latency: 
    * Summary: 
    +---------+---------+----------+----------+-----+-----+---------+
    |  Latency (cycles) |  Latency (absolute) |  Interval | Pipeline|
    |   min   |   max   |    min   |    max   | min | max |   Type  |
    +---------+---------+----------+----------+-----+-----+---------+
    |       66|       66|  0.660 us|  0.660 us|   66|   66|       no|
    +---------+---------+----------+----------+-----+-----+---------+

    + Detail: 
        * Instance: 
        N/A

        * Loop: 
        +----------+---------+---------+----------+-----------+-----------+------+----------+
        |          |  Latency (cycles) | Iteration|  Initiation Interval  | Trip |          |
        | Loop Name|   min   |   max   |  Latency |  achieved |   target  | Count| Pipelined|
        +----------+---------+---------+----------+-----------+-----------+------+----------+
        |- Clear   |       64|       64|         2|          2|          1|    32|       yes|
        +----------+---------+---------+----------+-----------+-----------+------+----------+



================================================================
== Utilization Estimates
================================================================
* Summary: 
+-----------------+---------+-----+--------+-------+-----+
|       Name      | BRAM_18K| DSP |   FF   |  LUT  | URAM|
+-----------------+---------+-----+--------+-------+-----+
|DSP              |        -|    -|       -|      -|    -|
|Expression       |        -|    -|       0|     30|    -|
|FIFO             |        -|    -|       -|      -|    -|
|Instance         |        -|    -|       -|      -|    -|
|Memory           |        -|    -|       -|      -|    -|
|Multiplexer      |        -|    -|       -|    265|    -|
|Register         |        -|    -|      14|      -|    -|
+-----------------+---------+-----+--------+-------+-----+
|Total            |        0|    0|      14|    295|    0|
+-----------------+---------+-----+--------+-------+-----+
|Available        |      280|  220|  106400|  53200|    0|
+-----------------+---------+-----+--------+-------+-----+
|Utilization (%)  |        0|    0|      ~0|     ~0|    0|
+-----------------+---------+-----+--------+-------+-----+

+ Detail: 
    * Instance: 
    N/A

    * DSP: 
    N/A

    * Memory: 
    N/A

    * FIFO: 
    N/A

    * Expression: 
    +----------------------+----------+----+---+----+------------+------------+
    |     Variable Name    | Operation| DSP| FF| LUT| Bitwidth P0| Bitwidth P1|
    +----------------------+----------+----+---+----+------------+------------+
    |add_ln171_fu_498_p2   |         +|   0|  0|  14|           6|           1|
    |icmp_ln171_fu_492_p2  |      icmp|   0|  0|  10|           6|           7|
    |or_ln173_fu_535_p2    |        or|   0|  0|   6|           6|           1|
    +----------------------+----------+----+---+----+------------+------------+
    |Total                 |          |   0|  0|  30|          18|           9|
    +----------------------+----------+----+---+----+------------+------------+

    * Multiplexer: 
    +----------------------+----+-----------+-----+-----------+
    |         Name         | LUT| Input Size| Bits| Total Bits|
    +----------------------+----+-----------+-----+-----------+
    |ap_NS_fsm             |  14|          3|    1|          3|
    |ap_done_int           |   9|          2|    1|          2|
    |ap_sig_allocacmp_r_1  |   9|          2|    6|         12|
    |r_fu_64               |   9|          2|    6|         12|
    |tile_C_V_10_address1  |  14|          3|    6|         18|
    |tile_C_V_11_address1  |  14|          3|    6|         18|
    |tile_C_V_12_address1  |  14|          3|    6|         18|
    |tile_C_V_13_address1  |  14|          3|    6|         18|
    |tile_C_V_14_address1  |  14|          3|    6|         18|
    |tile_C_V_15_address1  |  14|          3|    6|         18|
    |tile_C_V_1_address1   |  14|          3|    6|         18|
    |tile_C_V_2_address1   |  14|          3|    6|         18|
    |tile_C_V_3_address1   |  14|          3|    6|         18|
    |tile_C_V_4_address1   |  14|          3|    6|         18|
    |tile_C_V_5_address1   |  14|          3|    6|         18|
    |tile_C_V_6_address1   |  14|          3|    6|         18|
    |tile_C_V_7_address1   |  14|          3|    6|         18|
    |tile_C_V_8_address1   |  14|          3|    6|         18|
    |tile_C_V_9_address1   |  14|          3|    6|         18|
    |tile_C_V_address1     |  14|          3|    6|         18|
    +----------------------+----+-----------+-----+-----------+
    |Total                 | 265|         57|  110|        317|
    +----------------------+----+-----------+-----+-----------+

    * Register: 
    +-------------------+---+----+-----+-----------+
    |        Name       | FF| LUT| Bits| Const Bits|
    +-------------------+---+----+-----+-----------+
    |ap_CS_fsm          |  2|   0|    2|          0|
    |ap_done_reg        |  1|   0|    1|          0|
    |r_fu_64            |  6|   0|    6|          0|
    |shl_ln173_reg_570  |  5|   0|    6|          1|
    +-------------------+---+----+-----+-----------+
    |Total              | 14|   0|   15|          1|
    +-------------------+---+----+-----+-----------+



================================================================
== Interface
================================================================
* Summary: 
+----------------------+-----+-----+------------+------------------------------------------+--------------+
|       RTL Ports      | Dir | Bits|  Protocol  |               Source Object              |    C Type    |
+----------------------+-----+-----+------------+------------------------------------------+--------------+
|ap_clk                |   in|    1|  ap_ctrl_hs|  pipelined_layer_processor_Pipeline_Clear|  return value|
|ap_rst                |   in|    1|  ap_ctrl_hs|  pipelined_layer_processor_Pipeline_Clear|  return value|
|ap_start              |   in|    1|  ap_ctrl_hs|  pipelined_layer_processor_Pipeline_Clear|  return value|
|ap_done               |  out|    1|  ap_ctrl_hs|  pipelined_layer_processor_Pipeline_Clear|  return value|
|ap_idle               |  out|    1|  ap_ctrl_hs|  pipelined_layer_processor_Pipeline_Clear|  return value|
|ap_ready              |  out|    1|  ap_ctrl_hs|  pipelined_layer_processor_Pipeline_Clear|  return value|
|tile_C_V_address1     |  out|    6|   ap_memory|                                  tile_C_V|         array|
|tile_C_V_ce1          |  out|    1|   ap_memory|                                  tile_C_V|         array|
|tile_C_V_we1          |  out|    1|   ap_memory|                                  tile_C_V|         array|
|tile_C_V_d1           |  out|   32|   ap_memory|                                  tile_C_V|         array|
|tile_C_V_1_address1   |  out|    6|   ap_memory|                                tile_C_V_1|         array|
|tile_C_V_1_ce1        |  out|    1|   ap_memory|                                tile_C_V_1|         array|
|tile_C_V_1_we1        |  out|    1|   ap_memory|                                tile_C_V_1|         array|
|tile_C_V_1_d1         |  out|   32|   ap_memory|                                tile_C_V_1|         array|
|tile_C_V_2_address1   |  out|    6|   ap_memory|                                tile_C_V_2|         array|
|tile_C_V_2_ce1        |  out|    1|   ap_memory|                                tile_C_V_2|         array|
|tile_C_V_2_we1        |  out|    1|   ap_memory|                                tile_C_V_2|         array|
|tile_C_V_2_d1         |  out|   32|   ap_memory|                                tile_C_V_2|         array|
|tile_C_V_3_address1   |  out|    6|   ap_memory|                                tile_C_V_3|         array|
|tile_C_V_3_ce1        |  out|    1|   ap_memory|                                tile_C_V_3|         array|
|tile_C_V_3_we1        |  out|    1|   ap_memory|                                tile_C_V_3|         array|
|tile_C_V_3_d1         |  out|   32|   ap_memory|                                tile_C_V_3|         array|
|tile_C_V_4_address1   |  out|    6|   ap_memory|                                tile_C_V_4|         array|
|tile_C_V_4_ce1        |  out|    1|   ap_memory|                                tile_C_V_4|         array|
|tile_C_V_4_we1        |  out|    1|   ap_memory|                                tile_C_V_4|         array|
|tile_C_V_4_d1         |  out|   32|   ap_memory|                                tile_C_V_4|         array|
|tile_C_V_5_address1   |  out|    6|   ap_memory|                                tile_C_V_5|         array|
|tile_C_V_5_ce1        |  out|    1|   ap_memory|                                tile_C_V_5|         array|
|tile_C_V_5_we1        |  out|    1|   ap_memory|                                tile_C_V_5|         array|
|tile_C_V_5_d1         |  out|   32|   ap_memory|                                tile_C_V_5|         array|
|tile_C_V_6_address1   |  out|    6|   ap_memory|                                tile_C_V_6|         array|
|tile_C_V_6_ce1        |  out|    1|   ap_memory|                                tile_C_V_6|         array|
|tile_C_V_6_we1        |  out|    1|   ap_memory|                                tile_C_V_6|         array|
|tile_C_V_6_d1         |  out|   32|   ap_memory|                                tile_C_V_6|         array|
|tile_C_V_7_address1   |  out|    6|   ap_memory|                                tile_C_V_7|         array|
|tile_C_V_7_ce1        |  out|    1|   ap_memory|                                tile_C_V_7|         array|
|tile_C_V_7_we1        |  out|    1|   ap_memory|                                tile_C_V_7|         array|
|tile_C_V_7_d1         |  out|   32|   ap_memory|                                tile_C_V_7|         array|
|tile_C_V_8_address1   |  out|    6|   ap_memory|                                tile_C_V_8|         array|
|tile_C_V_8_ce1        |  out|    1|   ap_memory|                                tile_C_V_8|         array|
|tile_C_V_8_we1        |  out|    1|   ap_memory|                                tile_C_V_8|         array|
|tile_C_V_8_d1         |  out|   32|   ap_memory|                                tile_C_V_8|         array|
|tile_C_V_9_address1   |  out|    6|   ap_memory|                                tile_C_V_9|         array|
|tile_C_V_9_ce1        |  out|    1|   ap_memory|                                tile_C_V_9|         array|
|tile_C_V_9_we1        |  out|    1|   ap_memory|                                tile_C_V_9|         array|
|tile_C_V_9_d1         |  out|   32|   ap_memory|                                tile_C_V_9|         array|
|tile_C_V_10_address1  |  out|    6|   ap_memory|                               tile_C_V_10|         array|
|tile_C_V_10_ce1       |  out|    1|   ap_memory|                               tile_C_V_10|         array|
|tile_C_V_10_we1       |  out|    1|   ap_memory|                               tile_C_V_10|         array|
|tile_C_V_10_d1        |  out|   32|   ap_memory|                               tile_C_V_10|         array|
|tile_C_V_11_address1  |  out|    6|   ap_memory|                               tile_C_V_11|         array|
|tile_C_V_11_ce1       |  out|    1|   ap_memory|                               tile_C_V_11|         array|
|tile_C_V_11_we1       |  out|    1|   ap_memory|                               tile_C_V_11|         array|
|tile_C_V_11_d1        |  out|   32|   ap_memory|                               tile_C_V_11|         array|
|tile_C_V_12_address1  |  out|    6|   ap_memory|                               tile_C_V_12|         array|
|tile_C_V_12_ce1       |  out|    1|   ap_memory|                               tile_C_V_12|         array|
|tile_C_V_12_we1       |  out|    1|   ap_memory|                               tile_C_V_12|         array|
|tile_C_V_12_d1        |  out|   32|   ap_memory|                               tile_C_V_12|         array|
|tile_C_V_13_address1  |  out|    6|   ap_memory|                               tile_C_V_13|         array|
|tile_C_V_13_ce1       |  out|    1|   ap_memory|                               tile_C_V_13|         array|
|tile_C_V_13_we1       |  out|    1|   ap_memory|                               tile_C_V_13|         array|
|tile_C_V_13_d1        |  out|   32|   ap_memory|                               tile_C_V_13|         array|
|tile_C_V_14_address1  |  out|    6|   ap_memory|                               tile_C_V_14|         array|
|tile_C_V_14_ce1       |  out|    1|   ap_memory|                               tile_C_V_14|         array|
|tile_C_V_14_we1       |  out|    1|   ap_memory|                               tile_C_V_14|         array|
|tile_C_V_14_d1        |  out|   32|   ap_memory|                               tile_C_V_14|         array|
|tile_C_V_15_address1  |  out|    6|   ap_memory|                               tile_C_V_15|         array|
|tile_C_V_15_ce1       |  out|    1|   ap_memory|                               tile_C_V_15|         array|
|tile_C_V_15_we1       |  out|    1|   ap_memory|                               tile_C_V_15|         array|
|tile_C_V_15_d1        |  out|   32|   ap_memory|                               tile_C_V_15|         array|
+----------------------+-----+-----+------------+------------------------------------------+--------------+

