

================================================================
== Vitis HLS Report for 'read_big_tile_1_Pipeline_Read_Loop'
================================================================
* Date:           Mon May 25 15:50:52 2026

* Version:        2022.2 (Build 3670227 on Oct 13 2022)
* Project:        SystolicArray
* Solution:       solution1 (Vivado IP Flow Target)
* Product family: zynq
* Target device:  xc7z020-clg400-1


================================================================
== Performance Estimates
================================================================
+ Timing: 
    * Summary: 
    +--------+----------+----------+------------+
    |  Clock |  Target  | Estimated| Uncertainty|
    +--------+----------+----------+------------+
    |ap_clk  |  10.00 ns|  7.300 ns|     2.70 ns|
    +--------+----------+----------+------------+

+ Latency: 
    * Summary: 
    +---------+---------+----------+----------+-----+-----+---------+
    |  Latency (cycles) |  Latency (absolute) |  Interval | Pipeline|
    |   min   |   max   |    min   |    max   | min | max |   Type  |
    +---------+---------+----------+----------+-----+-----+---------+
    |       35|       35|  0.350 us|  0.350 us|   35|   35|       no|
    +---------+---------+----------+----------+-----+-----+---------+

    + Detail: 
        * Instance: 
        N/A

        * Loop: 
        +-------------+---------+---------+----------+-----------+-----------+------+----------+
        |             |  Latency (cycles) | Iteration|  Initiation Interval  | Trip |          |
        |  Loop Name  |   min   |   max   |  Latency |  achieved |   target  | Count| Pipelined|
        +-------------+---------+---------+----------+-----------+-----------+------+----------+
        |- Read_Loop  |       33|       33|         3|          1|          1|    32|       yes|
        +-------------+---------+---------+----------+-----------+-----------+------+----------+



================================================================
== Utilization Estimates
================================================================
* Summary: 
+-----------------+---------+-----+--------+-------+-----+
|       Name      | BRAM_18K| DSP |   FF   |  LUT  | URAM|
+-----------------+---------+-----+--------+-------+-----+
|DSP              |        -|    -|       -|      -|    -|
|Expression       |        -|    -|       0|     30|    -|
|FIFO             |        -|    -|       -|      -|    -|
|Instance         |        -|    -|       -|      -|    -|
|Memory           |        -|    -|       -|      -|    -|
|Multiplexer      |        -|    -|       -|     45|    -|
|Register         |        -|    -|     280|      -|    -|
+-----------------+---------+-----+--------+-------+-----+
|Total            |        0|    0|     280|     75|    0|
+-----------------+---------+-----+--------+-------+-----+
|Available        |      280|  220|  106400|  53200|    0|
+-----------------+---------+-----+--------+-------+-----+
|Utilization (%)  |        0|    0|      ~0|     ~0|    0|
+-----------------+---------+-----+--------+-------+-----+

+ Detail: 
    * Instance: 
    N/A

    * DSP: 
    N/A

    * Memory: 
    N/A

    * FIFO: 
    N/A

    * Expression: 
    +----------------------------------+----------+----+---+----+------------+------------+
    |           Variable Name          | Operation| DSP| FF| LUT| Bitwidth P0| Bitwidth P1|
    +----------------------------------+----------+----+---+----+------------+------------+
    |add_ln15_fu_110_p2                |         +|   0|  0|  14|           6|           1|
    |ap_block_pp0_stage0_11001         |       and|   0|  0|   2|           1|           1|
    |ap_block_state2_pp0_stage0_iter1  |       and|   0|  0|   2|           1|           1|
    |icmp_ln15_fu_104_p2               |      icmp|   0|  0|  10|           6|           7|
    |ap_enable_pp0                     |       xor|   0|  0|   2|           1|           2|
    +----------------------------------+----------+----+---+----+------------+------------+
    |Total                             |          |   0|  0|  30|          15|          12|
    +----------------------------------+----------+----+---+----+------------+------------+

    * Multiplexer: 
    +-------------------------+----+-----------+-----+-----------+
    |           Name          | LUT| Input Size| Bits| Total Bits|
    +-------------------------+----+-----------+-----+-----------+
    |ap_done_int              |   9|          2|    1|          2|
    |ap_enable_reg_pp0_iter2  |   9|          2|    1|          2|
    |ap_sig_allocacmp_i_2     |   9|          2|    6|         12|
    |gmem1_blk_n_R            |   9|          2|    1|          2|
    |i_fu_60                  |   9|          2|    6|         12|
    +-------------------------+----+-----------+-----+-----------+
    |Total                    |  45|         10|   15|         30|
    +-------------------------+----+-----------+-----+-----------+

    * Register: 
    +----------------------------------+-----+----+-----+-----------+
    |               Name               |  FF | LUT| Bits| Const Bits|
    +----------------------------------+-----+----+-----+-----------+
    |ap_CS_fsm                         |    1|   0|    1|          0|
    |ap_done_reg                       |    1|   0|    1|          0|
    |ap_enable_reg_pp0_iter1           |    1|   0|    1|          0|
    |ap_enable_reg_pp0_iter2           |    1|   0|    1|          0|
    |ap_loop_exit_ready_pp0_iter1_reg  |    1|   0|    1|          0|
    |i_2_reg_143                       |    6|   0|    6|          0|
    |i_2_reg_143_pp0_iter1_reg         |    6|   0|    6|          0|
    |i_fu_60                           |    6|   0|    6|          0|
    |icmp_ln15_reg_148                 |    1|   0|    1|          0|
    |packet_V_reg_152                  |  256|   0|  256|          0|
    +----------------------------------+-----+----+-----+-----------+
    |Total                             |  280|   0|  280|          0|
    +----------------------------------+-----+----+-----+-----------+



================================================================
== Interface
================================================================
* Summary: 
+-----------------------+-----+-----+------------+------------------------------------+--------------+
|       RTL Ports       | Dir | Bits|  Protocol  |            Source Object           |    C Type    |
+-----------------------+-----+-----+------------+------------------------------------+--------------+
|ap_clk                 |   in|    1|  ap_ctrl_hs|  read_big_tile.1_Pipeline_Read_Loop|  return value|
|ap_rst                 |   in|    1|  ap_ctrl_hs|  read_big_tile.1_Pipeline_Read_Loop|  return value|
|ap_start               |   in|    1|  ap_ctrl_hs|  read_big_tile.1_Pipeline_Read_Loop|  return value|
|ap_done                |  out|    1|  ap_ctrl_hs|  read_big_tile.1_Pipeline_Read_Loop|  return value|
|ap_idle                |  out|    1|  ap_ctrl_hs|  read_big_tile.1_Pipeline_Read_Loop|  return value|
|ap_ready               |  out|    1|  ap_ctrl_hs|  read_big_tile.1_Pipeline_Read_Loop|  return value|
|m_axi_gmem1_AWVALID    |  out|    1|       m_axi|                               gmem1|       pointer|
|m_axi_gmem1_AWREADY    |   in|    1|       m_axi|                               gmem1|       pointer|
|m_axi_gmem1_AWADDR     |  out|   64|       m_axi|                               gmem1|       pointer|
|m_axi_gmem1_AWID       |  out|    1|       m_axi|                               gmem1|       pointer|
|m_axi_gmem1_AWLEN      |  out|   32|       m_axi|                               gmem1|       pointer|
|m_axi_gmem1_AWSIZE     |  out|    3|       m_axi|                               gmem1|       pointer|
|m_axi_gmem1_AWBURST    |  out|    2|       m_axi|                               gmem1|       pointer|
|m_axi_gmem1_AWLOCK     |  out|    2|       m_axi|                               gmem1|       pointer|
|m_axi_gmem1_AWCACHE    |  out|    4|       m_axi|                               gmem1|       pointer|
|m_axi_gmem1_AWPROT     |  out|    3|       m_axi|                               gmem1|       pointer|
|m_axi_gmem1_AWQOS      |  out|    4|       m_axi|                               gmem1|       pointer|
|m_axi_gmem1_AWREGION   |  out|    4|       m_axi|                               gmem1|       pointer|
|m_axi_gmem1_AWUSER     |  out|    1|       m_axi|                               gmem1|       pointer|
|m_axi_gmem1_WVALID     |  out|    1|       m_axi|                               gmem1|       pointer|
|m_axi_gmem1_WREADY     |   in|    1|       m_axi|                               gmem1|       pointer|
|m_axi_gmem1_WDATA      |  out|  256|       m_axi|                               gmem1|       pointer|
|m_axi_gmem1_WSTRB      |  out|   32|       m_axi|                               gmem1|       pointer|
|m_axi_gmem1_WLAST      |  out|    1|       m_axi|                               gmem1|       pointer|
|m_axi_gmem1_WID        |  out|    1|       m_axi|                               gmem1|       pointer|
|m_axi_gmem1_WUSER      |  out|    1|       m_axi|                               gmem1|       pointer|
|m_axi_gmem1_ARVALID    |  out|    1|       m_axi|                               gmem1|       pointer|
|m_axi_gmem1_ARREADY    |   in|    1|       m_axi|                               gmem1|       pointer|
|m_axi_gmem1_ARADDR     |  out|   64|       m_axi|                               gmem1|       pointer|
|m_axi_gmem1_ARID       |  out|    1|       m_axi|                               gmem1|       pointer|
|m_axi_gmem1_ARLEN      |  out|   32|       m_axi|                               gmem1|       pointer|
|m_axi_gmem1_ARSIZE     |  out|    3|       m_axi|                               gmem1|       pointer|
|m_axi_gmem1_ARBURST    |  out|    2|       m_axi|                               gmem1|       pointer|
|m_axi_gmem1_ARLOCK     |  out|    2|       m_axi|                               gmem1|       pointer|
|m_axi_gmem1_ARCACHE    |  out|    4|       m_axi|                               gmem1|       pointer|
|m_axi_gmem1_ARPROT     |  out|    3|       m_axi|                               gmem1|       pointer|
|m_axi_gmem1_ARQOS      |  out|    4|       m_axi|                               gmem1|       pointer|
|m_axi_gmem1_ARREGION   |  out|    4|       m_axi|                               gmem1|       pointer|
|m_axi_gmem1_ARUSER     |  out|    1|       m_axi|                               gmem1|       pointer|
|m_axi_gmem1_RVALID     |   in|    1|       m_axi|                               gmem1|       pointer|
|m_axi_gmem1_RREADY     |  out|    1|       m_axi|                               gmem1|       pointer|
|m_axi_gmem1_RDATA      |   in|  256|       m_axi|                               gmem1|       pointer|
|m_axi_gmem1_RLAST      |   in|    1|       m_axi|                               gmem1|       pointer|
|m_axi_gmem1_RID        |   in|    1|       m_axi|                               gmem1|       pointer|
|m_axi_gmem1_RFIFONUM   |   in|    9|       m_axi|                               gmem1|       pointer|
|m_axi_gmem1_RUSER      |   in|    1|       m_axi|                               gmem1|       pointer|
|m_axi_gmem1_RRESP      |   in|    2|       m_axi|                               gmem1|       pointer|
|m_axi_gmem1_BVALID     |   in|    1|       m_axi|                               gmem1|       pointer|
|m_axi_gmem1_BREADY     |  out|    1|       m_axi|                               gmem1|       pointer|
|m_axi_gmem1_BRESP      |   in|    2|       m_axi|                               gmem1|       pointer|
|m_axi_gmem1_BID        |   in|    1|       m_axi|                               gmem1|       pointer|
|m_axi_gmem1_BUSER      |   in|    1|       m_axi|                               gmem1|       pointer|
|sext_ln15_1            |   in|   59|     ap_none|                         sext_ln15_1|        scalar|
|local_buffer_address1  |  out|    5|   ap_memory|                        local_buffer|         array|
|local_buffer_ce1       |  out|    1|   ap_memory|                        local_buffer|         array|
|local_buffer_we1       |  out|    1|   ap_memory|                        local_buffer|         array|
|local_buffer_d1        |  out|  256|   ap_memory|                        local_buffer|         array|
+-----------------------+-----+-----+------------+------------------------------------+--------------+

