

================================================================
== Vitis HLS Report for 'read_big_tile_1'
================================================================
* Date:           Mon May 25 15:50:52 2026

* Version:        2022.2 (Build 3670227 on Oct 13 2022)
* Project:        SystolicArray
* Solution:       solution1 (Vivado IP Flow Target)
* Product family: zynq
* Target device:  xc7z020-clg400-1


================================================================
== Performance Estimates
================================================================
+ Timing: 
    * Summary: 
    +--------+----------+----------+------------+
    |  Clock |  Target  | Estimated| Uncertainty|
    +--------+----------+----------+------------+
    |ap_clk  |  10.00 ns|  7.300 ns|     2.70 ns|
    +--------+----------+----------+------------+

+ Latency: 
    * Summary: 
    +---------+---------+----------+----------+-----+-----+---------+
    |  Latency (cycles) |  Latency (absolute) |  Interval | Pipeline|
    |   min   |   max   |    min   |    max   | min | max |   Type  |
    +---------+---------+----------+----------+-----+-----+---------+
    |       44|       44|  0.440 us|  0.440 us|   44|   44|       no|
    +---------+---------+----------+----------+-----+-----+---------+

    + Detail: 
        * Instance: 
        +----------------------------------------------+------------------------------------+---------+---------+----------+----------+-----+-----+---------+
        |                                              |                                    |  Latency (cycles) |  Latency (absolute) |  Interval | Pipeline|
        |                   Instance                   |               Module               |   min   |   max   |    min   |    max   | min | max |   Type  |
        +----------------------------------------------+------------------------------------+---------+---------+----------+----------+-----+-----+---------+
        |grp_read_big_tile_1_Pipeline_Read_Loop_fu_77  |read_big_tile_1_Pipeline_Read_Loop  |       35|       35|  0.350 us|  0.350 us|   35|   35|       no|
        +----------------------------------------------+------------------------------------+---------+---------+----------+----------+-----+-----+---------+

        * Loop: 
        N/A



================================================================
== Utilization Estimates
================================================================
* Summary: 
+-----------------+---------+-----+--------+-------+-----+
|       Name      | BRAM_18K| DSP |   FF   |  LUT  | URAM|
+-----------------+---------+-----+--------+-------+-----+
|DSP              |        -|    -|       -|      -|    -|
|Expression       |        -|    -|       0|     71|    -|
|FIFO             |        -|    -|       -|      -|    -|
|Instance         |        -|    -|     280|     75|    -|
|Memory           |        -|    -|       -|      -|    -|
|Multiplexer      |        -|    -|       -|    200|    -|
|Register         |        -|    -|      70|      -|    -|
+-----------------+---------+-----+--------+-------+-----+
|Total            |        0|    0|     350|    346|    0|
+-----------------+---------+-----+--------+-------+-----+
|Available        |      280|  220|  106400|  53200|    0|
+-----------------+---------+-----+--------+-------+-----+
|Utilization (%)  |        0|    0|      ~0|     ~0|    0|
+-----------------+---------+-----+--------+-------+-----+

+ Detail: 
    * Instance: 
    +----------------------------------------------+------------------------------------+---------+----+-----+----+-----+
    |                   Instance                   |               Module               | BRAM_18K| DSP|  FF | LUT| URAM|
    +----------------------------------------------+------------------------------------+---------+----+-----+----+-----+
    |grp_read_big_tile_1_Pipeline_Read_Loop_fu_77  |read_big_tile_1_Pipeline_Read_Loop  |        0|   0|  280|  75|    0|
    +----------------------------------------------+------------------------------------+---------+----+-----+----+-----+
    |Total                                         |                                    |        0|   0|  280|  75|    0|
    +----------------------------------------------+------------------------------------+---------+----+-----+----+-----+

    * DSP: 
    N/A

    * Memory: 
    N/A

    * FIFO: 
    N/A

    * Expression: 
    +-------------------+----------+----+---+----+------------+------------+
    |   Variable Name   | Operation| DSP| FF| LUT| Bitwidth P0| Bitwidth P1|
    +-------------------+----------+----+---+----+------------+------------+
    |add_ln15_fu_98_p2  |         +|   0|  0|  71|          64|          64|
    +-------------------+----------+----+---+----+------------+------------+
    |Total              |          |   0|  0|  71|          64|          64|
    +-------------------+----------+----+---+----+------------+------------+

    * Multiplexer: 
    +----------------------+----+-----------+-----+-----------+
    |         Name         | LUT| Input Size| Bits| Total Bits|
    +----------------------+----+-----------+-----+-----------+
    |ap_NS_fsm             |  59|         11|    1|         11|
    |gmem1_blk_n_AR        |   9|          2|    1|          2|
    |m_axi_gmem1_ARADDR    |  14|          3|   64|        192|
    |m_axi_gmem1_ARBURST   |   9|          2|    2|          4|
    |m_axi_gmem1_ARCACHE   |   9|          2|    4|          8|
    |m_axi_gmem1_ARID      |   9|          2|    1|          2|
    |m_axi_gmem1_ARLEN     |  14|          3|   32|         96|
    |m_axi_gmem1_ARLOCK    |   9|          2|    2|          4|
    |m_axi_gmem1_ARPROT    |   9|          2|    3|          6|
    |m_axi_gmem1_ARQOS     |   9|          2|    4|          8|
    |m_axi_gmem1_ARREGION  |   9|          2|    4|          8|
    |m_axi_gmem1_ARSIZE    |   9|          2|    3|          6|
    |m_axi_gmem1_ARUSER    |   9|          2|    1|          2|
    |m_axi_gmem1_ARVALID   |  14|          3|    1|          3|
    |m_axi_gmem1_RREADY    |   9|          2|    1|          2|
    +----------------------+----+-----------+-----+-----------+
    |Total                 | 200|         42|  124|        354|
    +----------------------+----+-----------+-----+-----------+

    * Register: 
    +-----------------------------------------------------------+----+----+-----+-----------+
    |                            Name                           | FF | LUT| Bits| Const Bits|
    +-----------------------------------------------------------+----+----+-----+-----------+
    |ap_CS_fsm                                                  |  10|   0|   10|          0|
    |grp_read_big_tile_1_Pipeline_Read_Loop_fu_77_ap_start_reg  |   1|   0|    1|          0|
    |trunc_ln_reg_124                                           |  59|   0|   59|          0|
    +-----------------------------------------------------------+----+----+-----+-----------+
    |Total                                                      |  70|   0|   70|          0|
    +-----------------------------------------------------------+----+----+-----+-----------+



================================================================
== Interface
================================================================
* Summary: 
+-----------------------+-----+-----+------------+-----------------+--------------+
|       RTL Ports       | Dir | Bits|  Protocol  |  Source Object  |    C Type    |
+-----------------------+-----+-----+------------+-----------------+--------------+
|ap_clk                 |   in|    1|  ap_ctrl_hs|  read_big_tile.1|  return value|
|ap_rst                 |   in|    1|  ap_ctrl_hs|  read_big_tile.1|  return value|
|ap_start               |   in|    1|  ap_ctrl_hs|  read_big_tile.1|  return value|
|ap_done                |  out|    1|  ap_ctrl_hs|  read_big_tile.1|  return value|
|ap_idle                |  out|    1|  ap_ctrl_hs|  read_big_tile.1|  return value|
|ap_ready               |  out|    1|  ap_ctrl_hs|  read_big_tile.1|  return value|
|m_axi_gmem1_AWVALID    |  out|    1|       m_axi|            gmem1|       pointer|
|m_axi_gmem1_AWREADY    |   in|    1|       m_axi|            gmem1|       pointer|
|m_axi_gmem1_AWADDR     |  out|   64|       m_axi|            gmem1|       pointer|
|m_axi_gmem1_AWID       |  out|    1|       m_axi|            gmem1|       pointer|
|m_axi_gmem1_AWLEN      |  out|   32|       m_axi|            gmem1|       pointer|
|m_axi_gmem1_AWSIZE     |  out|    3|       m_axi|            gmem1|       pointer|
|m_axi_gmem1_AWBURST    |  out|    2|       m_axi|            gmem1|       pointer|
|m_axi_gmem1_AWLOCK     |  out|    2|       m_axi|            gmem1|       pointer|
|m_axi_gmem1_AWCACHE    |  out|    4|       m_axi|            gmem1|       pointer|
|m_axi_gmem1_AWPROT     |  out|    3|       m_axi|            gmem1|       pointer|
|m_axi_gmem1_AWQOS      |  out|    4|       m_axi|            gmem1|       pointer|
|m_axi_gmem1_AWREGION   |  out|    4|       m_axi|            gmem1|       pointer|
|m_axi_gmem1_AWUSER     |  out|    1|       m_axi|            gmem1|       pointer|
|m_axi_gmem1_WVALID     |  out|    1|       m_axi|            gmem1|       pointer|
|m_axi_gmem1_WREADY     |   in|    1|       m_axi|            gmem1|       pointer|
|m_axi_gmem1_WDATA      |  out|  256|       m_axi|            gmem1|       pointer|
|m_axi_gmem1_WSTRB      |  out|   32|       m_axi|            gmem1|       pointer|
|m_axi_gmem1_WLAST      |  out|    1|       m_axi|            gmem1|       pointer|
|m_axi_gmem1_WID        |  out|    1|       m_axi|            gmem1|       pointer|
|m_axi_gmem1_WUSER      |  out|    1|       m_axi|            gmem1|       pointer|
|m_axi_gmem1_ARVALID    |  out|    1|       m_axi|            gmem1|       pointer|
|m_axi_gmem1_ARREADY    |   in|    1|       m_axi|            gmem1|       pointer|
|m_axi_gmem1_ARADDR     |  out|   64|       m_axi|            gmem1|       pointer|
|m_axi_gmem1_ARID       |  out|    1|       m_axi|            gmem1|       pointer|
|m_axi_gmem1_ARLEN      |  out|   32|       m_axi|            gmem1|       pointer|
|m_axi_gmem1_ARSIZE     |  out|    3|       m_axi|            gmem1|       pointer|
|m_axi_gmem1_ARBURST    |  out|    2|       m_axi|            gmem1|       pointer|
|m_axi_gmem1_ARLOCK     |  out|    2|       m_axi|            gmem1|       pointer|
|m_axi_gmem1_ARCACHE    |  out|    4|       m_axi|            gmem1|       pointer|
|m_axi_gmem1_ARPROT     |  out|    3|       m_axi|            gmem1|       pointer|
|m_axi_gmem1_ARQOS      |  out|    4|       m_axi|            gmem1|       pointer|
|m_axi_gmem1_ARREGION   |  out|    4|       m_axi|            gmem1|       pointer|
|m_axi_gmem1_ARUSER     |  out|    1|       m_axi|            gmem1|       pointer|
|m_axi_gmem1_RVALID     |   in|    1|       m_axi|            gmem1|       pointer|
|m_axi_gmem1_RREADY     |  out|    1|       m_axi|            gmem1|       pointer|
|m_axi_gmem1_RDATA      |   in|  256|       m_axi|            gmem1|       pointer|
|m_axi_gmem1_RLAST      |   in|    1|       m_axi|            gmem1|       pointer|
|m_axi_gmem1_RID        |   in|    1|       m_axi|            gmem1|       pointer|
|m_axi_gmem1_RFIFONUM   |   in|    9|       m_axi|            gmem1|       pointer|
|m_axi_gmem1_RUSER      |   in|    1|       m_axi|            gmem1|       pointer|
|m_axi_gmem1_RRESP      |   in|    2|       m_axi|            gmem1|       pointer|
|m_axi_gmem1_BVALID     |   in|    1|       m_axi|            gmem1|       pointer|
|m_axi_gmem1_BREADY     |  out|    1|       m_axi|            gmem1|       pointer|
|m_axi_gmem1_BRESP      |   in|    2|       m_axi|            gmem1|       pointer|
|m_axi_gmem1_BID        |   in|    1|       m_axi|            gmem1|       pointer|
|m_axi_gmem1_BUSER      |   in|    1|       m_axi|            gmem1|       pointer|
|dram_matrix            |   in|   64|     ap_none|      dram_matrix|        scalar|
|local_buffer_address1  |  out|    5|   ap_memory|     local_buffer|         array|
|local_buffer_ce1       |  out|    1|   ap_memory|     local_buffer|         array|
|local_buffer_we1       |  out|    1|   ap_memory|     local_buffer|         array|
|local_buffer_d1        |  out|  256|   ap_memory|     local_buffer|         array|
|tile_index             |   in|   27|     ap_none|       tile_index|        scalar|
+-----------------------+-----+-----+------------+-----------------+--------------+

