

================================================================
== Vitis HLS Report for 'read_big_tile_Pipeline_Read_Loop'
================================================================
* Date:           Mon May 25 15:50:52 2026

* Version:        2022.2 (Build 3670227 on Oct 13 2022)
* Project:        SystolicArray
* Solution:       solution1 (Vivado IP Flow Target)
* Product family: zynq
* Target device:  xc7z020-clg400-1


================================================================
== Performance Estimates
================================================================
+ Timing: 
    * Summary: 
    +--------+----------+----------+------------+
    |  Clock |  Target  | Estimated| Uncertainty|
    +--------+----------+----------+------------+
    |ap_clk  |  10.00 ns|  7.300 ns|     2.70 ns|
    +--------+----------+----------+------------+

+ Latency: 
    * Summary: 
    +---------+---------+----------+----------+-----+-----+---------+
    |  Latency (cycles) |  Latency (absolute) |  Interval | Pipeline|
    |   min   |   max   |    min   |    max   | min | max |   Type  |
    +---------+---------+----------+----------+-----+-----+---------+
    |       35|       35|  0.350 us|  0.350 us|   35|   35|       no|
    +---------+---------+----------+----------+-----+-----+---------+

    + Detail: 
        * Instance: 
        N/A

        * Loop: 
        +-------------+---------+---------+----------+-----------+-----------+------+----------+
        |             |  Latency (cycles) | Iteration|  Initiation Interval  | Trip |          |
        |  Loop Name  |   min   |   max   |  Latency |  achieved |   target  | Count| Pipelined|
        +-------------+---------+---------+----------+-----------+-----------+------+----------+
        |- Read_Loop  |       33|       33|         3|          1|          1|    32|       yes|
        +-------------+---------+---------+----------+-----------+-----------+------+----------+



================================================================
== Utilization Estimates
================================================================
* Summary: 
+-----------------+---------+-----+--------+-------+-----+
|       Name      | BRAM_18K| DSP |   FF   |  LUT  | URAM|
+-----------------+---------+-----+--------+-------+-----+
|DSP              |        -|    -|       -|      -|    -|
|Expression       |        -|    -|       0|     30|    -|
|FIFO             |        -|    -|       -|      -|    -|
|Instance         |        -|    -|       -|      -|    -|
|Memory           |        -|    -|       -|      -|    -|
|Multiplexer      |        -|    -|       -|     45|    -|
|Register         |        -|    -|     278|      -|    -|
+-----------------+---------+-----+--------+-------+-----+
|Total            |        0|    0|     278|     75|    0|
+-----------------+---------+-----+--------+-------+-----+
|Available        |      280|  220|  106400|  53200|    0|
+-----------------+---------+-----+--------+-------+-----+
|Utilization (%)  |        0|    0|      ~0|     ~0|    0|
+-----------------+---------+-----+--------+-------+-----+

+ Detail: 
    * Instance: 
    N/A

    * DSP: 
    N/A

    * Memory: 
    N/A

    * FIFO: 
    N/A

    * Expression: 
    +----------------------------------+----------+----+---+----+------------+------------+
    |           Variable Name          | Operation| DSP| FF| LUT| Bitwidth P0| Bitwidth P1|
    +----------------------------------+----------+----+---+----+------------+------------+
    |add_ln15_fu_425_p2                |         +|   0|  0|  14|           6|           1|
    |ap_block_pp0_stage0_11001         |       and|   0|  0|   2|           1|           1|
    |ap_block_state2_pp0_stage0_iter1  |       and|   0|  0|   2|           1|           1|
    |icmp_ln15_fu_419_p2               |      icmp|   0|  0|  10|           6|           7|
    |ap_enable_pp0                     |       xor|   0|  0|   2|           1|           2|
    +----------------------------------+----------+----+---+----+------------+------------+
    |Total                             |          |   0|  0|  30|          15|          12|
    +----------------------------------+----------+----+---+----+------------+------------+

    * Multiplexer: 
    +-------------------------+----+-----------+-----+-----------+
    |           Name          | LUT| Input Size| Bits| Total Bits|
    +-------------------------+----+-----------+-----+-----------+
    |ap_done_int              |   9|          2|    1|          2|
    |ap_enable_reg_pp0_iter2  |   9|          2|    1|          2|
    |ap_sig_allocacmp_i_1     |   9|          2|    6|         12|
    |gmem0_blk_n_R            |   9|          2|    1|          2|
    |i_fu_120                 |   9|          2|    6|         12|
    +-------------------------+----+-----------+-----+-----------+
    |Total                    |  45|         10|   15|         30|
    +-------------------------+----+-----------+-----+-----------+

    * Register: 
    +----------------------------------+-----+----+-----+-----------+
    |               Name               |  FF | LUT| Bits| Const Bits|
    +----------------------------------+-----+----+-----+-----------+
    |ap_CS_fsm                         |    1|   0|    1|          0|
    |ap_done_reg                       |    1|   0|    1|          0|
    |ap_enable_reg_pp0_iter1           |    1|   0|    1|          0|
    |ap_enable_reg_pp0_iter2           |    1|   0|    1|          0|
    |ap_loop_exit_ready_pp0_iter1_reg  |    1|   0|    1|          0|
    |i_fu_120                          |    6|   0|    6|          0|
    |icmp_ln15_reg_485                 |    1|   0|    1|          0|
    |p_Val2_s_reg_498                  |  256|   0|  256|          0|
    |tmp_reg_489                       |    1|   0|    1|          0|
    |tmp_reg_489_pp0_iter1_reg         |    1|   0|    1|          0|
    |trunc_ln22_reg_494                |    4|   0|    4|          0|
    |trunc_ln22_reg_494_pp0_iter1_reg  |    4|   0|    4|          0|
    +----------------------------------+-----+----+-----+-----------+
    |Total                             |  278|   0|  278|          0|
    +----------------------------------+-----+----+-----+-----------+



================================================================
== Interface
================================================================
* Summary: 
+--------------------------+-----+-----+------------+----------------------------------+--------------+
|         RTL Ports        | Dir | Bits|  Protocol  |           Source Object          |    C Type    |
+--------------------------+-----+-----+------------+----------------------------------+--------------+
|ap_clk                    |   in|    1|  ap_ctrl_hs|  read_big_tile_Pipeline_Read_Loop|  return value|
|ap_rst                    |   in|    1|  ap_ctrl_hs|  read_big_tile_Pipeline_Read_Loop|  return value|
|ap_start                  |   in|    1|  ap_ctrl_hs|  read_big_tile_Pipeline_Read_Loop|  return value|
|ap_done                   |  out|    1|  ap_ctrl_hs|  read_big_tile_Pipeline_Read_Loop|  return value|
|ap_idle                   |  out|    1|  ap_ctrl_hs|  read_big_tile_Pipeline_Read_Loop|  return value|
|ap_ready                  |  out|    1|  ap_ctrl_hs|  read_big_tile_Pipeline_Read_Loop|  return value|
|m_axi_gmem0_AWVALID       |  out|    1|       m_axi|                             gmem0|       pointer|
|m_axi_gmem0_AWREADY       |   in|    1|       m_axi|                             gmem0|       pointer|
|m_axi_gmem0_AWADDR        |  out|   64|       m_axi|                             gmem0|       pointer|
|m_axi_gmem0_AWID          |  out|    1|       m_axi|                             gmem0|       pointer|
|m_axi_gmem0_AWLEN         |  out|   32|       m_axi|                             gmem0|       pointer|
|m_axi_gmem0_AWSIZE        |  out|    3|       m_axi|                             gmem0|       pointer|
|m_axi_gmem0_AWBURST       |  out|    2|       m_axi|                             gmem0|       pointer|
|m_axi_gmem0_AWLOCK        |  out|    2|       m_axi|                             gmem0|       pointer|
|m_axi_gmem0_AWCACHE       |  out|    4|       m_axi|                             gmem0|       pointer|
|m_axi_gmem0_AWPROT        |  out|    3|       m_axi|                             gmem0|       pointer|
|m_axi_gmem0_AWQOS         |  out|    4|       m_axi|                             gmem0|       pointer|
|m_axi_gmem0_AWREGION      |  out|    4|       m_axi|                             gmem0|       pointer|
|m_axi_gmem0_AWUSER        |  out|    1|       m_axi|                             gmem0|       pointer|
|m_axi_gmem0_WVALID        |  out|    1|       m_axi|                             gmem0|       pointer|
|m_axi_gmem0_WREADY        |   in|    1|       m_axi|                             gmem0|       pointer|
|m_axi_gmem0_WDATA         |  out|  256|       m_axi|                             gmem0|       pointer|
|m_axi_gmem0_WSTRB         |  out|   32|       m_axi|                             gmem0|       pointer|
|m_axi_gmem0_WLAST         |  out|    1|       m_axi|                             gmem0|       pointer|
|m_axi_gmem0_WID           |  out|    1|       m_axi|                             gmem0|       pointer|
|m_axi_gmem0_WUSER         |  out|    1|       m_axi|                             gmem0|       pointer|
|m_axi_gmem0_ARVALID       |  out|    1|       m_axi|                             gmem0|       pointer|
|m_axi_gmem0_ARREADY       |   in|    1|       m_axi|                             gmem0|       pointer|
|m_axi_gmem0_ARADDR        |  out|   64|       m_axi|                             gmem0|       pointer|
|m_axi_gmem0_ARID          |  out|    1|       m_axi|                             gmem0|       pointer|
|m_axi_gmem0_ARLEN         |  out|   32|       m_axi|                             gmem0|       pointer|
|m_axi_gmem0_ARSIZE        |  out|    3|       m_axi|                             gmem0|       pointer|
|m_axi_gmem0_ARBURST       |  out|    2|       m_axi|                             gmem0|       pointer|
|m_axi_gmem0_ARLOCK        |  out|    2|       m_axi|                             gmem0|       pointer|
|m_axi_gmem0_ARCACHE       |  out|    4|       m_axi|                             gmem0|       pointer|
|m_axi_gmem0_ARPROT        |  out|    3|       m_axi|                             gmem0|       pointer|
|m_axi_gmem0_ARQOS         |  out|    4|       m_axi|                             gmem0|       pointer|
|m_axi_gmem0_ARREGION      |  out|    4|       m_axi|                             gmem0|       pointer|
|m_axi_gmem0_ARUSER        |  out|    1|       m_axi|                             gmem0|       pointer|
|m_axi_gmem0_RVALID        |   in|    1|       m_axi|                             gmem0|       pointer|
|m_axi_gmem0_RREADY        |  out|    1|       m_axi|                             gmem0|       pointer|
|m_axi_gmem0_RDATA         |   in|  256|       m_axi|                             gmem0|       pointer|
|m_axi_gmem0_RLAST         |   in|    1|       m_axi|                             gmem0|       pointer|
|m_axi_gmem0_RID           |   in|    1|       m_axi|                             gmem0|       pointer|
|m_axi_gmem0_RFIFONUM      |   in|    9|       m_axi|                             gmem0|       pointer|
|m_axi_gmem0_RUSER         |   in|    1|       m_axi|                             gmem0|       pointer|
|m_axi_gmem0_RRESP         |   in|    2|       m_axi|                             gmem0|       pointer|
|m_axi_gmem0_BVALID        |   in|    1|       m_axi|                             gmem0|       pointer|
|m_axi_gmem0_BREADY        |  out|    1|       m_axi|                             gmem0|       pointer|
|m_axi_gmem0_BRESP         |   in|    2|       m_axi|                             gmem0|       pointer|
|m_axi_gmem0_BID           |   in|    1|       m_axi|                             gmem0|       pointer|
|m_axi_gmem0_BUSER         |   in|    1|       m_axi|                             gmem0|       pointer|
|sext_ln15_2               |   in|   59|     ap_none|                       sext_ln15_2|        scalar|
|local_buffer_0_address1   |  out|    1|   ap_memory|                    local_buffer_0|         array|
|local_buffer_0_ce1        |  out|    1|   ap_memory|                    local_buffer_0|         array|
|local_buffer_0_we1        |  out|    1|   ap_memory|                    local_buffer_0|         array|
|local_buffer_0_d1         |  out|  256|   ap_memory|                    local_buffer_0|         array|
|local_buffer_1_address1   |  out|    1|   ap_memory|                    local_buffer_1|         array|
|local_buffer_1_ce1        |  out|    1|   ap_memory|                    local_buffer_1|         array|
|local_buffer_1_we1        |  out|    1|   ap_memory|                    local_buffer_1|         array|
|local_buffer_1_d1         |  out|  256|   ap_memory|                    local_buffer_1|         array|
|local_buffer_2_address1   |  out|    1|   ap_memory|                    local_buffer_2|         array|
|local_buffer_2_ce1        |  out|    1|   ap_memory|                    local_buffer_2|         array|
|local_buffer_2_we1        |  out|    1|   ap_memory|                    local_buffer_2|         array|
|local_buffer_2_d1         |  out|  256|   ap_memory|                    local_buffer_2|         array|
|local_buffer_3_address1   |  out|    1|   ap_memory|                    local_buffer_3|         array|
|local_buffer_3_ce1        |  out|    1|   ap_memory|                    local_buffer_3|         array|
|local_buffer_3_we1        |  out|    1|   ap_memory|                    local_buffer_3|         array|
|local_buffer_3_d1         |  out|  256|   ap_memory|                    local_buffer_3|         array|
|local_buffer_4_address1   |  out|    1|   ap_memory|                    local_buffer_4|         array|
|local_buffer_4_ce1        |  out|    1|   ap_memory|                    local_buffer_4|         array|
|local_buffer_4_we1        |  out|    1|   ap_memory|                    local_buffer_4|         array|
|local_buffer_4_d1         |  out|  256|   ap_memory|                    local_buffer_4|         array|
|local_buffer_5_address1   |  out|    1|   ap_memory|                    local_buffer_5|         array|
|local_buffer_5_ce1        |  out|    1|   ap_memory|                    local_buffer_5|         array|
|local_buffer_5_we1        |  out|    1|   ap_memory|                    local_buffer_5|         array|
|local_buffer_5_d1         |  out|  256|   ap_memory|                    local_buffer_5|         array|
|local_buffer_6_address1   |  out|    1|   ap_memory|                    local_buffer_6|         array|
|local_buffer_6_ce1        |  out|    1|   ap_memory|                    local_buffer_6|         array|
|local_buffer_6_we1        |  out|    1|   ap_memory|                    local_buffer_6|         array|
|local_buffer_6_d1         |  out|  256|   ap_memory|                    local_buffer_6|         array|
|local_buffer_7_address1   |  out|    1|   ap_memory|                    local_buffer_7|         array|
|local_buffer_7_ce1        |  out|    1|   ap_memory|                    local_buffer_7|         array|
|local_buffer_7_we1        |  out|    1|   ap_memory|                    local_buffer_7|         array|
|local_buffer_7_d1         |  out|  256|   ap_memory|                    local_buffer_7|         array|
|local_buffer_8_address1   |  out|    1|   ap_memory|                    local_buffer_8|         array|
|local_buffer_8_ce1        |  out|    1|   ap_memory|                    local_buffer_8|         array|
|local_buffer_8_we1        |  out|    1|   ap_memory|                    local_buffer_8|         array|
|local_buffer_8_d1         |  out|  256|   ap_memory|                    local_buffer_8|         array|
|local_buffer_9_address1   |  out|    1|   ap_memory|                    local_buffer_9|         array|
|local_buffer_9_ce1        |  out|    1|   ap_memory|                    local_buffer_9|         array|
|local_buffer_9_we1        |  out|    1|   ap_memory|                    local_buffer_9|         array|
|local_buffer_9_d1         |  out|  256|   ap_memory|                    local_buffer_9|         array|
|local_buffer_10_address1  |  out|    1|   ap_memory|                   local_buffer_10|         array|
|local_buffer_10_ce1       |  out|    1|   ap_memory|                   local_buffer_10|         array|
|local_buffer_10_we1       |  out|    1|   ap_memory|                   local_buffer_10|         array|
|local_buffer_10_d1        |  out|  256|   ap_memory|                   local_buffer_10|         array|
|local_buffer_11_address1  |  out|    1|   ap_memory|                   local_buffer_11|         array|
|local_buffer_11_ce1       |  out|    1|   ap_memory|                   local_buffer_11|         array|
|local_buffer_11_we1       |  out|    1|   ap_memory|                   local_buffer_11|         array|
|local_buffer_11_d1        |  out|  256|   ap_memory|                   local_buffer_11|         array|
|local_buffer_12_address1  |  out|    1|   ap_memory|                   local_buffer_12|         array|
|local_buffer_12_ce1       |  out|    1|   ap_memory|                   local_buffer_12|         array|
|local_buffer_12_we1       |  out|    1|   ap_memory|                   local_buffer_12|         array|
|local_buffer_12_d1        |  out|  256|   ap_memory|                   local_buffer_12|         array|
|local_buffer_13_address1  |  out|    1|   ap_memory|                   local_buffer_13|         array|
|local_buffer_13_ce1       |  out|    1|   ap_memory|                   local_buffer_13|         array|
|local_buffer_13_we1       |  out|    1|   ap_memory|                   local_buffer_13|         array|
|local_buffer_13_d1        |  out|  256|   ap_memory|                   local_buffer_13|         array|
|local_buffer_14_address1  |  out|    1|   ap_memory|                   local_buffer_14|         array|
|local_buffer_14_ce1       |  out|    1|   ap_memory|                   local_buffer_14|         array|
|local_buffer_14_we1       |  out|    1|   ap_memory|                   local_buffer_14|         array|
|local_buffer_14_d1        |  out|  256|   ap_memory|                   local_buffer_14|         array|
|local_buffer_15_address1  |  out|    1|   ap_memory|                   local_buffer_15|         array|
|local_buffer_15_ce1       |  out|    1|   ap_memory|                   local_buffer_15|         array|
|local_buffer_15_we1       |  out|    1|   ap_memory|                   local_buffer_15|         array|
|local_buffer_15_d1        |  out|  256|   ap_memory|                   local_buffer_15|         array|
+--------------------------+-----+-----+------------+----------------------------------+--------------+

