

================================================================
== Vitis HLS Report for 'write_big_tile'
================================================================
* Date:           Mon May 25 15:51:04 2026

* Version:        2022.2 (Build 3670227 on Oct 13 2022)
* Project:        SystolicArray
* Solution:       solution1 (Vivado IP Flow Target)
* Product family: zynq
* Target device:  xc7z020-clg400-1


================================================================
== Performance Estimates
================================================================
+ Timing: 
    * Summary: 
    +--------+----------+----------+------------+
    |  Clock |  Target  | Estimated| Uncertainty|
    +--------+----------+----------+------------+
    |ap_clk  |  10.00 ns|  7.300 ns|     2.70 ns|
    +--------+----------+----------+------------+

+ Latency: 
    * Summary: 
    +---------+---------+----------+----------+-----+-----+---------+
    |  Latency (cycles) |  Latency (absolute) |  Interval | Pipeline|
    |   min   |   max   |    min   |    max   | min | max |   Type  |
    +---------+---------+----------+----------+-----+-----+---------+
    |      139|      139|  1.390 us|  1.390 us|  139|  139|       no|
    +---------+---------+----------+----------+-----+-----+---------+

    + Detail: 
        * Instance: 
        +----------------------------------------------------------+-----------------------------------------------+---------+---------+----------+----------+-----+-----+---------+
        |                                                          |                                               |  Latency (cycles) |  Latency (absolute) |  Interval | Pipeline|
        |                         Instance                         |                     Module                    |   min   |   max   |    min   |    max   | min | max |   Type  |
        +----------------------------------------------------------+-----------------------------------------------+---------+---------+----------+----------+-----+-----+---------+
        |grp_write_big_tile_Pipeline_Write_Rows_Write_Cols_fu_108  |write_big_tile_Pipeline_Write_Rows_Write_Cols  |      131|      131|  1.310 us|  1.310 us|  131|  131|       no|
        +----------------------------------------------------------+-----------------------------------------------+---------+---------+----------+----------+-----+-----+---------+

        * Loop: 
        N/A



================================================================
== Utilization Estimates
================================================================
* Summary: 
+-----------------+---------+-----+--------+-------+-----+
|       Name      | BRAM_18K| DSP |   FF   |  LUT  | URAM|
+-----------------+---------+-----+--------+-------+-----+
|DSP              |        -|    -|       -|      -|    -|
|Expression       |        -|    -|       0|     71|    -|
|FIFO             |        -|    -|       -|      -|    -|
|Instance         |        -|    -|     286|    457|    -|
|Memory           |        -|    -|       -|      -|    -|
|Multiplexer      |        -|    -|       -|    217|    -|
|Register         |        -|    -|      69|      -|    -|
+-----------------+---------+-----+--------+-------+-----+
|Total            |        0|    0|     355|    745|    0|
+-----------------+---------+-----+--------+-------+-----+
|Available        |      280|  220|  106400|  53200|    0|
+-----------------+---------+-----+--------+-------+-----+
|Utilization (%)  |        0|    0|      ~0|      1|    0|
+-----------------+---------+-----+--------+-------+-----+

+ Detail: 
    * Instance: 
    +----------------------------------------------------------+-----------------------------------------------+---------+----+-----+-----+-----+
    |                         Instance                         |                     Module                    | BRAM_18K| DSP|  FF | LUT | URAM|
    +----------------------------------------------------------+-----------------------------------------------+---------+----+-----+-----+-----+
    |grp_write_big_tile_Pipeline_Write_Rows_Write_Cols_fu_108  |write_big_tile_Pipeline_Write_Rows_Write_Cols  |        0|   0|  286|  457|    0|
    +----------------------------------------------------------+-----------------------------------------------+---------+----+-----+-----+-----+
    |Total                                                     |                                               |        0|   0|  286|  457|    0|
    +----------------------------------------------------------+-----------------------------------------------+---------+----+-----+-----+-----+

    * DSP: 
    N/A

    * Memory: 
    N/A

    * FIFO: 
    N/A

    * Expression: 
    +---------------------+----------+----+---+----+------------+------------+
    |    Variable Name    | Operation| DSP| FF| LUT| Bitwidth P0| Bitwidth P1|
    +---------------------+----------+----+---+----+------------+------------+
    |add_ln111_fu_159_p2  |         +|   0|  0|  71|          64|          64|
    +---------------------+----------+----+---+----+------------+------------+
    |Total                |          |   0|  0|  71|          64|          64|
    +---------------------+----------+----+---+----+------------+------------+

    * Multiplexer: 
    +----------------------+----+-----------+-----+-----------+
    |         Name         | LUT| Input Size| Bits| Total Bits|
    +----------------------+----+-----------+-----+-----------+
    |ap_NS_fsm             |  53|         10|    1|         10|
    |gmem0_blk_n_AW        |   9|          2|    1|          2|
    |gmem0_blk_n_B         |   9|          2|    1|          2|
    |m_axi_gmem0_AWADDR    |  14|          3|   64|        192|
    |m_axi_gmem0_AWBURST   |   9|          2|    2|          4|
    |m_axi_gmem0_AWCACHE   |   9|          2|    4|          8|
    |m_axi_gmem0_AWID      |   9|          2|    1|          2|
    |m_axi_gmem0_AWLEN     |  14|          3|   32|         96|
    |m_axi_gmem0_AWLOCK    |   9|          2|    2|          4|
    |m_axi_gmem0_AWPROT    |   9|          2|    3|          6|
    |m_axi_gmem0_AWQOS     |   9|          2|    4|          8|
    |m_axi_gmem0_AWREGION  |   9|          2|    4|          8|
    |m_axi_gmem0_AWSIZE    |   9|          2|    3|          6|
    |m_axi_gmem0_AWUSER    |   9|          2|    1|          2|
    |m_axi_gmem0_AWVALID   |  14|          3|    1|          3|
    |m_axi_gmem0_BREADY    |  14|          3|    1|          3|
    |m_axi_gmem0_WVALID    |   9|          2|    1|          2|
    +----------------------+----+-----------+-----+-----------+
    |Total                 | 217|         46|  126|        358|
    +----------------------+----+-----------+-----+-----------+

    * Register: 
    +-----------------------------------------------------------------------+----+----+-----+-----------+
    |                                  Name                                 | FF | LUT| Bits| Const Bits|
    +-----------------------------------------------------------------------+----+----+-----+-----------+
    |ap_CS_fsm                                                              |   9|   0|    9|          0|
    |grp_write_big_tile_Pipeline_Write_Rows_Write_Cols_fu_108_ap_start_reg  |   1|   0|    1|          0|
    |trunc_ln_reg_185                                                       |  59|   0|   59|          0|
    +-----------------------------------------------------------------------+----+----+-----+-----------+
    |Total                                                                  |  69|   0|   69|          0|
    +-----------------------------------------------------------------------+----+----+-----+-----------+



================================================================
== Interface
================================================================
* Summary: 
+--------------------------+-----+-----+------------+-----------------+--------------+
|         RTL Ports        | Dir | Bits|  Protocol  |  Source Object  |    C Type    |
+--------------------------+-----+-----+------------+-----------------+--------------+
|ap_clk                    |   in|    1|  ap_ctrl_hs|   write_big_tile|  return value|
|ap_rst                    |   in|    1|  ap_ctrl_hs|   write_big_tile|  return value|
|ap_start                  |   in|    1|  ap_ctrl_hs|   write_big_tile|  return value|
|ap_done                   |  out|    1|  ap_ctrl_hs|   write_big_tile|  return value|
|ap_idle                   |  out|    1|  ap_ctrl_hs|   write_big_tile|  return value|
|ap_ready                  |  out|    1|  ap_ctrl_hs|   write_big_tile|  return value|
|local_buffer_0_address0   |  out|    6|   ap_memory|   local_buffer_0|         array|
|local_buffer_0_ce0        |  out|    1|   ap_memory|   local_buffer_0|         array|
|local_buffer_0_q0         |   in|   32|   ap_memory|   local_buffer_0|         array|
|local_buffer_1_address0   |  out|    6|   ap_memory|   local_buffer_1|         array|
|local_buffer_1_ce0        |  out|    1|   ap_memory|   local_buffer_1|         array|
|local_buffer_1_q0         |   in|   32|   ap_memory|   local_buffer_1|         array|
|local_buffer_2_address0   |  out|    6|   ap_memory|   local_buffer_2|         array|
|local_buffer_2_ce0        |  out|    1|   ap_memory|   local_buffer_2|         array|
|local_buffer_2_q0         |   in|   32|   ap_memory|   local_buffer_2|         array|
|local_buffer_3_address0   |  out|    6|   ap_memory|   local_buffer_3|         array|
|local_buffer_3_ce0        |  out|    1|   ap_memory|   local_buffer_3|         array|
|local_buffer_3_q0         |   in|   32|   ap_memory|   local_buffer_3|         array|
|local_buffer_4_address0   |  out|    6|   ap_memory|   local_buffer_4|         array|
|local_buffer_4_ce0        |  out|    1|   ap_memory|   local_buffer_4|         array|
|local_buffer_4_q0         |   in|   32|   ap_memory|   local_buffer_4|         array|
|local_buffer_5_address0   |  out|    6|   ap_memory|   local_buffer_5|         array|
|local_buffer_5_ce0        |  out|    1|   ap_memory|   local_buffer_5|         array|
|local_buffer_5_q0         |   in|   32|   ap_memory|   local_buffer_5|         array|
|local_buffer_6_address0   |  out|    6|   ap_memory|   local_buffer_6|         array|
|local_buffer_6_ce0        |  out|    1|   ap_memory|   local_buffer_6|         array|
|local_buffer_6_q0         |   in|   32|   ap_memory|   local_buffer_6|         array|
|local_buffer_7_address0   |  out|    6|   ap_memory|   local_buffer_7|         array|
|local_buffer_7_ce0        |  out|    1|   ap_memory|   local_buffer_7|         array|
|local_buffer_7_q0         |   in|   32|   ap_memory|   local_buffer_7|         array|
|local_buffer_8_address0   |  out|    6|   ap_memory|   local_buffer_8|         array|
|local_buffer_8_ce0        |  out|    1|   ap_memory|   local_buffer_8|         array|
|local_buffer_8_q0         |   in|   32|   ap_memory|   local_buffer_8|         array|
|local_buffer_9_address0   |  out|    6|   ap_memory|   local_buffer_9|         array|
|local_buffer_9_ce0        |  out|    1|   ap_memory|   local_buffer_9|         array|
|local_buffer_9_q0         |   in|   32|   ap_memory|   local_buffer_9|         array|
|local_buffer_10_address0  |  out|    6|   ap_memory|  local_buffer_10|         array|
|local_buffer_10_ce0       |  out|    1|   ap_memory|  local_buffer_10|         array|
|local_buffer_10_q0        |   in|   32|   ap_memory|  local_buffer_10|         array|
|local_buffer_11_address0  |  out|    6|   ap_memory|  local_buffer_11|         array|
|local_buffer_11_ce0       |  out|    1|   ap_memory|  local_buffer_11|         array|
|local_buffer_11_q0        |   in|   32|   ap_memory|  local_buffer_11|         array|
|local_buffer_12_address0  |  out|    6|   ap_memory|  local_buffer_12|         array|
|local_buffer_12_ce0       |  out|    1|   ap_memory|  local_buffer_12|         array|
|local_buffer_12_q0        |   in|   32|   ap_memory|  local_buffer_12|         array|
|local_buffer_13_address0  |  out|    6|   ap_memory|  local_buffer_13|         array|
|local_buffer_13_ce0       |  out|    1|   ap_memory|  local_buffer_13|         array|
|local_buffer_13_q0        |   in|   32|   ap_memory|  local_buffer_13|         array|
|local_buffer_14_address0  |  out|    6|   ap_memory|  local_buffer_14|         array|
|local_buffer_14_ce0       |  out|    1|   ap_memory|  local_buffer_14|         array|
|local_buffer_14_q0        |   in|   32|   ap_memory|  local_buffer_14|         array|
|local_buffer_15_address0  |  out|    6|   ap_memory|  local_buffer_15|         array|
|local_buffer_15_ce0       |  out|    1|   ap_memory|  local_buffer_15|         array|
|local_buffer_15_q0        |   in|   32|   ap_memory|  local_buffer_15|         array|
|m_axi_gmem0_AWVALID       |  out|    1|       m_axi|            gmem0|       pointer|
|m_axi_gmem0_AWREADY       |   in|    1|       m_axi|            gmem0|       pointer|
|m_axi_gmem0_AWADDR        |  out|   64|       m_axi|            gmem0|       pointer|
|m_axi_gmem0_AWID          |  out|    1|       m_axi|            gmem0|       pointer|
|m_axi_gmem0_AWLEN         |  out|   32|       m_axi|            gmem0|       pointer|
|m_axi_gmem0_AWSIZE        |  out|    3|       m_axi|            gmem0|       pointer|
|m_axi_gmem0_AWBURST       |  out|    2|       m_axi|            gmem0|       pointer|
|m_axi_gmem0_AWLOCK        |  out|    2|       m_axi|            gmem0|       pointer|
|m_axi_gmem0_AWCACHE       |  out|    4|       m_axi|            gmem0|       pointer|
|m_axi_gmem0_AWPROT        |  out|    3|       m_axi|            gmem0|       pointer|
|m_axi_gmem0_AWQOS         |  out|    4|       m_axi|            gmem0|       pointer|
|m_axi_gmem0_AWREGION      |  out|    4|       m_axi|            gmem0|       pointer|
|m_axi_gmem0_AWUSER        |  out|    1|       m_axi|            gmem0|       pointer|
|m_axi_gmem0_WVALID        |  out|    1|       m_axi|            gmem0|       pointer|
|m_axi_gmem0_WREADY        |   in|    1|       m_axi|            gmem0|       pointer|
|m_axi_gmem0_WDATA         |  out|  256|       m_axi|            gmem0|       pointer|
|m_axi_gmem0_WSTRB         |  out|   32|       m_axi|            gmem0|       pointer|
|m_axi_gmem0_WLAST         |  out|    1|       m_axi|            gmem0|       pointer|
|m_axi_gmem0_WID           |  out|    1|       m_axi|            gmem0|       pointer|
|m_axi_gmem0_WUSER         |  out|    1|       m_axi|            gmem0|       pointer|
|m_axi_gmem0_ARVALID       |  out|    1|       m_axi|            gmem0|       pointer|
|m_axi_gmem0_ARREADY       |   in|    1|       m_axi|            gmem0|       pointer|
|m_axi_gmem0_ARADDR        |  out|   64|       m_axi|            gmem0|       pointer|
|m_axi_gmem0_ARID          |  out|    1|       m_axi|            gmem0|       pointer|
|m_axi_gmem0_ARLEN         |  out|   32|       m_axi|            gmem0|       pointer|
|m_axi_gmem0_ARSIZE        |  out|    3|       m_axi|            gmem0|       pointer|
|m_axi_gmem0_ARBURST       |  out|    2|       m_axi|            gmem0|       pointer|
|m_axi_gmem0_ARLOCK        |  out|    2|       m_axi|            gmem0|       pointer|
|m_axi_gmem0_ARCACHE       |  out|    4|       m_axi|            gmem0|       pointer|
|m_axi_gmem0_ARPROT        |  out|    3|       m_axi|            gmem0|       pointer|
|m_axi_gmem0_ARQOS         |  out|    4|       m_axi|            gmem0|       pointer|
|m_axi_gmem0_ARREGION      |  out|    4|       m_axi|            gmem0|       pointer|
|m_axi_gmem0_ARUSER        |  out|    1|       m_axi|            gmem0|       pointer|
|m_axi_gmem0_RVALID        |   in|    1|       m_axi|            gmem0|       pointer|
|m_axi_gmem0_RREADY        |  out|    1|       m_axi|            gmem0|       pointer|
|m_axi_gmem0_RDATA         |   in|  256|       m_axi|            gmem0|       pointer|
|m_axi_gmem0_RLAST         |   in|    1|       m_axi|            gmem0|       pointer|
|m_axi_gmem0_RID           |   in|    1|       m_axi|            gmem0|       pointer|
|m_axi_gmem0_RFIFONUM      |   in|    9|       m_axi|            gmem0|       pointer|
|m_axi_gmem0_RUSER         |   in|    1|       m_axi|            gmem0|       pointer|
|m_axi_gmem0_RRESP         |   in|    2|       m_axi|            gmem0|       pointer|
|m_axi_gmem0_BVALID        |   in|    1|       m_axi|            gmem0|       pointer|
|m_axi_gmem0_BREADY        |  out|    1|       m_axi|            gmem0|       pointer|
|m_axi_gmem0_BRESP         |   in|    2|       m_axi|            gmem0|       pointer|
|m_axi_gmem0_BID           |   in|    1|       m_axi|            gmem0|       pointer|
|m_axi_gmem0_BUSER         |   in|    1|       m_axi|            gmem0|       pointer|
|dram_matrix               |   in|   64|     ap_none|      dram_matrix|        scalar|
|tile_index                |   in|   25|     ap_none|       tile_index|        scalar|
+--------------------------+-----+-----+------------+-----------------+--------------+

