

================================================================
== Vitis HLS Report for 'write_big_tile_Pipeline_Write_Rows_Write_Cols'
================================================================
* Date:           Mon May 25 15:51:04 2026

* Version:        2022.2 (Build 3670227 on Oct 13 2022)
* Project:        SystolicArray
* Solution:       solution1 (Vivado IP Flow Target)
* Product family: zynq
* Target device:  xc7z020-clg400-1


================================================================
== Performance Estimates
================================================================
+ Timing: 
    * Summary: 
    +--------+----------+----------+------------+
    |  Clock |  Target  | Estimated| Uncertainty|
    +--------+----------+----------+------------+
    |ap_clk  |  10.00 ns|  7.300 ns|     2.70 ns|
    +--------+----------+----------+------------+

+ Latency: 
    * Summary: 
    +---------+---------+----------+----------+-----+-----+---------+
    |  Latency (cycles) |  Latency (absolute) |  Interval | Pipeline|
    |   min   |   max   |    min   |    max   | min | max |   Type  |
    +---------+---------+----------+----------+-----+-----+---------+
    |      131|      131|  1.310 us|  1.310 us|  131|  131|       no|
    +---------+---------+----------+----------+-----+-----+---------+

    + Detail: 
        * Instance: 
        N/A

        * Loop: 
        +-------------------------+---------+---------+----------+-----------+-----------+------+----------+
        |                         |  Latency (cycles) | Iteration|  Initiation Interval  | Trip |          |
        |        Loop Name        |   min   |   max   |  Latency |  achieved |   target  | Count| Pipelined|
        +-------------------------+---------+---------+----------+-----------+-----------+------+----------+
        |- Write_Rows_Write_Cols  |      129|      129|         3|          1|          1|   128|       yes|
        +-------------------------+---------+---------+----------+-----------+-----------+------+----------+



================================================================
== Utilization Estimates
================================================================
* Summary: 
+-----------------+---------+-----+--------+-------+-----+
|       Name      | BRAM_18K| DSP |   FF   |  LUT  | URAM|
+-----------------+---------+-----+--------+-------+-----+
|DSP              |        -|    -|       -|      -|    -|
|Expression       |        -|    -|       0|    358|    -|
|FIFO             |        -|    -|       -|      -|    -|
|Instance         |        -|    -|       -|      -|    -|
|Memory           |        -|    -|       -|      -|    -|
|Multiplexer      |        -|    -|       -|     99|    -|
|Register         |        -|    -|     286|      -|    -|
+-----------------+---------+-----+--------+-------+-----+
|Total            |        0|    0|     286|    457|    0|
+-----------------+---------+-----+--------+-------+-----+
|Available        |      280|  220|  106400|  53200|    0|
+-----------------+---------+-----+--------+-------+-----+
|Utilization (%)  |        0|    0|      ~0|     ~0|    0|
+-----------------+---------+-----+--------+-------+-----+

+ Detail: 
    * Instance: 
    N/A

    * DSP: 
    N/A

    * Memory: 
    N/A

    * FIFO: 
    N/A

    * Expression: 
    +---------------------------+----------+----+---+----+------------+------------+
    |       Variable Name       | Operation| DSP| FF| LUT| Bitwidth P0| Bitwidth P1|
    +---------------------------+----------+----+---+----+------------+------------+
    |add_ln111_1_fu_396_p2      |         +|   0|  0|  14|           6|           1|
    |add_ln111_fu_381_p2        |         +|   0|  0|  15|           8|           1|
    |add_ln112_1_fu_480_p2      |         +|   0|  0|  11|           3|           1|
    |add_ln112_fu_474_p2        |         +|   0|  0|  14|           6|           4|
    |ap_block_pp0_stage0_11001  |       and|   0|  0|   2|           1|           1|
    |icmp_ln111_fu_375_p2       |      icmp|   0|  0|  11|           8|           9|
    |icmp_ln112_fu_402_p2       |      icmp|   0|  0|   9|           3|           4|
    |icmp_ln186_fu_468_p2       |      icmp|   0|  0|   9|           4|           5|
    |select_ln111_1_fu_416_p3   |    select|   0|  0|   6|           1|           6|
    |select_ln111_fu_408_p3     |    select|   0|  0|   6|           1|           1|
    |select_ln112_fu_486_p3     |    select|   0|  0|   3|           1|           1|
    |select_ln186_1_fu_526_p3   |    select|   0|  0|  32|           1|          32|
    |select_ln186_2_fu_533_p3   |    select|   0|  0|  32|           1|          32|
    |select_ln186_3_fu_540_p3   |    select|   0|  0|  32|           1|          32|
    |select_ln186_4_fu_547_p3   |    select|   0|  0|  32|           1|          32|
    |select_ln186_5_fu_554_p3   |    select|   0|  0|  32|           1|          32|
    |select_ln186_6_fu_561_p3   |    select|   0|  0|  32|           1|          32|
    |select_ln186_7_fu_568_p3   |    select|   0|  0|  32|           1|          32|
    |select_ln186_fu_519_p3     |    select|   0|  0|  32|           1|          32|
    |ap_enable_pp0              |       xor|   0|  0|   2|           1|           2|
    +---------------------------+----------+----+---+----+------------+------------+
    |Total                      |          |   0|  0| 358|          51|         292|
    +---------------------------+----------+----+---+----+------------+------------+

    * Multiplexer: 
    +--------------------------------------+----+-----------+-----+-----------+
    |                 Name                 | LUT| Input Size| Bits| Total Bits|
    +--------------------------------------+----+-----------+-----+-----------+
    |ap_done_int                           |   9|          2|    1|          2|
    |ap_enable_reg_pp0_iter2               |   9|          2|    1|          2|
    |ap_sig_allocacmp_c_load               |   9|          2|    6|         12|
    |ap_sig_allocacmp_indvar_flatten_load  |   9|          2|    8|         16|
    |ap_sig_allocacmp_indvar_load          |   9|          2|    3|          6|
    |ap_sig_allocacmp_r_load               |   9|          2|    6|         12|
    |c_fu_110                              |   9|          2|    6|         12|
    |gmem0_blk_n_W                         |   9|          2|    1|          2|
    |indvar_flatten_fu_122                 |   9|          2|    8|         16|
    |indvar_fu_114                         |   9|          2|    3|          6|
    |r_fu_118                              |   9|          2|    6|         12|
    +--------------------------------------+----+-----------+-----+-----------+
    |Total                                 |  99|         22|   49|         98|
    +--------------------------------------+----+-----------+-----+-----------+

    * Register: 
    +----------------------------------+----+----+-----+-----------+
    |               Name               | FF | LUT| Bits| Const Bits|
    +----------------------------------+----+----+-----+-----------+
    |ap_CS_fsm                         |   1|   0|    1|          0|
    |ap_done_reg                       |   1|   0|    1|          0|
    |ap_enable_reg_pp0_iter1           |   1|   0|    1|          0|
    |ap_enable_reg_pp0_iter2           |   1|   0|    1|          0|
    |ap_loop_exit_ready_pp0_iter1_reg  |   1|   0|    1|          0|
    |c_fu_110                          |   6|   0|    6|          0|
    |icmp_ln111_reg_621                |   1|   0|    1|          0|
    |icmp_ln186_reg_705                |   1|   0|    1|          0|
    |indvar_flatten_fu_122             |   8|   0|    8|          0|
    |indvar_fu_114                     |   3|   0|    3|          0|
    |r_fu_118                          |   6|   0|    6|          0|
    |select_ln186_1_reg_727            |  32|   0|   32|          0|
    |select_ln186_2_reg_732            |  32|   0|   32|          0|
    |select_ln186_3_reg_737            |  32|   0|   32|          0|
    |select_ln186_4_reg_742            |  32|   0|   32|          0|
    |select_ln186_5_reg_747            |  32|   0|   32|          0|
    |select_ln186_6_reg_752            |  32|   0|   32|          0|
    |select_ln186_7_reg_757            |  32|   0|   32|          0|
    |select_ln186_reg_722              |  32|   0|   32|          0|
    +----------------------------------+----+----+-----+-----------+
    |Total                             | 286|   0|  286|          0|
    +----------------------------------+----+----+-----+-----------+



================================================================
== Interface
================================================================
* Summary: 
+--------------------------+-----+-----+------------+-----------------------------------------------+--------------+
|         RTL Ports        | Dir | Bits|  Protocol  |                 Source Object                 |    C Type    |
+--------------------------+-----+-----+------------+-----------------------------------------------+--------------+
|ap_clk                    |   in|    1|  ap_ctrl_hs|  write_big_tile_Pipeline_Write_Rows_Write_Cols|  return value|
|ap_rst                    |   in|    1|  ap_ctrl_hs|  write_big_tile_Pipeline_Write_Rows_Write_Cols|  return value|
|ap_start                  |   in|    1|  ap_ctrl_hs|  write_big_tile_Pipeline_Write_Rows_Write_Cols|  return value|
|ap_done                   |  out|    1|  ap_ctrl_hs|  write_big_tile_Pipeline_Write_Rows_Write_Cols|  return value|
|ap_idle                   |  out|    1|  ap_ctrl_hs|  write_big_tile_Pipeline_Write_Rows_Write_Cols|  return value|
|ap_ready                  |  out|    1|  ap_ctrl_hs|  write_big_tile_Pipeline_Write_Rows_Write_Cols|  return value|
|m_axi_gmem0_AWVALID       |  out|    1|       m_axi|                                          gmem0|       pointer|
|m_axi_gmem0_AWREADY       |   in|    1|       m_axi|                                          gmem0|       pointer|
|m_axi_gmem0_AWADDR        |  out|   64|       m_axi|                                          gmem0|       pointer|
|m_axi_gmem0_AWID          |  out|    1|       m_axi|                                          gmem0|       pointer|
|m_axi_gmem0_AWLEN         |  out|   32|       m_axi|                                          gmem0|       pointer|
|m_axi_gmem0_AWSIZE        |  out|    3|       m_axi|                                          gmem0|       pointer|
|m_axi_gmem0_AWBURST       |  out|    2|       m_axi|                                          gmem0|       pointer|
|m_axi_gmem0_AWLOCK        |  out|    2|       m_axi|                                          gmem0|       pointer|
|m_axi_gmem0_AWCACHE       |  out|    4|       m_axi|                                          gmem0|       pointer|
|m_axi_gmem0_AWPROT        |  out|    3|       m_axi|                                          gmem0|       pointer|
|m_axi_gmem0_AWQOS         |  out|    4|       m_axi|                                          gmem0|       pointer|
|m_axi_gmem0_AWREGION      |  out|    4|       m_axi|                                          gmem0|       pointer|
|m_axi_gmem0_AWUSER        |  out|    1|       m_axi|                                          gmem0|       pointer|
|m_axi_gmem0_WVALID        |  out|    1|       m_axi|                                          gmem0|       pointer|
|m_axi_gmem0_WREADY        |   in|    1|       m_axi|                                          gmem0|       pointer|
|m_axi_gmem0_WDATA         |  out|  256|       m_axi|                                          gmem0|       pointer|
|m_axi_gmem0_WSTRB         |  out|   32|       m_axi|                                          gmem0|       pointer|
|m_axi_gmem0_WLAST         |  out|    1|       m_axi|                                          gmem0|       pointer|
|m_axi_gmem0_WID           |  out|    1|       m_axi|                                          gmem0|       pointer|
|m_axi_gmem0_WUSER         |  out|    1|       m_axi|                                          gmem0|       pointer|
|m_axi_gmem0_ARVALID       |  out|    1|       m_axi|                                          gmem0|       pointer|
|m_axi_gmem0_ARREADY       |   in|    1|       m_axi|                                          gmem0|       pointer|
|m_axi_gmem0_ARADDR        |  out|   64|       m_axi|                                          gmem0|       pointer|
|m_axi_gmem0_ARID          |  out|    1|       m_axi|                                          gmem0|       pointer|
|m_axi_gmem0_ARLEN         |  out|   32|       m_axi|                                          gmem0|       pointer|
|m_axi_gmem0_ARSIZE        |  out|    3|       m_axi|                                          gmem0|       pointer|
|m_axi_gmem0_ARBURST       |  out|    2|       m_axi|                                          gmem0|       pointer|
|m_axi_gmem0_ARLOCK        |  out|    2|       m_axi|                                          gmem0|       pointer|
|m_axi_gmem0_ARCACHE       |  out|    4|       m_axi|                                          gmem0|       pointer|
|m_axi_gmem0_ARPROT        |  out|    3|       m_axi|                                          gmem0|       pointer|
|m_axi_gmem0_ARQOS         |  out|    4|       m_axi|                                          gmem0|       pointer|
|m_axi_gmem0_ARREGION      |  out|    4|       m_axi|                                          gmem0|       pointer|
|m_axi_gmem0_ARUSER        |  out|    1|       m_axi|                                          gmem0|       pointer|
|m_axi_gmem0_RVALID        |   in|    1|       m_axi|                                          gmem0|       pointer|
|m_axi_gmem0_RREADY        |  out|    1|       m_axi|                                          gmem0|       pointer|
|m_axi_gmem0_RDATA         |   in|  256|       m_axi|                                          gmem0|       pointer|
|m_axi_gmem0_RLAST         |   in|    1|       m_axi|                                          gmem0|       pointer|
|m_axi_gmem0_RID           |   in|    1|       m_axi|                                          gmem0|       pointer|
|m_axi_gmem0_RFIFONUM      |   in|    9|       m_axi|                                          gmem0|       pointer|
|m_axi_gmem0_RUSER         |   in|    1|       m_axi|                                          gmem0|       pointer|
|m_axi_gmem0_RRESP         |   in|    2|       m_axi|                                          gmem0|       pointer|
|m_axi_gmem0_BVALID        |   in|    1|       m_axi|                                          gmem0|       pointer|
|m_axi_gmem0_BREADY        |  out|    1|       m_axi|                                          gmem0|       pointer|
|m_axi_gmem0_BRESP         |   in|    2|       m_axi|                                          gmem0|       pointer|
|m_axi_gmem0_BID           |   in|    1|       m_axi|                                          gmem0|       pointer|
|m_axi_gmem0_BUSER         |   in|    1|       m_axi|                                          gmem0|       pointer|
|sext_ln111_1              |   in|   59|     ap_none|                                   sext_ln111_1|        scalar|
|local_buffer_0_address0   |  out|    6|   ap_memory|                                 local_buffer_0|         array|
|local_buffer_0_ce0        |  out|    1|   ap_memory|                                 local_buffer_0|         array|
|local_buffer_0_q0         |   in|   32|   ap_memory|                                 local_buffer_0|         array|
|local_buffer_1_address0   |  out|    6|   ap_memory|                                 local_buffer_1|         array|
|local_buffer_1_ce0        |  out|    1|   ap_memory|                                 local_buffer_1|         array|
|local_buffer_1_q0         |   in|   32|   ap_memory|                                 local_buffer_1|         array|
|local_buffer_2_address0   |  out|    6|   ap_memory|                                 local_buffer_2|         array|
|local_buffer_2_ce0        |  out|    1|   ap_memory|                                 local_buffer_2|         array|
|local_buffer_2_q0         |   in|   32|   ap_memory|                                 local_buffer_2|         array|
|local_buffer_3_address0   |  out|    6|   ap_memory|                                 local_buffer_3|         array|
|local_buffer_3_ce0        |  out|    1|   ap_memory|                                 local_buffer_3|         array|
|local_buffer_3_q0         |   in|   32|   ap_memory|                                 local_buffer_3|         array|
|local_buffer_4_address0   |  out|    6|   ap_memory|                                 local_buffer_4|         array|
|local_buffer_4_ce0        |  out|    1|   ap_memory|                                 local_buffer_4|         array|
|local_buffer_4_q0         |   in|   32|   ap_memory|                                 local_buffer_4|         array|
|local_buffer_5_address0   |  out|    6|   ap_memory|                                 local_buffer_5|         array|
|local_buffer_5_ce0        |  out|    1|   ap_memory|                                 local_buffer_5|         array|
|local_buffer_5_q0         |   in|   32|   ap_memory|                                 local_buffer_5|         array|
|local_buffer_6_address0   |  out|    6|   ap_memory|                                 local_buffer_6|         array|
|local_buffer_6_ce0        |  out|    1|   ap_memory|                                 local_buffer_6|         array|
|local_buffer_6_q0         |   in|   32|   ap_memory|                                 local_buffer_6|         array|
|local_buffer_7_address0   |  out|    6|   ap_memory|                                 local_buffer_7|         array|
|local_buffer_7_ce0        |  out|    1|   ap_memory|                                 local_buffer_7|         array|
|local_buffer_7_q0         |   in|   32|   ap_memory|                                 local_buffer_7|         array|
|local_buffer_8_address0   |  out|    6|   ap_memory|                                 local_buffer_8|         array|
|local_buffer_8_ce0        |  out|    1|   ap_memory|                                 local_buffer_8|         array|
|local_buffer_8_q0         |   in|   32|   ap_memory|                                 local_buffer_8|         array|
|local_buffer_9_address0   |  out|    6|   ap_memory|                                 local_buffer_9|         array|
|local_buffer_9_ce0        |  out|    1|   ap_memory|                                 local_buffer_9|         array|
|local_buffer_9_q0         |   in|   32|   ap_memory|                                 local_buffer_9|         array|
|local_buffer_10_address0  |  out|    6|   ap_memory|                                local_buffer_10|         array|
|local_buffer_10_ce0       |  out|    1|   ap_memory|                                local_buffer_10|         array|
|local_buffer_10_q0        |   in|   32|   ap_memory|                                local_buffer_10|         array|
|local_buffer_11_address0  |  out|    6|   ap_memory|                                local_buffer_11|         array|
|local_buffer_11_ce0       |  out|    1|   ap_memory|                                local_buffer_11|         array|
|local_buffer_11_q0        |   in|   32|   ap_memory|                                local_buffer_11|         array|
|local_buffer_12_address0  |  out|    6|   ap_memory|                                local_buffer_12|         array|
|local_buffer_12_ce0       |  out|    1|   ap_memory|                                local_buffer_12|         array|
|local_buffer_12_q0        |   in|   32|   ap_memory|                                local_buffer_12|         array|
|local_buffer_13_address0  |  out|    6|   ap_memory|                                local_buffer_13|         array|
|local_buffer_13_ce0       |  out|    1|   ap_memory|                                local_buffer_13|         array|
|local_buffer_13_q0        |   in|   32|   ap_memory|                                local_buffer_13|         array|
|local_buffer_14_address0  |  out|    6|   ap_memory|                                local_buffer_14|         array|
|local_buffer_14_ce0       |  out|    1|   ap_memory|                                local_buffer_14|         array|
|local_buffer_14_q0        |   in|   32|   ap_memory|                                local_buffer_14|         array|
|local_buffer_15_address0  |  out|    6|   ap_memory|                                local_buffer_15|         array|
|local_buffer_15_ce0       |  out|    1|   ap_memory|                                local_buffer_15|         array|
|local_buffer_15_q0        |   in|   32|   ap_memory|                                local_buffer_15|         array|
+--------------------------+-----+-----+------------+-----------------------------------------------+--------------+

