--------------------------------------------
  Weight Stationary Systolic Array TB
  Matrix Size: 64x64 * 64x64
  Tile Size:   16x16
--------------------------------------------
[1/5] Initializing Data...
[2/5] Packing Data to Block Layout...
[3/5] Running Hardware Kernel...

      --- PROFILING RESULTS ---
      Latency:    0.020782 seconds
      Throughput: 0.025228 GOPS

[4/5] Unpacking Results...
[5/5] Verifying...
SUCCESS! Hardware output matches Software.
INFO [HLS SIM]: The maximum depth reached by any hls::stream() instance in the design is 2048
Vivado Simulator v2022.2
Copyright 1986-1999, 2001-2022 Xilinx, Inc. All Rights Reserved.
Running: /tools/Xilinx/Vivado/2022.2/bin/unwrapped/lnx64.o/xelab xil_defaultlib.apatb_pipelined_layer_processor_ws_top glbl -Oenable_linking_all_libraries -prj pipelined_layer_processor_ws.prj -L smartconnect_v1_0 -L axi_protocol_checker_v1_1_12 -L axi_protocol_checker_v1_1_13 -L axis_protocol_checker_v1_1_11 -L axis_protocol_checker_v1_1_12 -L xil_defaultlib -L unisims_ver -L xpm -L floating_point_v7_0_20 -L floating_point_v7_1_15 --lib ieee_proposed=./ieee_proposed -s pipelined_layer_processor_ws 
Multi-threading is on. Using 14 slave threads.
WARNING: [XSIM 43-3431] One or more environment variables have been detected which affect the operation of the C compiler. These are typically not set in standard installations and are not tested by Xilinx, however they may be appropriate for your system, so the flow will attempt to continue.  If errors occur, try running xelab with the "-mt off -v 1" switches to see more information from the C compiler. The following environment variables have been detected:
    LIBRARY_PATH
INFO: [VRFC 10-2263] Analyzing SystemVerilog file "/home/ali/Desktop/SystolicArray_On_PYNQ_Z1/hls_project/solution1/sim/verilog/glbl.v" into library work
INFO: [VRFC 10-311] analyzing module glbl
INFO: [VRFC 10-2263] Analyzing SystemVerilog file "/home/ali/Desktop/SystolicArray_On_PYNQ_Z1/hls_project/solution1/sim/verilog/AESL_deadlock_detector.v" into library xil_defaultlib
INFO: [VRFC 10-311] analyzing module AESL_deadlock_detector
INFO: [VRFC 10-2263] Analyzing SystemVerilog file "/home/ali/Desktop/SystolicArray_On_PYNQ_Z1/hls_project/solution1/sim/verilog/pipelined_layer_processor_ws_gmem0_m_axi.v" into library xil_defaultlib
INFO: [VRFC 10-311] analyzing module pipelined_layer_processor_ws_gmem0_m_axi
INFO: [VRFC 10-311] analyzing module pipelined_layer_processor_ws_gmem0_m_axi_load
INFO: [VRFC 10-311] analyzing module pipelined_layer_processor_ws_gmem0_m_axi_store
INFO: [VRFC 10-311] analyzing module pipelined_layer_processor_ws_gmem0_m_axi_read
INFO: [VRFC 10-311] analyzing module pipelined_layer_processor_ws_gmem0_m_axi_write
INFO: [VRFC 10-311] analyzing module pipelined_layer_processor_ws_gmem0_m_axi_throttle
INFO: [VRFC 10-311] analyzing module pipelined_layer_processor_ws_gmem0_m_axi_reg_slice
INFO: [VRFC 10-311] analyzing module pipelined_layer_processor_ws_gmem0_m_axi_fifo
INFO: [VRFC 10-311] analyzing module pipelined_layer_processor_ws_gmem0_m_axi_srl
INFO: [VRFC 10-311] analyzing module pipelined_layer_processor_ws_gmem0_m_axi_mem
INFO: [VRFC 10-2263] Analyzing SystemVerilog file "/home/ali/Desktop/SystolicArray_On_PYNQ_Z1/hls_project/solution1/sim/verilog/pipelined_layer_processor_ws.autotb.v" into library xil_defaultlib
INFO: [VRFC 10-311] analyzing module apatb_pipelined_layer_processor_ws_top
INFO: [VRFC 10-2263] Analyzing SystemVerilog file "/home/ali/Desktop/SystolicArray_On_PYNQ_Z1/hls_project/solution1/sim/verilog/pipelined_layer_processor_ws_fifo_w256_d2_S.v" into library xil_defaultlib
INFO: [VRFC 10-311] analyzing module pipelined_layer_processor_ws_fifo_w256_d2_S
INFO: [VRFC 10-311] analyzing module pipelined_layer_processor_ws_fifo_w256_d2_S_ShiftReg
INFO: [VRFC 10-2263] Analyzing SystemVerilog file "/home/ali/Desktop/SystolicArray_On_PYNQ_Z1/hls_project/solution1/sim/verilog/pipelined_layer_processor_ws_flow_control_loop_pipe_sequential_init.v" into library xil_defaultlib
INFO: [VRFC 10-311] analyzing module pipelined_layer_processor_ws_flow_control_loop_pipe_sequential_init
INFO: [VRFC 10-2263] Analyzing SystemVerilog file "/home/ali/Desktop/SystolicArray_On_PYNQ_Z1/hls_project/solution1/sim/verilog/pipelined_layer_processor_ws_entry_proc.v" into library xil_defaultlib
INFO: [VRFC 10-311] analyzing module pipelined_layer_processor_ws_entry_proc
INFO: [VRFC 10-2263] Analyzing SystemVerilog file "/home/ali/Desktop/SystolicArray_On_PYNQ_Z1/hls_project/solution1/sim/verilog/pipelined_layer_processor_ws_gmem2_m_axi.v" into library xil_defaultlib
INFO: [VRFC 10-311] analyzing module pipelined_layer_processor_ws_gmem2_m_axi
INFO: [VRFC 10-311] analyzing module pipelined_layer_processor_ws_gmem2_m_axi_load
INFO: [VRFC 10-311] analyzing module pipelined_layer_processor_ws_gmem2_m_axi_store
INFO: [VRFC 10-311] analyzing module pipelined_layer_processor_ws_gmem2_m_axi_read
INFO: [VRFC 10-311] analyzing module pipelined_layer_processor_ws_gmem2_m_axi_write
INFO: [VRFC 10-311] analyzing module pipelined_layer_processor_ws_gmem2_m_axi_throttle
INFO: [VRFC 10-311] analyzing module pipelined_layer_processor_ws_gmem2_m_axi_reg_slice
INFO: [VRFC 10-311] analyzing module pipelined_layer_processor_ws_gmem2_m_axi_fifo
INFO: [VRFC 10-311] analyzing module pipelined_layer_processor_ws_gmem2_m_axi_srl
INFO: [VRFC 10-311] analyzing module pipelined_layer_processor_ws_gmem2_m_axi_mem
INFO: [VRFC 10-2263] Analyzing SystemVerilog file "/home/ali/Desktop/SystolicArray_On_PYNQ_Z1/hls_project/solution1/sim/verilog/AESL_deadlock_detection_unit.v" into library xil_defaultlib
INFO: [VRFC 10-311] analyzing module AESL_deadlock_detect_unit
INFO: [VRFC 10-2263] Analyzing SystemVerilog file "/home/ali/Desktop/SystolicArray_On_PYNQ_Z1/hls_project/solution1/sim/verilog/pipelined_layer_processor_ws_write_matrix_C_Pipeline_Write_C_Burst.v" into library xil_defaultlib
INFO: [VRFC 10-311] analyzing module pipelined_layer_processor_ws_write_matrix_C_Pipeline_Write_C_Burst
INFO: [VRFC 10-2263] Analyzing SystemVerilog file "/home/ali/Desktop/SystolicArray_On_PYNQ_Z1/hls_project/solution1/sim/verilog/pipelined_layer_processor_ws_mux_73_32_1_1.v" into library xil_defaultlib
INFO: [VRFC 10-311] analyzing module pipelined_layer_processor_ws_mux_73_32_1_1
INFO: [VRFC 10-2263] Analyzing SystemVerilog file "/home/ali/Desktop/SystolicArray_On_PYNQ_Z1/hls_project/solution1/sim/verilog/pipelined_layer_processor_ws_write_matrix_C.v" into library xil_defaultlib
INFO: [VRFC 10-311] analyzing module pipelined_layer_processor_ws_write_matrix_C
INFO: [VRFC 10-2263] Analyzing SystemVerilog file "/home/ali/Desktop/SystolicArray_On_PYNQ_Z1/hls_project/solution1/sim/verilog/pipelined_layer_processor_ws_compute_systolic_Pipeline_Load_B_VITIS_LOOP_93_6.v" into library xil_defaultlib
INFO: [VRFC 10-311] analyzing module pipelined_layer_processor_ws_compute_systolic_Pipeline_Load_B_VITIS_LOOP_93_6
INFO: [VRFC 10-2263] Analyzing SystemVerilog file "/home/ali/Desktop/SystolicArray_On_PYNQ_Z1/hls_project/solution1/sim/verilog/AESL_deadlock_report_unit.v" into library xil_defaultlib
INFO: [VRFC 10-311] analyzing module AESL_deadlock_report_unit
INFO: [VRFC 10-2263] Analyzing SystemVerilog file "/home/ali/Desktop/SystolicArray_On_PYNQ_Z1/hls_project/solution1/sim/verilog/AESL_axi_slave_control.v" into library xil_defaultlib
INFO: [VRFC 10-311] analyzing module AESL_axi_slave_control
INFO: [VRFC 10-2263] Analyzing SystemVerilog file "/home/ali/Desktop/SystolicArray_On_PYNQ_Z1/hls_project/solution1/sim/verilog/pipelined_layer_processor_ws_compute_systolic_Pipeline_Scan_K_Scan_Col_Pulse.v" into library xil_defaultlib
INFO: [VRFC 10-311] analyzing module pipelined_layer_processor_ws_compute_systolic_Pipeline_Scan_K_Scan_Col_Pulse
INFO: [VRFC 10-2263] Analyzing SystemVerilog file "/home/ali/Desktop/SystolicArray_On_PYNQ_Z1/hls_project/solution1/sim/verilog/pipelined_layer_processor_ws_mul_32ns_37ns_69_2_1.v" into library xil_defaultlib
INFO: [VRFC 10-311] analyzing module pipelined_layer_processor_ws_mul_32ns_37ns_69_2_1
INFO: [VRFC 10-2263] Analyzing SystemVerilog file "/home/ali/Desktop/SystolicArray_On_PYNQ_Z1/hls_project/solution1/sim/verilog/pipelined_layer_processor_ws_compute_systolic_local_A_V_RAM_AUTO_1R1W.v" into library xil_defaultlib
INFO: [VRFC 10-311] analyzing module pipelined_layer_processor_ws_compute_systolic_local_A_V_RAM_AUTO_1R1W
INFO: [VRFC 10-2263] Analyzing SystemVerilog file "/home/ali/Desktop/SystolicArray_On_PYNQ_Z1/hls_project/solution1/sim/verilog/pipelined_layer_processor_ws_start_for_compute_systolic_U0.v" into library xil_defaultlib
INFO: [VRFC 10-311] analyzing module pipelined_layer_processor_ws_start_for_compute_systolic_U0
INFO: [VRFC 10-311] analyzing module pipelined_layer_processor_ws_start_for_compute_systolic_U0_ShiftReg
INFO: [VRFC 10-2263] Analyzing SystemVerilog file "/home/ali/Desktop/SystolicArray_On_PYNQ_Z1/hls_project/solution1/sim/verilog/pipelined_layer_processor_ws_compute_systolic.v" into library xil_defaultlib
INFO: [VRFC 10-311] analyzing module pipelined_layer_processor_ws_compute_systolic
INFO: [VRFC 10-2263] Analyzing SystemVerilog file "/home/ali/Desktop/SystolicArray_On_PYNQ_Z1/hls_project/solution1/sim/verilog/pipelined_layer_processor_ws_read_matrix_B.v" into library xil_defaultlib
INFO: [VRFC 10-311] analyzing module pipelined_layer_processor_ws_read_matrix_B
INFO: [VRFC 10-2263] Analyzing SystemVerilog file "/home/ali/Desktop/SystolicArray_On_PYNQ_Z1/hls_project/solution1/sim/verilog/pipelined_layer_processor_ws_compute_systolic_local_C_V_RAM_AUTO_1R1W.v" into library xil_defaultlib
INFO: [VRFC 10-311] analyzing module pipelined_layer_processor_ws_compute_systolic_local_C_V_RAM_AUTO_1R1W
INFO: [VRFC 10-2263] Analyzing SystemVerilog file "/home/ali/Desktop/SystolicArray_On_PYNQ_Z1/hls_project/solution1/sim/verilog/pipelined_layer_processor_ws_add_32ns_32s_32_3_1.v" into library xil_defaultlib
INFO: [VRFC 10-311] analyzing module pipelined_layer_processor_ws_add_32ns_32s_32_3_1_AddSub_DSP_0
INFO: [VRFC 10-311] analyzing module pipelined_layer_processor_ws_add_32ns_32s_32_3_1_AddSub_DSP_0_comb_adder
INFO: [VRFC 10-311] analyzing module pipelined_layer_processor_ws_add_32ns_32s_32_3_1
INFO: [VRFC 10-2263] Analyzing SystemVerilog file "/home/ali/Desktop/SystolicArray_On_PYNQ_Z1/hls_project/solution1/sim/verilog/pipelined_layer_processor_ws_mul_8s_8s_16_4_1.v" into library xil_defaultlib
INFO: [VRFC 10-311] analyzing module pipelined_layer_processor_ws_mul_8s_8s_16_4_1
INFO: [VRFC 10-2263] Analyzing SystemVerilog file "/home/ali/Desktop/SystolicArray_On_PYNQ_Z1/hls_project/solution1/sim/verilog/pipelined_layer_processor_ws_mac_muladd_8s_8s_17s_17_4_1.v" into library xil_defaultlib
INFO: [VRFC 10-311] analyzing module pipelined_layer_processor_ws_mac_muladd_8s_8s_17s_17_4_1_DSP48_1
INFO: [VRFC 10-311] analyzing module pipelined_layer_processor_ws_mac_muladd_8s_8s_17s_17_4_1
INFO: [VRFC 10-2263] Analyzing SystemVerilog file "/home/ali/Desktop/SystolicArray_On_PYNQ_Z1/hls_project/solution1/sim/verilog/pipelined_layer_processor_ws_mul_25s_25s_25_1_1.v" into library xil_defaultlib
INFO: [VRFC 10-311] analyzing module pipelined_layer_processor_ws_mul_25s_25s_25_1_1
INFO: [VRFC 10-2263] Analyzing SystemVerilog file "/home/ali/Desktop/SystolicArray_On_PYNQ_Z1/hls_project/solution1/sim/verilog/pipelined_layer_processor_ws_compute_systolic_local_B_V_RAM_AUTO_1R1W.v" into library xil_defaultlib
INFO: [VRFC 10-311] analyzing module pipelined_layer_processor_ws_compute_systolic_local_B_V_RAM_AUTO_1R1W
INFO: [VRFC 10-2263] Analyzing SystemVerilog file "/home/ali/Desktop/SystolicArray_On_PYNQ_Z1/hls_project/solution1/sim/verilog/pipelined_layer_processor_ws_tile_C_col_buffer_V_RAM_2P_BRAM_1R1W.v" into library xil_defaultlib
INFO: [VRFC 10-311] analyzing module pipelined_layer_processor_ws_tile_C_col_buffer_V_RAM_2P_BRAM_1R1W
INFO: [VRFC 10-2263] Analyzing SystemVerilog file "/home/ali/Desktop/SystolicArray_On_PYNQ_Z1/hls_project/solution1/sim/verilog/pipelined_layer_processor_ws_mux_164_8_1_1.v" into library xil_defaultlib
INFO: [VRFC 10-311] analyzing module pipelined_layer_processor_ws_mux_164_8_1_1
INFO: [VRFC 10-2263] Analyzing SystemVerilog file "/home/ali/Desktop/SystolicArray_On_PYNQ_Z1/hls_project/solution1/sim/verilog/pipelined_layer_processor_ws_mul_32s_31ns_61_2_1.v" into library xil_defaultlib
INFO: [VRFC 10-311] analyzing module pipelined_layer_processor_ws_mul_32s_31ns_61_2_1
INFO: [VRFC 10-2263] Analyzing SystemVerilog file "/home/ali/Desktop/SystolicArray_On_PYNQ_Z1/hls_project/solution1/sim/verilog/pipelined_layer_processor_ws_read_matrix_A.v" into library xil_defaultlib
INFO: [VRFC 10-311] analyzing module pipelined_layer_processor_ws_read_matrix_A
INFO: [VRFC 10-2263] Analyzing SystemVerilog file "/home/ali/Desktop/SystolicArray_On_PYNQ_Z1/hls_project/solution1/sim/verilog/pipelined_layer_processor_ws_gmem1_m_axi.v" into library xil_defaultlib
INFO: [VRFC 10-311] analyzing module pipelined_layer_processor_ws_gmem1_m_axi
INFO: [VRFC 10-311] analyzing module pipelined_layer_processor_ws_gmem1_m_axi_load
INFO: [VRFC 10-311] analyzing module pipelined_layer_processor_ws_gmem1_m_axi_store
INFO: [VRFC 10-311] analyzing module pipelined_layer_processor_ws_gmem1_m_axi_read
INFO: [VRFC 10-311] analyzing module pipelined_layer_processor_ws_gmem1_m_axi_write
INFO: [VRFC 10-311] analyzing module pipelined_layer_processor_ws_gmem1_m_axi_throttle
INFO: [VRFC 10-311] analyzing module pipelined_layer_processor_ws_gmem1_m_axi_reg_slice
INFO: [VRFC 10-311] analyzing module pipelined_layer_processor_ws_gmem1_m_axi_fifo
INFO: [VRFC 10-311] analyzing module pipelined_layer_processor_ws_gmem1_m_axi_srl
INFO: [VRFC 10-311] analyzing module pipelined_layer_processor_ws_gmem1_m_axi_mem
INFO: [VRFC 10-2263] Analyzing SystemVerilog file "/home/ali/Desktop/SystolicArray_On_PYNQ_Z1/hls_project/solution1/sim/verilog/pipelined_layer_processor_ws_mac_muladd_8s_8s_32s_32_4_1.v" into library xil_defaultlib
INFO: [VRFC 10-311] analyzing module pipelined_layer_processor_ws_mac_muladd_8s_8s_32s_32_4_1_DSP48_2
INFO: [VRFC 10-311] analyzing module pipelined_layer_processor_ws_mac_muladd_8s_8s_32s_32_4_1
INFO: [VRFC 10-2263] Analyzing SystemVerilog file "/home/ali/Desktop/SystolicArray_On_PYNQ_Z1/hls_project/solution1/sim/verilog/AESL_axi_master_gmem0.v" into library xil_defaultlib
INFO: [VRFC 10-311] analyzing module AESL_axi_master_gmem0
INFO: [VRFC 10-2263] Analyzing SystemVerilog file "/home/ali/Desktop/SystolicArray_On_PYNQ_Z1/hls_project/solution1/sim/verilog/AESL_axi_master_gmem2.v" into library xil_defaultlib
INFO: [VRFC 10-311] analyzing module AESL_axi_master_gmem2
INFO: [VRFC 10-2263] Analyzing SystemVerilog file "/home/ali/Desktop/SystolicArray_On_PYNQ_Z1/hls_project/solution1/sim/verilog/pipelined_layer_processor_ws_compute_systolic_Pipeline_Load_A_VITIS_LOOP_83_4.v" into library xil_defaultlib
INFO: [VRFC 10-311] analyzing module pipelined_layer_processor_ws_compute_systolic_Pipeline_Load_A_VITIS_LOOP_83_4
INFO: [VRFC 10-2263] Analyzing SystemVerilog file "/home/ali/Desktop/SystolicArray_On_PYNQ_Z1/hls_project/solution1/sim/verilog/AESL_axi_master_gmem1.v" into library xil_defaultlib
INFO: [VRFC 10-311] analyzing module AESL_axi_master_gmem1
INFO: [VRFC 10-2263] Analyzing SystemVerilog file "/home/ali/Desktop/SystolicArray_On_PYNQ_Z1/hls_project/solution1/sim/verilog/pipelined_layer_processor_ws_fifo_w64_d4_S.v" into library xil_defaultlib
INFO: [VRFC 10-311] analyzing module pipelined_layer_processor_ws_fifo_w64_d4_S
INFO: [VRFC 10-311] analyzing module pipelined_layer_processor_ws_fifo_w64_d4_S_ShiftReg
INFO: [VRFC 10-2263] Analyzing SystemVerilog file "/home/ali/Desktop/SystolicArray_On_PYNQ_Z1/hls_project/solution1/sim/verilog/pipelined_layer_processor_ws_compute_systolic_Pipeline_Clear_C_VITIS_LOOP_65_3.v" into library xil_defaultlib
INFO: [VRFC 10-311] analyzing module pipelined_layer_processor_ws_compute_systolic_Pipeline_Clear_C_VITIS_LOOP_65_3
INFO: [VRFC 10-2263] Analyzing SystemVerilog file "/home/ali/Desktop/SystolicArray_On_PYNQ_Z1/hls_project/solution1/sim/verilog/pipelined_layer_processor_ws_fifo_w32_d2_S.v" into library xil_defaultlib
INFO: [VRFC 10-311] analyzing module pipelined_layer_processor_ws_fifo_w32_d2_S
INFO: [VRFC 10-311] analyzing module pipelined_layer_processor_ws_fifo_w32_d2_S_ShiftReg
INFO: [VRFC 10-2263] Analyzing SystemVerilog file "/home/ali/Desktop/SystolicArray_On_PYNQ_Z1/hls_project/solution1/sim/verilog/pipelined_layer_processor_ws_mux_83_8_1_1.v" into library xil_defaultlib
INFO: [VRFC 10-311] analyzing module pipelined_layer_processor_ws_mux_83_8_1_1
INFO: [VRFC 10-2263] Analyzing SystemVerilog file "/home/ali/Desktop/SystolicArray_On_PYNQ_Z1/hls_project/solution1/sim/verilog/pipelined_layer_processor_ws_mul_32ns_39ns_71_2_1.v" into library xil_defaultlib
INFO: [VRFC 10-311] analyzing module pipelined_layer_processor_ws_mul_32ns_39ns_71_2_1
INFO: [VRFC 10-2263] Analyzing SystemVerilog file "/home/ali/Desktop/SystolicArray_On_PYNQ_Z1/hls_project/solution1/sim/verilog/pipelined_layer_processor_ws_mul_32ns_69ns_101_5_1.v" into library xil_defaultlib
INFO: [VRFC 10-311] analyzing module pipelined_layer_processor_ws_mul_32ns_69ns_101_5_1
INFO: [VRFC 10-2263] Analyzing SystemVerilog file "/home/ali/Desktop/SystolicArray_On_PYNQ_Z1/hls_project/solution1/sim/verilog/pipelined_layer_processor_ws_control_s_axi.v" into library xil_defaultlib
INFO: [VRFC 10-311] analyzing module pipelined_layer_processor_ws_control_s_axi
INFO: [VRFC 10-2263] Analyzing SystemVerilog file "/home/ali/Desktop/SystolicArray_On_PYNQ_Z1/hls_project/solution1/sim/verilog/pipelined_layer_processor_ws.v" into library xil_defaultlib
INFO: [VRFC 10-311] analyzing module pipelined_layer_processor_ws
INFO: [VRFC 10-2263] Analyzing SystemVerilog file "/home/ali/Desktop/SystolicArray_On_PYNQ_Z1/hls_project/solution1/sim/verilog/pipelined_layer_processor_ws_start_for_write_matrix_C_U0.v" into library xil_defaultlib
INFO: [VRFC 10-311] analyzing module pipelined_layer_processor_ws_start_for_write_matrix_C_U0
INFO: [VRFC 10-311] analyzing module pipelined_layer_processor_ws_start_for_write_matrix_C_U0_ShiftReg
INFO: [VRFC 10-2263] Analyzing SystemVerilog file "/home/ali/Desktop/SystolicArray_On_PYNQ_Z1/hls_project/solution1/sim/verilog/pipelined_layer_processor_ws_read_matrix_B_Pipeline_Read_B_Burst.v" into library xil_defaultlib
INFO: [VRFC 10-311] analyzing module pipelined_layer_processor_ws_read_matrix_B_Pipeline_Read_B_Burst
INFO: [VRFC 10-2263] Analyzing SystemVerilog file "/home/ali/Desktop/SystolicArray_On_PYNQ_Z1/hls_project/solution1/sim/verilog/pipelined_layer_processor_ws_mul_32ns_32ns_64_2_1.v" into library xil_defaultlib
INFO: [VRFC 10-311] analyzing module pipelined_layer_processor_ws_mul_32ns_32ns_64_2_1
INFO: [VRFC 10-2263] Analyzing SystemVerilog file "/home/ali/Desktop/SystolicArray_On_PYNQ_Z1/hls_project/solution1/sim/verilog/pipelined_layer_processor_ws_mux_154_32_1_1.v" into library xil_defaultlib
INFO: [VRFC 10-311] analyzing module pipelined_layer_processor_ws_mux_154_32_1_1
INFO: [VRFC 10-2263] Analyzing SystemVerilog file "/home/ali/Desktop/SystolicArray_On_PYNQ_Z1/hls_project/solution1/sim/verilog/pipelined_layer_processor_ws_fifo_w64_d64_A.v" into library xil_defaultlib
INFO: [VRFC 10-311] analyzing module pipelined_layer_processor_ws_fifo_w64_d64_A
INFO: [VRFC 10-311] analyzing module pipelined_layer_processor_ws_fifo_w64_d64_A_ram
INFO: [VRFC 10-2263] Analyzing SystemVerilog file "/home/ali/Desktop/SystolicArray_On_PYNQ_Z1/hls_project/solution1/sim/verilog/pipelined_layer_processor_ws_mul_27s_27s_27_1_1.v" into library xil_defaultlib
INFO: [VRFC 10-311] analyzing module pipelined_layer_processor_ws_mul_27s_27s_27_1_1
INFO: [VRFC 10-2263] Analyzing SystemVerilog file "/home/ali/Desktop/SystolicArray_On_PYNQ_Z1/hls_project/solution1/sim/verilog/pipelined_layer_processor_ws_compute_systolic_Pipeline_Write_C_Stream_VITIS_LOOP_131_8.v" into library xil_defaultlib
INFO: [VRFC 10-311] analyzing module pipelined_layer_processor_ws_compute_systolic_Pipeline_Write_C_Stream_VITIS_LOOP_131_8
INFO: [VRFC 10-2263] Analyzing SystemVerilog file "/home/ali/Desktop/SystolicArray_On_PYNQ_Z1/hls_project/solution1/sim/verilog/pipelined_layer_processor_ws_tile_B_V_RAM_2P_BRAM_1R1W.v" into library xil_defaultlib
INFO: [VRFC 10-311] analyzing module pipelined_layer_processor_ws_tile_B_V_RAM_2P_BRAM_1R1W
INFO: [VRFC 10-2263] Analyzing SystemVerilog file "/home/ali/Desktop/SystolicArray_On_PYNQ_Z1/hls_project/solution1/sim/verilog/pipelined_layer_processor_ws_mac_muladd_8s_8s_16s_17_4_1.v" into library xil_defaultlib
INFO: [VRFC 10-311] analyzing module pipelined_layer_processor_ws_mac_muladd_8s_8s_16s_17_4_1_DSP48_0
INFO: [VRFC 10-311] analyzing module pipelined_layer_processor_ws_mac_muladd_8s_8s_16s_17_4_1
INFO: [VRFC 10-2263] Analyzing SystemVerilog file "/home/ali/Desktop/SystolicArray_On_PYNQ_Z1/hls_project/solution1/sim/verilog/pipelined_layer_processor_ws_read_matrix_A_Pipeline_Read_A_Burst.v" into library xil_defaultlib
INFO: [VRFC 10-311] analyzing module pipelined_layer_processor_ws_read_matrix_A_Pipeline_Read_A_Burst
INFO: [VRFC 10-2263] Analyzing SystemVerilog file "/home/ali/Desktop/SystolicArray_On_PYNQ_Z1/hls_project/solution1/sim/verilog/dataflow_monitor.sv" into library xil_defaultlib
INFO: [VRFC 10-311] analyzing module dataflow_monitor
Starting static elaboration
Pass Through NonSizing Optimizer
Completed static elaboration
Starting simulation data flow analysis
Completed simulation data flow analysis
Time Resolution for simulation is 1ps
Compiling package xil_defaultlib.$unit_dataflow_monitor_sv
Compiling module xil_defaultlib.pipelined_layer_processor_ws_con...
Compiling module xil_defaultlib.pipelined_layer_processor_ws_gme...
Compiling module xil_defaultlib.pipelined_layer_processor_ws_gme...
Compiling module xil_defaultlib.pipelined_layer_processor_ws_gme...
Compiling module xil_defaultlib.pipelined_layer_processor_ws_gme...
Compiling module xil_defaultlib.pipelined_layer_processor_ws_gme...
Compiling module xil_defaultlib.pipelined_layer_processor_ws_gme...
Compiling module xil_defaultlib.pipelined_layer_processor_ws_gme...
Compiling module xil_defaultlib.pipelined_layer_processor_ws_gme...
Compiling module xil_defaultlib.pipelined_layer_processor_ws_gme...
Compiling module xil_defaultlib.pipelined_layer_processor_ws_gme...
Compiling module xil_defaultlib.pipelined_layer_processor_ws_gme...
Compiling module xil_defaultlib.pipelined_layer_processor_ws_gme...
Compiling module xil_defaultlib.pipelined_layer_processor_ws_gme...
Compiling module xil_defaultlib.pipelined_layer_processor_ws_gme...
Compiling module xil_defaultlib.pipelined_layer_processor_ws_gme...
Compiling module xil_defaultlib.pipelined_layer_processor_ws_gme...
Compiling module xil_defaultlib.pipelined_layer_processor_ws_gme...
Compiling module xil_defaultlib.pipelined_layer_processor_ws_gme...
Compiling module xil_defaultlib.pipelined_layer_processor_ws_gme...
Compiling module xil_defaultlib.pipelined_layer_processor_ws_gme...
Compiling module xil_defaultlib.pipelined_layer_processor_ws_gme...
Compiling module xil_defaultlib.pipelined_layer_processor_ws_gme...
Compiling module xil_defaultlib.pipelined_layer_processor_ws_gme...
Compiling module xil_defaultlib.pipelined_layer_processor_ws_gme...
Compiling module xil_defaultlib.pipelined_layer_processor_ws_gme...
Compiling module xil_defaultlib.pipelined_layer_processor_ws_gme...
Compiling module xil_defaultlib.pipelined_layer_processor_ws_gme...
Compiling module xil_defaultlib.pipelined_layer_processor_ws_gme...
Compiling module xil_defaultlib.pipelined_layer_processor_ws_gme...
Compiling module xil_defaultlib.pipelined_layer_processor_ws_gme...
Compiling module xil_defaultlib.pipelined_layer_processor_ws_gme...
Compiling module xil_defaultlib.pipelined_layer_processor_ws_gme...
Compiling module xil_defaultlib.pipelined_layer_processor_ws_gme...
Compiling module xil_defaultlib.pipelined_layer_processor_ws_gme...
Compiling module xil_defaultlib.pipelined_layer_processor_ws_gme...
Compiling module xil_defaultlib.pipelined_layer_processor_ws_gme...
Compiling module xil_defaultlib.pipelined_layer_processor_ws_gme...
Compiling module xil_defaultlib.pipelined_layer_processor_ws_gme...
Compiling module xil_defaultlib.pipelined_layer_processor_ws_gme...
Compiling module xil_defaultlib.pipelined_layer_processor_ws_gme...
Compiling module xil_defaultlib.pipelined_layer_processor_ws_gme...
Compiling module xil_defaultlib.pipelined_layer_processor_ws_gme...
Compiling module xil_defaultlib.pipelined_layer_processor_ws_gme...
Compiling module xil_defaultlib.pipelined_layer_processor_ws_gme...
Compiling module xil_defaultlib.pipelined_layer_processor_ws_gme...
Compiling module xil_defaultlib.pipelined_layer_processor_ws_gme...
Compiling module xil_defaultlib.pipelined_layer_processor_ws_gme...
Compiling module xil_defaultlib.pipelined_layer_processor_ws_gme...
Compiling module xil_defaultlib.pipelined_layer_processor_ws_gme...
Compiling module xil_defaultlib.pipelined_layer_processor_ws_gme...
Compiling module xil_defaultlib.pipelined_layer_processor_ws_gme...
Compiling module xil_defaultlib.pipelined_layer_processor_ws_gme...
Compiling module xil_defaultlib.pipelined_layer_processor_ws_gme...
Compiling module xil_defaultlib.pipelined_layer_processor_ws_gme...
Compiling module xil_defaultlib.pipelined_layer_processor_ws_gme...
Compiling module xil_defaultlib.pipelined_layer_processor_ws_gme...
Compiling module xil_defaultlib.pipelined_layer_processor_ws_gme...
Compiling module xil_defaultlib.pipelined_layer_processor_ws_gme...
Compiling module xil_defaultlib.pipelined_layer_processor_ws_gme...
Compiling module xil_defaultlib.pipelined_layer_processor_ws_gme...
Compiling module xil_defaultlib.pipelined_layer_processor_ws_gme...
Compiling module xil_defaultlib.pipelined_layer_processor_ws_gme...
Compiling module xil_defaultlib.pipelined_layer_processor_ws_gme...
Compiling module xil_defaultlib.pipelined_layer_processor_ws_gme...
Compiling module xil_defaultlib.pipelined_layer_processor_ws_gme...
Compiling module xil_defaultlib.pipelined_layer_processor_ws_gme...
Compiling module xil_defaultlib.pipelined_layer_processor_ws_gme...
Compiling module xil_defaultlib.pipelined_layer_processor_ws_gme...
Compiling module xil_defaultlib.pipelined_layer_processor_ws_gme...
Compiling module xil_defaultlib.pipelined_layer_processor_ws_gme...
Compiling module xil_defaultlib.pipelined_layer_processor_ws_gme...
Compiling module xil_defaultlib.pipelined_layer_processor_ws_gme...
Compiling module xil_defaultlib.pipelined_layer_processor_ws_gme...
Compiling module xil_defaultlib.pipelined_layer_processor_ws_gme...
Compiling module xil_defaultlib.pipelined_layer_processor_ws_gme...
Compiling module xil_defaultlib.pipelined_layer_processor_ws_gme...
Compiling module xil_defaultlib.pipelined_layer_processor_ws_gme...
Compiling module xil_defaultlib.pipelined_layer_processor_ws_gme...
Compiling module xil_defaultlib.pipelined_layer_processor_ws_gme...
Compiling module xil_defaultlib.pipelined_layer_processor_ws_gme...
Compiling module xil_defaultlib.pipelined_layer_processor_ws_gme...
Compiling module xil_defaultlib.pipelined_layer_processor_ws_gme...
Compiling module xil_defaultlib.pipelined_layer_processor_ws_gme...
Compiling module xil_defaultlib.pipelined_layer_processor_ws_gme...
Compiling module xil_defaultlib.pipelined_layer_processor_ws_ent...
Compiling module xil_defaultlib.pipelined_layer_processor_ws_mul...
Compiling module xil_defaultlib.pipelined_layer_processor_ws_flo...
Compiling module xil_defaultlib.pipelined_layer_processor_ws_rea...
Compiling module xil_defaultlib.pipelined_layer_processor_ws_mul...
Compiling module xil_defaultlib.pipelined_layer_processor_ws_mul...
Compiling module xil_defaultlib.pipelined_layer_processor_ws_rea...
Compiling module xil_defaultlib.pipelined_layer_processor_ws_mul...
Compiling module xil_defaultlib.pipelined_layer_processor_ws_rea...
Compiling module xil_defaultlib.pipelined_layer_processor_ws_rea...
Compiling module xil_defaultlib.pipelined_layer_processor_ws_com...
Compiling module xil_defaultlib.pipelined_layer_processor_ws_com...
Compiling module xil_defaultlib.pipelined_layer_processor_ws_com...
Compiling module xil_defaultlib.pipelined_layer_processor_ws_com...
Compiling module xil_defaultlib.pipelined_layer_processor_ws_com...
Compiling module xil_defaultlib.pipelined_layer_processor_ws_mux...
Compiling module xil_defaultlib.pipelined_layer_processor_ws_com...
Compiling module xil_defaultlib.pipelined_layer_processor_ws_com...
Compiling module xil_defaultlib.pipelined_layer_processor_ws_mux...
Compiling module xil_defaultlib.pipelined_layer_processor_ws_mul...
Compiling module xil_defaultlib.pipelined_layer_processor_ws_mac...
Compiling module xil_defaultlib.pipelined_layer_processor_ws_mac...
Compiling module xil_defaultlib.pipelined_layer_processor_ws_mac...
Compiling module xil_defaultlib.pipelined_layer_processor_ws_mac...
Compiling module xil_defaultlib.pipelined_layer_processor_ws_mac...
Compiling module xil_defaultlib.pipelined_layer_processor_ws_mac...
Compiling module xil_defaultlib.pipelined_layer_processor_ws_com...
Compiling module xil_defaultlib.pipelined_layer_processor_ws_mul...
Compiling module xil_defaultlib.pipelined_layer_processor_ws_com...
Compiling module xil_defaultlib.pipelined_layer_processor_ws_mul...
Compiling module xil_defaultlib.pipelined_layer_processor_ws_wri...
Compiling module xil_defaultlib.pipelined_layer_processor_ws_mul...
Compiling module xil_defaultlib.pipelined_layer_processor_ws_wri...
Compiling module xil_defaultlib.pipelined_layer_processor_ws_fif...
Compiling module xil_defaultlib.pipelined_layer_processor_ws_fif...
Compiling module xil_defaultlib.pipelined_layer_processor_ws_fif...
Compiling module xil_defaultlib.pipelined_layer_processor_ws_fif...
Compiling module xil_defaultlib.pipelined_layer_processor_ws_fif...
Compiling module xil_defaultlib.pipelined_layer_processor_ws_fif...
Compiling module xil_defaultlib.pipelined_layer_processor_ws_sta...
Compiling module xil_defaultlib.pipelined_layer_processor_ws_sta...
Compiling module xil_defaultlib.pipelined_layer_processor_ws_sta...
Compiling module xil_defaultlib.pipelined_layer_processor_ws_sta...
Compiling module xil_defaultlib.pipelined_layer_processor_ws
Compiling module xil_defaultlib.AESL_axi_master_gmem0
Compiling module xil_defaultlib.AESL_axi_master_gmem1
Compiling module xil_defaultlib.AESL_axi_master_gmem2
Compiling module xil_defaultlib.AESL_axi_slave_control
Compiling module xil_defaultlib.AESL_deadlock_detect_unit(PROC_N...
Compiling module xil_defaultlib.AESL_deadlock_detect_unit(PROC_N...
Compiling module xil_defaultlib.AESL_deadlock_detect_unit(PROC_N...
Compiling module xil_defaultlib.AESL_deadlock_detect_unit(PROC_N...
Compiling module xil_defaultlib.AESL_deadlock_detect_unit(PROC_N...
Compiling module xil_defaultlib.AESL_deadlock_report_unit(PROC_N...
Compiling module xil_defaultlib.AESL_deadlock_detector_1
Compiling module xil_defaultlib.df_fifo_intf
Compiling module xil_defaultlib.df_process_intf
Compiling module xil_defaultlib.nodf_module_intf
Compiling module xil_defaultlib.seq_loop_intf(FSM_WIDTH=13)
Compiling module xil_defaultlib.upc_loop_intf(FSM_WIDTH=1)
Compiling module xil_defaultlib.dataflow_monitor_1
Compiling module xil_defaultlib.apatb_pipelined_layer_processor_...
Compiling module work.glbl
Built simulation snapshot pipelined_layer_processor_ws

****** xsim v2022.2 (64-bit)
  **** SW Build 3671981 on Fri Oct 14 04:59:54 MDT 2022
  **** IP Build 3669848 on Fri Oct 14 08:30:02 MDT 2022
    ** Copyright 1986-2022 Xilinx, Inc. All Rights Reserved.

source xsim.dir/pipelined_layer_processor_ws/xsim_script.tcl
# xsim {pipelined_layer_processor_ws} -autoloadwcfg -tclbatch {pipelined_layer_processor_ws.tcl}
Time resolution is 1 ps
source pipelined_layer_processor_ws.tcl
## run all
////////////////////////////////////////////////////////////////////////////////////
// Inter-Transaction Progress: Completed Transaction / Total Transaction
// Intra-Transaction Progress: Measured Latency / Latency Estimation * 100%
//
// RTL Simulation : "Inter-Transaction Progress" ["Intra-Transaction Progress"] @ "Simulation Time"
////////////////////////////////////////////////////////////////////////////////////
// RTL Simulation : 0 / 1 [n/a] @ "125000"
// RTL Simulation : 1 / 1 [n/a] @ "155825000"
////////////////////////////////////////////////////////////////////////////////////
$finish called at time : 155885 ns : File "/home/ali/Desktop/SystolicArray_On_PYNQ_Z1/hls_project/solution1/sim/verilog/pipelined_layer_processor_ws.autotb.v" Line 746
## quit
INFO: [Common 17-206] Exiting xsim at Fri May 29 09:15:03 2026...
--------------------------------------------
  Weight Stationary Systolic Array TB
  Matrix Size: 64x64 * 64x64
  Tile Size:   16x16
--------------------------------------------
[1/5] Initializing Data...
[2/5] Packing Data to Block Layout...
[3/5] Running Hardware Kernel...

      --- PROFILING RESULTS ---
      Latency:    0.000232 seconds
      Throughput: 2.260827 GOPS

[4/5] Unpacking Results...
[5/5] Verifying...
SUCCESS! Hardware output matches Software.
