Vivado Simulator v2022.2
Copyright 1986-1999, 2001-2022 Xilinx, Inc. All Rights Reserved.
Running: /tools/Xilinx/Vivado/2022.2/bin/unwrapped/lnx64.o/xelab xil_defaultlib.apatb_pipelined_layer_processor_top glbl -Oenable_linking_all_libraries -prj pipelined_layer_processor.prj -L smartconnect_v1_0 -L axi_protocol_checker_v1_1_12 -L axi_protocol_checker_v1_1_13 -L axis_protocol_checker_v1_1_11 -L axis_protocol_checker_v1_1_12 -L xil_defaultlib -L unisims_ver -L xpm -L floating_point_v7_0_20 -L floating_point_v7_1_15 --lib ieee_proposed=./ieee_proposed -s pipelined_layer_processor -debug wave 
Multi-threading is on. Using 14 slave threads.
WARNING: [XSIM 43-3431] One or more environment variables have been detected which affect the operation of the C compiler. These are typically not set in standard installations and are not tested by Xilinx, however they may be appropriate for your system, so the flow will attempt to continue.  If errors occur, try running xelab with the "-mt off -v 1" switches to see more information from the C compiler. The following environment variables have been detected:
INFO: [VRFC 10-2263] Analyzing SystemVerilog file "/home/ali/Desktop/SystolicArray/solution1/sim/verilog/glbl.v" into library work
INFO: [VRFC 10-311] analyzing module glbl
INFO: [VRFC 10-2263] Analyzing SystemVerilog file "/home/ali/Desktop/SystolicArray/solution1/sim/verilog/pipelined_layer_processor_gmem0_m_axi.v" into library xil_defaultlib
INFO: [VRFC 10-311] analyzing module pipelined_layer_processor_gmem0_m_axi
INFO: [VRFC 10-311] analyzing module pipelined_layer_processor_gmem0_m_axi_load
INFO: [VRFC 10-311] analyzing module pipelined_layer_processor_gmem0_m_axi_store
INFO: [VRFC 10-311] analyzing module pipelined_layer_processor_gmem0_m_axi_read
INFO: [VRFC 10-311] analyzing module pipelined_layer_processor_gmem0_m_axi_write
INFO: [VRFC 10-311] analyzing module pipelined_layer_processor_gmem0_m_axi_throttle
INFO: [VRFC 10-311] analyzing module pipelined_layer_processor_gmem0_m_axi_reg_slice
INFO: [VRFC 10-311] analyzing module pipelined_layer_processor_gmem0_m_axi_fifo
INFO: [VRFC 10-311] analyzing module pipelined_layer_processor_gmem0_m_axi_srl
INFO: [VRFC 10-311] analyzing module pipelined_layer_processor_gmem0_m_axi_mem
INFO: [VRFC 10-2263] Analyzing SystemVerilog file "/home/ali/Desktop/SystolicArray/solution1/sim/verilog/pipelined_layer_processor_compute_systolic_Pipeline_Pulse.v" into library xil_defaultlib
INFO: [VRFC 10-311] analyzing module pipelined_layer_processor_compute_systolic_Pipeline_Pulse
INFO: [VRFC 10-2263] Analyzing SystemVerilog file "/home/ali/Desktop/SystolicArray/solution1/sim/verilog/pipelined_layer_processor_tile_C_V_RAM_2P_BRAM_1R1W.v" into library xil_defaultlib
INFO: [VRFC 10-311] analyzing module pipelined_layer_processor_tile_C_V_RAM_2P_BRAM_1R1W
INFO: [VRFC 10-2263] Analyzing SystemVerilog file "/home/ali/Desktop/SystolicArray/solution1/sim/verilog/pipelined_layer_processor_control_s_axi.v" into library xil_defaultlib
INFO: [VRFC 10-311] analyzing module pipelined_layer_processor_control_s_axi
INFO: [VRFC 10-2263] Analyzing SystemVerilog file "/home/ali/Desktop/SystolicArray/solution1/sim/verilog/AESL_axi_slave_control.v" into library xil_defaultlib
INFO: [VRFC 10-311] analyzing module AESL_axi_slave_control
INFO: [VRFC 10-2263] Analyzing SystemVerilog file "/home/ali/Desktop/SystolicArray/solution1/sim/verilog/pipelined_layer_processor_mul_25s_25s_25_1_1.v" into library xil_defaultlib
INFO: [VRFC 10-311] analyzing module pipelined_layer_processor_mul_25s_25s_25_1_1
INFO: [VRFC 10-2263] Analyzing SystemVerilog file "/home/ali/Desktop/SystolicArray/solution1/sim/verilog/pipelined_layer_processor_read_big_tile.v" into library xil_defaultlib
INFO: [VRFC 10-311] analyzing module pipelined_layer_processor_read_big_tile
INFO: [VRFC 10-2263] Analyzing SystemVerilog file "/home/ali/Desktop/SystolicArray/solution1/sim/verilog/pipelined_layer_processor.autotb.v" into library xil_defaultlib
INFO: [VRFC 10-311] analyzing module apatb_pipelined_layer_processor_top
INFO: [VRFC 10-2263] Analyzing SystemVerilog file "/home/ali/Desktop/SystolicArray/solution1/sim/verilog/AESL_axi_master_gmem0.v" into library xil_defaultlib
INFO: [VRFC 10-311] analyzing module AESL_axi_master_gmem0
INFO: [VRFC 10-2263] Analyzing SystemVerilog file "/home/ali/Desktop/SystolicArray/solution1/sim/verilog/AESL_axi_master_gmem1.v" into library xil_defaultlib
INFO: [VRFC 10-311] analyzing module AESL_axi_master_gmem1
INFO: [VRFC 10-2263] Analyzing SystemVerilog file "/home/ali/Desktop/SystolicArray/solution1/sim/verilog/pipelined_layer_processor_mul_27s_27s_27_1_1.v" into library xil_defaultlib
INFO: [VRFC 10-311] analyzing module pipelined_layer_processor_mul_27s_27s_27_1_1
INFO: [VRFC 10-2263] Analyzing SystemVerilog file "/home/ali/Desktop/SystolicArray/solution1/sim/verilog/pipelined_layer_processor_flow_control_loop_pipe_sequential_init.v" into library xil_defaultlib
INFO: [VRFC 10-311] analyzing module pipelined_layer_processor_flow_control_loop_pipe_sequential_init
INFO: [VRFC 10-2263] Analyzing SystemVerilog file "/home/ali/Desktop/SystolicArray/solution1/sim/verilog/pipelined_layer_processor_tile_A_V_RAM_2P_BRAM_1R1W.v" into library xil_defaultlib
INFO: [VRFC 10-311] analyzing module pipelined_layer_processor_tile_A_V_RAM_2P_BRAM_1R1W
INFO: [VRFC 10-2263] Analyzing SystemVerilog file "/home/ali/Desktop/SystolicArray/solution1/sim/verilog/pipelined_layer_processor.v" into library xil_defaultlib
INFO: [VRFC 10-311] analyzing module pipelined_layer_processor
INFO: [VRFC 10-2263] Analyzing SystemVerilog file "/home/ali/Desktop/SystolicArray/solution1/sim/verilog/pipelined_layer_processor_mux_325_32_1_1.v" into library xil_defaultlib
INFO: [VRFC 10-311] analyzing module pipelined_layer_processor_mux_325_32_1_1
INFO: [VRFC 10-2263] Analyzing SystemVerilog file "/home/ali/Desktop/SystolicArray/solution1/sim/verilog/pipelined_layer_processor_read_big_tile_1.v" into library xil_defaultlib
INFO: [VRFC 10-311] analyzing module pipelined_layer_processor_read_big_tile_1
INFO: [VRFC 10-2263] Analyzing SystemVerilog file "/home/ali/Desktop/SystolicArray/solution1/sim/verilog/pipelined_layer_processor_compute_systolic.v" into library xil_defaultlib
INFO: [VRFC 10-311] analyzing module pipelined_layer_processor_compute_systolic
INFO: [VRFC 10-2263] Analyzing SystemVerilog file "/home/ali/Desktop/SystolicArray/solution1/sim/verilog/pipelined_layer_processor_write_big_tile.v" into library xil_defaultlib
INFO: [VRFC 10-311] analyzing module pipelined_layer_processor_write_big_tile
INFO: [VRFC 10-2263] Analyzing SystemVerilog file "/home/ali/Desktop/SystolicArray/solution1/sim/verilog/pipelined_layer_processor_write_big_tile_Pipeline_Write_Rows_Write_Cols.v" into library xil_defaultlib
INFO: [VRFC 10-311] analyzing module pipelined_layer_processor_write_big_tile_Pipeline_Write_Rows_Write_Cols
INFO: [VRFC 10-2263] Analyzing SystemVerilog file "/home/ali/Desktop/SystolicArray/solution1/sim/verilog/pipelined_layer_processor_read_big_tile_Pipeline_Read_Loop.v" into library xil_defaultlib
INFO: [VRFC 10-311] analyzing module pipelined_layer_processor_read_big_tile_Pipeline_Read_Loop
INFO: [VRFC 10-2263] Analyzing SystemVerilog file "/home/ali/Desktop/SystolicArray/solution1/sim/verilog/pipelined_layer_processor_read_big_tile_1_Pipeline_Read_Loop.v" into library xil_defaultlib
INFO: [VRFC 10-311] analyzing module pipelined_layer_processor_read_big_tile_1_Pipeline_Read_Loop
INFO: [VRFC 10-2263] Analyzing SystemVerilog file "/home/ali/Desktop/SystolicArray/solution1/sim/verilog/pipelined_layer_processor_mac_muladd_8s_8s_32s_32_4_1.v" into library xil_defaultlib
INFO: [VRFC 10-311] analyzing module pipelined_layer_processor_mac_muladd_8s_8s_32s_32_4_1_DSP48_0
INFO: [VRFC 10-311] analyzing module pipelined_layer_processor_mac_muladd_8s_8s_32s_32_4_1
INFO: [VRFC 10-2263] Analyzing SystemVerilog file "/home/ali/Desktop/SystolicArray/solution1/sim/verilog/pipelined_layer_processor_mul_32ns_32ns_64_2_1.v" into library xil_defaultlib
INFO: [VRFC 10-311] analyzing module pipelined_layer_processor_mul_32ns_32ns_64_2_1
INFO: [VRFC 10-2263] Analyzing SystemVerilog file "/home/ali/Desktop/SystolicArray/solution1/sim/verilog/pipelined_layer_processor_tile_B_V_RAM_2P_BRAM_1R1W.v" into library xil_defaultlib
INFO: [VRFC 10-311] analyzing module pipelined_layer_processor_tile_B_V_RAM_2P_BRAM_1R1W
INFO: [VRFC 10-2263] Analyzing SystemVerilog file "/home/ali/Desktop/SystolicArray/solution1/sim/verilog/pipelined_layer_processor_pipelined_layer_processor_Pipeline_Clear.v" into library xil_defaultlib
INFO: [VRFC 10-311] analyzing module pipelined_layer_processor_pipelined_layer_processor_Pipeline_Clear
INFO: [VRFC 10-2263] Analyzing SystemVerilog file "/home/ali/Desktop/SystolicArray/solution1/sim/verilog/pipelined_layer_processor_gmem1_m_axi.v" into library xil_defaultlib
INFO: [VRFC 10-311] analyzing module pipelined_layer_processor_gmem1_m_axi
INFO: [VRFC 10-311] analyzing module pipelined_layer_processor_gmem1_m_axi_load
INFO: [VRFC 10-311] analyzing module pipelined_layer_processor_gmem1_m_axi_store
INFO: [VRFC 10-311] analyzing module pipelined_layer_processor_gmem1_m_axi_read
INFO: [VRFC 10-311] analyzing module pipelined_layer_processor_gmem1_m_axi_write
INFO: [VRFC 10-311] analyzing module pipelined_layer_processor_gmem1_m_axi_throttle
INFO: [VRFC 10-311] analyzing module pipelined_layer_processor_gmem1_m_axi_reg_slice
INFO: [VRFC 10-311] analyzing module pipelined_layer_processor_gmem1_m_axi_fifo
INFO: [VRFC 10-311] analyzing module pipelined_layer_processor_gmem1_m_axi_srl
INFO: [VRFC 10-311] analyzing module pipelined_layer_processor_gmem1_m_axi_mem
INFO: [VRFC 10-2263] Analyzing SystemVerilog file "/home/ali/Desktop/SystolicArray/solution1/sim/verilog/pipelined_layer_processor_compute_systolic_Pipeline_Store_Cache_Row.v" into library xil_defaultlib
INFO: [VRFC 10-311] analyzing module pipelined_layer_processor_compute_systolic_Pipeline_Store_Cache_Row
INFO: [VRFC 10-2263] Analyzing SystemVerilog file "/home/ali/Desktop/SystolicArray/solution1/sim/verilog/pipelined_layer_processor_compute_systolic_Pipeline_Load_Cache_Row.v" into library xil_defaultlib
INFO: [VRFC 10-311] analyzing module pipelined_layer_processor_compute_systolic_Pipeline_Load_Cache_Row
INFO: [VRFC 10-2263] Analyzing SystemVerilog file "/home/ali/Desktop/SystolicArray/solution1/sim/verilog/dataflow_monitor.sv" into library xil_defaultlib
INFO: [VRFC 10-311] analyzing module dataflow_monitor
Starting static elaboration
Pass Through NonSizing Optimizer
Completed static elaboration
Starting simulation data flow analysis
Completed simulation data flow analysis
Time Resolution for simulation is 1ps
Compiling package xil_defaultlib.$unit_dataflow_monitor_sv
Compiling module xil_defaultlib.pipelined_layer_processor_tile_A...
Compiling module xil_defaultlib.pipelined_layer_processor_tile_B...
Compiling module xil_defaultlib.pipelined_layer_processor_tile_C...
Compiling module xil_defaultlib.pipelined_layer_processor_flow_c...
Compiling module xil_defaultlib.pipelined_layer_processor_pipeli...
Compiling module xil_defaultlib.pipelined_layer_processor_read_b...
Compiling module xil_defaultlib.pipelined_layer_processor_read_b...
Compiling module xil_defaultlib.pipelined_layer_processor_read_b...
Compiling module xil_defaultlib.pipelined_layer_processor_read_b...
Compiling module xil_defaultlib.pipelined_layer_processor_write_...
Compiling module xil_defaultlib.pipelined_layer_processor_write_...
Compiling module xil_defaultlib.pipelined_layer_processor_comput...
Compiling module xil_defaultlib.pipelined_layer_processor_mac_mu...
Compiling module xil_defaultlib.pipelined_layer_processor_mac_mu...
Compiling module xil_defaultlib.pipelined_layer_processor_comput...
Compiling module xil_defaultlib.pipelined_layer_processor_mux_32...
Compiling module xil_defaultlib.pipelined_layer_processor_comput...
Compiling module xil_defaultlib.pipelined_layer_processor_comput...
Compiling module xil_defaultlib.pipelined_layer_processor_contro...
Compiling module xil_defaultlib.pipelined_layer_processor_gmem0_...
Compiling module xil_defaultlib.pipelined_layer_processor_gmem0_...
Compiling module xil_defaultlib.pipelined_layer_processor_gmem0_...
Compiling module xil_defaultlib.pipelined_layer_processor_gmem0_...
Compiling module xil_defaultlib.pipelined_layer_processor_gmem0_...
Compiling module xil_defaultlib.pipelined_layer_processor_gmem0_...
Compiling module xil_defaultlib.pipelined_layer_processor_gmem0_...
Compiling module xil_defaultlib.pipelined_layer_processor_gmem0_...
Compiling module xil_defaultlib.pipelined_layer_processor_gmem0_...
Compiling module xil_defaultlib.pipelined_layer_processor_gmem0_...
Compiling module xil_defaultlib.pipelined_layer_processor_gmem0_...
Compiling module xil_defaultlib.pipelined_layer_processor_gmem0_...
Compiling module xil_defaultlib.pipelined_layer_processor_gmem0_...
Compiling module xil_defaultlib.pipelined_layer_processor_gmem0_...
Compiling module xil_defaultlib.pipelined_layer_processor_gmem0_...
Compiling module xil_defaultlib.pipelined_layer_processor_gmem0_...
Compiling module xil_defaultlib.pipelined_layer_processor_gmem0_...
Compiling module xil_defaultlib.pipelined_layer_processor_gmem0_...
Compiling module xil_defaultlib.pipelined_layer_processor_gmem0_...
Compiling module xil_defaultlib.pipelined_layer_processor_gmem0_...
Compiling module xil_defaultlib.pipelined_layer_processor_gmem0_...
Compiling module xil_defaultlib.pipelined_layer_processor_gmem0_...
Compiling module xil_defaultlib.pipelined_layer_processor_gmem0_...
Compiling module xil_defaultlib.pipelined_layer_processor_gmem0_...
Compiling module xil_defaultlib.pipelined_layer_processor_gmem0_...
Compiling module xil_defaultlib.pipelined_layer_processor_gmem0_...
Compiling module xil_defaultlib.pipelined_layer_processor_gmem1_...
Compiling module xil_defaultlib.pipelined_layer_processor_gmem1_...
Compiling module xil_defaultlib.pipelined_layer_processor_gmem1_...
Compiling module xil_defaultlib.pipelined_layer_processor_gmem1_...
Compiling module xil_defaultlib.pipelined_layer_processor_gmem1_...
Compiling module xil_defaultlib.pipelined_layer_processor_gmem1_...
Compiling module xil_defaultlib.pipelined_layer_processor_gmem1_...
Compiling module xil_defaultlib.pipelined_layer_processor_gmem1_...
Compiling module xil_defaultlib.pipelined_layer_processor_gmem1_...
Compiling module xil_defaultlib.pipelined_layer_processor_gmem1_...
Compiling module xil_defaultlib.pipelined_layer_processor_gmem1_...
Compiling module xil_defaultlib.pipelined_layer_processor_gmem1_...
Compiling module xil_defaultlib.pipelined_layer_processor_gmem1_...
Compiling module xil_defaultlib.pipelined_layer_processor_gmem1_...
Compiling module xil_defaultlib.pipelined_layer_processor_gmem1_...
Compiling module xil_defaultlib.pipelined_layer_processor_gmem1_...
Compiling module xil_defaultlib.pipelined_layer_processor_gmem1_...
Compiling module xil_defaultlib.pipelined_layer_processor_gmem1_...
Compiling module xil_defaultlib.pipelined_layer_processor_gmem1_...
Compiling module xil_defaultlib.pipelined_layer_processor_gmem1_...
Compiling module xil_defaultlib.pipelined_layer_processor_gmem1_...
Compiling module xil_defaultlib.pipelined_layer_processor_gmem1_...
Compiling module xil_defaultlib.pipelined_layer_processor_gmem1_...
Compiling module xil_defaultlib.pipelined_layer_processor_gmem1_...
Compiling module xil_defaultlib.pipelined_layer_processor_gmem1_...
Compiling module xil_defaultlib.pipelined_layer_processor_gmem1_...
Compiling module xil_defaultlib.pipelined_layer_processor_gmem1_...
Compiling module xil_defaultlib.pipelined_layer_processor_gmem1_...
Compiling module xil_defaultlib.pipelined_layer_processor_mul_32...
Compiling module xil_defaultlib.pipelined_layer_processor_mul_27...
Compiling module xil_defaultlib.pipelined_layer_processor_mul_25...
Compiling module xil_defaultlib.pipelined_layer_processor
Compiling module xil_defaultlib.AESL_axi_master_gmem0
Compiling module xil_defaultlib.AESL_axi_master_gmem1
Compiling module xil_defaultlib.AESL_axi_slave_control
Compiling module xil_defaultlib.nodf_module_intf
Compiling module xil_defaultlib.seq_loop_intf(FSM_WIDTH=10)
Compiling module xil_defaultlib.upc_loop_intf(FSM_WIDTH=1)
Compiling module xil_defaultlib.dataflow_monitor_1
Compiling module xil_defaultlib.apatb_pipelined_layer_processor_...
Compiling module work.glbl
Built simulation snapshot pipelined_layer_processor
