/home/ali/Desktop/SystolicArray/solution1/.autopilot/db/main.pp.0.cpp:1324:7: warning: Added loop label VITIS_LOOP_1211_1:   [xilinx-label-all-loops]
      for (i = 0; i < __N - 1; ++i) {
      ^~~
      VITIS_LOOP_1211_1: 
/home/ali/Desktop/SystolicArray/solution1/.autopilot/db/main.pp.0.cpp:1324:7: note: FIX-IT applied suggested code changes
/home/ali/Desktop/SystolicArray/solution1/.autopilot/db/main.pp.0.cpp:2298:5: warning: Added loop label VITIS_LOOP_676_1:   [xilinx-label-all-loops]
    for (unsigned i = low; i != high; ++i) {
    ^~~
    VITIS_LOOP_676_1: 
/home/ali/Desktop/SystolicArray/solution1/.autopilot/db/main.pp.0.cpp:2298:5: note: FIX-IT applied suggested code changes
/home/ali/Desktop/SystolicArray/solution1/.autopilot/db/main.pp.0.cpp:2312:5: warning: Added loop label VITIS_LOOP_690_1:   [xilinx-label-all-loops]
    for (unsigned i = low; i != high; ++i) {
    ^~~
    VITIS_LOOP_690_1: 
/home/ali/Desktop/SystolicArray/solution1/.autopilot/db/main.pp.0.cpp:2312:5: note: FIX-IT applied suggested code changes
/home/ali/Desktop/SystolicArray/solution1/.autopilot/db/main.pp.0.cpp:2326:5: warning: Added loop label VITIS_LOOP_704_1:   [xilinx-label-all-loops]
    for (unsigned i = low; i != high; ++i) {
    ^~~
    VITIS_LOOP_704_1: 
/home/ali/Desktop/SystolicArray/solution1/.autopilot/db/main.pp.0.cpp:2326:5: note: FIX-IT applied suggested code changes
/home/ali/Desktop/SystolicArray/solution1/.autopilot/db/main.pp.0.cpp:3937:7: warning: Added loop label VITIS_LOOP_1245_1:   [xilinx-label-all-loops]
      for (i = 0; i < __N - 1; ++i) {
      ^~~
      VITIS_LOOP_1245_1: 
/home/ali/Desktop/SystolicArray/solution1/.autopilot/db/main.pp.0.cpp:3937:7: note: FIX-IT applied suggested code changes
/home/ali/Desktop/SystolicArray/solution1/.autopilot/db/main.pp.0.cpp:5786:13: warning: Added loop label VITIS_LOOP_60_1:   [xilinx-label-all-loops]
            for(int i=0; i<32; i++) for(int j=0; j<32; j++)
            ^~~
            VITIS_LOOP_60_1: 
/home/ali/Desktop/SystolicArray/solution1/.autopilot/db/main.pp.0.cpp:5786:13: note: FIX-IT applied suggested code changes
/home/ali/Desktop/SystolicArray/solution1/.autopilot/db/main.pp.0.cpp:5786:37: warning: Added loop label VITIS_LOOP_60_2:   [xilinx-label-all-loops]
            for(int i=0; i<32; i++) for(int j=0; j<32; j++)
                                    ^~~
                                    VITIS_LOOP_60_2: 
/home/ali/Desktop/SystolicArray/solution1/.autopilot/db/main.pp.0.cpp:5786:37: note: FIX-IT applied suggested code changes
/home/ali/Desktop/SystolicArray/solution1/.autopilot/db/main.pp.0.cpp:5794:2: warning: Added loop label VITIS_LOOP_68_3:   [xilinx-label-all-loops]
 for(int r=0; r<32; r++) h_wires[r][0] = big_tile_A[tr + r][k];
 ^~~
 VITIS_LOOP_68_3: 
/home/ali/Desktop/SystolicArray/solution1/.autopilot/db/main.pp.0.cpp:5794:2: note: FIX-IT applied suggested code changes
/home/ali/Desktop/SystolicArray/solution1/.autopilot/db/main.pp.0.cpp:5795:17: warning: Added loop label VITIS_LOOP_69_4:   [xilinx-label-all-loops]
                for(int c=0; c<32; c++) v_wires[0][c] = big_tile_B[k][tc + c];
                ^~~
                VITIS_LOOP_69_4: 
/home/ali/Desktop/SystolicArray/solution1/.autopilot/db/main.pp.0.cpp:5795:17: note: FIX-IT applied suggested code changes
/home/ali/Desktop/SystolicArray/solution1/.autopilot/db/main.pp.0.cpp:5803:9: error: Invalid Directive: for current device, mul + dsp is invalid combination for bind_op [clang-diagnostic-error]
#pragma HLS BIND_OP variable=prod op=mul impl=dsp
        ^
/home/ali/Desktop/SystolicArray/solution1/.autopilot/db/main.pp.0.cpp:5893:47: error: Invalid Directive: for current device, ram_2p + bram is invalid combination for BIND_STORAGE's option 'type + impl' [clang-diagnostic-error]
#pragma HLS BIND_STORAGE variable=tile_A type=ram_2p impl=bram
                                              ^
/home/ali/Desktop/SystolicArray/solution1/.autopilot/db/main.pp.0.cpp:5896:47: error: Invalid Directive: for current device, ram_2p + bram is invalid combination for BIND_STORAGE's option 'type + impl' [clang-diagnostic-error]
#pragma HLS BIND_STORAGE variable=tile_B type=ram_2p impl=bram
                                              ^
/home/ali/Desktop/SystolicArray/solution1/.autopilot/db/main.pp.0.cpp:5899:47: error: Invalid Directive: for current device, ram_2p + bram is invalid combination for BIND_STORAGE's option 'type + impl' [clang-diagnostic-error]
#pragma HLS BIND_STORAGE variable=tile_C type=ram_2p impl=bram
                                              ^
/home/ali/Desktop/SystolicArray/solution1/.autopilot/db/main.pp.0.cpp:5907:2: warning: Added loop label VITIS_LOOP_173_1:   [xilinx-label-all-loops]
 for(int c=0; c<32; c++) tile_C[r][c] = 0;
 ^~~
 VITIS_LOOP_173_1: 
/home/ali/Desktop/SystolicArray/solution1/.autopilot/db/main.pp.0.cpp:5907:2: note: FIX-IT applied suggested code changes
