

================================================================
== Vitis HLS Report for 'pipelined_layer_processor_Pipeline_Clear'
================================================================
* Date:           Mon May 25 15:50:19 2026

* Version:        2022.2 (Build 3670227 on Oct 13 2022)
* Project:        SystolicArray
* Solution:       solution1 (Vivado IP Flow Target)
* Product family: zynq
* Target device:  xc7z020-clg400-1


================================================================
== Performance Estimates
================================================================
+ Timing: 
    * Summary: 
    +--------+----------+----------+------------+
    |  Clock |  Target  | Estimated| Uncertainty|
    +--------+----------+----------+------------+
    |ap_clk  |  10.00 ns|  4.681 ns|     2.70 ns|
    +--------+----------+----------+------------+

+ Latency: 
    * Summary: 
    +---------+---------+----------+----------+-----+-----+---------+
    |  Latency (cycles) |  Latency (absolute) |  Interval | Pipeline|
    |   min   |   max   |    min   |    max   | min | max |   Type  |
    +---------+---------+----------+----------+-----+-----+---------+
    |       66|       66|  0.660 us|  0.660 us|   66|   66|       no|
    +---------+---------+----------+----------+-----+-----+---------+

    + Detail: 
        * Instance: 
        N/A

        * Loop: 
        +----------+---------+---------+----------+-----------+-----------+------+----------+
        |          |  Latency (cycles) | Iteration|  Initiation Interval  | Trip |          |
        | Loop Name|   min   |   max   |  Latency |  achieved |   target  | Count| Pipelined|
        +----------+---------+---------+----------+-----------+-----------+------+----------+
        |- Clear   |       64|       64|         2|          2|          1|    32|       yes|
        +----------+---------+---------+----------+-----------+-----------+------+----------+

============================================================
+ Verbose Summary: Synthesis Manager
============================================================
InlineROM: 1
ExposeGlobal: 0
============================================================
+ Verbose Summary: CDFG Model
============================================================
IsTopModel: 0
ResetActiveHigh: 1
IsCombinational: 0
IsDatapathOnly: 0
HasWiredReturn: 1
HasMFsm: 2
HasVarLatency: 1
IsPipeline: 0
IsRtlPipelined: 0
IsInstanceOverlapped: 0
IsDontTouch: 0
HasImplIP: 0
IsGatedGlobalClock: 0

+ Individual pipeline summary: 
  * Pipeline-0: initiation interval (II) = 2, depth = 2


============================================================
+ Verbose Summary: Schedule
============================================================
* Number of FSM states : 2
* Pipeline : 1
  Pipeline-0 : II = 2, D = 2, States = { 1 2 }
* Dataflow Pipeline: 0

* FSM state transitions: 
1 --> 2 
2 --> 

* FSM state operations: 

State 1 <SV = 0> <Delay = 4.68>
ST_1 : Operation 5 [1/1] (0.00ns)   --->   "%r = alloca i32 1"   --->   Operation 5 'alloca' 'r' <Predicate = true> <Delay = 0.00>
ST_1 : Operation 6 [1/1] (0.00ns)   --->   "%specmemcore_ln0 = specmemcore void @_ssdm_op_SpecMemCore, i32 %tile_C_V, i64 666, i64 22, i64 18446744073709551615"   --->   Operation 6 'specmemcore' 'specmemcore_ln0' <Predicate = true> <Delay = 0.00>
ST_1 : Operation 7 [1/1] (0.00ns)   --->   "%specmemcore_ln0 = specmemcore void @_ssdm_op_SpecMemCore, i32 %tile_C_V_1, i64 666, i64 22, i64 18446744073709551615"   --->   Operation 7 'specmemcore' 'specmemcore_ln0' <Predicate = true> <Delay = 0.00>
ST_1 : Operation 8 [1/1] (0.00ns)   --->   "%specmemcore_ln0 = specmemcore void @_ssdm_op_SpecMemCore, i32 %tile_C_V_2, i64 666, i64 22, i64 18446744073709551615"   --->   Operation 8 'specmemcore' 'specmemcore_ln0' <Predicate = true> <Delay = 0.00>
ST_1 : Operation 9 [1/1] (0.00ns)   --->   "%specmemcore_ln0 = specmemcore void @_ssdm_op_SpecMemCore, i32 %tile_C_V_3, i64 666, i64 22, i64 18446744073709551615"   --->   Operation 9 'specmemcore' 'specmemcore_ln0' <Predicate = true> <Delay = 0.00>
ST_1 : Operation 10 [1/1] (0.00ns)   --->   "%specmemcore_ln0 = specmemcore void @_ssdm_op_SpecMemCore, i32 %tile_C_V_4, i64 666, i64 22, i64 18446744073709551615"   --->   Operation 10 'specmemcore' 'specmemcore_ln0' <Predicate = true> <Delay = 0.00>
ST_1 : Operation 11 [1/1] (0.00ns)   --->   "%specmemcore_ln0 = specmemcore void @_ssdm_op_SpecMemCore, i32 %tile_C_V_5, i64 666, i64 22, i64 18446744073709551615"   --->   Operation 11 'specmemcore' 'specmemcore_ln0' <Predicate = true> <Delay = 0.00>
ST_1 : Operation 12 [1/1] (0.00ns)   --->   "%specmemcore_ln0 = specmemcore void @_ssdm_op_SpecMemCore, i32 %tile_C_V_6, i64 666, i64 22, i64 18446744073709551615"   --->   Operation 12 'specmemcore' 'specmemcore_ln0' <Predicate = true> <Delay = 0.00>
ST_1 : Operation 13 [1/1] (0.00ns)   --->   "%specmemcore_ln0 = specmemcore void @_ssdm_op_SpecMemCore, i32 %tile_C_V_7, i64 666, i64 22, i64 18446744073709551615"   --->   Operation 13 'specmemcore' 'specmemcore_ln0' <Predicate = true> <Delay = 0.00>
ST_1 : Operation 14 [1/1] (0.00ns)   --->   "%specmemcore_ln0 = specmemcore void @_ssdm_op_SpecMemCore, i32 %tile_C_V_8, i64 666, i64 22, i64 18446744073709551615"   --->   Operation 14 'specmemcore' 'specmemcore_ln0' <Predicate = true> <Delay = 0.00>
ST_1 : Operation 15 [1/1] (0.00ns)   --->   "%specmemcore_ln0 = specmemcore void @_ssdm_op_SpecMemCore, i32 %tile_C_V_9, i64 666, i64 22, i64 18446744073709551615"   --->   Operation 15 'specmemcore' 'specmemcore_ln0' <Predicate = true> <Delay = 0.00>
ST_1 : Operation 16 [1/1] (0.00ns)   --->   "%specmemcore_ln0 = specmemcore void @_ssdm_op_SpecMemCore, i32 %tile_C_V_10, i64 666, i64 22, i64 18446744073709551615"   --->   Operation 16 'specmemcore' 'specmemcore_ln0' <Predicate = true> <Delay = 0.00>
ST_1 : Operation 17 [1/1] (0.00ns)   --->   "%specmemcore_ln0 = specmemcore void @_ssdm_op_SpecMemCore, i32 %tile_C_V_11, i64 666, i64 22, i64 18446744073709551615"   --->   Operation 17 'specmemcore' 'specmemcore_ln0' <Predicate = true> <Delay = 0.00>
ST_1 : Operation 18 [1/1] (0.00ns)   --->   "%specmemcore_ln0 = specmemcore void @_ssdm_op_SpecMemCore, i32 %tile_C_V_12, i64 666, i64 22, i64 18446744073709551615"   --->   Operation 18 'specmemcore' 'specmemcore_ln0' <Predicate = true> <Delay = 0.00>
ST_1 : Operation 19 [1/1] (0.00ns)   --->   "%specmemcore_ln0 = specmemcore void @_ssdm_op_SpecMemCore, i32 %tile_C_V_13, i64 666, i64 22, i64 18446744073709551615"   --->   Operation 19 'specmemcore' 'specmemcore_ln0' <Predicate = true> <Delay = 0.00>
ST_1 : Operation 20 [1/1] (0.00ns)   --->   "%specmemcore_ln0 = specmemcore void @_ssdm_op_SpecMemCore, i32 %tile_C_V_14, i64 666, i64 22, i64 18446744073709551615"   --->   Operation 20 'specmemcore' 'specmemcore_ln0' <Predicate = true> <Delay = 0.00>
ST_1 : Operation 21 [1/1] (0.00ns)   --->   "%specmemcore_ln0 = specmemcore void @_ssdm_op_SpecMemCore, i32 %tile_C_V_15, i64 666, i64 22, i64 18446744073709551615"   --->   Operation 21 'specmemcore' 'specmemcore_ln0' <Predicate = true> <Delay = 0.00>
ST_1 : Operation 22 [1/1] (1.58ns)   --->   "%store_ln0 = store i6 0, i6 %r"   --->   Operation 22 'store' 'store_ln0' <Predicate = true> <Delay = 1.58>
ST_1 : Operation 23 [1/1] (0.00ns)   --->   "%br_ln0 = br void %for.inc"   --->   Operation 23 'br' 'br_ln0' <Predicate = true> <Delay = 0.00>
ST_1 : Operation 24 [1/1] (0.00ns)   --->   "%r_1 = load i6 %r" [SystolicArray/main.cpp:173]   --->   Operation 24 'load' 'r_1' <Predicate = true> <Delay = 0.00>
ST_1 : Operation 25 [1/1] (1.42ns)   --->   "%icmp_ln171 = icmp_eq  i6 %r_1, i6 32" [SystolicArray/main.cpp:171]   --->   Operation 25 'icmp' 'icmp_ln171' <Predicate = true> <Delay = 1.42> <CoreInst = "Cmp">   --->   Core 9 'Cmp' <Latency = 0> <II = 1> <Delay = 1.42> <FuncUnit> <Opcode : 'icmp'> <InPorts = 2> <OutPorts = 1>
ST_1 : Operation 26 [1/1] (0.00ns)   --->   "%empty = speclooptripcount i32 @_ssdm_op_SpecLoopTripCount, i64 32, i64 32, i64 32"   --->   Operation 26 'speclooptripcount' 'empty' <Predicate = true> <Delay = 0.00>
ST_1 : Operation 27 [1/1] (1.82ns)   --->   "%add_ln171 = add i6 %r_1, i6 1" [SystolicArray/main.cpp:171]   --->   Operation 27 'add' 'add_ln171' <Predicate = true> <Delay = 1.82> <CoreInst = "Adder">   --->   Core 1 'Adder' <Latency = 0> <II = 1> <Delay = 1.82> <FuncUnit> <Opcode : 'add' 'sub'> <InPorts = 2> <OutPorts = 1>
ST_1 : Operation 28 [1/1] (0.00ns)   --->   "%br_ln171 = br i1 %icmp_ln171, void %for.inc.split, void %for.inc62.preheader.exitStub" [SystolicArray/main.cpp:171]   --->   Operation 28 'br' 'br_ln171' <Predicate = true> <Delay = 0.00>
ST_1 : Operation 29 [1/1] (0.00ns)   --->   "%shl_ln173 = shl i6 %r_1, i6 1" [SystolicArray/main.cpp:173]   --->   Operation 29 'shl' 'shl_ln173' <Predicate = (!icmp_ln171)> <Delay = 0.00>
ST_1 : Operation 30 [1/1] (0.00ns)   --->   "%zext_ln173 = zext i6 %shl_ln173" [SystolicArray/main.cpp:173]   --->   Operation 30 'zext' 'zext_ln173' <Predicate = (!icmp_ln171)> <Delay = 0.00>
ST_1 : Operation 31 [1/1] (0.00ns)   --->   "%tile_C_V_addr = getelementptr i32 %tile_C_V, i64 0, i64 %zext_ln173" [SystolicArray/main.cpp:173]   --->   Operation 31 'getelementptr' 'tile_C_V_addr' <Predicate = (!icmp_ln171)> <Delay = 0.00>
ST_1 : Operation 32 [1/1] (0.00ns)   --->   "%tile_C_V_1_addr = getelementptr i32 %tile_C_V_1, i64 0, i64 %zext_ln173" [SystolicArray/main.cpp:173]   --->   Operation 32 'getelementptr' 'tile_C_V_1_addr' <Predicate = (!icmp_ln171)> <Delay = 0.00>
ST_1 : Operation 33 [1/1] (0.00ns)   --->   "%tile_C_V_2_addr = getelementptr i32 %tile_C_V_2, i64 0, i64 %zext_ln173" [SystolicArray/main.cpp:173]   --->   Operation 33 'getelementptr' 'tile_C_V_2_addr' <Predicate = (!icmp_ln171)> <Delay = 0.00>
ST_1 : Operation 34 [1/1] (0.00ns)   --->   "%tile_C_V_3_addr = getelementptr i32 %tile_C_V_3, i64 0, i64 %zext_ln173" [SystolicArray/main.cpp:173]   --->   Operation 34 'getelementptr' 'tile_C_V_3_addr' <Predicate = (!icmp_ln171)> <Delay = 0.00>
ST_1 : Operation 35 [1/1] (0.00ns)   --->   "%tile_C_V_4_addr = getelementptr i32 %tile_C_V_4, i64 0, i64 %zext_ln173" [SystolicArray/main.cpp:173]   --->   Operation 35 'getelementptr' 'tile_C_V_4_addr' <Predicate = (!icmp_ln171)> <Delay = 0.00>
ST_1 : Operation 36 [1/1] (0.00ns)   --->   "%tile_C_V_5_addr = getelementptr i32 %tile_C_V_5, i64 0, i64 %zext_ln173" [SystolicArray/main.cpp:173]   --->   Operation 36 'getelementptr' 'tile_C_V_5_addr' <Predicate = (!icmp_ln171)> <Delay = 0.00>
ST_1 : Operation 37 [1/1] (0.00ns)   --->   "%tile_C_V_6_addr = getelementptr i32 %tile_C_V_6, i64 0, i64 %zext_ln173" [SystolicArray/main.cpp:173]   --->   Operation 37 'getelementptr' 'tile_C_V_6_addr' <Predicate = (!icmp_ln171)> <Delay = 0.00>
ST_1 : Operation 38 [1/1] (0.00ns)   --->   "%tile_C_V_7_addr = getelementptr i32 %tile_C_V_7, i64 0, i64 %zext_ln173" [SystolicArray/main.cpp:173]   --->   Operation 38 'getelementptr' 'tile_C_V_7_addr' <Predicate = (!icmp_ln171)> <Delay = 0.00>
ST_1 : Operation 39 [1/1] (0.00ns)   --->   "%tile_C_V_8_addr = getelementptr i32 %tile_C_V_8, i64 0, i64 %zext_ln173" [SystolicArray/main.cpp:173]   --->   Operation 39 'getelementptr' 'tile_C_V_8_addr' <Predicate = (!icmp_ln171)> <Delay = 0.00>
ST_1 : Operation 40 [1/1] (0.00ns)   --->   "%tile_C_V_9_addr = getelementptr i32 %tile_C_V_9, i64 0, i64 %zext_ln173" [SystolicArray/main.cpp:173]   --->   Operation 40 'getelementptr' 'tile_C_V_9_addr' <Predicate = (!icmp_ln171)> <Delay = 0.00>
ST_1 : Operation 41 [1/1] (0.00ns)   --->   "%tile_C_V_10_addr = getelementptr i32 %tile_C_V_10, i64 0, i64 %zext_ln173" [SystolicArray/main.cpp:173]   --->   Operation 41 'getelementptr' 'tile_C_V_10_addr' <Predicate = (!icmp_ln171)> <Delay = 0.00>
ST_1 : Operation 42 [1/1] (0.00ns)   --->   "%tile_C_V_11_addr = getelementptr i32 %tile_C_V_11, i64 0, i64 %zext_ln173" [SystolicArray/main.cpp:173]   --->   Operation 42 'getelementptr' 'tile_C_V_11_addr' <Predicate = (!icmp_ln171)> <Delay = 0.00>
ST_1 : Operation 43 [1/1] (0.00ns)   --->   "%tile_C_V_12_addr = getelementptr i32 %tile_C_V_12, i64 0, i64 %zext_ln173" [SystolicArray/main.cpp:173]   --->   Operation 43 'getelementptr' 'tile_C_V_12_addr' <Predicate = (!icmp_ln171)> <Delay = 0.00>
ST_1 : Operation 44 [1/1] (0.00ns)   --->   "%tile_C_V_13_addr = getelementptr i32 %tile_C_V_13, i64 0, i64 %zext_ln173" [SystolicArray/main.cpp:173]   --->   Operation 44 'getelementptr' 'tile_C_V_13_addr' <Predicate = (!icmp_ln171)> <Delay = 0.00>
ST_1 : Operation 45 [1/1] (0.00ns)   --->   "%tile_C_V_14_addr = getelementptr i32 %tile_C_V_14, i64 0, i64 %zext_ln173" [SystolicArray/main.cpp:173]   --->   Operation 45 'getelementptr' 'tile_C_V_14_addr' <Predicate = (!icmp_ln171)> <Delay = 0.00>
ST_1 : Operation 46 [1/1] (0.00ns)   --->   "%tile_C_V_15_addr = getelementptr i32 %tile_C_V_15, i64 0, i64 %zext_ln173" [SystolicArray/main.cpp:173]   --->   Operation 46 'getelementptr' 'tile_C_V_15_addr' <Predicate = (!icmp_ln171)> <Delay = 0.00>
ST_1 : Operation 47 [1/1] (3.25ns)   --->   "%store_ln173 = store i32 0, i6 %tile_C_V_addr" [SystolicArray/main.cpp:173]   --->   Operation 47 'store' 'store_ln173' <Predicate = (!icmp_ln171)> <Delay = 3.25> <CoreInst = "RAM_2P_BRAM">   --->   Core 91 'RAM_2P_BRAM' <Latency = 1> <II = 1> <Delay = 3.25> <Storage> <Opcode : 'load' 'store'> <Ports = 2> <Width = 32> <Depth = 64> <RAM>
ST_1 : Operation 48 [1/1] (3.25ns)   --->   "%store_ln173 = store i32 0, i6 %tile_C_V_1_addr" [SystolicArray/main.cpp:173]   --->   Operation 48 'store' 'store_ln173' <Predicate = (!icmp_ln171)> <Delay = 3.25> <CoreInst = "RAM_2P_BRAM">   --->   Core 91 'RAM_2P_BRAM' <Latency = 1> <II = 1> <Delay = 3.25> <Storage> <Opcode : 'load' 'store'> <Ports = 2> <Width = 32> <Depth = 64> <RAM>
ST_1 : Operation 49 [1/1] (3.25ns)   --->   "%store_ln173 = store i32 0, i6 %tile_C_V_2_addr" [SystolicArray/main.cpp:173]   --->   Operation 49 'store' 'store_ln173' <Predicate = (!icmp_ln171)> <Delay = 3.25> <CoreInst = "RAM_2P_BRAM">   --->   Core 91 'RAM_2P_BRAM' <Latency = 1> <II = 1> <Delay = 3.25> <Storage> <Opcode : 'load' 'store'> <Ports = 2> <Width = 32> <Depth = 64> <RAM>
ST_1 : Operation 50 [1/1] (3.25ns)   --->   "%store_ln173 = store i32 0, i6 %tile_C_V_3_addr" [SystolicArray/main.cpp:173]   --->   Operation 50 'store' 'store_ln173' <Predicate = (!icmp_ln171)> <Delay = 3.25> <CoreInst = "RAM_2P_BRAM">   --->   Core 91 'RAM_2P_BRAM' <Latency = 1> <II = 1> <Delay = 3.25> <Storage> <Opcode : 'load' 'store'> <Ports = 2> <Width = 32> <Depth = 64> <RAM>
ST_1 : Operation 51 [1/1] (3.25ns)   --->   "%store_ln173 = store i32 0, i6 %tile_C_V_4_addr" [SystolicArray/main.cpp:173]   --->   Operation 51 'store' 'store_ln173' <Predicate = (!icmp_ln171)> <Delay = 3.25> <CoreInst = "RAM_2P_BRAM">   --->   Core 91 'RAM_2P_BRAM' <Latency = 1> <II = 1> <Delay = 3.25> <Storage> <Opcode : 'load' 'store'> <Ports = 2> <Width = 32> <Depth = 64> <RAM>
ST_1 : Operation 52 [1/1] (3.25ns)   --->   "%store_ln173 = store i32 0, i6 %tile_C_V_5_addr" [SystolicArray/main.cpp:173]   --->   Operation 52 'store' 'store_ln173' <Predicate = (!icmp_ln171)> <Delay = 3.25> <CoreInst = "RAM_2P_BRAM">   --->   Core 91 'RAM_2P_BRAM' <Latency = 1> <II = 1> <Delay = 3.25> <Storage> <Opcode : 'load' 'store'> <Ports = 2> <Width = 32> <Depth = 64> <RAM>
ST_1 : Operation 53 [1/1] (3.25ns)   --->   "%store_ln173 = store i32 0, i6 %tile_C_V_6_addr" [SystolicArray/main.cpp:173]   --->   Operation 53 'store' 'store_ln173' <Predicate = (!icmp_ln171)> <Delay = 3.25> <CoreInst = "RAM_2P_BRAM">   --->   Core 91 'RAM_2P_BRAM' <Latency = 1> <II = 1> <Delay = 3.25> <Storage> <Opcode : 'load' 'store'> <Ports = 2> <Width = 32> <Depth = 64> <RAM>
ST_1 : Operation 54 [1/1] (3.25ns)   --->   "%store_ln173 = store i32 0, i6 %tile_C_V_7_addr" [SystolicArray/main.cpp:173]   --->   Operation 54 'store' 'store_ln173' <Predicate = (!icmp_ln171)> <Delay = 3.25> <CoreInst = "RAM_2P_BRAM">   --->   Core 91 'RAM_2P_BRAM' <Latency = 1> <II = 1> <Delay = 3.25> <Storage> <Opcode : 'load' 'store'> <Ports = 2> <Width = 32> <Depth = 64> <RAM>
ST_1 : Operation 55 [1/1] (3.25ns)   --->   "%store_ln173 = store i32 0, i6 %tile_C_V_8_addr" [SystolicArray/main.cpp:173]   --->   Operation 55 'store' 'store_ln173' <Predicate = (!icmp_ln171)> <Delay = 3.25> <CoreInst = "RAM_2P_BRAM">   --->   Core 91 'RAM_2P_BRAM' <Latency = 1> <II = 1> <Delay = 3.25> <Storage> <Opcode : 'load' 'store'> <Ports = 2> <Width = 32> <Depth = 64> <RAM>
ST_1 : Operation 56 [1/1] (3.25ns)   --->   "%store_ln173 = store i32 0, i6 %tile_C_V_9_addr" [SystolicArray/main.cpp:173]   --->   Operation 56 'store' 'store_ln173' <Predicate = (!icmp_ln171)> <Delay = 3.25> <CoreInst = "RAM_2P_BRAM">   --->   Core 91 'RAM_2P_BRAM' <Latency = 1> <II = 1> <Delay = 3.25> <Storage> <Opcode : 'load' 'store'> <Ports = 2> <Width = 32> <Depth = 64> <RAM>
ST_1 : Operation 57 [1/1] (3.25ns)   --->   "%store_ln173 = store i32 0, i6 %tile_C_V_10_addr" [SystolicArray/main.cpp:173]   --->   Operation 57 'store' 'store_ln173' <Predicate = (!icmp_ln171)> <Delay = 3.25> <CoreInst = "RAM_2P_BRAM">   --->   Core 91 'RAM_2P_BRAM' <Latency = 1> <II = 1> <Delay = 3.25> <Storage> <Opcode : 'load' 'store'> <Ports = 2> <Width = 32> <Depth = 64> <RAM>
ST_1 : Operation 58 [1/1] (3.25ns)   --->   "%store_ln173 = store i32 0, i6 %tile_C_V_11_addr" [SystolicArray/main.cpp:173]   --->   Operation 58 'store' 'store_ln173' <Predicate = (!icmp_ln171)> <Delay = 3.25> <CoreInst = "RAM_2P_BRAM">   --->   Core 91 'RAM_2P_BRAM' <Latency = 1> <II = 1> <Delay = 3.25> <Storage> <Opcode : 'load' 'store'> <Ports = 2> <Width = 32> <Depth = 64> <RAM>
ST_1 : Operation 59 [1/1] (3.25ns)   --->   "%store_ln173 = store i32 0, i6 %tile_C_V_12_addr" [SystolicArray/main.cpp:173]   --->   Operation 59 'store' 'store_ln173' <Predicate = (!icmp_ln171)> <Delay = 3.25> <CoreInst = "RAM_2P_BRAM">   --->   Core 91 'RAM_2P_BRAM' <Latency = 1> <II = 1> <Delay = 3.25> <Storage> <Opcode : 'load' 'store'> <Ports = 2> <Width = 32> <Depth = 64> <RAM>
ST_1 : Operation 60 [1/1] (3.25ns)   --->   "%store_ln173 = store i32 0, i6 %tile_C_V_13_addr" [SystolicArray/main.cpp:173]   --->   Operation 60 'store' 'store_ln173' <Predicate = (!icmp_ln171)> <Delay = 3.25> <CoreInst = "RAM_2P_BRAM">   --->   Core 91 'RAM_2P_BRAM' <Latency = 1> <II = 1> <Delay = 3.25> <Storage> <Opcode : 'load' 'store'> <Ports = 2> <Width = 32> <Depth = 64> <RAM>
ST_1 : Operation 61 [1/1] (3.25ns)   --->   "%store_ln173 = store i32 0, i6 %tile_C_V_14_addr" [SystolicArray/main.cpp:173]   --->   Operation 61 'store' 'store_ln173' <Predicate = (!icmp_ln171)> <Delay = 3.25> <CoreInst = "RAM_2P_BRAM">   --->   Core 91 'RAM_2P_BRAM' <Latency = 1> <II = 1> <Delay = 3.25> <Storage> <Opcode : 'load' 'store'> <Ports = 2> <Width = 32> <Depth = 64> <RAM>
ST_1 : Operation 62 [1/1] (3.25ns)   --->   "%store_ln173 = store i32 0, i6 %tile_C_V_15_addr" [SystolicArray/main.cpp:173]   --->   Operation 62 'store' 'store_ln173' <Predicate = (!icmp_ln171)> <Delay = 3.25> <CoreInst = "RAM_2P_BRAM">   --->   Core 91 'RAM_2P_BRAM' <Latency = 1> <II = 1> <Delay = 3.25> <Storage> <Opcode : 'load' 'store'> <Ports = 2> <Width = 32> <Depth = 64> <RAM>
ST_1 : Operation 63 [1/1] (1.58ns)   --->   "%store_ln171 = store i6 %add_ln171, i6 %r" [SystolicArray/main.cpp:171]   --->   Operation 63 'store' 'store_ln171' <Predicate = (!icmp_ln171)> <Delay = 1.58>
ST_1 : Operation 101 [1/1] (0.00ns)   --->   "%ret_ln0 = ret"   --->   Operation 101 'ret' 'ret_ln0' <Predicate = (icmp_ln171)> <Delay = 0.00>

State 2 <SV = 1> <Delay = 3.25>
ST_2 : Operation 64 [1/1] (0.00ns)   --->   "%or_ln173 = or i6 %shl_ln173, i6 1" [SystolicArray/main.cpp:173]   --->   Operation 64 'or' 'or_ln173' <Predicate = true> <Delay = 0.00>
ST_2 : Operation 65 [1/1] (0.00ns)   --->   "%zext_ln173_1 = zext i6 %or_ln173" [SystolicArray/main.cpp:173]   --->   Operation 65 'zext' 'zext_ln173_1' <Predicate = true> <Delay = 0.00>
ST_2 : Operation 66 [1/1] (0.00ns)   --->   "%tile_C_V_addr_1 = getelementptr i32 %tile_C_V, i64 0, i64 %zext_ln173_1" [SystolicArray/main.cpp:173]   --->   Operation 66 'getelementptr' 'tile_C_V_addr_1' <Predicate = true> <Delay = 0.00>
ST_2 : Operation 67 [1/1] (0.00ns)   --->   "%tile_C_V_1_addr_1 = getelementptr i32 %tile_C_V_1, i64 0, i64 %zext_ln173_1" [SystolicArray/main.cpp:173]   --->   Operation 67 'getelementptr' 'tile_C_V_1_addr_1' <Predicate = true> <Delay = 0.00>
ST_2 : Operation 68 [1/1] (0.00ns)   --->   "%tile_C_V_2_addr_1 = getelementptr i32 %tile_C_V_2, i64 0, i64 %zext_ln173_1" [SystolicArray/main.cpp:173]   --->   Operation 68 'getelementptr' 'tile_C_V_2_addr_1' <Predicate = true> <Delay = 0.00>
ST_2 : Operation 69 [1/1] (0.00ns)   --->   "%tile_C_V_3_addr_1 = getelementptr i32 %tile_C_V_3, i64 0, i64 %zext_ln173_1" [SystolicArray/main.cpp:173]   --->   Operation 69 'getelementptr' 'tile_C_V_3_addr_1' <Predicate = true> <Delay = 0.00>
ST_2 : Operation 70 [1/1] (0.00ns)   --->   "%tile_C_V_4_addr_1 = getelementptr i32 %tile_C_V_4, i64 0, i64 %zext_ln173_1" [SystolicArray/main.cpp:173]   --->   Operation 70 'getelementptr' 'tile_C_V_4_addr_1' <Predicate = true> <Delay = 0.00>
ST_2 : Operation 71 [1/1] (0.00ns)   --->   "%tile_C_V_5_addr_1 = getelementptr i32 %tile_C_V_5, i64 0, i64 %zext_ln173_1" [SystolicArray/main.cpp:173]   --->   Operation 71 'getelementptr' 'tile_C_V_5_addr_1' <Predicate = true> <Delay = 0.00>
ST_2 : Operation 72 [1/1] (0.00ns)   --->   "%tile_C_V_6_addr_1 = getelementptr i32 %tile_C_V_6, i64 0, i64 %zext_ln173_1" [SystolicArray/main.cpp:173]   --->   Operation 72 'getelementptr' 'tile_C_V_6_addr_1' <Predicate = true> <Delay = 0.00>
ST_2 : Operation 73 [1/1] (0.00ns)   --->   "%tile_C_V_7_addr_1 = getelementptr i32 %tile_C_V_7, i64 0, i64 %zext_ln173_1" [SystolicArray/main.cpp:173]   --->   Operation 73 'getelementptr' 'tile_C_V_7_addr_1' <Predicate = true> <Delay = 0.00>
ST_2 : Operation 74 [1/1] (0.00ns)   --->   "%tile_C_V_8_addr_1 = getelementptr i32 %tile_C_V_8, i64 0, i64 %zext_ln173_1" [SystolicArray/main.cpp:173]   --->   Operation 74 'getelementptr' 'tile_C_V_8_addr_1' <Predicate = true> <Delay = 0.00>
ST_2 : Operation 75 [1/1] (0.00ns)   --->   "%tile_C_V_9_addr_1 = getelementptr i32 %tile_C_V_9, i64 0, i64 %zext_ln173_1" [SystolicArray/main.cpp:173]   --->   Operation 75 'getelementptr' 'tile_C_V_9_addr_1' <Predicate = true> <Delay = 0.00>
ST_2 : Operation 76 [1/1] (0.00ns)   --->   "%tile_C_V_10_addr_1 = getelementptr i32 %tile_C_V_10, i64 0, i64 %zext_ln173_1" [SystolicArray/main.cpp:173]   --->   Operation 76 'getelementptr' 'tile_C_V_10_addr_1' <Predicate = true> <Delay = 0.00>
ST_2 : Operation 77 [1/1] (0.00ns)   --->   "%tile_C_V_11_addr_1 = getelementptr i32 %tile_C_V_11, i64 0, i64 %zext_ln173_1" [SystolicArray/main.cpp:173]   --->   Operation 77 'getelementptr' 'tile_C_V_11_addr_1' <Predicate = true> <Delay = 0.00>
ST_2 : Operation 78 [1/1] (0.00ns)   --->   "%tile_C_V_12_addr_1 = getelementptr i32 %tile_C_V_12, i64 0, i64 %zext_ln173_1" [SystolicArray/main.cpp:173]   --->   Operation 78 'getelementptr' 'tile_C_V_12_addr_1' <Predicate = true> <Delay = 0.00>
ST_2 : Operation 79 [1/1] (0.00ns)   --->   "%tile_C_V_13_addr_1 = getelementptr i32 %tile_C_V_13, i64 0, i64 %zext_ln173_1" [SystolicArray/main.cpp:173]   --->   Operation 79 'getelementptr' 'tile_C_V_13_addr_1' <Predicate = true> <Delay = 0.00>
ST_2 : Operation 80 [1/1] (0.00ns)   --->   "%tile_C_V_14_addr_1 = getelementptr i32 %tile_C_V_14, i64 0, i64 %zext_ln173_1" [SystolicArray/main.cpp:173]   --->   Operation 80 'getelementptr' 'tile_C_V_14_addr_1' <Predicate = true> <Delay = 0.00>
ST_2 : Operation 81 [1/1] (0.00ns)   --->   "%tile_C_V_15_addr_1 = getelementptr i32 %tile_C_V_15, i64 0, i64 %zext_ln173_1" [SystolicArray/main.cpp:173]   --->   Operation 81 'getelementptr' 'tile_C_V_15_addr_1' <Predicate = true> <Delay = 0.00>
ST_2 : Operation 82 [1/1] (0.00ns)   --->   "%specpipeline_ln172 = specpipeline void @_ssdm_op_SpecPipeline, i32 1, i32 0, i32 0, i32 0, void @empty_1037" [SystolicArray/main.cpp:172]   --->   Operation 82 'specpipeline' 'specpipeline_ln172' <Predicate = true> <Delay = 0.00>
ST_2 : Operation 83 [1/1] (0.00ns)   --->   "%specloopname_ln171 = specloopname void @_ssdm_op_SpecLoopName, void @empty_1038" [SystolicArray/main.cpp:171]   --->   Operation 83 'specloopname' 'specloopname_ln171' <Predicate = true> <Delay = 0.00>
ST_2 : Operation 84 [1/1] (3.25ns)   --->   "%store_ln173 = store i32 0, i6 %tile_C_V_addr_1" [SystolicArray/main.cpp:173]   --->   Operation 84 'store' 'store_ln173' <Predicate = true> <Delay = 3.25> <CoreInst = "RAM_2P_BRAM">   --->   Core 91 'RAM_2P_BRAM' <Latency = 1> <II = 1> <Delay = 3.25> <Storage> <Opcode : 'load' 'store'> <Ports = 2> <Width = 32> <Depth = 64> <RAM>
ST_2 : Operation 85 [1/1] (3.25ns)   --->   "%store_ln173 = store i32 0, i6 %tile_C_V_1_addr_1" [SystolicArray/main.cpp:173]   --->   Operation 85 'store' 'store_ln173' <Predicate = true> <Delay = 3.25> <CoreInst = "RAM_2P_BRAM">   --->   Core 91 'RAM_2P_BRAM' <Latency = 1> <II = 1> <Delay = 3.25> <Storage> <Opcode : 'load' 'store'> <Ports = 2> <Width = 32> <Depth = 64> <RAM>
ST_2 : Operation 86 [1/1] (3.25ns)   --->   "%store_ln173 = store i32 0, i6 %tile_C_V_2_addr_1" [SystolicArray/main.cpp:173]   --->   Operation 86 'store' 'store_ln173' <Predicate = true> <Delay = 3.25> <CoreInst = "RAM_2P_BRAM">   --->   Core 91 'RAM_2P_BRAM' <Latency = 1> <II = 1> <Delay = 3.25> <Storage> <Opcode : 'load' 'store'> <Ports = 2> <Width = 32> <Depth = 64> <RAM>
ST_2 : Operation 87 [1/1] (3.25ns)   --->   "%store_ln173 = store i32 0, i6 %tile_C_V_3_addr_1" [SystolicArray/main.cpp:173]   --->   Operation 87 'store' 'store_ln173' <Predicate = true> <Delay = 3.25> <CoreInst = "RAM_2P_BRAM">   --->   Core 91 'RAM_2P_BRAM' <Latency = 1> <II = 1> <Delay = 3.25> <Storage> <Opcode : 'load' 'store'> <Ports = 2> <Width = 32> <Depth = 64> <RAM>
ST_2 : Operation 88 [1/1] (3.25ns)   --->   "%store_ln173 = store i32 0, i6 %tile_C_V_4_addr_1" [SystolicArray/main.cpp:173]   --->   Operation 88 'store' 'store_ln173' <Predicate = true> <Delay = 3.25> <CoreInst = "RAM_2P_BRAM">   --->   Core 91 'RAM_2P_BRAM' <Latency = 1> <II = 1> <Delay = 3.25> <Storage> <Opcode : 'load' 'store'> <Ports = 2> <Width = 32> <Depth = 64> <RAM>
ST_2 : Operation 89 [1/1] (3.25ns)   --->   "%store_ln173 = store i32 0, i6 %tile_C_V_5_addr_1" [SystolicArray/main.cpp:173]   --->   Operation 89 'store' 'store_ln173' <Predicate = true> <Delay = 3.25> <CoreInst = "RAM_2P_BRAM">   --->   Core 91 'RAM_2P_BRAM' <Latency = 1> <II = 1> <Delay = 3.25> <Storage> <Opcode : 'load' 'store'> <Ports = 2> <Width = 32> <Depth = 64> <RAM>
ST_2 : Operation 90 [1/1] (3.25ns)   --->   "%store_ln173 = store i32 0, i6 %tile_C_V_6_addr_1" [SystolicArray/main.cpp:173]   --->   Operation 90 'store' 'store_ln173' <Predicate = true> <Delay = 3.25> <CoreInst = "RAM_2P_BRAM">   --->   Core 91 'RAM_2P_BRAM' <Latency = 1> <II = 1> <Delay = 3.25> <Storage> <Opcode : 'load' 'store'> <Ports = 2> <Width = 32> <Depth = 64> <RAM>
ST_2 : Operation 91 [1/1] (3.25ns)   --->   "%store_ln173 = store i32 0, i6 %tile_C_V_7_addr_1" [SystolicArray/main.cpp:173]   --->   Operation 91 'store' 'store_ln173' <Predicate = true> <Delay = 3.25> <CoreInst = "RAM_2P_BRAM">   --->   Core 91 'RAM_2P_BRAM' <Latency = 1> <II = 1> <Delay = 3.25> <Storage> <Opcode : 'load' 'store'> <Ports = 2> <Width = 32> <Depth = 64> <RAM>
ST_2 : Operation 92 [1/1] (3.25ns)   --->   "%store_ln173 = store i32 0, i6 %tile_C_V_8_addr_1" [SystolicArray/main.cpp:173]   --->   Operation 92 'store' 'store_ln173' <Predicate = true> <Delay = 3.25> <CoreInst = "RAM_2P_BRAM">   --->   Core 91 'RAM_2P_BRAM' <Latency = 1> <II = 1> <Delay = 3.25> <Storage> <Opcode : 'load' 'store'> <Ports = 2> <Width = 32> <Depth = 64> <RAM>
ST_2 : Operation 93 [1/1] (3.25ns)   --->   "%store_ln173 = store i32 0, i6 %tile_C_V_9_addr_1" [SystolicArray/main.cpp:173]   --->   Operation 93 'store' 'store_ln173' <Predicate = true> <Delay = 3.25> <CoreInst = "RAM_2P_BRAM">   --->   Core 91 'RAM_2P_BRAM' <Latency = 1> <II = 1> <Delay = 3.25> <Storage> <Opcode : 'load' 'store'> <Ports = 2> <Width = 32> <Depth = 64> <RAM>
ST_2 : Operation 94 [1/1] (3.25ns)   --->   "%store_ln173 = store i32 0, i6 %tile_C_V_10_addr_1" [SystolicArray/main.cpp:173]   --->   Operation 94 'store' 'store_ln173' <Predicate = true> <Delay = 3.25> <CoreInst = "RAM_2P_BRAM">   --->   Core 91 'RAM_2P_BRAM' <Latency = 1> <II = 1> <Delay = 3.25> <Storage> <Opcode : 'load' 'store'> <Ports = 2> <Width = 32> <Depth = 64> <RAM>
ST_2 : Operation 95 [1/1] (3.25ns)   --->   "%store_ln173 = store i32 0, i6 %tile_C_V_11_addr_1" [SystolicArray/main.cpp:173]   --->   Operation 95 'store' 'store_ln173' <Predicate = true> <Delay = 3.25> <CoreInst = "RAM_2P_BRAM">   --->   Core 91 'RAM_2P_BRAM' <Latency = 1> <II = 1> <Delay = 3.25> <Storage> <Opcode : 'load' 'store'> <Ports = 2> <Width = 32> <Depth = 64> <RAM>
ST_2 : Operation 96 [1/1] (3.25ns)   --->   "%store_ln173 = store i32 0, i6 %tile_C_V_12_addr_1" [SystolicArray/main.cpp:173]   --->   Operation 96 'store' 'store_ln173' <Predicate = true> <Delay = 3.25> <CoreInst = "RAM_2P_BRAM">   --->   Core 91 'RAM_2P_BRAM' <Latency = 1> <II = 1> <Delay = 3.25> <Storage> <Opcode : 'load' 'store'> <Ports = 2> <Width = 32> <Depth = 64> <RAM>
ST_2 : Operation 97 [1/1] (3.25ns)   --->   "%store_ln173 = store i32 0, i6 %tile_C_V_13_addr_1" [SystolicArray/main.cpp:173]   --->   Operation 97 'store' 'store_ln173' <Predicate = true> <Delay = 3.25> <CoreInst = "RAM_2P_BRAM">   --->   Core 91 'RAM_2P_BRAM' <Latency = 1> <II = 1> <Delay = 3.25> <Storage> <Opcode : 'load' 'store'> <Ports = 2> <Width = 32> <Depth = 64> <RAM>
ST_2 : Operation 98 [1/1] (3.25ns)   --->   "%store_ln173 = store i32 0, i6 %tile_C_V_14_addr_1" [SystolicArray/main.cpp:173]   --->   Operation 98 'store' 'store_ln173' <Predicate = true> <Delay = 3.25> <CoreInst = "RAM_2P_BRAM">   --->   Core 91 'RAM_2P_BRAM' <Latency = 1> <II = 1> <Delay = 3.25> <Storage> <Opcode : 'load' 'store'> <Ports = 2> <Width = 32> <Depth = 64> <RAM>
ST_2 : Operation 99 [1/1] (3.25ns)   --->   "%store_ln173 = store i32 0, i6 %tile_C_V_15_addr_1" [SystolicArray/main.cpp:173]   --->   Operation 99 'store' 'store_ln173' <Predicate = true> <Delay = 3.25> <CoreInst = "RAM_2P_BRAM">   --->   Core 91 'RAM_2P_BRAM' <Latency = 1> <II = 1> <Delay = 3.25> <Storage> <Opcode : 'load' 'store'> <Ports = 2> <Width = 32> <Depth = 64> <RAM>
ST_2 : Operation 100 [1/1] (0.00ns)   --->   "%br_ln171 = br void %for.inc" [SystolicArray/main.cpp:171]   --->   Operation 100 'br' 'br_ln171' <Predicate = true> <Delay = 0.00>


============================================================
+ Verbose Summary: Timing violations
============================================================
Target clock period: 10ns, clock uncertainty: 2.7ns.

 <State 1>: 4.68ns
The critical path consists of the following:
	'alloca' operation ('r') [17]  (0 ns)
	'load' operation ('r', SystolicArray/main.cpp:173) on local variable 'r' [37]  (0 ns)
	'add' operation ('add_ln171', SystolicArray/main.cpp:171) [40]  (1.83 ns)
	'store' operation ('store_ln171', SystolicArray/main.cpp:171) of variable 'add_ln171', SystolicArray/main.cpp:171 on local variable 'r' [113]  (1.59 ns)
	blocking operation 1.27 ns on control path)

 <State 2>: 3.25ns
The critical path consists of the following:
	'or' operation ('or_ln173', SystolicArray/main.cpp:173) [46]  (0 ns)
	'getelementptr' operation ('tile_C_V_addr_1', SystolicArray/main.cpp:173) [48]  (0 ns)
	'store' operation ('store_ln173', SystolicArray/main.cpp:173) of constant 0 on array 'tile_C_V' [97]  (3.25 ns)


============================================================
+ Verbose Summary: Binding
============================================================
N/A
* FSMD analyzer results:
  - Output states:
 - Input state : 
  - Chain level:
	State 1
	State 2


============================================================
+ Verbose Summary: Datapath Resource usage 
============================================================
N/A
