

================================================================
== Vitis HLS Report for 'pipelined_layer_processor'
================================================================
* Date:           Mon May 25 15:50:51 2026

* Version:        2022.2 (Build 3670227 on Oct 13 2022)
* Project:        SystolicArray
* Solution:       solution1 (Vivado IP Flow Target)
* Product family: zynq
* Target device:  xc7z020-clg400-1


================================================================
== Performance Estimates
================================================================
+ Timing: 
    * Summary: 
    +--------+----------+----------+------------+
    |  Clock |  Target  | Estimated| Uncertainty|
    +--------+----------+----------+------------+
    |ap_clk  |  10.00 ns|  7.300 ns|     2.70 ns|
    +--------+----------+----------+------------+

+ Latency: 
    * Summary: 
    +---------+---------+----------+----------+-----+-----+---------+
    |  Latency (cycles) |  Latency (absolute) |  Interval | Pipeline|
    |   min   |   max   |    min   |    max   | min | max |   Type  |
    +---------+---------+----------+----------+-----+-----+---------+
    |        ?|        ?|         ?|         ?|    ?|    ?|       no|
    +---------+---------+----------+----------+-----+-----+---------+

    + Detail: 
        * Instance: 
        N/A

        * Loop: 
        +---------------------+---------+---------+----------+-----------+-----------+------+----------+
        |                     |  Latency (cycles) | Iteration|  Initiation Interval  | Trip |          |
        |      Loop Name      |   min   |   max   |  Latency |  achieved |   target  | Count| Pipelined|
        +---------------------+---------+---------+----------+-----------+-----------+------+----------+
        |- Row_Loop_Col_Loop  |        ?|        ?|         ?|          -|          -|     ?|        no|
        | + Depth_Loop        |        ?|        ?|       190|          -|          -|     ?|        no|
        +---------------------+---------+---------+----------+-----------+-----------+------+----------+

============================================================
+ Verbose Summary: Synthesis Manager
============================================================
InlineROM: 1
ExposeGlobal: 0
============================================================
+ Verbose Summary: CDFG Model
============================================================
IsTopModel: 1
ResetActiveHigh: 1
IsCombinational: 0
IsDatapathOnly: 0
HasWiredReturn: 1
HasMFsm: 0
HasVarLatency: 1
IsPipeline: 0
IsRtlPipelined: 0
IsInstanceOverlapped: 0
IsDontTouch: 0
HasImplIP: 0
IsGatedGlobalClock: 0


============================================================
+ Verbose Summary: Schedule
============================================================
* Number of FSM states : 10
* Pipeline : 0
* Dataflow Pipeline: 0

* FSM state transitions: 
1 --> 2 
2 --> 3 
3 --> 4 
4 --> 5 
5 --> 6 
6 --> 7 10 
7 --> 8 
8 --> 9 
9 --> 6 
10 --> 4 

* FSM state operations: 

State 1 <SV = 0> <Delay = 1.58>
ST_1 : Operation 11 [1/1] (0.00ns)   --->   "%j = alloca i32 1"   --->   Operation 11 'alloca' 'j' <Predicate = true> <Delay = 0.00>
ST_1 : Operation 12 [1/1] (0.00ns)   --->   "%i = alloca i32 1"   --->   Operation 12 'alloca' 'i' <Predicate = true> <Delay = 0.00>
ST_1 : Operation 13 [1/1] (0.00ns)   --->   "%indvar_flatten = alloca i32 1"   --->   Operation 13 'alloca' 'indvar_flatten' <Predicate = true> <Delay = 0.00>
ST_1 : Operation 14 [1/1] (1.00ns)   --->   "%num_col_tiles_read = read i32 @_ssdm_op_Read.s_axilite.i32, i32 %num_col_tiles"   --->   Operation 14 'read' 'num_col_tiles_read' <Predicate = true> <Delay = 1.00> <CoreInst = "s_axilite">   --->   Core 114 's_axilite' <Latency = 0> <II = 1> <Delay = 1.00> <Adapter> <Opcode : 'read' 'write'>
ST_1 : Operation 15 [1/1] (1.00ns)   --->   "%num_depth_tiles_read = read i32 @_ssdm_op_Read.s_axilite.i32, i32 %num_depth_tiles"   --->   Operation 15 'read' 'num_depth_tiles_read' <Predicate = true> <Delay = 1.00> <CoreInst = "s_axilite">   --->   Core 114 's_axilite' <Latency = 0> <II = 1> <Delay = 1.00> <Adapter> <Opcode : 'read' 'write'>
ST_1 : Operation 16 [1/1] (1.00ns)   --->   "%num_row_tiles_read = read i32 @_ssdm_op_Read.s_axilite.i32, i32 %num_row_tiles"   --->   Operation 16 'read' 'num_row_tiles_read' <Predicate = true> <Delay = 1.00> <CoreInst = "s_axilite">   --->   Core 114 's_axilite' <Latency = 0> <II = 1> <Delay = 1.00> <Adapter> <Opcode : 'read' 'write'>
ST_1 : Operation 17 [1/1] (1.00ns)   --->   "%mat_C_read = read i64 @_ssdm_op_Read.s_axilite.i64, i64 %mat_C"   --->   Operation 17 'read' 'mat_C_read' <Predicate = true> <Delay = 1.00> <CoreInst = "s_axilite">   --->   Core 114 's_axilite' <Latency = 0> <II = 1> <Delay = 1.00> <Adapter> <Opcode : 'read' 'write'>
ST_1 : Operation 18 [1/1] (1.00ns)   --->   "%mat_B_read = read i64 @_ssdm_op_Read.s_axilite.i64, i64 %mat_B"   --->   Operation 18 'read' 'mat_B_read' <Predicate = true> <Delay = 1.00> <CoreInst = "s_axilite">   --->   Core 114 's_axilite' <Latency = 0> <II = 1> <Delay = 1.00> <Adapter> <Opcode : 'read' 'write'>
ST_1 : Operation 19 [1/1] (1.00ns)   --->   "%mat_A_read = read i64 @_ssdm_op_Read.s_axilite.i64, i64 %mat_A"   --->   Operation 19 'read' 'mat_A_read' <Predicate = true> <Delay = 1.00> <CoreInst = "s_axilite">   --->   Core 114 's_axilite' <Latency = 0> <II = 1> <Delay = 1.00> <Adapter> <Opcode : 'read' 'write'>
ST_1 : Operation 20 [1/1] (0.00ns)   --->   "%tile_A_V = alloca i64 1" [SystolicArray/main.cpp:153]   --->   Operation 20 'alloca' 'tile_A_V' <Predicate = true> <Delay = 0.00> <CoreInst = "RAM_2P_BRAM">   --->   Core 91 'RAM_2P_BRAM' <Latency = 1> <II = 1> <Delay = 3.25> <Storage> <Opcode : 'load' 'store'> <Ports = 2> <Width = 256> <Depth = 2> <RAM>
ST_1 : Operation 21 [1/1] (0.00ns)   --->   "%tile_A_V_1 = alloca i64 1" [SystolicArray/main.cpp:153]   --->   Operation 21 'alloca' 'tile_A_V_1' <Predicate = true> <Delay = 0.00> <CoreInst = "RAM_2P_BRAM">   --->   Core 91 'RAM_2P_BRAM' <Latency = 1> <II = 1> <Delay = 3.25> <Storage> <Opcode : 'load' 'store'> <Ports = 2> <Width = 256> <Depth = 2> <RAM>
ST_1 : Operation 22 [1/1] (0.00ns)   --->   "%tile_A_V_2 = alloca i64 1" [SystolicArray/main.cpp:153]   --->   Operation 22 'alloca' 'tile_A_V_2' <Predicate = true> <Delay = 0.00> <CoreInst = "RAM_2P_BRAM">   --->   Core 91 'RAM_2P_BRAM' <Latency = 1> <II = 1> <Delay = 3.25> <Storage> <Opcode : 'load' 'store'> <Ports = 2> <Width = 256> <Depth = 2> <RAM>
ST_1 : Operation 23 [1/1] (0.00ns)   --->   "%tile_A_V_3 = alloca i64 1" [SystolicArray/main.cpp:153]   --->   Operation 23 'alloca' 'tile_A_V_3' <Predicate = true> <Delay = 0.00> <CoreInst = "RAM_2P_BRAM">   --->   Core 91 'RAM_2P_BRAM' <Latency = 1> <II = 1> <Delay = 3.25> <Storage> <Opcode : 'load' 'store'> <Ports = 2> <Width = 256> <Depth = 2> <RAM>
ST_1 : Operation 24 [1/1] (0.00ns)   --->   "%tile_A_V_4 = alloca i64 1" [SystolicArray/main.cpp:153]   --->   Operation 24 'alloca' 'tile_A_V_4' <Predicate = true> <Delay = 0.00> <CoreInst = "RAM_2P_BRAM">   --->   Core 91 'RAM_2P_BRAM' <Latency = 1> <II = 1> <Delay = 3.25> <Storage> <Opcode : 'load' 'store'> <Ports = 2> <Width = 256> <Depth = 2> <RAM>
ST_1 : Operation 25 [1/1] (0.00ns)   --->   "%tile_A_V_5 = alloca i64 1" [SystolicArray/main.cpp:153]   --->   Operation 25 'alloca' 'tile_A_V_5' <Predicate = true> <Delay = 0.00> <CoreInst = "RAM_2P_BRAM">   --->   Core 91 'RAM_2P_BRAM' <Latency = 1> <II = 1> <Delay = 3.25> <Storage> <Opcode : 'load' 'store'> <Ports = 2> <Width = 256> <Depth = 2> <RAM>
ST_1 : Operation 26 [1/1] (0.00ns)   --->   "%tile_A_V_6 = alloca i64 1" [SystolicArray/main.cpp:153]   --->   Operation 26 'alloca' 'tile_A_V_6' <Predicate = true> <Delay = 0.00> <CoreInst = "RAM_2P_BRAM">   --->   Core 91 'RAM_2P_BRAM' <Latency = 1> <II = 1> <Delay = 3.25> <Storage> <Opcode : 'load' 'store'> <Ports = 2> <Width = 256> <Depth = 2> <RAM>
ST_1 : Operation 27 [1/1] (0.00ns)   --->   "%tile_A_V_7 = alloca i64 1" [SystolicArray/main.cpp:153]   --->   Operation 27 'alloca' 'tile_A_V_7' <Predicate = true> <Delay = 0.00> <CoreInst = "RAM_2P_BRAM">   --->   Core 91 'RAM_2P_BRAM' <Latency = 1> <II = 1> <Delay = 3.25> <Storage> <Opcode : 'load' 'store'> <Ports = 2> <Width = 256> <Depth = 2> <RAM>
ST_1 : Operation 28 [1/1] (0.00ns)   --->   "%tile_A_V_8 = alloca i64 1" [SystolicArray/main.cpp:153]   --->   Operation 28 'alloca' 'tile_A_V_8' <Predicate = true> <Delay = 0.00> <CoreInst = "RAM_2P_BRAM">   --->   Core 91 'RAM_2P_BRAM' <Latency = 1> <II = 1> <Delay = 3.25> <Storage> <Opcode : 'load' 'store'> <Ports = 2> <Width = 256> <Depth = 2> <RAM>
ST_1 : Operation 29 [1/1] (0.00ns)   --->   "%tile_A_V_9 = alloca i64 1" [SystolicArray/main.cpp:153]   --->   Operation 29 'alloca' 'tile_A_V_9' <Predicate = true> <Delay = 0.00> <CoreInst = "RAM_2P_BRAM">   --->   Core 91 'RAM_2P_BRAM' <Latency = 1> <II = 1> <Delay = 3.25> <Storage> <Opcode : 'load' 'store'> <Ports = 2> <Width = 256> <Depth = 2> <RAM>
ST_1 : Operation 30 [1/1] (0.00ns)   --->   "%tile_A_V_10 = alloca i64 1" [SystolicArray/main.cpp:153]   --->   Operation 30 'alloca' 'tile_A_V_10' <Predicate = true> <Delay = 0.00> <CoreInst = "RAM_2P_BRAM">   --->   Core 91 'RAM_2P_BRAM' <Latency = 1> <II = 1> <Delay = 3.25> <Storage> <Opcode : 'load' 'store'> <Ports = 2> <Width = 256> <Depth = 2> <RAM>
ST_1 : Operation 31 [1/1] (0.00ns)   --->   "%tile_A_V_11 = alloca i64 1" [SystolicArray/main.cpp:153]   --->   Operation 31 'alloca' 'tile_A_V_11' <Predicate = true> <Delay = 0.00> <CoreInst = "RAM_2P_BRAM">   --->   Core 91 'RAM_2P_BRAM' <Latency = 1> <II = 1> <Delay = 3.25> <Storage> <Opcode : 'load' 'store'> <Ports = 2> <Width = 256> <Depth = 2> <RAM>
ST_1 : Operation 32 [1/1] (0.00ns)   --->   "%tile_A_V_12 = alloca i64 1" [SystolicArray/main.cpp:153]   --->   Operation 32 'alloca' 'tile_A_V_12' <Predicate = true> <Delay = 0.00> <CoreInst = "RAM_2P_BRAM">   --->   Core 91 'RAM_2P_BRAM' <Latency = 1> <II = 1> <Delay = 3.25> <Storage> <Opcode : 'load' 'store'> <Ports = 2> <Width = 256> <Depth = 2> <RAM>
ST_1 : Operation 33 [1/1] (0.00ns)   --->   "%tile_A_V_13 = alloca i64 1" [SystolicArray/main.cpp:153]   --->   Operation 33 'alloca' 'tile_A_V_13' <Predicate = true> <Delay = 0.00> <CoreInst = "RAM_2P_BRAM">   --->   Core 91 'RAM_2P_BRAM' <Latency = 1> <II = 1> <Delay = 3.25> <Storage> <Opcode : 'load' 'store'> <Ports = 2> <Width = 256> <Depth = 2> <RAM>
ST_1 : Operation 34 [1/1] (0.00ns)   --->   "%tile_A_V_14 = alloca i64 1" [SystolicArray/main.cpp:153]   --->   Operation 34 'alloca' 'tile_A_V_14' <Predicate = true> <Delay = 0.00> <CoreInst = "RAM_2P_BRAM">   --->   Core 91 'RAM_2P_BRAM' <Latency = 1> <II = 1> <Delay = 3.25> <Storage> <Opcode : 'load' 'store'> <Ports = 2> <Width = 256> <Depth = 2> <RAM>
ST_1 : Operation 35 [1/1] (0.00ns)   --->   "%tile_A_V_15 = alloca i64 1" [SystolicArray/main.cpp:153]   --->   Operation 35 'alloca' 'tile_A_V_15' <Predicate = true> <Delay = 0.00> <CoreInst = "RAM_2P_BRAM">   --->   Core 91 'RAM_2P_BRAM' <Latency = 1> <II = 1> <Delay = 3.25> <Storage> <Opcode : 'load' 'store'> <Ports = 2> <Width = 256> <Depth = 2> <RAM>
ST_1 : Operation 36 [1/1] (0.00ns)   --->   "%tile_B_V = alloca i64 1" [SystolicArray/main.cpp:154]   --->   Operation 36 'alloca' 'tile_B_V' <Predicate = true> <Delay = 0.00> <CoreInst = "RAM_2P_BRAM">   --->   Core 91 'RAM_2P_BRAM' <Latency = 1> <II = 1> <Delay = 3.25> <Storage> <Opcode : 'load' 'store'> <Ports = 2> <Width = 256> <Depth = 32> <RAM>
ST_1 : Operation 37 [1/1] (0.00ns)   --->   "%tile_C_V = alloca i64 1" [SystolicArray/main.cpp:155]   --->   Operation 37 'alloca' 'tile_C_V' <Predicate = true> <Delay = 0.00> <CoreInst = "RAM_2P_BRAM">   --->   Core 91 'RAM_2P_BRAM' <Latency = 1> <II = 1> <Delay = 3.25> <Storage> <Opcode : 'load' 'store'> <Ports = 2> <Width = 32> <Depth = 64> <RAM>
ST_1 : Operation 38 [1/1] (0.00ns)   --->   "%tile_C_V_1 = alloca i64 1" [SystolicArray/main.cpp:155]   --->   Operation 38 'alloca' 'tile_C_V_1' <Predicate = true> <Delay = 0.00> <CoreInst = "RAM_2P_BRAM">   --->   Core 91 'RAM_2P_BRAM' <Latency = 1> <II = 1> <Delay = 3.25> <Storage> <Opcode : 'load' 'store'> <Ports = 2> <Width = 32> <Depth = 64> <RAM>
ST_1 : Operation 39 [1/1] (0.00ns)   --->   "%tile_C_V_2 = alloca i64 1" [SystolicArray/main.cpp:155]   --->   Operation 39 'alloca' 'tile_C_V_2' <Predicate = true> <Delay = 0.00> <CoreInst = "RAM_2P_BRAM">   --->   Core 91 'RAM_2P_BRAM' <Latency = 1> <II = 1> <Delay = 3.25> <Storage> <Opcode : 'load' 'store'> <Ports = 2> <Width = 32> <Depth = 64> <RAM>
ST_1 : Operation 40 [1/1] (0.00ns)   --->   "%tile_C_V_3 = alloca i64 1" [SystolicArray/main.cpp:155]   --->   Operation 40 'alloca' 'tile_C_V_3' <Predicate = true> <Delay = 0.00> <CoreInst = "RAM_2P_BRAM">   --->   Core 91 'RAM_2P_BRAM' <Latency = 1> <II = 1> <Delay = 3.25> <Storage> <Opcode : 'load' 'store'> <Ports = 2> <Width = 32> <Depth = 64> <RAM>
ST_1 : Operation 41 [1/1] (0.00ns)   --->   "%tile_C_V_4 = alloca i64 1" [SystolicArray/main.cpp:155]   --->   Operation 41 'alloca' 'tile_C_V_4' <Predicate = true> <Delay = 0.00> <CoreInst = "RAM_2P_BRAM">   --->   Core 91 'RAM_2P_BRAM' <Latency = 1> <II = 1> <Delay = 3.25> <Storage> <Opcode : 'load' 'store'> <Ports = 2> <Width = 32> <Depth = 64> <RAM>
ST_1 : Operation 42 [1/1] (0.00ns)   --->   "%tile_C_V_5 = alloca i64 1" [SystolicArray/main.cpp:155]   --->   Operation 42 'alloca' 'tile_C_V_5' <Predicate = true> <Delay = 0.00> <CoreInst = "RAM_2P_BRAM">   --->   Core 91 'RAM_2P_BRAM' <Latency = 1> <II = 1> <Delay = 3.25> <Storage> <Opcode : 'load' 'store'> <Ports = 2> <Width = 32> <Depth = 64> <RAM>
ST_1 : Operation 43 [1/1] (0.00ns)   --->   "%tile_C_V_6 = alloca i64 1" [SystolicArray/main.cpp:155]   --->   Operation 43 'alloca' 'tile_C_V_6' <Predicate = true> <Delay = 0.00> <CoreInst = "RAM_2P_BRAM">   --->   Core 91 'RAM_2P_BRAM' <Latency = 1> <II = 1> <Delay = 3.25> <Storage> <Opcode : 'load' 'store'> <Ports = 2> <Width = 32> <Depth = 64> <RAM>
ST_1 : Operation 44 [1/1] (0.00ns)   --->   "%tile_C_V_7 = alloca i64 1" [SystolicArray/main.cpp:155]   --->   Operation 44 'alloca' 'tile_C_V_7' <Predicate = true> <Delay = 0.00> <CoreInst = "RAM_2P_BRAM">   --->   Core 91 'RAM_2P_BRAM' <Latency = 1> <II = 1> <Delay = 3.25> <Storage> <Opcode : 'load' 'store'> <Ports = 2> <Width = 32> <Depth = 64> <RAM>
ST_1 : Operation 45 [1/1] (0.00ns)   --->   "%tile_C_V_8 = alloca i64 1" [SystolicArray/main.cpp:155]   --->   Operation 45 'alloca' 'tile_C_V_8' <Predicate = true> <Delay = 0.00> <CoreInst = "RAM_2P_BRAM">   --->   Core 91 'RAM_2P_BRAM' <Latency = 1> <II = 1> <Delay = 3.25> <Storage> <Opcode : 'load' 'store'> <Ports = 2> <Width = 32> <Depth = 64> <RAM>
ST_1 : Operation 46 [1/1] (0.00ns)   --->   "%tile_C_V_9 = alloca i64 1" [SystolicArray/main.cpp:155]   --->   Operation 46 'alloca' 'tile_C_V_9' <Predicate = true> <Delay = 0.00> <CoreInst = "RAM_2P_BRAM">   --->   Core 91 'RAM_2P_BRAM' <Latency = 1> <II = 1> <Delay = 3.25> <Storage> <Opcode : 'load' 'store'> <Ports = 2> <Width = 32> <Depth = 64> <RAM>
ST_1 : Operation 47 [1/1] (0.00ns)   --->   "%tile_C_V_10 = alloca i64 1" [SystolicArray/main.cpp:155]   --->   Operation 47 'alloca' 'tile_C_V_10' <Predicate = true> <Delay = 0.00> <CoreInst = "RAM_2P_BRAM">   --->   Core 91 'RAM_2P_BRAM' <Latency = 1> <II = 1> <Delay = 3.25> <Storage> <Opcode : 'load' 'store'> <Ports = 2> <Width = 32> <Depth = 64> <RAM>
ST_1 : Operation 48 [1/1] (0.00ns)   --->   "%tile_C_V_11 = alloca i64 1" [SystolicArray/main.cpp:155]   --->   Operation 48 'alloca' 'tile_C_V_11' <Predicate = true> <Delay = 0.00> <CoreInst = "RAM_2P_BRAM">   --->   Core 91 'RAM_2P_BRAM' <Latency = 1> <II = 1> <Delay = 3.25> <Storage> <Opcode : 'load' 'store'> <Ports = 2> <Width = 32> <Depth = 64> <RAM>
ST_1 : Operation 49 [1/1] (0.00ns)   --->   "%tile_C_V_12 = alloca i64 1" [SystolicArray/main.cpp:155]   --->   Operation 49 'alloca' 'tile_C_V_12' <Predicate = true> <Delay = 0.00> <CoreInst = "RAM_2P_BRAM">   --->   Core 91 'RAM_2P_BRAM' <Latency = 1> <II = 1> <Delay = 3.25> <Storage> <Opcode : 'load' 'store'> <Ports = 2> <Width = 32> <Depth = 64> <RAM>
ST_1 : Operation 50 [1/1] (0.00ns)   --->   "%tile_C_V_13 = alloca i64 1" [SystolicArray/main.cpp:155]   --->   Operation 50 'alloca' 'tile_C_V_13' <Predicate = true> <Delay = 0.00> <CoreInst = "RAM_2P_BRAM">   --->   Core 91 'RAM_2P_BRAM' <Latency = 1> <II = 1> <Delay = 3.25> <Storage> <Opcode : 'load' 'store'> <Ports = 2> <Width = 32> <Depth = 64> <RAM>
ST_1 : Operation 51 [1/1] (0.00ns)   --->   "%tile_C_V_14 = alloca i64 1" [SystolicArray/main.cpp:155]   --->   Operation 51 'alloca' 'tile_C_V_14' <Predicate = true> <Delay = 0.00> <CoreInst = "RAM_2P_BRAM">   --->   Core 91 'RAM_2P_BRAM' <Latency = 1> <II = 1> <Delay = 3.25> <Storage> <Opcode : 'load' 'store'> <Ports = 2> <Width = 32> <Depth = 64> <RAM>
ST_1 : Operation 52 [1/1] (0.00ns)   --->   "%tile_C_V_15 = alloca i64 1" [SystolicArray/main.cpp:155]   --->   Operation 52 'alloca' 'tile_C_V_15' <Predicate = true> <Delay = 0.00> <CoreInst = "RAM_2P_BRAM">   --->   Core 91 'RAM_2P_BRAM' <Latency = 1> <II = 1> <Delay = 3.25> <Storage> <Opcode : 'load' 'store'> <Ports = 2> <Width = 32> <Depth = 64> <RAM>
ST_1 : Operation 53 [1/1] (0.00ns)   --->   "%empty = trunc i32 %num_depth_tiles_read"   --->   Operation 53 'trunc' 'empty' <Predicate = true> <Delay = 0.00>
ST_1 : Operation 54 [1/1] (0.00ns)   --->   "%empty_1055 = trunc i32 %num_col_tiles_read"   --->   Operation 54 'trunc' 'empty_1055' <Predicate = true> <Delay = 0.00>
ST_1 : Operation 55 [1/1] (0.00ns)   --->   "%trunc_ln180 = trunc i32 %num_col_tiles_read" [SystolicArray/main.cpp:180]   --->   Operation 55 'trunc' 'trunc_ln180' <Predicate = true> <Delay = 0.00>
ST_1 : Operation 56 [1/1] (1.58ns)   --->   "%store_ln167 = store i64 0, i64 %indvar_flatten" [SystolicArray/main.cpp:167]   --->   Operation 56 'store' 'store_ln167' <Predicate = true> <Delay = 1.58>
ST_1 : Operation 57 [1/1] (1.58ns)   --->   "%store_ln167 = store i31 0, i31 %i" [SystolicArray/main.cpp:167]   --->   Operation 57 'store' 'store_ln167' <Predicate = true> <Delay = 1.58>
ST_1 : Operation 58 [1/1] (1.58ns)   --->   "%store_ln167 = store i31 0, i31 %j" [SystolicArray/main.cpp:167]   --->   Operation 58 'store' 'store_ln167' <Predicate = true> <Delay = 1.58>

State 2 <SV = 1> <Delay = 6.91>
ST_2 : Operation 59 [1/1] (0.00ns)   --->   "%zext_ln130 = zext i32 %num_row_tiles_read" [SystolicArray/main.cpp:130]   --->   Operation 59 'zext' 'zext_ln130' <Predicate = true> <Delay = 0.00>
ST_2 : Operation 60 [1/1] (0.00ns)   --->   "%zext_ln130_1 = zext i32 %num_col_tiles_read" [SystolicArray/main.cpp:130]   --->   Operation 60 'zext' 'zext_ln130_1' <Predicate = true> <Delay = 0.00>
ST_2 : Operation 61 [2/2] (6.91ns)   --->   "%mul_ln130 = mul i64 %zext_ln130, i64 %zext_ln130_1" [SystolicArray/main.cpp:130]   --->   Operation 61 'mul' 'mul_ln130' <Predicate = true> <Delay = 6.91> <CoreInst = "Multiplier">   --->   Core 3 'Multiplier' <Latency = 1> <II = 1> <Delay = 6.91> <FuncUnit> <Opcode : 'mul'> <InPorts = 2> <OutPorts = 1>

State 3 <SV = 2> <Delay = 6.91>
ST_3 : Operation 62 [1/1] (0.00ns)   --->   "%spectopmodule_ln130 = spectopmodule void @_ssdm_op_SpecTopModule, void @empty_1039" [SystolicArray/main.cpp:130]   --->   Operation 62 'spectopmodule' 'spectopmodule_ln130' <Predicate = true> <Delay = 0.00>
ST_3 : Operation 63 [1/1] (0.00ns)   --->   "%specinterface_ln0 = specinterface void @_ssdm_op_SpecInterface, i256 %gmem0, void @empty_1045, i32 0, i32 0, void @empty_1037, i32 0, i32 4000, void @empty_1023, void @empty_1032, void @empty_1037, i32 4, i32 4, i32 64, i32 64, void @empty_1037, void @empty_1037, i32 4294967295, i32 0"   --->   Operation 63 'specinterface' 'specinterface_ln0' <Predicate = true> <Delay = 0.00>
ST_3 : Operation 64 [1/1] (0.00ns)   --->   "%specbitsmap_ln0 = specbitsmap void @_ssdm_op_SpecBitsMap, i256 %gmem0"   --->   Operation 64 'specbitsmap' 'specbitsmap_ln0' <Predicate = true> <Delay = 0.00>
ST_3 : Operation 65 [1/1] (0.00ns)   --->   "%specinterface_ln0 = specinterface void @_ssdm_op_SpecInterface, i256 %gmem1, void @empty_1045, i32 0, i32 0, void @empty_1037, i32 0, i32 4000, void @empty_1019, void @empty_1032, void @empty_1037, i32 4, i32 16, i32 64, i32 16, void @empty_1037, void @empty_1037, i32 4294967295, i32 0"   --->   Operation 65 'specinterface' 'specinterface_ln0' <Predicate = true> <Delay = 0.00>
ST_3 : Operation 66 [1/1] (0.00ns)   --->   "%specbitsmap_ln0 = specbitsmap void @_ssdm_op_SpecBitsMap, i256 %gmem1"   --->   Operation 66 'specbitsmap' 'specbitsmap_ln0' <Predicate = true> <Delay = 0.00>
ST_3 : Operation 67 [1/1] (0.00ns)   --->   "%specinterface_ln0 = specinterface void @_ssdm_op_SpecInterface, i64 %mat_A, void @empty_1025, i32 0, i32 0, void @empty_1037, i32 0, i32 0, void @empty_1015, void @empty_1043, void @empty_1037, i32 0, i32 0, i32 0, i32 0, void @empty_1037, void @empty_1022, i32 4294967295, i32 0"   --->   Operation 67 'specinterface' 'specinterface_ln0' <Predicate = true> <Delay = 0.00>
ST_3 : Operation 68 [1/1] (0.00ns)   --->   "%specinterface_ln0 = specinterface void @_ssdm_op_SpecInterface, i64 %mat_A, void @empty_1021, i32 0, i32 0, void @empty_1037, i32 0, i32 0, void @empty_1037, void @empty_1037, void @empty_1037, i32 0, i32 0, i32 0, i32 0, void @empty_1037, void @empty_1022, i32 4294967295, i32 0"   --->   Operation 68 'specinterface' 'specinterface_ln0' <Predicate = true> <Delay = 0.00>
ST_3 : Operation 69 [1/1] (0.00ns)   --->   "%specinterface_ln0 = specinterface void @_ssdm_op_SpecInterface, i64 %mat_B, void @empty_1025, i32 0, i32 0, void @empty_1037, i32 0, i32 0, void @empty_1015, void @empty_944, void @empty_1037, i32 0, i32 0, i32 0, i32 0, void @empty_1037, void @empty_1022, i32 4294967295, i32 0"   --->   Operation 69 'specinterface' 'specinterface_ln0' <Predicate = true> <Delay = 0.00>
ST_3 : Operation 70 [1/1] (0.00ns)   --->   "%specinterface_ln0 = specinterface void @_ssdm_op_SpecInterface, i64 %mat_B, void @empty_1021, i32 0, i32 0, void @empty_1037, i32 0, i32 0, void @empty_1037, void @empty_1037, void @empty_1037, i32 0, i32 0, i32 0, i32 0, void @empty_1037, void @empty_1022, i32 4294967295, i32 0"   --->   Operation 70 'specinterface' 'specinterface_ln0' <Predicate = true> <Delay = 0.00>
ST_3 : Operation 71 [1/1] (0.00ns)   --->   "%specinterface_ln0 = specinterface void @_ssdm_op_SpecInterface, i64 %mat_C, void @empty_1025, i32 0, i32 0, void @empty_1037, i32 0, i32 0, void @empty_1015, void @empty_1026, void @empty_1037, i32 0, i32 0, i32 0, i32 0, void @empty_1037, void @empty_1022, i32 4294967295, i32 0"   --->   Operation 71 'specinterface' 'specinterface_ln0' <Predicate = true> <Delay = 0.00>
ST_3 : Operation 72 [1/1] (0.00ns)   --->   "%specinterface_ln0 = specinterface void @_ssdm_op_SpecInterface, i64 %mat_C, void @empty_1021, i32 0, i32 0, void @empty_1037, i32 0, i32 0, void @empty_1037, void @empty_1037, void @empty_1037, i32 0, i32 0, i32 0, i32 0, void @empty_1037, void @empty_1022, i32 4294967295, i32 0"   --->   Operation 72 'specinterface' 'specinterface_ln0' <Predicate = true> <Delay = 0.00>
ST_3 : Operation 73 [1/1] (0.00ns)   --->   "%specbitsmap_ln0 = specbitsmap void @_ssdm_op_SpecBitsMap, i32 %num_row_tiles"   --->   Operation 73 'specbitsmap' 'specbitsmap_ln0' <Predicate = true> <Delay = 0.00>
ST_3 : Operation 74 [1/1] (0.00ns)   --->   "%specinterface_ln0 = specinterface void @_ssdm_op_SpecInterface, i32 %num_row_tiles, void @empty_1025, i32 0, i32 0, void @empty_1037, i32 0, i32 0, void @empty_1015, void @empty_1018, void @empty_1037, i32 0, i32 0, i32 0, i32 0, void @empty_1037, void @empty_1037, i32 4294967295, i32 0"   --->   Operation 74 'specinterface' 'specinterface_ln0' <Predicate = true> <Delay = 0.00>
ST_3 : Operation 75 [1/1] (0.00ns)   --->   "%specinterface_ln0 = specinterface void @_ssdm_op_SpecInterface, i32 %num_row_tiles, void @empty_1021, i32 0, i32 0, void @empty_1037, i32 0, i32 0, void @empty_1037, void @empty_1037, void @empty_1037, i32 0, i32 0, i32 0, i32 0, void @empty_1037, void @empty_1037, i32 4294967295, i32 0"   --->   Operation 75 'specinterface' 'specinterface_ln0' <Predicate = true> <Delay = 0.00>
ST_3 : Operation 76 [1/1] (0.00ns)   --->   "%specbitsmap_ln0 = specbitsmap void @_ssdm_op_SpecBitsMap, i32 %num_depth_tiles"   --->   Operation 76 'specbitsmap' 'specbitsmap_ln0' <Predicate = true> <Delay = 0.00>
ST_3 : Operation 77 [1/1] (0.00ns)   --->   "%specinterface_ln0 = specinterface void @_ssdm_op_SpecInterface, i32 %num_depth_tiles, void @empty_1025, i32 0, i32 0, void @empty_1037, i32 0, i32 0, void @empty_1015, void @empty_1041, void @empty_1037, i32 0, i32 0, i32 0, i32 0, void @empty_1037, void @empty_1037, i32 4294967295, i32 0"   --->   Operation 77 'specinterface' 'specinterface_ln0' <Predicate = true> <Delay = 0.00>
ST_3 : Operation 78 [1/1] (0.00ns)   --->   "%specinterface_ln0 = specinterface void @_ssdm_op_SpecInterface, i32 %num_depth_tiles, void @empty_1021, i32 0, i32 0, void @empty_1037, i32 0, i32 0, void @empty_1037, void @empty_1037, void @empty_1037, i32 0, i32 0, i32 0, i32 0, void @empty_1037, void @empty_1037, i32 4294967295, i32 0"   --->   Operation 78 'specinterface' 'specinterface_ln0' <Predicate = true> <Delay = 0.00>
ST_3 : Operation 79 [1/1] (0.00ns)   --->   "%specbitsmap_ln0 = specbitsmap void @_ssdm_op_SpecBitsMap, i32 %num_col_tiles"   --->   Operation 79 'specbitsmap' 'specbitsmap_ln0' <Predicate = true> <Delay = 0.00>
ST_3 : Operation 80 [1/1] (0.00ns)   --->   "%specinterface_ln0 = specinterface void @_ssdm_op_SpecInterface, i32 %num_col_tiles, void @empty_1025, i32 0, i32 0, void @empty_1037, i32 0, i32 0, void @empty_1015, void @empty_1040, void @empty_1037, i32 0, i32 0, i32 0, i32 0, void @empty_1037, void @empty_1037, i32 4294967295, i32 0"   --->   Operation 80 'specinterface' 'specinterface_ln0' <Predicate = true> <Delay = 0.00>
ST_3 : Operation 81 [1/1] (0.00ns)   --->   "%specinterface_ln0 = specinterface void @_ssdm_op_SpecInterface, i32 %num_col_tiles, void @empty_1021, i32 0, i32 0, void @empty_1037, i32 0, i32 0, void @empty_1037, void @empty_1037, void @empty_1037, i32 0, i32 0, i32 0, i32 0, void @empty_1037, void @empty_1037, i32 4294967295, i32 0"   --->   Operation 81 'specinterface' 'specinterface_ln0' <Predicate = true> <Delay = 0.00>
ST_3 : Operation 82 [1/1] (0.00ns)   --->   "%specinterface_ln0 = specinterface void @_ssdm_op_SpecInterface, i32 0, void @empty_1025, i32 0, i32 0, void @empty_1037, i32 0, i32 0, void @empty_1015, void @empty_1037, void @empty_1037, i32 0, i32 0, i32 0, i32 0, void @empty_1037, void @empty_1037, i32 4294967295, i32 0"   --->   Operation 82 'specinterface' 'specinterface_ln0' <Predicate = true> <Delay = 0.00>
ST_3 : Operation 83 [1/1] (0.00ns)   --->   "%specmemcore_ln159 = specmemcore void @_ssdm_op_SpecMemCore, i256 %tile_A_V_15, i64 666, i64 22, i64 18446744073709551615" [SystolicArray/main.cpp:159]   --->   Operation 83 'specmemcore' 'specmemcore_ln159' <Predicate = true> <Delay = 0.00>
ST_3 : Operation 84 [1/1] (0.00ns)   --->   "%specmemcore_ln159 = specmemcore void @_ssdm_op_SpecMemCore, i256 %tile_A_V_14, i64 666, i64 22, i64 18446744073709551615" [SystolicArray/main.cpp:159]   --->   Operation 84 'specmemcore' 'specmemcore_ln159' <Predicate = true> <Delay = 0.00>
ST_3 : Operation 85 [1/1] (0.00ns)   --->   "%specmemcore_ln159 = specmemcore void @_ssdm_op_SpecMemCore, i256 %tile_A_V_13, i64 666, i64 22, i64 18446744073709551615" [SystolicArray/main.cpp:159]   --->   Operation 85 'specmemcore' 'specmemcore_ln159' <Predicate = true> <Delay = 0.00>
ST_3 : Operation 86 [1/1] (0.00ns)   --->   "%specmemcore_ln159 = specmemcore void @_ssdm_op_SpecMemCore, i256 %tile_A_V_12, i64 666, i64 22, i64 18446744073709551615" [SystolicArray/main.cpp:159]   --->   Operation 86 'specmemcore' 'specmemcore_ln159' <Predicate = true> <Delay = 0.00>
ST_3 : Operation 87 [1/1] (0.00ns)   --->   "%specmemcore_ln159 = specmemcore void @_ssdm_op_SpecMemCore, i256 %tile_A_V_11, i64 666, i64 22, i64 18446744073709551615" [SystolicArray/main.cpp:159]   --->   Operation 87 'specmemcore' 'specmemcore_ln159' <Predicate = true> <Delay = 0.00>
ST_3 : Operation 88 [1/1] (0.00ns)   --->   "%specmemcore_ln159 = specmemcore void @_ssdm_op_SpecMemCore, i256 %tile_A_V_10, i64 666, i64 22, i64 18446744073709551615" [SystolicArray/main.cpp:159]   --->   Operation 88 'specmemcore' 'specmemcore_ln159' <Predicate = true> <Delay = 0.00>
ST_3 : Operation 89 [1/1] (0.00ns)   --->   "%specmemcore_ln159 = specmemcore void @_ssdm_op_SpecMemCore, i256 %tile_A_V_9, i64 666, i64 22, i64 18446744073709551615" [SystolicArray/main.cpp:159]   --->   Operation 89 'specmemcore' 'specmemcore_ln159' <Predicate = true> <Delay = 0.00>
ST_3 : Operation 90 [1/1] (0.00ns)   --->   "%specmemcore_ln159 = specmemcore void @_ssdm_op_SpecMemCore, i256 %tile_A_V_8, i64 666, i64 22, i64 18446744073709551615" [SystolicArray/main.cpp:159]   --->   Operation 90 'specmemcore' 'specmemcore_ln159' <Predicate = true> <Delay = 0.00>
ST_3 : Operation 91 [1/1] (0.00ns)   --->   "%specmemcore_ln159 = specmemcore void @_ssdm_op_SpecMemCore, i256 %tile_A_V_7, i64 666, i64 22, i64 18446744073709551615" [SystolicArray/main.cpp:159]   --->   Operation 91 'specmemcore' 'specmemcore_ln159' <Predicate = true> <Delay = 0.00>
ST_3 : Operation 92 [1/1] (0.00ns)   --->   "%specmemcore_ln159 = specmemcore void @_ssdm_op_SpecMemCore, i256 %tile_A_V_6, i64 666, i64 22, i64 18446744073709551615" [SystolicArray/main.cpp:159]   --->   Operation 92 'specmemcore' 'specmemcore_ln159' <Predicate = true> <Delay = 0.00>
ST_3 : Operation 93 [1/1] (0.00ns)   --->   "%specmemcore_ln159 = specmemcore void @_ssdm_op_SpecMemCore, i256 %tile_A_V_5, i64 666, i64 22, i64 18446744073709551615" [SystolicArray/main.cpp:159]   --->   Operation 93 'specmemcore' 'specmemcore_ln159' <Predicate = true> <Delay = 0.00>
ST_3 : Operation 94 [1/1] (0.00ns)   --->   "%specmemcore_ln159 = specmemcore void @_ssdm_op_SpecMemCore, i256 %tile_A_V_4, i64 666, i64 22, i64 18446744073709551615" [SystolicArray/main.cpp:159]   --->   Operation 94 'specmemcore' 'specmemcore_ln159' <Predicate = true> <Delay = 0.00>
ST_3 : Operation 95 [1/1] (0.00ns)   --->   "%specmemcore_ln159 = specmemcore void @_ssdm_op_SpecMemCore, i256 %tile_A_V_3, i64 666, i64 22, i64 18446744073709551615" [SystolicArray/main.cpp:159]   --->   Operation 95 'specmemcore' 'specmemcore_ln159' <Predicate = true> <Delay = 0.00>
ST_3 : Operation 96 [1/1] (0.00ns)   --->   "%specmemcore_ln159 = specmemcore void @_ssdm_op_SpecMemCore, i256 %tile_A_V_2, i64 666, i64 22, i64 18446744073709551615" [SystolicArray/main.cpp:159]   --->   Operation 96 'specmemcore' 'specmemcore_ln159' <Predicate = true> <Delay = 0.00>
ST_3 : Operation 97 [1/1] (0.00ns)   --->   "%specmemcore_ln159 = specmemcore void @_ssdm_op_SpecMemCore, i256 %tile_A_V_1, i64 666, i64 22, i64 18446744073709551615" [SystolicArray/main.cpp:159]   --->   Operation 97 'specmemcore' 'specmemcore_ln159' <Predicate = true> <Delay = 0.00>
ST_3 : Operation 98 [1/1] (0.00ns)   --->   "%specmemcore_ln159 = specmemcore void @_ssdm_op_SpecMemCore, i256 %tile_A_V, i64 666, i64 22, i64 18446744073709551615" [SystolicArray/main.cpp:159]   --->   Operation 98 'specmemcore' 'specmemcore_ln159' <Predicate = true> <Delay = 0.00>
ST_3 : Operation 99 [1/1] (0.00ns)   --->   "%specmemcore_ln162 = specmemcore void @_ssdm_op_SpecMemCore, i256 %tile_B_V, i64 666, i64 22, i64 18446744073709551615" [SystolicArray/main.cpp:162]   --->   Operation 99 'specmemcore' 'specmemcore_ln162' <Predicate = true> <Delay = 0.00>
ST_3 : Operation 100 [1/1] (0.00ns)   --->   "%specmemcore_ln165 = specmemcore void @_ssdm_op_SpecMemCore, i32 %tile_C_V_15, i64 666, i64 22, i64 18446744073709551615" [SystolicArray/main.cpp:165]   --->   Operation 100 'specmemcore' 'specmemcore_ln165' <Predicate = true> <Delay = 0.00>
ST_3 : Operation 101 [1/1] (0.00ns)   --->   "%specmemcore_ln165 = specmemcore void @_ssdm_op_SpecMemCore, i32 %tile_C_V_14, i64 666, i64 22, i64 18446744073709551615" [SystolicArray/main.cpp:165]   --->   Operation 101 'specmemcore' 'specmemcore_ln165' <Predicate = true> <Delay = 0.00>
ST_3 : Operation 102 [1/1] (0.00ns)   --->   "%specmemcore_ln165 = specmemcore void @_ssdm_op_SpecMemCore, i32 %tile_C_V_13, i64 666, i64 22, i64 18446744073709551615" [SystolicArray/main.cpp:165]   --->   Operation 102 'specmemcore' 'specmemcore_ln165' <Predicate = true> <Delay = 0.00>
ST_3 : Operation 103 [1/1] (0.00ns)   --->   "%specmemcore_ln165 = specmemcore void @_ssdm_op_SpecMemCore, i32 %tile_C_V_12, i64 666, i64 22, i64 18446744073709551615" [SystolicArray/main.cpp:165]   --->   Operation 103 'specmemcore' 'specmemcore_ln165' <Predicate = true> <Delay = 0.00>
ST_3 : Operation 104 [1/1] (0.00ns)   --->   "%specmemcore_ln165 = specmemcore void @_ssdm_op_SpecMemCore, i32 %tile_C_V_11, i64 666, i64 22, i64 18446744073709551615" [SystolicArray/main.cpp:165]   --->   Operation 104 'specmemcore' 'specmemcore_ln165' <Predicate = true> <Delay = 0.00>
ST_3 : Operation 105 [1/1] (0.00ns)   --->   "%specmemcore_ln165 = specmemcore void @_ssdm_op_SpecMemCore, i32 %tile_C_V_10, i64 666, i64 22, i64 18446744073709551615" [SystolicArray/main.cpp:165]   --->   Operation 105 'specmemcore' 'specmemcore_ln165' <Predicate = true> <Delay = 0.00>
ST_3 : Operation 106 [1/1] (0.00ns)   --->   "%specmemcore_ln165 = specmemcore void @_ssdm_op_SpecMemCore, i32 %tile_C_V_9, i64 666, i64 22, i64 18446744073709551615" [SystolicArray/main.cpp:165]   --->   Operation 106 'specmemcore' 'specmemcore_ln165' <Predicate = true> <Delay = 0.00>
ST_3 : Operation 107 [1/1] (0.00ns)   --->   "%specmemcore_ln165 = specmemcore void @_ssdm_op_SpecMemCore, i32 %tile_C_V_8, i64 666, i64 22, i64 18446744073709551615" [SystolicArray/main.cpp:165]   --->   Operation 107 'specmemcore' 'specmemcore_ln165' <Predicate = true> <Delay = 0.00>
ST_3 : Operation 108 [1/1] (0.00ns)   --->   "%specmemcore_ln165 = specmemcore void @_ssdm_op_SpecMemCore, i32 %tile_C_V_7, i64 666, i64 22, i64 18446744073709551615" [SystolicArray/main.cpp:165]   --->   Operation 108 'specmemcore' 'specmemcore_ln165' <Predicate = true> <Delay = 0.00>
ST_3 : Operation 109 [1/1] (0.00ns)   --->   "%specmemcore_ln165 = specmemcore void @_ssdm_op_SpecMemCore, i32 %tile_C_V_6, i64 666, i64 22, i64 18446744073709551615" [SystolicArray/main.cpp:165]   --->   Operation 109 'specmemcore' 'specmemcore_ln165' <Predicate = true> <Delay = 0.00>
ST_3 : Operation 110 [1/1] (0.00ns)   --->   "%specmemcore_ln165 = specmemcore void @_ssdm_op_SpecMemCore, i32 %tile_C_V_5, i64 666, i64 22, i64 18446744073709551615" [SystolicArray/main.cpp:165]   --->   Operation 110 'specmemcore' 'specmemcore_ln165' <Predicate = true> <Delay = 0.00>
ST_3 : Operation 111 [1/1] (0.00ns)   --->   "%specmemcore_ln165 = specmemcore void @_ssdm_op_SpecMemCore, i32 %tile_C_V_4, i64 666, i64 22, i64 18446744073709551615" [SystolicArray/main.cpp:165]   --->   Operation 111 'specmemcore' 'specmemcore_ln165' <Predicate = true> <Delay = 0.00>
ST_3 : Operation 112 [1/1] (0.00ns)   --->   "%specmemcore_ln165 = specmemcore void @_ssdm_op_SpecMemCore, i32 %tile_C_V_3, i64 666, i64 22, i64 18446744073709551615" [SystolicArray/main.cpp:165]   --->   Operation 112 'specmemcore' 'specmemcore_ln165' <Predicate = true> <Delay = 0.00>
ST_3 : Operation 113 [1/1] (0.00ns)   --->   "%specmemcore_ln165 = specmemcore void @_ssdm_op_SpecMemCore, i32 %tile_C_V_2, i64 666, i64 22, i64 18446744073709551615" [SystolicArray/main.cpp:165]   --->   Operation 113 'specmemcore' 'specmemcore_ln165' <Predicate = true> <Delay = 0.00>
ST_3 : Operation 114 [1/1] (0.00ns)   --->   "%specmemcore_ln165 = specmemcore void @_ssdm_op_SpecMemCore, i32 %tile_C_V_1, i64 666, i64 22, i64 18446744073709551615" [SystolicArray/main.cpp:165]   --->   Operation 114 'specmemcore' 'specmemcore_ln165' <Predicate = true> <Delay = 0.00>
ST_3 : Operation 115 [1/1] (0.00ns)   --->   "%specmemcore_ln165 = specmemcore void @_ssdm_op_SpecMemCore, i32 %tile_C_V, i64 666, i64 22, i64 18446744073709551615" [SystolicArray/main.cpp:165]   --->   Operation 115 'specmemcore' 'specmemcore_ln165' <Predicate = true> <Delay = 0.00>
ST_3 : Operation 116 [1/2] (6.91ns)   --->   "%mul_ln130 = mul i64 %zext_ln130, i64 %zext_ln130_1" [SystolicArray/main.cpp:130]   --->   Operation 116 'mul' 'mul_ln130' <Predicate = true> <Delay = 6.91> <CoreInst = "Multiplier">   --->   Core 3 'Multiplier' <Latency = 1> <II = 1> <Delay = 6.91> <FuncUnit> <Opcode : 'mul'> <InPorts = 2> <OutPorts = 1>
ST_3 : Operation 117 [1/1] (0.00ns)   --->   "%br_ln167 = br void %Clear" [SystolicArray/main.cpp:167]   --->   Operation 117 'br' 'br_ln167' <Predicate = true> <Delay = 0.00>

State 4 <SV = 3> <Delay = 3.52>
ST_4 : Operation 118 [1/1] (0.00ns)   --->   "%j_2 = load i31 %j" [SystolicArray/main.cpp:168]   --->   Operation 118 'load' 'j_2' <Predicate = true> <Delay = 0.00>
ST_4 : Operation 119 [1/1] (0.00ns)   --->   "%indvar_flatten_load = load i64 %indvar_flatten" [SystolicArray/main.cpp:167]   --->   Operation 119 'load' 'indvar_flatten_load' <Predicate = true> <Delay = 0.00>
ST_4 : Operation 120 [1/1] (0.00ns)   --->   "%zext_ln168 = zext i31 %j_2" [SystolicArray/main.cpp:168]   --->   Operation 120 'zext' 'zext_ln168' <Predicate = true> <Delay = 0.00>
ST_4 : Operation 121 [1/1] (2.47ns)   --->   "%icmp_ln168 = icmp_slt  i32 %zext_ln168, i32 %num_col_tiles_read" [SystolicArray/main.cpp:168]   --->   Operation 121 'icmp' 'icmp_ln168' <Predicate = true> <Delay = 2.47> <CoreInst = "Cmp">   --->   Core 9 'Cmp' <Latency = 0> <II = 1> <Delay = 2.47> <FuncUnit> <Opcode : 'icmp'> <InPorts = 2> <OutPorts = 1>
ST_4 : Operation 122 [1/1] (2.77ns)   --->   "%icmp_ln167 = icmp_eq  i64 %indvar_flatten_load, i64 %mul_ln130" [SystolicArray/main.cpp:167]   --->   Operation 122 'icmp' 'icmp_ln167' <Predicate = true> <Delay = 2.77> <CoreInst = "Cmp">   --->   Core 9 'Cmp' <Latency = 0> <II = 1> <Delay = 2.77> <FuncUnit> <Opcode : 'icmp'> <InPorts = 2> <OutPorts = 1>
ST_4 : Operation 123 [1/1] (3.52ns)   --->   "%add_ln167 = add i64 %indvar_flatten_load, i64 1" [SystolicArray/main.cpp:167]   --->   Operation 123 'add' 'add_ln167' <Predicate = true> <Delay = 3.52> <CoreInst = "Adder">   --->   Core 1 'Adder' <Latency = 0> <II = 1> <Delay = 3.52> <FuncUnit> <Opcode : 'add' 'sub'> <InPorts = 2> <OutPorts = 1>
ST_4 : Operation 124 [1/1] (0.00ns)   --->   "%br_ln167 = br i1 %icmp_ln167, void %for.inc71.loopexit, void %for.end73.loopexit" [SystolicArray/main.cpp:167]   --->   Operation 124 'br' 'br_ln167' <Predicate = true> <Delay = 0.00>
ST_4 : Operation 125 [1/1] (0.00ns)   --->   "%i_load = load i31 %i" [SystolicArray/main.cpp:167]   --->   Operation 125 'load' 'i_load' <Predicate = (!icmp_ln167)> <Delay = 0.00>
ST_4 : Operation 126 [1/1] (2.52ns)   --->   "%i_3 = add i31 %i_load, i31 1" [SystolicArray/main.cpp:167]   --->   Operation 126 'add' 'i_3' <Predicate = (!icmp_ln167)> <Delay = 2.52> <CoreInst = "Adder">   --->   Core 1 'Adder' <Latency = 0> <II = 1> <Delay = 2.52> <FuncUnit> <Opcode : 'add' 'sub'> <InPorts = 2> <OutPorts = 1>
ST_4 : Operation 127 [1/1] (0.73ns)   --->   "%select_ln167_1 = select i1 %icmp_ln168, i31 %i_load, i31 %i_3" [SystolicArray/main.cpp:167]   --->   Operation 127 'select' 'select_ln167_1' <Predicate = (!icmp_ln167)> <Delay = 0.73> <CoreInst = "Sel">   --->   Core 73 'Sel' <Latency = 0> <II = 1> <Delay = 0.73> <FuncUnit> <Opcode : 'select'> <InPorts = 3> <OutPorts = 1>
ST_4 : Operation 128 [1/1] (0.00ns)   --->   "%trunc_ln167 = trunc i31 %select_ln167_1" [SystolicArray/main.cpp:167]   --->   Operation 128 'trunc' 'trunc_ln167' <Predicate = (!icmp_ln167)> <Delay = 0.00>
ST_4 : Operation 129 [1/1] (0.00ns)   --->   "%trunc_ln167_1 = trunc i31 %select_ln167_1" [SystolicArray/main.cpp:167]   --->   Operation 129 'trunc' 'trunc_ln167_1' <Predicate = (!icmp_ln167)> <Delay = 0.00>
ST_4 : Operation 130 [2/2] (0.00ns)   --->   "%call_ln0 = call void @pipelined_layer_processor_Pipeline_Clear, i32 %tile_C_V, i32 %tile_C_V_1, i32 %tile_C_V_2, i32 %tile_C_V_3, i32 %tile_C_V_4, i32 %tile_C_V_5, i32 %tile_C_V_6, i32 %tile_C_V_7, i32 %tile_C_V_8, i32 %tile_C_V_9, i32 %tile_C_V_10, i32 %tile_C_V_11, i32 %tile_C_V_12, i32 %tile_C_V_13, i32 %tile_C_V_14, i32 %tile_C_V_15"   --->   Operation 130 'call' 'call_ln0' <Predicate = (!icmp_ln167)> <Delay = 0.00> <CoreType = "Generic">   --->   Core 0 '' <Latency = 0> <II = 1> <Delay = 1.00> <Generic> <Opcode : >
ST_4 : Operation 131 [1/1] (0.00ns)   --->   "%ret_ln191 = ret" [SystolicArray/main.cpp:191]   --->   Operation 131 'ret' 'ret_ln191' <Predicate = (icmp_ln167)> <Delay = 0.00>

State 5 <SV = 4> <Delay = 7.18>
ST_5 : Operation 132 [1/1] (0.00ns)   --->   "%specloopname_ln0 = specloopname void @_ssdm_op_SpecLoopName, void @Row_Loop_Col_Loop_str"   --->   Operation 132 'specloopname' 'specloopname_ln0' <Predicate = true> <Delay = 0.00>
ST_5 : Operation 133 [1/1] (0.73ns)   --->   "%select_ln167 = select i1 %icmp_ln168, i31 %j_2, i31 0" [SystolicArray/main.cpp:167]   --->   Operation 133 'select' 'select_ln167' <Predicate = true> <Delay = 0.73> <CoreInst = "Sel">   --->   Core 73 'Sel' <Latency = 0> <II = 1> <Delay = 0.73> <FuncUnit> <Opcode : 'select'> <InPorts = 3> <OutPorts = 1>
ST_5 : Operation 134 [1/1] (7.18ns)   --->   "%mul_ln167 = mul i27 %trunc_ln167, i27 %empty" [SystolicArray/main.cpp:167]   --->   Operation 134 'mul' 'mul_ln167' <Predicate = true> <Delay = 7.18> <CoreInst = "Multiplier">   --->   Core 3 'Multiplier' <Latency = 0> <II = 1> <Delay = 7.18> <FuncUnit> <Opcode : 'mul'> <InPorts = 2> <OutPorts = 1>
ST_5 : Operation 135 [1/1] (6.65ns)   --->   "%mul_ln167_1 = mul i25 %trunc_ln167_1, i25 %empty_1055" [SystolicArray/main.cpp:167]   --->   Operation 135 'mul' 'mul_ln167_1' <Predicate = true> <Delay = 6.65> <CoreInst = "Multiplier">   --->   Core 3 'Multiplier' <Latency = 0> <II = 1> <Delay = 6.65> <FuncUnit> <Opcode : 'mul'> <InPorts = 2> <OutPorts = 1>
ST_5 : Operation 136 [1/1] (0.00ns)   --->   "%trunc_ln168 = trunc i31 %select_ln167" [SystolicArray/main.cpp:168]   --->   Operation 136 'trunc' 'trunc_ln168' <Predicate = true> <Delay = 0.00>
ST_5 : Operation 137 [1/1] (0.00ns)   --->   "%trunc_ln168_1 = trunc i31 %select_ln167" [SystolicArray/main.cpp:168]   --->   Operation 137 'trunc' 'trunc_ln168_1' <Predicate = true> <Delay = 0.00>
ST_5 : Operation 138 [1/1] (0.00ns)   --->   "%specloopname_ln168 = specloopname void @_ssdm_op_SpecLoopName, void @empty_1017" [SystolicArray/main.cpp:168]   --->   Operation 138 'specloopname' 'specloopname_ln168' <Predicate = true> <Delay = 0.00>
ST_5 : Operation 139 [1/2] (0.00ns)   --->   "%call_ln0 = call void @pipelined_layer_processor_Pipeline_Clear, i32 %tile_C_V, i32 %tile_C_V_1, i32 %tile_C_V_2, i32 %tile_C_V_3, i32 %tile_C_V_4, i32 %tile_C_V_5, i32 %tile_C_V_6, i32 %tile_C_V_7, i32 %tile_C_V_8, i32 %tile_C_V_9, i32 %tile_C_V_10, i32 %tile_C_V_11, i32 %tile_C_V_12, i32 %tile_C_V_13, i32 %tile_C_V_14, i32 %tile_C_V_15"   --->   Operation 139 'call' 'call_ln0' <Predicate = true> <Delay = 0.00> <CoreType = "Generic">   --->   Core 0 '' <Latency = 0> <II = 1> <Delay = 1.00> <Generic> <Opcode : >
ST_5 : Operation 140 [1/1] (1.58ns)   --->   "%br_ln176 = br void %for.inc62" [SystolicArray/main.cpp:176]   --->   Operation 140 'br' 'br_ln176' <Predicate = true> <Delay = 1.58>

State 6 <SV = 5> <Delay = 5.99>
ST_6 : Operation 141 [1/1] (0.00ns)   --->   "%k = phi i31 %k_1, void %for.inc62.split, i31 0, void %for.inc71.loopexit"   --->   Operation 141 'phi' 'k' <Predicate = true> <Delay = 0.00>
ST_6 : Operation 142 [1/1] (0.00ns)   --->   "%phi_mul = phi i27 %add_ln180, void %for.inc62.split, i27 0, void %for.inc71.loopexit" [SystolicArray/main.cpp:180]   --->   Operation 142 'phi' 'phi_mul' <Predicate = true> <Delay = 0.00>
ST_6 : Operation 143 [1/1] (0.00ns)   --->   "%zext_ln176 = zext i31 %k" [SystolicArray/main.cpp:176]   --->   Operation 143 'zext' 'zext_ln176' <Predicate = true> <Delay = 0.00>
ST_6 : Operation 144 [1/1] (0.00ns)   --->   "%trunc_ln176 = trunc i31 %k" [SystolicArray/main.cpp:176]   --->   Operation 144 'trunc' 'trunc_ln176' <Predicate = true> <Delay = 0.00>
ST_6 : Operation 145 [1/1] (2.47ns)   --->   "%icmp_ln176 = icmp_slt  i32 %zext_ln176, i32 %num_depth_tiles_read" [SystolicArray/main.cpp:176]   --->   Operation 145 'icmp' 'icmp_ln176' <Predicate = true> <Delay = 2.47> <CoreInst = "Cmp">   --->   Core 9 'Cmp' <Latency = 0> <II = 1> <Delay = 2.47> <FuncUnit> <Opcode : 'icmp'> <InPorts = 2> <OutPorts = 1>
ST_6 : Operation 146 [1/1] (2.52ns)   --->   "%k_1 = add i31 %k, i31 1" [SystolicArray/main.cpp:176]   --->   Operation 146 'add' 'k_1' <Predicate = true> <Delay = 2.52> <CoreInst = "Adder">   --->   Core 1 'Adder' <Latency = 0> <II = 1> <Delay = 2.52> <FuncUnit> <Opcode : 'add' 'sub'> <InPorts = 2> <OutPorts = 1>
ST_6 : Operation 147 [1/1] (0.00ns)   --->   "%br_ln176 = br i1 %icmp_ln176, void %for.inc68.loopexit, void %for.inc62.split" [SystolicArray/main.cpp:176]   --->   Operation 147 'br' 'br_ln176' <Predicate = true> <Delay = 0.00>
ST_6 : Operation 148 [1/1] (2.40ns)   --->   "%idx_A = add i27 %trunc_ln176, i27 %mul_ln167" [SystolicArray/main.cpp:179]   --->   Operation 148 'add' 'idx_A' <Predicate = (icmp_ln176)> <Delay = 2.40> <CoreInst = "Adder">   --->   Core 1 'Adder' <Latency = 0> <II = 1> <Delay = 2.40> <FuncUnit> <Opcode : 'add' 'sub'> <InPorts = 2> <OutPorts = 1>
ST_6 : Operation 149 [1/1] (2.40ns)   --->   "%add_ln180 = add i27 %phi_mul, i27 %trunc_ln180" [SystolicArray/main.cpp:180]   --->   Operation 149 'add' 'add_ln180' <Predicate = (icmp_ln176)> <Delay = 2.40> <CoreInst = "Adder">   --->   Core 1 'Adder' <Latency = 0> <II = 1> <Delay = 2.40> <FuncUnit> <Opcode : 'add' 'sub'> <InPorts = 2> <OutPorts = 1>
ST_6 : Operation 150 [1/1] (2.40ns)   --->   "%idx_B = add i27 %phi_mul, i27 %trunc_ln168_1" [SystolicArray/main.cpp:180]   --->   Operation 150 'add' 'idx_B' <Predicate = (icmp_ln176)> <Delay = 2.40> <CoreInst = "Adder">   --->   Core 1 'Adder' <Latency = 0> <II = 1> <Delay = 2.40> <FuncUnit> <Opcode : 'add' 'sub'> <InPorts = 2> <OutPorts = 1>
ST_6 : Operation 151 [2/2] (3.52ns)   --->   "%call_ln182 = call void @read_big_tile, i256 %gmem0, i64 %mat_A_read, i256 %tile_A_V, i256 %tile_A_V_1, i256 %tile_A_V_2, i256 %tile_A_V_3, i256 %tile_A_V_4, i256 %tile_A_V_5, i256 %tile_A_V_6, i256 %tile_A_V_7, i256 %tile_A_V_8, i256 %tile_A_V_9, i256 %tile_A_V_10, i256 %tile_A_V_11, i256 %tile_A_V_12, i256 %tile_A_V_13, i256 %tile_A_V_14, i256 %tile_A_V_15, i27 %idx_A" [SystolicArray/main.cpp:182]   --->   Operation 151 'call' 'call_ln182' <Predicate = (icmp_ln176)> <Delay = 3.52> <CoreType = "Generic">   --->   Core 0 '' <Latency = 0> <II = 1> <Delay = 1.00> <Generic> <Opcode : >
ST_6 : Operation 152 [2/2] (3.52ns)   --->   "%call_ln183 = call void @read_big_tile.1, i256 %gmem1, i64 %mat_B_read, i256 %tile_B_V, i27 %idx_B" [SystolicArray/main.cpp:183]   --->   Operation 152 'call' 'call_ln183' <Predicate = (icmp_ln176)> <Delay = 3.52> <CoreType = "Generic">   --->   Core 0 '' <Latency = 0> <II = 1> <Delay = 1.00> <Generic> <Opcode : >
ST_6 : Operation 153 [1/1] (2.34ns)   --->   "%idx_C = add i25 %trunc_ln168, i25 %mul_ln167_1" [SystolicArray/main.cpp:187]   --->   Operation 153 'add' 'idx_C' <Predicate = (!icmp_ln176)> <Delay = 2.34> <CoreInst = "Adder">   --->   Core 1 'Adder' <Latency = 0> <II = 1> <Delay = 2.34> <FuncUnit> <Opcode : 'add' 'sub'> <InPorts = 2> <OutPorts = 1>
ST_6 : Operation 154 [2/2] (3.52ns)   --->   "%call_ln188 = call void @write_big_tile, i32 %tile_C_V, i32 %tile_C_V_1, i32 %tile_C_V_2, i32 %tile_C_V_3, i32 %tile_C_V_4, i32 %tile_C_V_5, i32 %tile_C_V_6, i32 %tile_C_V_7, i32 %tile_C_V_8, i32 %tile_C_V_9, i32 %tile_C_V_10, i32 %tile_C_V_11, i32 %tile_C_V_12, i32 %tile_C_V_13, i32 %tile_C_V_14, i32 %tile_C_V_15, i256 %gmem0, i64 %mat_C_read, i25 %idx_C" [SystolicArray/main.cpp:188]   --->   Operation 154 'call' 'call_ln188' <Predicate = (!icmp_ln176)> <Delay = 3.52> <CoreType = "Generic">   --->   Core 0 '' <Latency = 0> <II = 1> <Delay = 1.00> <Generic> <Opcode : >
ST_6 : Operation 155 [1/1] (2.52ns)   --->   "%j_3 = add i31 %select_ln167, i31 1" [SystolicArray/main.cpp:168]   --->   Operation 155 'add' 'j_3' <Predicate = (!icmp_ln176)> <Delay = 2.52> <CoreInst = "Adder">   --->   Core 1 'Adder' <Latency = 0> <II = 1> <Delay = 2.52> <FuncUnit> <Opcode : 'add' 'sub'> <InPorts = 2> <OutPorts = 1>
ST_6 : Operation 156 [1/1] (1.58ns)   --->   "%store_ln168 = store i64 %add_ln167, i64 %indvar_flatten" [SystolicArray/main.cpp:168]   --->   Operation 156 'store' 'store_ln168' <Predicate = (!icmp_ln176)> <Delay = 1.58>
ST_6 : Operation 157 [1/1] (1.58ns)   --->   "%store_ln168 = store i31 %select_ln167_1, i31 %i" [SystolicArray/main.cpp:168]   --->   Operation 157 'store' 'store_ln168' <Predicate = (!icmp_ln176)> <Delay = 1.58>
ST_6 : Operation 158 [1/1] (1.58ns)   --->   "%store_ln168 = store i31 %j_3, i31 %j" [SystolicArray/main.cpp:168]   --->   Operation 158 'store' 'store_ln168' <Predicate = (!icmp_ln176)> <Delay = 1.58>

State 7 <SV = 6> <Delay = 0.00>
ST_7 : Operation 159 [1/2] (0.00ns)   --->   "%call_ln182 = call void @read_big_tile, i256 %gmem0, i64 %mat_A_read, i256 %tile_A_V, i256 %tile_A_V_1, i256 %tile_A_V_2, i256 %tile_A_V_3, i256 %tile_A_V_4, i256 %tile_A_V_5, i256 %tile_A_V_6, i256 %tile_A_V_7, i256 %tile_A_V_8, i256 %tile_A_V_9, i256 %tile_A_V_10, i256 %tile_A_V_11, i256 %tile_A_V_12, i256 %tile_A_V_13, i256 %tile_A_V_14, i256 %tile_A_V_15, i27 %idx_A" [SystolicArray/main.cpp:182]   --->   Operation 159 'call' 'call_ln182' <Predicate = true> <Delay = 0.00> <CoreType = "Generic">   --->   Core 0 '' <Latency = 0> <II = 1> <Delay = 1.00> <Generic> <Opcode : >
ST_7 : Operation 160 [1/2] (0.00ns)   --->   "%call_ln183 = call void @read_big_tile.1, i256 %gmem1, i64 %mat_B_read, i256 %tile_B_V, i27 %idx_B" [SystolicArray/main.cpp:183]   --->   Operation 160 'call' 'call_ln183' <Predicate = true> <Delay = 0.00> <CoreType = "Generic">   --->   Core 0 '' <Latency = 0> <II = 1> <Delay = 1.00> <Generic> <Opcode : >

State 8 <SV = 7> <Delay = 0.00>
ST_8 : Operation 161 [2/2] (0.00ns)   --->   "%call_ln184 = call void @compute_systolic, i256 %tile_A_V, i256 %tile_A_V_1, i256 %tile_A_V_2, i256 %tile_A_V_3, i256 %tile_A_V_4, i256 %tile_A_V_5, i256 %tile_A_V_6, i256 %tile_A_V_7, i256 %tile_A_V_8, i256 %tile_A_V_9, i256 %tile_A_V_10, i256 %tile_A_V_11, i256 %tile_A_V_12, i256 %tile_A_V_13, i256 %tile_A_V_14, i256 %tile_A_V_15, i256 %tile_B_V, i32 %tile_C_V, i32 %tile_C_V_1, i32 %tile_C_V_2, i32 %tile_C_V_3, i32 %tile_C_V_4, i32 %tile_C_V_5, i32 %tile_C_V_6, i32 %tile_C_V_7, i32 %tile_C_V_8, i32 %tile_C_V_9, i32 %tile_C_V_10, i32 %tile_C_V_11, i32 %tile_C_V_12, i32 %tile_C_V_13, i32 %tile_C_V_14, i32 %tile_C_V_15" [SystolicArray/main.cpp:184]   --->   Operation 161 'call' 'call_ln184' <Predicate = true> <Delay = 0.00> <CoreType = "Generic">   --->   Core 0 '' <Latency = 0> <II = 1> <Delay = 1.00> <Generic> <Opcode : >

State 9 <SV = 8> <Delay = 0.00>
ST_9 : Operation 162 [1/1] (0.00ns)   --->   "%specloopname_ln176 = specloopname void @_ssdm_op_SpecLoopName, void @empty_1016" [SystolicArray/main.cpp:176]   --->   Operation 162 'specloopname' 'specloopname_ln176' <Predicate = true> <Delay = 0.00>
ST_9 : Operation 163 [1/2] (0.00ns)   --->   "%call_ln184 = call void @compute_systolic, i256 %tile_A_V, i256 %tile_A_V_1, i256 %tile_A_V_2, i256 %tile_A_V_3, i256 %tile_A_V_4, i256 %tile_A_V_5, i256 %tile_A_V_6, i256 %tile_A_V_7, i256 %tile_A_V_8, i256 %tile_A_V_9, i256 %tile_A_V_10, i256 %tile_A_V_11, i256 %tile_A_V_12, i256 %tile_A_V_13, i256 %tile_A_V_14, i256 %tile_A_V_15, i256 %tile_B_V, i32 %tile_C_V, i32 %tile_C_V_1, i32 %tile_C_V_2, i32 %tile_C_V_3, i32 %tile_C_V_4, i32 %tile_C_V_5, i32 %tile_C_V_6, i32 %tile_C_V_7, i32 %tile_C_V_8, i32 %tile_C_V_9, i32 %tile_C_V_10, i32 %tile_C_V_11, i32 %tile_C_V_12, i32 %tile_C_V_13, i32 %tile_C_V_14, i32 %tile_C_V_15" [SystolicArray/main.cpp:184]   --->   Operation 163 'call' 'call_ln184' <Predicate = true> <Delay = 0.00> <CoreType = "Generic">   --->   Core 0 '' <Latency = 0> <II = 1> <Delay = 1.00> <Generic> <Opcode : >
ST_9 : Operation 164 [1/1] (0.00ns)   --->   "%br_ln176 = br void %for.inc62" [SystolicArray/main.cpp:176]   --->   Operation 164 'br' 'br_ln176' <Predicate = true> <Delay = 0.00>

State 10 <SV = 6> <Delay = 0.00>
ST_10 : Operation 165 [1/2] (0.00ns)   --->   "%call_ln188 = call void @write_big_tile, i32 %tile_C_V, i32 %tile_C_V_1, i32 %tile_C_V_2, i32 %tile_C_V_3, i32 %tile_C_V_4, i32 %tile_C_V_5, i32 %tile_C_V_6, i32 %tile_C_V_7, i32 %tile_C_V_8, i32 %tile_C_V_9, i32 %tile_C_V_10, i32 %tile_C_V_11, i32 %tile_C_V_12, i32 %tile_C_V_13, i32 %tile_C_V_14, i32 %tile_C_V_15, i256 %gmem0, i64 %mat_C_read, i25 %idx_C" [SystolicArray/main.cpp:188]   --->   Operation 165 'call' 'call_ln188' <Predicate = true> <Delay = 0.00> <CoreType = "Generic">   --->   Core 0 '' <Latency = 0> <II = 1> <Delay = 1.00> <Generic> <Opcode : >
ST_10 : Operation 166 [1/1] (0.00ns)   --->   "%br_ln168 = br void %Clear" [SystolicArray/main.cpp:168]   --->   Operation 166 'br' 'br_ln168' <Predicate = true> <Delay = 0.00>


============================================================
+ Verbose Summary: Timing violations
============================================================
Target clock period: 10ns, clock uncertainty: 2.7ns.

 <State 1>: 1.59ns
The critical path consists of the following:
	'alloca' operation ('indvar_flatten') [11]  (0 ns)
	'store' operation ('store_ln167', SystolicArray/main.cpp:167) of constant 0 on local variable 'indvar_flatten' [111]  (1.59 ns)

 <State 2>: 6.91ns
The critical path consists of the following:
	'mul' operation ('mul_ln130', SystolicArray/main.cpp:130) [110]  (6.91 ns)

 <State 3>: 6.91ns
The critical path consists of the following:
	'mul' operation ('mul_ln130', SystolicArray/main.cpp:130) [110]  (6.91 ns)

 <State 4>: 3.52ns
The critical path consists of the following:
	'load' operation ('indvar_flatten_load', SystolicArray/main.cpp:167) on local variable 'indvar_flatten' [117]  (0 ns)
	'add' operation ('add_ln167', SystolicArray/main.cpp:167) [121]  (3.52 ns)

 <State 5>: 7.18ns
The critical path consists of the following:
	'mul' operation ('mul_ln167', SystolicArray/main.cpp:167) [130]  (7.18 ns)

 <State 6>: 5.99ns
The critical path consists of the following:
	'phi' operation ('k') with incoming values : ('k', SystolicArray/main.cpp:176) [139]  (0 ns)
	'add' operation ('idx_A', SystolicArray/main.cpp:179) [148]  (2.4 ns)
	'call' operation ('call_ln182', SystolicArray/main.cpp:182) to 'read_big_tile' [151]  (3.52 ns)
	blocking operation 0.0694 ns on control path)

 <State 7>: 0ns
The critical path consists of the following:

 <State 8>: 0ns
The critical path consists of the following:

 <State 9>: 0ns
The critical path consists of the following:

 <State 10>: 0ns
The critical path consists of the following:


============================================================
+ Verbose Summary: Binding
============================================================
N/A
* FSMD analyzer results:
  - Output states:
 - Input state : 
  - Chain level:
	State 1
	State 2
	State 3
	State 4
	State 5
	State 6
	State 7
	State 8
	State 9
	State 10


============================================================
+ Verbose Summary: Datapath Resource usage 
============================================================
N/A
