

================================================================
== Vitis HLS Report for 'read_big_tile_Pipeline_Read_Loop'
================================================================
* Date:           Mon May 25 15:50:19 2026

* Version:        2022.2 (Build 3670227 on Oct 13 2022)
* Project:        SystolicArray
* Solution:       solution1 (Vivado IP Flow Target)
* Product family: zynq
* Target device:  xc7z020-clg400-1


================================================================
== Performance Estimates
================================================================
+ Timing: 
    * Summary: 
    +--------+----------+----------+------------+
    |  Clock |  Target  | Estimated| Uncertainty|
    +--------+----------+----------+------------+
    |ap_clk  |  10.00 ns|  7.300 ns|     2.70 ns|
    +--------+----------+----------+------------+

+ Latency: 
    * Summary: 
    +---------+---------+----------+----------+-----+-----+---------+
    |  Latency (cycles) |  Latency (absolute) |  Interval | Pipeline|
    |   min   |   max   |    min   |    max   | min | max |   Type  |
    +---------+---------+----------+----------+-----+-----+---------+
    |       35|       35|  0.350 us|  0.350 us|   35|   35|       no|
    +---------+---------+----------+----------+-----+-----+---------+

    + Detail: 
        * Instance: 
        N/A

        * Loop: 
        +-------------+---------+---------+----------+-----------+-----------+------+----------+
        |             |  Latency (cycles) | Iteration|  Initiation Interval  | Trip |          |
        |  Loop Name  |   min   |   max   |  Latency |  achieved |   target  | Count| Pipelined|
        +-------------+---------+---------+----------+-----------+-----------+------+----------+
        |- Read_Loop  |       33|       33|         3|          1|          1|    32|       yes|
        +-------------+---------+---------+----------+-----------+-----------+------+----------+

============================================================
+ Verbose Summary: Synthesis Manager
============================================================
InlineROM: 1
ExposeGlobal: 0
============================================================
+ Verbose Summary: CDFG Model
============================================================
IsTopModel: 0
ResetActiveHigh: 1
IsCombinational: 0
IsDatapathOnly: 0
HasWiredReturn: 1
HasMFsm: 2
HasVarLatency: 1
IsPipeline: 0
IsRtlPipelined: 0
IsInstanceOverlapped: 0
IsDontTouch: 0
HasImplIP: 0
IsGatedGlobalClock: 0

+ Individual pipeline summary: 
  * Pipeline-0: initiation interval (II) = 1, depth = 3


============================================================
+ Verbose Summary: Schedule
============================================================
* Number of FSM states : 3
* Pipeline : 1
  Pipeline-0 : II = 1, D = 3, States = { 1 2 3 }
* Dataflow Pipeline: 0

* FSM state transitions: 
1 --> 2 
2 --> 3 
3 --> 

* FSM state operations: 

State 1 <SV = 0> <Delay = 3.41>
ST_1 : Operation 6 [1/1] (0.00ns)   --->   "%i = alloca i32 1"   --->   Operation 6 'alloca' 'i' <Predicate = true> <Delay = 0.00>
ST_1 : Operation 7 [1/1] (0.00ns)   --->   "%sext_ln15_2_read = read i59 @_ssdm_op_Read.ap_auto.i59, i59 %sext_ln15_2"   --->   Operation 7 'read' 'sext_ln15_2_read' <Predicate = true> <Delay = 0.00>
ST_1 : Operation 8 [1/1] (0.00ns)   --->   "%sext_ln15_2_cast = sext i59 %sext_ln15_2_read"   --->   Operation 8 'sext' 'sext_ln15_2_cast' <Predicate = true> <Delay = 0.00>
ST_1 : Operation 9 [1/1] (0.00ns)   --->   "%specmemcore_ln0 = specmemcore void @_ssdm_op_SpecMemCore, i256 %local_buffer_15, i64 666, i64 22, i64 18446744073709551615"   --->   Operation 9 'specmemcore' 'specmemcore_ln0' <Predicate = true> <Delay = 0.00>
ST_1 : Operation 10 [1/1] (0.00ns)   --->   "%specmemcore_ln0 = specmemcore void @_ssdm_op_SpecMemCore, i256 %local_buffer_14, i64 666, i64 22, i64 18446744073709551615"   --->   Operation 10 'specmemcore' 'specmemcore_ln0' <Predicate = true> <Delay = 0.00>
ST_1 : Operation 11 [1/1] (0.00ns)   --->   "%specmemcore_ln0 = specmemcore void @_ssdm_op_SpecMemCore, i256 %local_buffer_13, i64 666, i64 22, i64 18446744073709551615"   --->   Operation 11 'specmemcore' 'specmemcore_ln0' <Predicate = true> <Delay = 0.00>
ST_1 : Operation 12 [1/1] (0.00ns)   --->   "%specmemcore_ln0 = specmemcore void @_ssdm_op_SpecMemCore, i256 %local_buffer_12, i64 666, i64 22, i64 18446744073709551615"   --->   Operation 12 'specmemcore' 'specmemcore_ln0' <Predicate = true> <Delay = 0.00>
ST_1 : Operation 13 [1/1] (0.00ns)   --->   "%specmemcore_ln0 = specmemcore void @_ssdm_op_SpecMemCore, i256 %local_buffer_11, i64 666, i64 22, i64 18446744073709551615"   --->   Operation 13 'specmemcore' 'specmemcore_ln0' <Predicate = true> <Delay = 0.00>
ST_1 : Operation 14 [1/1] (0.00ns)   --->   "%specmemcore_ln0 = specmemcore void @_ssdm_op_SpecMemCore, i256 %local_buffer_10, i64 666, i64 22, i64 18446744073709551615"   --->   Operation 14 'specmemcore' 'specmemcore_ln0' <Predicate = true> <Delay = 0.00>
ST_1 : Operation 15 [1/1] (0.00ns)   --->   "%specmemcore_ln0 = specmemcore void @_ssdm_op_SpecMemCore, i256 %local_buffer_9, i64 666, i64 22, i64 18446744073709551615"   --->   Operation 15 'specmemcore' 'specmemcore_ln0' <Predicate = true> <Delay = 0.00>
ST_1 : Operation 16 [1/1] (0.00ns)   --->   "%specmemcore_ln0 = specmemcore void @_ssdm_op_SpecMemCore, i256 %local_buffer_8, i64 666, i64 22, i64 18446744073709551615"   --->   Operation 16 'specmemcore' 'specmemcore_ln0' <Predicate = true> <Delay = 0.00>
ST_1 : Operation 17 [1/1] (0.00ns)   --->   "%specmemcore_ln0 = specmemcore void @_ssdm_op_SpecMemCore, i256 %local_buffer_7, i64 666, i64 22, i64 18446744073709551615"   --->   Operation 17 'specmemcore' 'specmemcore_ln0' <Predicate = true> <Delay = 0.00>
ST_1 : Operation 18 [1/1] (0.00ns)   --->   "%specmemcore_ln0 = specmemcore void @_ssdm_op_SpecMemCore, i256 %local_buffer_6, i64 666, i64 22, i64 18446744073709551615"   --->   Operation 18 'specmemcore' 'specmemcore_ln0' <Predicate = true> <Delay = 0.00>
ST_1 : Operation 19 [1/1] (0.00ns)   --->   "%specmemcore_ln0 = specmemcore void @_ssdm_op_SpecMemCore, i256 %local_buffer_5, i64 666, i64 22, i64 18446744073709551615"   --->   Operation 19 'specmemcore' 'specmemcore_ln0' <Predicate = true> <Delay = 0.00>
ST_1 : Operation 20 [1/1] (0.00ns)   --->   "%specmemcore_ln0 = specmemcore void @_ssdm_op_SpecMemCore, i256 %local_buffer_4, i64 666, i64 22, i64 18446744073709551615"   --->   Operation 20 'specmemcore' 'specmemcore_ln0' <Predicate = true> <Delay = 0.00>
ST_1 : Operation 21 [1/1] (0.00ns)   --->   "%specmemcore_ln0 = specmemcore void @_ssdm_op_SpecMemCore, i256 %local_buffer_3, i64 666, i64 22, i64 18446744073709551615"   --->   Operation 21 'specmemcore' 'specmemcore_ln0' <Predicate = true> <Delay = 0.00>
ST_1 : Operation 22 [1/1] (0.00ns)   --->   "%specmemcore_ln0 = specmemcore void @_ssdm_op_SpecMemCore, i256 %local_buffer_2, i64 666, i64 22, i64 18446744073709551615"   --->   Operation 22 'specmemcore' 'specmemcore_ln0' <Predicate = true> <Delay = 0.00>
ST_1 : Operation 23 [1/1] (0.00ns)   --->   "%specmemcore_ln0 = specmemcore void @_ssdm_op_SpecMemCore, i256 %local_buffer_1, i64 666, i64 22, i64 18446744073709551615"   --->   Operation 23 'specmemcore' 'specmemcore_ln0' <Predicate = true> <Delay = 0.00>
ST_1 : Operation 24 [1/1] (0.00ns)   --->   "%specmemcore_ln0 = specmemcore void @_ssdm_op_SpecMemCore, i256 %local_buffer_0, i64 666, i64 22, i64 18446744073709551615"   --->   Operation 24 'specmemcore' 'specmemcore_ln0' <Predicate = true> <Delay = 0.00>
ST_1 : Operation 25 [1/1] (0.00ns)   --->   "%specinterface_ln0 = specinterface void @_ssdm_op_SpecInterface, i256 %gmem0, void @empty_1045, i32 0, i32 0, void @empty_1037, i32 0, i32 4000, void @empty_1023, void @empty_1032, void @empty_1037, i32 4, i32 4, i32 64, i32 64, void @empty_1037, void @empty_1037, i32 4294967295, i32 0"   --->   Operation 25 'specinterface' 'specinterface_ln0' <Predicate = true> <Delay = 0.00>
ST_1 : Operation 26 [1/1] (1.58ns)   --->   "%store_ln0 = store i6 0, i6 %i"   --->   Operation 26 'store' 'store_ln0' <Predicate = true> <Delay = 1.58>
ST_1 : Operation 27 [1/1] (0.00ns)   --->   "%br_ln0 = br void %for.inc"   --->   Operation 27 'br' 'br_ln0' <Predicate = true> <Delay = 0.00>
ST_1 : Operation 28 [1/1] (0.00ns)   --->   "%i_1 = load i6 %i" [SystolicArray/main.cpp:22]   --->   Operation 28 'load' 'i_1' <Predicate = true> <Delay = 0.00>
ST_1 : Operation 29 [1/1] (1.42ns)   --->   "%icmp_ln15 = icmp_eq  i6 %i_1, i6 32" [SystolicArray/main.cpp:15]   --->   Operation 29 'icmp' 'icmp_ln15' <Predicate = true> <Delay = 1.42> <CoreInst = "Cmp">   --->   Core 9 'Cmp' <Latency = 0> <II = 1> <Delay = 1.42> <FuncUnit> <Opcode : 'icmp'> <InPorts = 2> <OutPorts = 1>
ST_1 : Operation 30 [1/1] (1.82ns)   --->   "%add_ln15 = add i6 %i_1, i6 1" [SystolicArray/main.cpp:15]   --->   Operation 30 'add' 'add_ln15' <Predicate = true> <Delay = 1.82> <CoreInst = "Adder">   --->   Core 1 'Adder' <Latency = 0> <II = 1> <Delay = 1.82> <FuncUnit> <Opcode : 'add' 'sub'> <InPorts = 2> <OutPorts = 1>
ST_1 : Operation 31 [1/1] (0.00ns)   --->   "%br_ln15 = br i1 %icmp_ln15, void %for.inc.split, void %for.end15.exitStub" [SystolicArray/main.cpp:15]   --->   Operation 31 'br' 'br_ln15' <Predicate = true> <Delay = 0.00>
ST_1 : Operation 32 [1/1] (0.00ns)   --->   "%tmp = bitselect i1 @_ssdm_op_BitSelect.i1.i6.i32, i6 %i_1, i32 4" [SystolicArray/main.cpp:22]   --->   Operation 32 'bitselect' 'tmp' <Predicate = (!icmp_ln15)> <Delay = 0.00>
ST_1 : Operation 33 [1/1] (0.00ns)   --->   "%trunc_ln22 = trunc i6 %i_1" [SystolicArray/main.cpp:22]   --->   Operation 33 'trunc' 'trunc_ln22' <Predicate = (!icmp_ln15)> <Delay = 0.00>
ST_1 : Operation 34 [1/1] (0.95ns)   --->   "%switch_ln22 = switch i4 %trunc_ln22, void %arrayidx121.3170.case.15, i4 0, void %arrayidx121.3170.case.0, i4 1, void %arrayidx121.3170.case.1, i4 2, void %arrayidx121.3170.case.2, i4 3, void %arrayidx121.3170.case.3, i4 4, void %arrayidx121.3170.case.4, i4 5, void %arrayidx121.3170.case.5, i4 6, void %arrayidx121.3170.case.6, i4 7, void %arrayidx121.3170.case.7, i4 8, void %arrayidx121.3170.case.8, i4 9, void %arrayidx121.3170.case.9, i4 10, void %arrayidx121.3170.case.10, i4 11, void %arrayidx121.3170.case.11, i4 12, void %arrayidx121.3170.case.12, i4 13, void %arrayidx121.3170.case.13, i4 14, void %arrayidx121.3170.case.14" [SystolicArray/main.cpp:22]   --->   Operation 34 'switch' 'switch_ln22' <Predicate = (!icmp_ln15)> <Delay = 0.95>
ST_1 : Operation 35 [1/1] (1.58ns)   --->   "%store_ln15 = store i6 %add_ln15, i6 %i" [SystolicArray/main.cpp:15]   --->   Operation 35 'store' 'store_ln15' <Predicate = (!icmp_ln15)> <Delay = 1.58>
ST_1 : Operation 36 [1/1] (0.00ns)   --->   "%br_ln15 = br void %for.inc" [SystolicArray/main.cpp:15]   --->   Operation 36 'br' 'br_ln15' <Predicate = (!icmp_ln15)> <Delay = 0.00>

State 2 <SV = 1> <Delay = 7.30>
ST_2 : Operation 37 [1/1] (0.00ns)   --->   "%gmem0_addr = getelementptr i256 %gmem0, i64 %sext_ln15_2_cast" [SystolicArray/main.cpp:15]   --->   Operation 37 'getelementptr' 'gmem0_addr' <Predicate = true> <Delay = 0.00>
ST_2 : Operation 38 [1/1] (0.00ns)   --->   "%empty = speclooptripcount i32 @_ssdm_op_SpecLoopTripCount, i64 32, i64 32, i64 32"   --->   Operation 38 'speclooptripcount' 'empty' <Predicate = true> <Delay = 0.00>
ST_2 : Operation 39 [1/1] (7.30ns)   --->   "%p_Val2_s = read i256 @_ssdm_op_Read.m_axi.p1i256, i256 %gmem0_addr" [SystolicArray/main.cpp:18]   --->   Operation 39 'read' 'p_Val2_s' <Predicate = (!icmp_ln15)> <Delay = 7.30> <CoreInst = "m_axi">   --->   Core 113 'm_axi' <Latency = 0> <II = 1> <Delay = 1.00> <Adapter> <Opcode : 'read' 'write' 'readreq' 'writereq' 'writeresp'>
ST_2 : Operation 91 [1/1] (0.00ns)   --->   "%ret_ln0 = ret"   --->   Operation 91 'ret' 'ret_ln0' <Predicate = (icmp_ln15)> <Delay = 0.00>

State 3 <SV = 2> <Delay = 3.25>
ST_3 : Operation 40 [1/1] (0.00ns)   --->   "%specpipeline_ln16 = specpipeline void @_ssdm_op_SpecPipeline, i32 1, i32 0, i32 0, i32 0, void @empty_1037" [SystolicArray/main.cpp:16]   --->   Operation 40 'specpipeline' 'specpipeline_ln16' <Predicate = true> <Delay = 0.00>
ST_3 : Operation 41 [1/1] (0.00ns)   --->   "%specloopname_ln15 = specloopname void @_ssdm_op_SpecLoopName, void @empty_1024" [SystolicArray/main.cpp:15]   --->   Operation 41 'specloopname' 'specloopname_ln15' <Predicate = true> <Delay = 0.00>
ST_3 : Operation 42 [1/1] (0.00ns)   --->   "%zext_ln22 = zext i1 %tmp" [SystolicArray/main.cpp:22]   --->   Operation 42 'zext' 'zext_ln22' <Predicate = true> <Delay = 0.00>
ST_3 : Operation 43 [1/1] (0.00ns)   --->   "%local_buffer_0_addr = getelementptr i256 %local_buffer_0, i64 0, i64 %zext_ln22" [SystolicArray/main.cpp:22]   --->   Operation 43 'getelementptr' 'local_buffer_0_addr' <Predicate = true> <Delay = 0.00>
ST_3 : Operation 44 [1/1] (0.00ns)   --->   "%local_buffer_1_addr = getelementptr i256 %local_buffer_1, i64 0, i64 %zext_ln22" [SystolicArray/main.cpp:22]   --->   Operation 44 'getelementptr' 'local_buffer_1_addr' <Predicate = true> <Delay = 0.00>
ST_3 : Operation 45 [1/1] (0.00ns)   --->   "%local_buffer_2_addr = getelementptr i256 %local_buffer_2, i64 0, i64 %zext_ln22" [SystolicArray/main.cpp:22]   --->   Operation 45 'getelementptr' 'local_buffer_2_addr' <Predicate = true> <Delay = 0.00>
ST_3 : Operation 46 [1/1] (0.00ns)   --->   "%local_buffer_3_addr = getelementptr i256 %local_buffer_3, i64 0, i64 %zext_ln22" [SystolicArray/main.cpp:22]   --->   Operation 46 'getelementptr' 'local_buffer_3_addr' <Predicate = true> <Delay = 0.00>
ST_3 : Operation 47 [1/1] (0.00ns)   --->   "%local_buffer_4_addr = getelementptr i256 %local_buffer_4, i64 0, i64 %zext_ln22" [SystolicArray/main.cpp:22]   --->   Operation 47 'getelementptr' 'local_buffer_4_addr' <Predicate = true> <Delay = 0.00>
ST_3 : Operation 48 [1/1] (0.00ns)   --->   "%local_buffer_5_addr = getelementptr i256 %local_buffer_5, i64 0, i64 %zext_ln22" [SystolicArray/main.cpp:22]   --->   Operation 48 'getelementptr' 'local_buffer_5_addr' <Predicate = true> <Delay = 0.00>
ST_3 : Operation 49 [1/1] (0.00ns)   --->   "%local_buffer_6_addr = getelementptr i256 %local_buffer_6, i64 0, i64 %zext_ln22" [SystolicArray/main.cpp:22]   --->   Operation 49 'getelementptr' 'local_buffer_6_addr' <Predicate = true> <Delay = 0.00>
ST_3 : Operation 50 [1/1] (0.00ns)   --->   "%local_buffer_7_addr = getelementptr i256 %local_buffer_7, i64 0, i64 %zext_ln22" [SystolicArray/main.cpp:22]   --->   Operation 50 'getelementptr' 'local_buffer_7_addr' <Predicate = true> <Delay = 0.00>
ST_3 : Operation 51 [1/1] (0.00ns)   --->   "%local_buffer_8_addr = getelementptr i256 %local_buffer_8, i64 0, i64 %zext_ln22" [SystolicArray/main.cpp:22]   --->   Operation 51 'getelementptr' 'local_buffer_8_addr' <Predicate = true> <Delay = 0.00>
ST_3 : Operation 52 [1/1] (0.00ns)   --->   "%local_buffer_9_addr = getelementptr i256 %local_buffer_9, i64 0, i64 %zext_ln22" [SystolicArray/main.cpp:22]   --->   Operation 52 'getelementptr' 'local_buffer_9_addr' <Predicate = true> <Delay = 0.00>
ST_3 : Operation 53 [1/1] (0.00ns)   --->   "%local_buffer_10_addr = getelementptr i256 %local_buffer_10, i64 0, i64 %zext_ln22" [SystolicArray/main.cpp:22]   --->   Operation 53 'getelementptr' 'local_buffer_10_addr' <Predicate = true> <Delay = 0.00>
ST_3 : Operation 54 [1/1] (0.00ns)   --->   "%local_buffer_11_addr = getelementptr i256 %local_buffer_11, i64 0, i64 %zext_ln22" [SystolicArray/main.cpp:22]   --->   Operation 54 'getelementptr' 'local_buffer_11_addr' <Predicate = true> <Delay = 0.00>
ST_3 : Operation 55 [1/1] (0.00ns)   --->   "%local_buffer_12_addr = getelementptr i256 %local_buffer_12, i64 0, i64 %zext_ln22" [SystolicArray/main.cpp:22]   --->   Operation 55 'getelementptr' 'local_buffer_12_addr' <Predicate = true> <Delay = 0.00>
ST_3 : Operation 56 [1/1] (0.00ns)   --->   "%local_buffer_13_addr = getelementptr i256 %local_buffer_13, i64 0, i64 %zext_ln22" [SystolicArray/main.cpp:22]   --->   Operation 56 'getelementptr' 'local_buffer_13_addr' <Predicate = true> <Delay = 0.00>
ST_3 : Operation 57 [1/1] (0.00ns)   --->   "%local_buffer_14_addr = getelementptr i256 %local_buffer_14, i64 0, i64 %zext_ln22" [SystolicArray/main.cpp:22]   --->   Operation 57 'getelementptr' 'local_buffer_14_addr' <Predicate = true> <Delay = 0.00>
ST_3 : Operation 58 [1/1] (0.00ns)   --->   "%local_buffer_15_addr = getelementptr i256 %local_buffer_15, i64 0, i64 %zext_ln22" [SystolicArray/main.cpp:22]   --->   Operation 58 'getelementptr' 'local_buffer_15_addr' <Predicate = true> <Delay = 0.00>
ST_3 : Operation 59 [1/1] (3.25ns)   --->   "%store_ln22 = store i256 %p_Val2_s, i1 %local_buffer_14_addr" [SystolicArray/main.cpp:22]   --->   Operation 59 'store' 'store_ln22' <Predicate = (trunc_ln22 == 14)> <Delay = 3.25> <CoreInst = "RAM_2P_BRAM">   --->   Core 91 'RAM_2P_BRAM' <Latency = 1> <II = 1> <Delay = 3.25> <Storage> <Opcode : 'load' 'store'> <Ports = 2> <Width = 256> <Depth = 2> <RAM>
ST_3 : Operation 60 [1/1] (0.00ns)   --->   "%br_ln22 = br void %arrayidx121.3170.exit" [SystolicArray/main.cpp:22]   --->   Operation 60 'br' 'br_ln22' <Predicate = (trunc_ln22 == 14)> <Delay = 0.00>
ST_3 : Operation 61 [1/1] (3.25ns)   --->   "%store_ln22 = store i256 %p_Val2_s, i1 %local_buffer_13_addr" [SystolicArray/main.cpp:22]   --->   Operation 61 'store' 'store_ln22' <Predicate = (trunc_ln22 == 13)> <Delay = 3.25> <CoreInst = "RAM_2P_BRAM">   --->   Core 91 'RAM_2P_BRAM' <Latency = 1> <II = 1> <Delay = 3.25> <Storage> <Opcode : 'load' 'store'> <Ports = 2> <Width = 256> <Depth = 2> <RAM>
ST_3 : Operation 62 [1/1] (0.00ns)   --->   "%br_ln22 = br void %arrayidx121.3170.exit" [SystolicArray/main.cpp:22]   --->   Operation 62 'br' 'br_ln22' <Predicate = (trunc_ln22 == 13)> <Delay = 0.00>
ST_3 : Operation 63 [1/1] (3.25ns)   --->   "%store_ln22 = store i256 %p_Val2_s, i1 %local_buffer_12_addr" [SystolicArray/main.cpp:22]   --->   Operation 63 'store' 'store_ln22' <Predicate = (trunc_ln22 == 12)> <Delay = 3.25> <CoreInst = "RAM_2P_BRAM">   --->   Core 91 'RAM_2P_BRAM' <Latency = 1> <II = 1> <Delay = 3.25> <Storage> <Opcode : 'load' 'store'> <Ports = 2> <Width = 256> <Depth = 2> <RAM>
ST_3 : Operation 64 [1/1] (0.00ns)   --->   "%br_ln22 = br void %arrayidx121.3170.exit" [SystolicArray/main.cpp:22]   --->   Operation 64 'br' 'br_ln22' <Predicate = (trunc_ln22 == 12)> <Delay = 0.00>
ST_3 : Operation 65 [1/1] (3.25ns)   --->   "%store_ln22 = store i256 %p_Val2_s, i1 %local_buffer_11_addr" [SystolicArray/main.cpp:22]   --->   Operation 65 'store' 'store_ln22' <Predicate = (trunc_ln22 == 11)> <Delay = 3.25> <CoreInst = "RAM_2P_BRAM">   --->   Core 91 'RAM_2P_BRAM' <Latency = 1> <II = 1> <Delay = 3.25> <Storage> <Opcode : 'load' 'store'> <Ports = 2> <Width = 256> <Depth = 2> <RAM>
ST_3 : Operation 66 [1/1] (0.00ns)   --->   "%br_ln22 = br void %arrayidx121.3170.exit" [SystolicArray/main.cpp:22]   --->   Operation 66 'br' 'br_ln22' <Predicate = (trunc_ln22 == 11)> <Delay = 0.00>
ST_3 : Operation 67 [1/1] (3.25ns)   --->   "%store_ln22 = store i256 %p_Val2_s, i1 %local_buffer_10_addr" [SystolicArray/main.cpp:22]   --->   Operation 67 'store' 'store_ln22' <Predicate = (trunc_ln22 == 10)> <Delay = 3.25> <CoreInst = "RAM_2P_BRAM">   --->   Core 91 'RAM_2P_BRAM' <Latency = 1> <II = 1> <Delay = 3.25> <Storage> <Opcode : 'load' 'store'> <Ports = 2> <Width = 256> <Depth = 2> <RAM>
ST_3 : Operation 68 [1/1] (0.00ns)   --->   "%br_ln22 = br void %arrayidx121.3170.exit" [SystolicArray/main.cpp:22]   --->   Operation 68 'br' 'br_ln22' <Predicate = (trunc_ln22 == 10)> <Delay = 0.00>
ST_3 : Operation 69 [1/1] (3.25ns)   --->   "%store_ln22 = store i256 %p_Val2_s, i1 %local_buffer_9_addr" [SystolicArray/main.cpp:22]   --->   Operation 69 'store' 'store_ln22' <Predicate = (trunc_ln22 == 9)> <Delay = 3.25> <CoreInst = "RAM_2P_BRAM">   --->   Core 91 'RAM_2P_BRAM' <Latency = 1> <II = 1> <Delay = 3.25> <Storage> <Opcode : 'load' 'store'> <Ports = 2> <Width = 256> <Depth = 2> <RAM>
ST_3 : Operation 70 [1/1] (0.00ns)   --->   "%br_ln22 = br void %arrayidx121.3170.exit" [SystolicArray/main.cpp:22]   --->   Operation 70 'br' 'br_ln22' <Predicate = (trunc_ln22 == 9)> <Delay = 0.00>
ST_3 : Operation 71 [1/1] (3.25ns)   --->   "%store_ln22 = store i256 %p_Val2_s, i1 %local_buffer_8_addr" [SystolicArray/main.cpp:22]   --->   Operation 71 'store' 'store_ln22' <Predicate = (trunc_ln22 == 8)> <Delay = 3.25> <CoreInst = "RAM_2P_BRAM">   --->   Core 91 'RAM_2P_BRAM' <Latency = 1> <II = 1> <Delay = 3.25> <Storage> <Opcode : 'load' 'store'> <Ports = 2> <Width = 256> <Depth = 2> <RAM>
ST_3 : Operation 72 [1/1] (0.00ns)   --->   "%br_ln22 = br void %arrayidx121.3170.exit" [SystolicArray/main.cpp:22]   --->   Operation 72 'br' 'br_ln22' <Predicate = (trunc_ln22 == 8)> <Delay = 0.00>
ST_3 : Operation 73 [1/1] (3.25ns)   --->   "%store_ln22 = store i256 %p_Val2_s, i1 %local_buffer_7_addr" [SystolicArray/main.cpp:22]   --->   Operation 73 'store' 'store_ln22' <Predicate = (trunc_ln22 == 7)> <Delay = 3.25> <CoreInst = "RAM_2P_BRAM">   --->   Core 91 'RAM_2P_BRAM' <Latency = 1> <II = 1> <Delay = 3.25> <Storage> <Opcode : 'load' 'store'> <Ports = 2> <Width = 256> <Depth = 2> <RAM>
ST_3 : Operation 74 [1/1] (0.00ns)   --->   "%br_ln22 = br void %arrayidx121.3170.exit" [SystolicArray/main.cpp:22]   --->   Operation 74 'br' 'br_ln22' <Predicate = (trunc_ln22 == 7)> <Delay = 0.00>
ST_3 : Operation 75 [1/1] (3.25ns)   --->   "%store_ln22 = store i256 %p_Val2_s, i1 %local_buffer_6_addr" [SystolicArray/main.cpp:22]   --->   Operation 75 'store' 'store_ln22' <Predicate = (trunc_ln22 == 6)> <Delay = 3.25> <CoreInst = "RAM_2P_BRAM">   --->   Core 91 'RAM_2P_BRAM' <Latency = 1> <II = 1> <Delay = 3.25> <Storage> <Opcode : 'load' 'store'> <Ports = 2> <Width = 256> <Depth = 2> <RAM>
ST_3 : Operation 76 [1/1] (0.00ns)   --->   "%br_ln22 = br void %arrayidx121.3170.exit" [SystolicArray/main.cpp:22]   --->   Operation 76 'br' 'br_ln22' <Predicate = (trunc_ln22 == 6)> <Delay = 0.00>
ST_3 : Operation 77 [1/1] (3.25ns)   --->   "%store_ln22 = store i256 %p_Val2_s, i1 %local_buffer_5_addr" [SystolicArray/main.cpp:22]   --->   Operation 77 'store' 'store_ln22' <Predicate = (trunc_ln22 == 5)> <Delay = 3.25> <CoreInst = "RAM_2P_BRAM">   --->   Core 91 'RAM_2P_BRAM' <Latency = 1> <II = 1> <Delay = 3.25> <Storage> <Opcode : 'load' 'store'> <Ports = 2> <Width = 256> <Depth = 2> <RAM>
ST_3 : Operation 78 [1/1] (0.00ns)   --->   "%br_ln22 = br void %arrayidx121.3170.exit" [SystolicArray/main.cpp:22]   --->   Operation 78 'br' 'br_ln22' <Predicate = (trunc_ln22 == 5)> <Delay = 0.00>
ST_3 : Operation 79 [1/1] (3.25ns)   --->   "%store_ln22 = store i256 %p_Val2_s, i1 %local_buffer_4_addr" [SystolicArray/main.cpp:22]   --->   Operation 79 'store' 'store_ln22' <Predicate = (trunc_ln22 == 4)> <Delay = 3.25> <CoreInst = "RAM_2P_BRAM">   --->   Core 91 'RAM_2P_BRAM' <Latency = 1> <II = 1> <Delay = 3.25> <Storage> <Opcode : 'load' 'store'> <Ports = 2> <Width = 256> <Depth = 2> <RAM>
ST_3 : Operation 80 [1/1] (0.00ns)   --->   "%br_ln22 = br void %arrayidx121.3170.exit" [SystolicArray/main.cpp:22]   --->   Operation 80 'br' 'br_ln22' <Predicate = (trunc_ln22 == 4)> <Delay = 0.00>
ST_3 : Operation 81 [1/1] (3.25ns)   --->   "%store_ln22 = store i256 %p_Val2_s, i1 %local_buffer_3_addr" [SystolicArray/main.cpp:22]   --->   Operation 81 'store' 'store_ln22' <Predicate = (trunc_ln22 == 3)> <Delay = 3.25> <CoreInst = "RAM_2P_BRAM">   --->   Core 91 'RAM_2P_BRAM' <Latency = 1> <II = 1> <Delay = 3.25> <Storage> <Opcode : 'load' 'store'> <Ports = 2> <Width = 256> <Depth = 2> <RAM>
ST_3 : Operation 82 [1/1] (0.00ns)   --->   "%br_ln22 = br void %arrayidx121.3170.exit" [SystolicArray/main.cpp:22]   --->   Operation 82 'br' 'br_ln22' <Predicate = (trunc_ln22 == 3)> <Delay = 0.00>
ST_3 : Operation 83 [1/1] (3.25ns)   --->   "%store_ln22 = store i256 %p_Val2_s, i1 %local_buffer_2_addr" [SystolicArray/main.cpp:22]   --->   Operation 83 'store' 'store_ln22' <Predicate = (trunc_ln22 == 2)> <Delay = 3.25> <CoreInst = "RAM_2P_BRAM">   --->   Core 91 'RAM_2P_BRAM' <Latency = 1> <II = 1> <Delay = 3.25> <Storage> <Opcode : 'load' 'store'> <Ports = 2> <Width = 256> <Depth = 2> <RAM>
ST_3 : Operation 84 [1/1] (0.00ns)   --->   "%br_ln22 = br void %arrayidx121.3170.exit" [SystolicArray/main.cpp:22]   --->   Operation 84 'br' 'br_ln22' <Predicate = (trunc_ln22 == 2)> <Delay = 0.00>
ST_3 : Operation 85 [1/1] (3.25ns)   --->   "%store_ln22 = store i256 %p_Val2_s, i1 %local_buffer_1_addr" [SystolicArray/main.cpp:22]   --->   Operation 85 'store' 'store_ln22' <Predicate = (trunc_ln22 == 1)> <Delay = 3.25> <CoreInst = "RAM_2P_BRAM">   --->   Core 91 'RAM_2P_BRAM' <Latency = 1> <II = 1> <Delay = 3.25> <Storage> <Opcode : 'load' 'store'> <Ports = 2> <Width = 256> <Depth = 2> <RAM>
ST_3 : Operation 86 [1/1] (0.00ns)   --->   "%br_ln22 = br void %arrayidx121.3170.exit" [SystolicArray/main.cpp:22]   --->   Operation 86 'br' 'br_ln22' <Predicate = (trunc_ln22 == 1)> <Delay = 0.00>
ST_3 : Operation 87 [1/1] (3.25ns)   --->   "%store_ln22 = store i256 %p_Val2_s, i1 %local_buffer_0_addr" [SystolicArray/main.cpp:22]   --->   Operation 87 'store' 'store_ln22' <Predicate = (trunc_ln22 == 0)> <Delay = 3.25> <CoreInst = "RAM_2P_BRAM">   --->   Core 91 'RAM_2P_BRAM' <Latency = 1> <II = 1> <Delay = 3.25> <Storage> <Opcode : 'load' 'store'> <Ports = 2> <Width = 256> <Depth = 2> <RAM>
ST_3 : Operation 88 [1/1] (0.00ns)   --->   "%br_ln22 = br void %arrayidx121.3170.exit" [SystolicArray/main.cpp:22]   --->   Operation 88 'br' 'br_ln22' <Predicate = (trunc_ln22 == 0)> <Delay = 0.00>
ST_3 : Operation 89 [1/1] (3.25ns)   --->   "%store_ln22 = store i256 %p_Val2_s, i1 %local_buffer_15_addr" [SystolicArray/main.cpp:22]   --->   Operation 89 'store' 'store_ln22' <Predicate = (trunc_ln22 == 15)> <Delay = 3.25> <CoreInst = "RAM_2P_BRAM">   --->   Core 91 'RAM_2P_BRAM' <Latency = 1> <II = 1> <Delay = 3.25> <Storage> <Opcode : 'load' 'store'> <Ports = 2> <Width = 256> <Depth = 2> <RAM>
ST_3 : Operation 90 [1/1] (0.00ns)   --->   "%br_ln22 = br void %arrayidx121.3170.exit" [SystolicArray/main.cpp:22]   --->   Operation 90 'br' 'br_ln22' <Predicate = (trunc_ln22 == 15)> <Delay = 0.00>


============================================================
+ Verbose Summary: Binding
============================================================
STG Binding: 
---------------- STG Properties BEGIN ----------------
- Is combinational: 0
- Is one-state seq: 0
- Is datapath-only: 0
- Is pipelined: 0
- Is top level: 0
Port [ Return ] is wired: 1; IO mode=ap_ctrl_hs:ce=0
Port [ gmem0]:  wired=1; compound=1; hidden=0; nouse=0; global=0; static=0; extern=0; dir=0; type=4; pingpong=0; private_global=0; IO mode=m_axi:ce=0
Port [ sext_ln15_2]:  wired=1; compound=0; hidden=0; nouse=0; global=0; static=0; extern=0; dir=0; type=0; pingpong=0; private_global=0; IO mode=ap_none:ce=0
Port [ local_buffer_0]:  wired=1; compound=1; hidden=0; nouse=0; global=0; static=0; extern=0; dir=1; type=1; pingpong=0; private_global=0; MemPort=[30]; IO mode=ap_memory:ce=0
Port [ local_buffer_1]:  wired=1; compound=1; hidden=0; nouse=0; global=0; static=0; extern=0; dir=1; type=1; pingpong=0; private_global=0; MemPort=[30]; IO mode=ap_memory:ce=0
Port [ local_buffer_2]:  wired=1; compound=1; hidden=0; nouse=0; global=0; static=0; extern=0; dir=1; type=1; pingpong=0; private_global=0; MemPort=[30]; IO mode=ap_memory:ce=0
Port [ local_buffer_3]:  wired=1; compound=1; hidden=0; nouse=0; global=0; static=0; extern=0; dir=1; type=1; pingpong=0; private_global=0; MemPort=[30]; IO mode=ap_memory:ce=0
Port [ local_buffer_4]:  wired=1; compound=1; hidden=0; nouse=0; global=0; static=0; extern=0; dir=1; type=1; pingpong=0; private_global=0; MemPort=[30]; IO mode=ap_memory:ce=0
Port [ local_buffer_5]:  wired=1; compound=1; hidden=0; nouse=0; global=0; static=0; extern=0; dir=1; type=1; pingpong=0; private_global=0; MemPort=[30]; IO mode=ap_memory:ce=0
Port [ local_buffer_6]:  wired=1; compound=1; hidden=0; nouse=0; global=0; static=0; extern=0; dir=1; type=1; pingpong=0; private_global=0; MemPort=[30]; IO mode=ap_memory:ce=0
Port [ local_buffer_7]:  wired=1; compound=1; hidden=0; nouse=0; global=0; static=0; extern=0; dir=1; type=1; pingpong=0; private_global=0; MemPort=[30]; IO mode=ap_memory:ce=0
Port [ local_buffer_8]:  wired=1; compound=1; hidden=0; nouse=0; global=0; static=0; extern=0; dir=1; type=1; pingpong=0; private_global=0; MemPort=[30]; IO mode=ap_memory:ce=0
Port [ local_buffer_9]:  wired=1; compound=1; hidden=0; nouse=0; global=0; static=0; extern=0; dir=1; type=1; pingpong=0; private_global=0; MemPort=[30]; IO mode=ap_memory:ce=0
Port [ local_buffer_10]:  wired=1; compound=1; hidden=0; nouse=0; global=0; static=0; extern=0; dir=1; type=1; pingpong=0; private_global=0; MemPort=[30]; IO mode=ap_memory:ce=0
Port [ local_buffer_11]:  wired=1; compound=1; hidden=0; nouse=0; global=0; static=0; extern=0; dir=1; type=1; pingpong=0; private_global=0; MemPort=[30]; IO mode=ap_memory:ce=0
Port [ local_buffer_12]:  wired=1; compound=1; hidden=0; nouse=0; global=0; static=0; extern=0; dir=1; type=1; pingpong=0; private_global=0; MemPort=[30]; IO mode=ap_memory:ce=0
Port [ local_buffer_13]:  wired=1; compound=1; hidden=0; nouse=0; global=0; static=0; extern=0; dir=1; type=1; pingpong=0; private_global=0; MemPort=[30]; IO mode=ap_memory:ce=0
Port [ local_buffer_14]:  wired=1; compound=1; hidden=0; nouse=0; global=0; static=0; extern=0; dir=1; type=1; pingpong=0; private_global=0; MemPort=[30]; IO mode=ap_memory:ce=0
Port [ local_buffer_15]:  wired=1; compound=1; hidden=0; nouse=0; global=0; static=0; extern=0; dir=1; type=1; pingpong=0; private_global=0; MemPort=[30]; IO mode=ap_memory:ce=0
---------------- STG Properties END ------------------

---------------- Datapath Model BEGIN ----------------

<LifeTime>
<method=bitvector/>
i                    (alloca           ) [ 0100]
sext_ln15_2_read     (read             ) [ 0000]
sext_ln15_2_cast     (sext             ) [ 0110]
specmemcore_ln0      (specmemcore      ) [ 0000]
specmemcore_ln0      (specmemcore      ) [ 0000]
specmemcore_ln0      (specmemcore      ) [ 0000]
specmemcore_ln0      (specmemcore      ) [ 0000]
specmemcore_ln0      (specmemcore      ) [ 0000]
specmemcore_ln0      (specmemcore      ) [ 0000]
specmemcore_ln0      (specmemcore      ) [ 0000]
specmemcore_ln0      (specmemcore      ) [ 0000]
specmemcore_ln0      (specmemcore      ) [ 0000]
specmemcore_ln0      (specmemcore      ) [ 0000]
specmemcore_ln0      (specmemcore      ) [ 0000]
specmemcore_ln0      (specmemcore      ) [ 0000]
specmemcore_ln0      (specmemcore      ) [ 0000]
specmemcore_ln0      (specmemcore      ) [ 0000]
specmemcore_ln0      (specmemcore      ) [ 0000]
specmemcore_ln0      (specmemcore      ) [ 0000]
specinterface_ln0    (specinterface    ) [ 0000]
store_ln0            (store            ) [ 0000]
br_ln0               (br               ) [ 0000]
i_1                  (load             ) [ 0000]
icmp_ln15            (icmp             ) [ 0110]
add_ln15             (add              ) [ 0000]
br_ln15              (br               ) [ 0000]
tmp                  (bitselect        ) [ 0111]
trunc_ln22           (trunc            ) [ 0111]
switch_ln22          (switch           ) [ 0000]
store_ln15           (store            ) [ 0000]
br_ln15              (br               ) [ 0000]
gmem0_addr           (getelementptr    ) [ 0000]
empty                (speclooptripcount) [ 0000]
p_Val2_s             (read             ) [ 0101]
specpipeline_ln16    (specpipeline     ) [ 0000]
specloopname_ln15    (specloopname     ) [ 0000]
zext_ln22            (zext             ) [ 0000]
local_buffer_0_addr  (getelementptr    ) [ 0000]
local_buffer_1_addr  (getelementptr    ) [ 0000]
local_buffer_2_addr  (getelementptr    ) [ 0000]
local_buffer_3_addr  (getelementptr    ) [ 0000]
local_buffer_4_addr  (getelementptr    ) [ 0000]
local_buffer_5_addr  (getelementptr    ) [ 0000]
local_buffer_6_addr  (getelementptr    ) [ 0000]
local_buffer_7_addr  (getelementptr    ) [ 0000]
local_buffer_8_addr  (getelementptr    ) [ 0000]
local_buffer_9_addr  (getelementptr    ) [ 0000]
local_buffer_10_addr (getelementptr    ) [ 0000]
local_buffer_11_addr (getelementptr    ) [ 0000]
local_buffer_12_addr (getelementptr    ) [ 0000]
local_buffer_13_addr (getelementptr    ) [ 0000]
local_buffer_14_addr (getelementptr    ) [ 0000]
local_buffer_15_addr (getelementptr    ) [ 0000]
store_ln22           (store            ) [ 0000]
br_ln22              (br               ) [ 0000]
store_ln22           (store            ) [ 0000]
br_ln22              (br               ) [ 0000]
store_ln22           (store            ) [ 0000]
br_ln22              (br               ) [ 0000]
store_ln22           (store            ) [ 0000]
br_ln22              (br               ) [ 0000]
store_ln22           (store            ) [ 0000]
br_ln22              (br               ) [ 0000]
store_ln22           (store            ) [ 0000]
br_ln22              (br               ) [ 0000]
store_ln22           (store            ) [ 0000]
br_ln22              (br               ) [ 0000]
store_ln22           (store            ) [ 0000]
br_ln22              (br               ) [ 0000]
store_ln22           (store            ) [ 0000]
br_ln22              (br               ) [ 0000]
store_ln22           (store            ) [ 0000]
br_ln22              (br               ) [ 0000]
store_ln22           (store            ) [ 0000]
br_ln22              (br               ) [ 0000]
store_ln22           (store            ) [ 0000]
br_ln22              (br               ) [ 0000]
store_ln22           (store            ) [ 0000]
br_ln22              (br               ) [ 0000]
store_ln22           (store            ) [ 0000]
br_ln22              (br               ) [ 0000]
store_ln22           (store            ) [ 0000]
br_ln22              (br               ) [ 0000]
store_ln22           (store            ) [ 0000]
br_ln22              (br               ) [ 0000]
ret_ln0              (ret              ) [ 0000]
</LifeTime>

<model>

<comp_list>
<comp id="0" class="1000" name="gmem0">
<pin_list>
<pin id="1" dir="1" index="0" bw="1" slack="0"/>
</pin_list>
<bind>
<StgValue><ssdm name="gmem0"/></StgValue>
</bind>
</comp>

<comp id="2" class="1000" name="sext_ln15_2">
<pin_list>
<pin id="3" dir="1" index="0" bw="1" slack="0"/>
</pin_list>
<bind>
<StgValue><ssdm name="sext_ln15_2"/></StgValue>
</bind>
</comp>

<comp id="4" class="1000" name="local_buffer_0">
<pin_list>
<pin id="5" dir="1" index="0" bw="1" slack="0"/>
</pin_list>
<bind>
<StgValue><ssdm name="local_buffer_0"/><MemPortTyVec>3 0 </MemPortTyVec>
</StgValue>
</bind>
</comp>

<comp id="6" class="1000" name="local_buffer_1">
<pin_list>
<pin id="7" dir="1" index="0" bw="1" slack="0"/>
</pin_list>
<bind>
<StgValue><ssdm name="local_buffer_1"/><MemPortTyVec>3 0 </MemPortTyVec>
</StgValue>
</bind>
</comp>

<comp id="8" class="1000" name="local_buffer_2">
<pin_list>
<pin id="9" dir="1" index="0" bw="1" slack="0"/>
</pin_list>
<bind>
<StgValue><ssdm name="local_buffer_2"/><MemPortTyVec>3 0 </MemPortTyVec>
</StgValue>
</bind>
</comp>

<comp id="10" class="1000" name="local_buffer_3">
<pin_list>
<pin id="11" dir="1" index="0" bw="1" slack="0"/>
</pin_list>
<bind>
<StgValue><ssdm name="local_buffer_3"/><MemPortTyVec>3 0 </MemPortTyVec>
</StgValue>
</bind>
</comp>

<comp id="12" class="1000" name="local_buffer_4">
<pin_list>
<pin id="13" dir="1" index="0" bw="1" slack="0"/>
</pin_list>
<bind>
<StgValue><ssdm name="local_buffer_4"/><MemPortTyVec>3 0 </MemPortTyVec>
</StgValue>
</bind>
</comp>

<comp id="14" class="1000" name="local_buffer_5">
<pin_list>
<pin id="15" dir="1" index="0" bw="1" slack="0"/>
</pin_list>
<bind>
<StgValue><ssdm name="local_buffer_5"/><MemPortTyVec>3 0 </MemPortTyVec>
</StgValue>
</bind>
</comp>

<comp id="16" class="1000" name="local_buffer_6">
<pin_list>
<pin id="17" dir="1" index="0" bw="1" slack="0"/>
</pin_list>
<bind>
<StgValue><ssdm name="local_buffer_6"/><MemPortTyVec>3 0 </MemPortTyVec>
</StgValue>
</bind>
</comp>

<comp id="18" class="1000" name="local_buffer_7">
<pin_list>
<pin id="19" dir="1" index="0" bw="1" slack="0"/>
</pin_list>
<bind>
<StgValue><ssdm name="local_buffer_7"/><MemPortTyVec>3 0 </MemPortTyVec>
</StgValue>
</bind>
</comp>

<comp id="20" class="1000" name="local_buffer_8">
<pin_list>
<pin id="21" dir="1" index="0" bw="1" slack="0"/>
</pin_list>
<bind>
<StgValue><ssdm name="local_buffer_8"/><MemPortTyVec>3 0 </MemPortTyVec>
</StgValue>
</bind>
</comp>

<comp id="22" class="1000" name="local_buffer_9">
<pin_list>
<pin id="23" dir="1" index="0" bw="1" slack="0"/>
</pin_list>
<bind>
<StgValue><ssdm name="local_buffer_9"/><MemPortTyVec>3 0 </MemPortTyVec>
</StgValue>
</bind>
</comp>

<comp id="24" class="1000" name="local_buffer_10">
<pin_list>
<pin id="25" dir="1" index="0" bw="1" slack="0"/>
</pin_list>
<bind>
<StgValue><ssdm name="local_buffer_10"/><MemPortTyVec>3 0 </MemPortTyVec>
</StgValue>
</bind>
</comp>

<comp id="26" class="1000" name="local_buffer_11">
<pin_list>
<pin id="27" dir="1" index="0" bw="1" slack="0"/>
</pin_list>
<bind>
<StgValue><ssdm name="local_buffer_11"/><MemPortTyVec>3 0 </MemPortTyVec>
</StgValue>
</bind>
</comp>

<comp id="28" class="1000" name="local_buffer_12">
<pin_list>
<pin id="29" dir="1" index="0" bw="1" slack="0"/>
</pin_list>
<bind>
<StgValue><ssdm name="local_buffer_12"/><MemPortTyVec>3 0 </MemPortTyVec>
</StgValue>
</bind>
</comp>

<comp id="30" class="1000" name="local_buffer_13">
<pin_list>
<pin id="31" dir="1" index="0" bw="1" slack="0"/>
</pin_list>
<bind>
<StgValue><ssdm name="local_buffer_13"/><MemPortTyVec>3 0 </MemPortTyVec>
</StgValue>
</bind>
</comp>

<comp id="32" class="1000" name="local_buffer_14">
<pin_list>
<pin id="33" dir="1" index="0" bw="1" slack="0"/>
</pin_list>
<bind>
<StgValue><ssdm name="local_buffer_14"/><MemPortTyVec>3 0 </MemPortTyVec>
</StgValue>
</bind>
</comp>

<comp id="34" class="1000" name="local_buffer_15">
<pin_list>
<pin id="35" dir="1" index="0" bw="1" slack="0"/>
</pin_list>
<bind>
<StgValue><ssdm name="local_buffer_15"/><MemPortTyVec>3 0 </MemPortTyVec>
</StgValue>
</bind>
</comp>

<comp id="36" class="1001" name="const_36">
<pin_list>
<pin id="37" dir="1" index="0" bw="1" slack="0"/>
</pin_list>
<bind>
<StgValue><ssdm name=""/></StgValue>
</bind>
</comp>

<comp id="38" class="1001" name="const_38">
<pin_list>
<pin id="39" dir="1" index="0" bw="1" slack="0"/>
</pin_list>
<bind>
<StgValue><ssdm name="_ssdm_op_Read.ap_auto.i59"/></StgValue>
</bind>
</comp>

<comp id="40" class="1001" name="const_40">
<pin_list>
<pin id="41" dir="1" index="0" bw="1" slack="2147483647"/>
</pin_list>
<bind>
<StgValue><ssdm name="_ssdm_op_SpecMemCore"/></StgValue>
</bind>
</comp>

<comp id="42" class="1001" name="const_42">
<pin_list>
<pin id="43" dir="1" index="0" bw="1" slack="2147483647"/>
</pin_list>
<bind>
<StgValue><ssdm name=""/></StgValue>
</bind>
</comp>

<comp id="44" class="1001" name="const_44">
<pin_list>
<pin id="45" dir="1" index="0" bw="1" slack="2147483647"/>
</pin_list>
<bind>
<StgValue><ssdm name=""/></StgValue>
</bind>
</comp>

<comp id="46" class="1001" name="const_46">
<pin_list>
<pin id="47" dir="1" index="0" bw="1" slack="2147483647"/>
</pin_list>
<bind>
<StgValue><ssdm name=""/></StgValue>
</bind>
</comp>

<comp id="48" class="1001" name="const_48">
<pin_list>
<pin id="49" dir="1" index="0" bw="1" slack="2147483647"/>
</pin_list>
<bind>
<StgValue><ssdm name="_ssdm_op_SpecInterface"/></StgValue>
</bind>
</comp>

<comp id="50" class="1001" name="const_50">
<pin_list>
<pin id="51" dir="1" index="0" bw="1" slack="2147483647"/>
</pin_list>
<bind>
<StgValue><ssdm name="empty_1045"/></StgValue>
</bind>
</comp>

<comp id="52" class="1001" name="const_52">
<pin_list>
<pin id="53" dir="1" index="0" bw="1" slack="2147483647"/>
</pin_list>
<bind>
<StgValue><ssdm name=""/></StgValue>
</bind>
</comp>

<comp id="54" class="1001" name="const_54">
<pin_list>
<pin id="55" dir="1" index="0" bw="1" slack="2147483647"/>
</pin_list>
<bind>
<StgValue><ssdm name="empty_1037"/></StgValue>
</bind>
</comp>

<comp id="56" class="1001" name="const_56">
<pin_list>
<pin id="57" dir="1" index="0" bw="1" slack="2147483647"/>
</pin_list>
<bind>
<StgValue><ssdm name=""/></StgValue>
</bind>
</comp>

<comp id="58" class="1001" name="const_58">
<pin_list>
<pin id="59" dir="1" index="0" bw="1" slack="2147483647"/>
</pin_list>
<bind>
<StgValue><ssdm name="empty_1023"/></StgValue>
</bind>
</comp>

<comp id="60" class="1001" name="const_60">
<pin_list>
<pin id="61" dir="1" index="0" bw="1" slack="2147483647"/>
</pin_list>
<bind>
<StgValue><ssdm name="empty_1032"/></StgValue>
</bind>
</comp>

<comp id="62" class="1001" name="const_62">
<pin_list>
<pin id="63" dir="1" index="0" bw="1" slack="0"/>
</pin_list>
<bind>
<StgValue><ssdm name=""/></StgValue>
</bind>
</comp>

<comp id="64" class="1001" name="const_64">
<pin_list>
<pin id="65" dir="1" index="0" bw="1" slack="2147483647"/>
</pin_list>
<bind>
<StgValue><ssdm name=""/></StgValue>
</bind>
</comp>

<comp id="66" class="1001" name="const_66">
<pin_list>
<pin id="67" dir="1" index="0" bw="1" slack="2147483647"/>
</pin_list>
<bind>
<StgValue><ssdm name=""/></StgValue>
</bind>
</comp>

<comp id="68" class="1001" name="const_68">
<pin_list>
<pin id="69" dir="1" index="0" bw="1" slack="0"/>
</pin_list>
<bind>
<StgValue><ssdm name=""/></StgValue>
</bind>
</comp>

<comp id="70" class="1001" name="const_70">
<pin_list>
<pin id="71" dir="1" index="0" bw="1" slack="0"/>
</pin_list>
<bind>
<StgValue><ssdm name=""/></StgValue>
</bind>
</comp>

<comp id="72" class="1001" name="const_72">
<pin_list>
<pin id="73" dir="1" index="0" bw="1" slack="0"/>
</pin_list>
<bind>
<StgValue><ssdm name=""/></StgValue>
</bind>
</comp>

<comp id="74" class="1001" name="const_74">
<pin_list>
<pin id="75" dir="1" index="0" bw="1" slack="0"/>
</pin_list>
<bind>
<StgValue><ssdm name="_ssdm_op_BitSelect.i1.i6.i32"/></StgValue>
</bind>
</comp>

<comp id="76" class="1001" name="const_76">
<pin_list>
<pin id="77" dir="1" index="0" bw="1" slack="2147483647"/>
</pin_list>
<bind>
<StgValue><ssdm name=""/></StgValue>
</bind>
</comp>

<comp id="78" class="1001" name="const_78">
<pin_list>
<pin id="79" dir="1" index="0" bw="1" slack="2147483647"/>
</pin_list>
<bind>
<StgValue><ssdm name=""/></StgValue>
</bind>
</comp>

<comp id="80" class="1001" name="const_80">
<pin_list>
<pin id="81" dir="1" index="0" bw="1" slack="2147483647"/>
</pin_list>
<bind>
<StgValue><ssdm name=""/></StgValue>
</bind>
</comp>

<comp id="82" class="1001" name="const_82">
<pin_list>
<pin id="83" dir="1" index="0" bw="1" slack="2147483647"/>
</pin_list>
<bind>
<StgValue><ssdm name=""/></StgValue>
</bind>
</comp>

<comp id="84" class="1001" name="const_84">
<pin_list>
<pin id="85" dir="1" index="0" bw="1" slack="2147483647"/>
</pin_list>
<bind>
<StgValue><ssdm name=""/></StgValue>
</bind>
</comp>

<comp id="86" class="1001" name="const_86">
<pin_list>
<pin id="87" dir="1" index="0" bw="1" slack="2147483647"/>
</pin_list>
<bind>
<StgValue><ssdm name=""/></StgValue>
</bind>
</comp>

<comp id="88" class="1001" name="const_88">
<pin_list>
<pin id="89" dir="1" index="0" bw="1" slack="2147483647"/>
</pin_list>
<bind>
<StgValue><ssdm name=""/></StgValue>
</bind>
</comp>

<comp id="90" class="1001" name="const_90">
<pin_list>
<pin id="91" dir="1" index="0" bw="1" slack="2147483647"/>
</pin_list>
<bind>
<StgValue><ssdm name=""/></StgValue>
</bind>
</comp>

<comp id="92" class="1001" name="const_92">
<pin_list>
<pin id="93" dir="1" index="0" bw="1" slack="2147483647"/>
</pin_list>
<bind>
<StgValue><ssdm name=""/></StgValue>
</bind>
</comp>

<comp id="94" class="1001" name="const_94">
<pin_list>
<pin id="95" dir="1" index="0" bw="1" slack="2147483647"/>
</pin_list>
<bind>
<StgValue><ssdm name=""/></StgValue>
</bind>
</comp>

<comp id="96" class="1001" name="const_96">
<pin_list>
<pin id="97" dir="1" index="0" bw="1" slack="2147483647"/>
</pin_list>
<bind>
<StgValue><ssdm name=""/></StgValue>
</bind>
</comp>

<comp id="98" class="1001" name="const_98">
<pin_list>
<pin id="99" dir="1" index="0" bw="1" slack="2147483647"/>
</pin_list>
<bind>
<StgValue><ssdm name=""/></StgValue>
</bind>
</comp>

<comp id="100" class="1001" name="const_100">
<pin_list>
<pin id="101" dir="1" index="0" bw="1" slack="2147483647"/>
</pin_list>
<bind>
<StgValue><ssdm name=""/></StgValue>
</bind>
</comp>

<comp id="102" class="1001" name="const_102">
<pin_list>
<pin id="103" dir="1" index="0" bw="1" slack="2147483647"/>
</pin_list>
<bind>
<StgValue><ssdm name=""/></StgValue>
</bind>
</comp>

<comp id="104" class="1001" name="const_104">
<pin_list>
<pin id="105" dir="1" index="0" bw="1" slack="2147483647"/>
</pin_list>
<bind>
<StgValue><ssdm name=""/></StgValue>
</bind>
</comp>

<comp id="106" class="1001" name="const_106">
<pin_list>
<pin id="107" dir="1" index="0" bw="1" slack="2147483647"/>
</pin_list>
<bind>
<StgValue><ssdm name="_ssdm_op_SpecLoopTripCount"/></StgValue>
</bind>
</comp>

<comp id="108" class="1001" name="const_108">
<pin_list>
<pin id="109" dir="1" index="0" bw="1" slack="2147483647"/>
</pin_list>
<bind>
<StgValue><ssdm name=""/></StgValue>
</bind>
</comp>

<comp id="110" class="1001" name="const_110">
<pin_list>
<pin id="111" dir="1" index="0" bw="1" slack="0"/>
</pin_list>
<bind>
<StgValue><ssdm name="_ssdm_op_Read.m_axi.p1i256"/></StgValue>
</bind>
</comp>

<comp id="112" class="1001" name="const_112">
<pin_list>
<pin id="113" dir="1" index="0" bw="1" slack="2147483647"/>
</pin_list>
<bind>
<StgValue><ssdm name="_ssdm_op_SpecPipeline"/></StgValue>
</bind>
</comp>

<comp id="114" class="1001" name="const_114">
<pin_list>
<pin id="115" dir="1" index="0" bw="1" slack="2147483647"/>
</pin_list>
<bind>
<StgValue><ssdm name="_ssdm_op_SpecLoopName"/></StgValue>
</bind>
</comp>

<comp id="116" class="1001" name="const_116">
<pin_list>
<pin id="117" dir="1" index="0" bw="1" slack="2147483647"/>
</pin_list>
<bind>
<StgValue><ssdm name="empty_1024"/></StgValue>
</bind>
</comp>

<comp id="118" class="1001" name="const_118">
<pin_list>
<pin id="119" dir="1" index="0" bw="1" slack="0"/>
</pin_list>
<bind>
<StgValue><ssdm name=""/></StgValue>
</bind>
</comp>

<comp id="120" class="1004" name="i_fu_120">
<pin_list>
<pin id="121" dir="0" index="0" bw="1" slack="0"/>
<pin id="122" dir="1" index="1" bw="6" slack="0"/>
</pin_list>
<bind>
<opcode="alloca(26) " fcode="alloca"/>
<opset="i/1 "/>
</bind>
</comp>

<comp id="124" class="1004" name="sext_ln15_2_read_read_fu_124">
<pin_list>
<pin id="125" dir="0" index="0" bw="59" slack="0"/>
<pin id="126" dir="0" index="1" bw="59" slack="0"/>
<pin id="127" dir="1" index="2" bw="59" slack="0"/>
</pin_list>
<bind>
<opcode="read(1150) " fcode="read"/>
<opset="sext_ln15_2_read/1 "/>
</bind>
</comp>

<comp id="130" class="1004" name="p_Val2_s_read_fu_130">
<pin_list>
<pin id="131" dir="0" index="0" bw="256" slack="0"/>
<pin id="132" dir="0" index="1" bw="256" slack="0"/>
<pin id="133" dir="1" index="2" bw="256" slack="1"/>
</pin_list>
<bind>
<opcode="read(1150) " fcode="read"/>
<opset="p_Val2_s/2 "/>
</bind>
</comp>

<comp id="135" class="1004" name="local_buffer_0_addr_gep_fu_135">
<pin_list>
<pin id="136" dir="0" index="0" bw="256" slack="0"/>
<pin id="137" dir="0" index="1" bw="1" slack="0"/>
<pin id="138" dir="0" index="2" bw="1" slack="0"/>
<pin id="139" dir="1" index="3" bw="1" slack="0"/>
</pin_list>
<bind>
<opcode="getelementptr(29) " fcode="getelementptr"/>
<opset="local_buffer_0_addr/3 "/>
</bind>
</comp>

<comp id="142" class="1004" name="local_buffer_1_addr_gep_fu_142">
<pin_list>
<pin id="143" dir="0" index="0" bw="256" slack="0"/>
<pin id="144" dir="0" index="1" bw="1" slack="0"/>
<pin id="145" dir="0" index="2" bw="1" slack="0"/>
<pin id="146" dir="1" index="3" bw="1" slack="0"/>
</pin_list>
<bind>
<opcode="getelementptr(29) " fcode="getelementptr"/>
<opset="local_buffer_1_addr/3 "/>
</bind>
</comp>

<comp id="149" class="1004" name="local_buffer_2_addr_gep_fu_149">
<pin_list>
<pin id="150" dir="0" index="0" bw="256" slack="0"/>
<pin id="151" dir="0" index="1" bw="1" slack="0"/>
<pin id="152" dir="0" index="2" bw="1" slack="0"/>
<pin id="153" dir="1" index="3" bw="1" slack="0"/>
</pin_list>
<bind>
<opcode="getelementptr(29) " fcode="getelementptr"/>
<opset="local_buffer_2_addr/3 "/>
</bind>
</comp>

<comp id="156" class="1004" name="local_buffer_3_addr_gep_fu_156">
<pin_list>
<pin id="157" dir="0" index="0" bw="256" slack="0"/>
<pin id="158" dir="0" index="1" bw="1" slack="0"/>
<pin id="159" dir="0" index="2" bw="1" slack="0"/>
<pin id="160" dir="1" index="3" bw="1" slack="0"/>
</pin_list>
<bind>
<opcode="getelementptr(29) " fcode="getelementptr"/>
<opset="local_buffer_3_addr/3 "/>
</bind>
</comp>

<comp id="163" class="1004" name="local_buffer_4_addr_gep_fu_163">
<pin_list>
<pin id="164" dir="0" index="0" bw="256" slack="0"/>
<pin id="165" dir="0" index="1" bw="1" slack="0"/>
<pin id="166" dir="0" index="2" bw="1" slack="0"/>
<pin id="167" dir="1" index="3" bw="1" slack="0"/>
</pin_list>
<bind>
<opcode="getelementptr(29) " fcode="getelementptr"/>
<opset="local_buffer_4_addr/3 "/>
</bind>
</comp>

<comp id="170" class="1004" name="local_buffer_5_addr_gep_fu_170">
<pin_list>
<pin id="171" dir="0" index="0" bw="256" slack="0"/>
<pin id="172" dir="0" index="1" bw="1" slack="0"/>
<pin id="173" dir="0" index="2" bw="1" slack="0"/>
<pin id="174" dir="1" index="3" bw="1" slack="0"/>
</pin_list>
<bind>
<opcode="getelementptr(29) " fcode="getelementptr"/>
<opset="local_buffer_5_addr/3 "/>
</bind>
</comp>

<comp id="177" class="1004" name="local_buffer_6_addr_gep_fu_177">
<pin_list>
<pin id="178" dir="0" index="0" bw="256" slack="0"/>
<pin id="179" dir="0" index="1" bw="1" slack="0"/>
<pin id="180" dir="0" index="2" bw="1" slack="0"/>
<pin id="181" dir="1" index="3" bw="1" slack="0"/>
</pin_list>
<bind>
<opcode="getelementptr(29) " fcode="getelementptr"/>
<opset="local_buffer_6_addr/3 "/>
</bind>
</comp>

<comp id="184" class="1004" name="local_buffer_7_addr_gep_fu_184">
<pin_list>
<pin id="185" dir="0" index="0" bw="256" slack="0"/>
<pin id="186" dir="0" index="1" bw="1" slack="0"/>
<pin id="187" dir="0" index="2" bw="1" slack="0"/>
<pin id="188" dir="1" index="3" bw="1" slack="0"/>
</pin_list>
<bind>
<opcode="getelementptr(29) " fcode="getelementptr"/>
<opset="local_buffer_7_addr/3 "/>
</bind>
</comp>

<comp id="191" class="1004" name="local_buffer_8_addr_gep_fu_191">
<pin_list>
<pin id="192" dir="0" index="0" bw="256" slack="0"/>
<pin id="193" dir="0" index="1" bw="1" slack="0"/>
<pin id="194" dir="0" index="2" bw="1" slack="0"/>
<pin id="195" dir="1" index="3" bw="1" slack="0"/>
</pin_list>
<bind>
<opcode="getelementptr(29) " fcode="getelementptr"/>
<opset="local_buffer_8_addr/3 "/>
</bind>
</comp>

<comp id="198" class="1004" name="local_buffer_9_addr_gep_fu_198">
<pin_list>
<pin id="199" dir="0" index="0" bw="256" slack="0"/>
<pin id="200" dir="0" index="1" bw="1" slack="0"/>
<pin id="201" dir="0" index="2" bw="1" slack="0"/>
<pin id="202" dir="1" index="3" bw="1" slack="0"/>
</pin_list>
<bind>
<opcode="getelementptr(29) " fcode="getelementptr"/>
<opset="local_buffer_9_addr/3 "/>
</bind>
</comp>

<comp id="205" class="1004" name="local_buffer_10_addr_gep_fu_205">
<pin_list>
<pin id="206" dir="0" index="0" bw="256" slack="0"/>
<pin id="207" dir="0" index="1" bw="1" slack="0"/>
<pin id="208" dir="0" index="2" bw="1" slack="0"/>
<pin id="209" dir="1" index="3" bw="1" slack="0"/>
</pin_list>
<bind>
<opcode="getelementptr(29) " fcode="getelementptr"/>
<opset="local_buffer_10_addr/3 "/>
</bind>
</comp>

<comp id="212" class="1004" name="local_buffer_11_addr_gep_fu_212">
<pin_list>
<pin id="213" dir="0" index="0" bw="256" slack="0"/>
<pin id="214" dir="0" index="1" bw="1" slack="0"/>
<pin id="215" dir="0" index="2" bw="1" slack="0"/>
<pin id="216" dir="1" index="3" bw="1" slack="0"/>
</pin_list>
<bind>
<opcode="getelementptr(29) " fcode="getelementptr"/>
<opset="local_buffer_11_addr/3 "/>
</bind>
</comp>

<comp id="219" class="1004" name="local_buffer_12_addr_gep_fu_219">
<pin_list>
<pin id="220" dir="0" index="0" bw="256" slack="0"/>
<pin id="221" dir="0" index="1" bw="1" slack="0"/>
<pin id="222" dir="0" index="2" bw="1" slack="0"/>
<pin id="223" dir="1" index="3" bw="1" slack="0"/>
</pin_list>
<bind>
<opcode="getelementptr(29) " fcode="getelementptr"/>
<opset="local_buffer_12_addr/3 "/>
</bind>
</comp>

<comp id="226" class="1004" name="local_buffer_13_addr_gep_fu_226">
<pin_list>
<pin id="227" dir="0" index="0" bw="256" slack="0"/>
<pin id="228" dir="0" index="1" bw="1" slack="0"/>
<pin id="229" dir="0" index="2" bw="1" slack="0"/>
<pin id="230" dir="1" index="3" bw="1" slack="0"/>
</pin_list>
<bind>
<opcode="getelementptr(29) " fcode="getelementptr"/>
<opset="local_buffer_13_addr/3 "/>
</bind>
</comp>

<comp id="233" class="1004" name="local_buffer_14_addr_gep_fu_233">
<pin_list>
<pin id="234" dir="0" index="0" bw="256" slack="0"/>
<pin id="235" dir="0" index="1" bw="1" slack="0"/>
<pin id="236" dir="0" index="2" bw="1" slack="0"/>
<pin id="237" dir="1" index="3" bw="1" slack="0"/>
</pin_list>
<bind>
<opcode="getelementptr(29) " fcode="getelementptr"/>
<opset="local_buffer_14_addr/3 "/>
</bind>
</comp>

<comp id="240" class="1004" name="local_buffer_15_addr_gep_fu_240">
<pin_list>
<pin id="241" dir="0" index="0" bw="256" slack="0"/>
<pin id="242" dir="0" index="1" bw="1" slack="0"/>
<pin id="243" dir="0" index="2" bw="1" slack="0"/>
<pin id="244" dir="1" index="3" bw="1" slack="0"/>
</pin_list>
<bind>
<opcode="getelementptr(29) " fcode="getelementptr"/>
<opset="local_buffer_15_addr/3 "/>
</bind>
</comp>

<comp id="247" class="1004" name="store_ln22_access_fu_247">
<pin_list>
<pin id="248" dir="0" index="0" bw="1" slack="2147483647"/>
<pin id="249" dir="0" index="1" bw="256" slack="2147483647"/>
<pin id="250" dir="0" index="2" bw="0" slack="0"/>
<pin id="252" dir="0" index="4" bw="1" slack="1"/>
<pin id="253" dir="0" index="5" bw="256" slack="2147483647"/>
<pin id="254" dir="0" index="6" bw="0" slack="2147483647"/>
<pin id="251" dir="1" index="3" bw="256" slack="2147483647"/>
<pin id="255" dir="1" index="7" bw="256" slack="2147483647"/>
</pin_list>
<bind>
<opcode="store(28) " fcode="store"/>
<opset="store_ln22/3 "/>
</bind>
</comp>

<comp id="257" class="1004" name="store_ln22_access_fu_257">
<pin_list>
<pin id="258" dir="0" index="0" bw="1" slack="2147483647"/>
<pin id="259" dir="0" index="1" bw="256" slack="2147483647"/>
<pin id="260" dir="0" index="2" bw="0" slack="0"/>
<pin id="262" dir="0" index="4" bw="1" slack="1"/>
<pin id="263" dir="0" index="5" bw="256" slack="2147483647"/>
<pin id="264" dir="0" index="6" bw="0" slack="2147483647"/>
<pin id="261" dir="1" index="3" bw="256" slack="2147483647"/>
<pin id="265" dir="1" index="7" bw="256" slack="2147483647"/>
</pin_list>
<bind>
<opcode="store(28) " fcode="store"/>
<opset="store_ln22/3 "/>
</bind>
</comp>

<comp id="267" class="1004" name="store_ln22_access_fu_267">
<pin_list>
<pin id="268" dir="0" index="0" bw="1" slack="2147483647"/>
<pin id="269" dir="0" index="1" bw="256" slack="2147483647"/>
<pin id="270" dir="0" index="2" bw="0" slack="0"/>
<pin id="272" dir="0" index="4" bw="1" slack="1"/>
<pin id="273" dir="0" index="5" bw="256" slack="2147483647"/>
<pin id="274" dir="0" index="6" bw="0" slack="2147483647"/>
<pin id="271" dir="1" index="3" bw="256" slack="2147483647"/>
<pin id="275" dir="1" index="7" bw="256" slack="2147483647"/>
</pin_list>
<bind>
<opcode="store(28) " fcode="store"/>
<opset="store_ln22/3 "/>
</bind>
</comp>

<comp id="277" class="1004" name="store_ln22_access_fu_277">
<pin_list>
<pin id="278" dir="0" index="0" bw="1" slack="2147483647"/>
<pin id="279" dir="0" index="1" bw="256" slack="2147483647"/>
<pin id="280" dir="0" index="2" bw="0" slack="0"/>
<pin id="282" dir="0" index="4" bw="1" slack="1"/>
<pin id="283" dir="0" index="5" bw="256" slack="2147483647"/>
<pin id="284" dir="0" index="6" bw="0" slack="2147483647"/>
<pin id="281" dir="1" index="3" bw="256" slack="2147483647"/>
<pin id="285" dir="1" index="7" bw="256" slack="2147483647"/>
</pin_list>
<bind>
<opcode="store(28) " fcode="store"/>
<opset="store_ln22/3 "/>
</bind>
</comp>

<comp id="287" class="1004" name="store_ln22_access_fu_287">
<pin_list>
<pin id="288" dir="0" index="0" bw="1" slack="2147483647"/>
<pin id="289" dir="0" index="1" bw="256" slack="2147483647"/>
<pin id="290" dir="0" index="2" bw="0" slack="0"/>
<pin id="292" dir="0" index="4" bw="1" slack="1"/>
<pin id="293" dir="0" index="5" bw="256" slack="2147483647"/>
<pin id="294" dir="0" index="6" bw="0" slack="2147483647"/>
<pin id="291" dir="1" index="3" bw="256" slack="2147483647"/>
<pin id="295" dir="1" index="7" bw="256" slack="2147483647"/>
</pin_list>
<bind>
<opcode="store(28) " fcode="store"/>
<opset="store_ln22/3 "/>
</bind>
</comp>

<comp id="297" class="1004" name="store_ln22_access_fu_297">
<pin_list>
<pin id="298" dir="0" index="0" bw="1" slack="2147483647"/>
<pin id="299" dir="0" index="1" bw="256" slack="2147483647"/>
<pin id="300" dir="0" index="2" bw="0" slack="0"/>
<pin id="302" dir="0" index="4" bw="1" slack="1"/>
<pin id="303" dir="0" index="5" bw="256" slack="2147483647"/>
<pin id="304" dir="0" index="6" bw="0" slack="2147483647"/>
<pin id="301" dir="1" index="3" bw="256" slack="2147483647"/>
<pin id="305" dir="1" index="7" bw="256" slack="2147483647"/>
</pin_list>
<bind>
<opcode="store(28) " fcode="store"/>
<opset="store_ln22/3 "/>
</bind>
</comp>

<comp id="307" class="1004" name="store_ln22_access_fu_307">
<pin_list>
<pin id="308" dir="0" index="0" bw="1" slack="2147483647"/>
<pin id="309" dir="0" index="1" bw="256" slack="2147483647"/>
<pin id="310" dir="0" index="2" bw="0" slack="0"/>
<pin id="312" dir="0" index="4" bw="1" slack="1"/>
<pin id="313" dir="0" index="5" bw="256" slack="2147483647"/>
<pin id="314" dir="0" index="6" bw="0" slack="2147483647"/>
<pin id="311" dir="1" index="3" bw="256" slack="2147483647"/>
<pin id="315" dir="1" index="7" bw="256" slack="2147483647"/>
</pin_list>
<bind>
<opcode="store(28) " fcode="store"/>
<opset="store_ln22/3 "/>
</bind>
</comp>

<comp id="317" class="1004" name="store_ln22_access_fu_317">
<pin_list>
<pin id="318" dir="0" index="0" bw="1" slack="2147483647"/>
<pin id="319" dir="0" index="1" bw="256" slack="2147483647"/>
<pin id="320" dir="0" index="2" bw="0" slack="0"/>
<pin id="322" dir="0" index="4" bw="1" slack="1"/>
<pin id="323" dir="0" index="5" bw="256" slack="2147483647"/>
<pin id="324" dir="0" index="6" bw="0" slack="2147483647"/>
<pin id="321" dir="1" index="3" bw="256" slack="2147483647"/>
<pin id="325" dir="1" index="7" bw="256" slack="2147483647"/>
</pin_list>
<bind>
<opcode="store(28) " fcode="store"/>
<opset="store_ln22/3 "/>
</bind>
</comp>

<comp id="327" class="1004" name="store_ln22_access_fu_327">
<pin_list>
<pin id="328" dir="0" index="0" bw="1" slack="2147483647"/>
<pin id="329" dir="0" index="1" bw="256" slack="2147483647"/>
<pin id="330" dir="0" index="2" bw="0" slack="0"/>
<pin id="332" dir="0" index="4" bw="1" slack="1"/>
<pin id="333" dir="0" index="5" bw="256" slack="2147483647"/>
<pin id="334" dir="0" index="6" bw="0" slack="2147483647"/>
<pin id="331" dir="1" index="3" bw="256" slack="2147483647"/>
<pin id="335" dir="1" index="7" bw="256" slack="2147483647"/>
</pin_list>
<bind>
<opcode="store(28) " fcode="store"/>
<opset="store_ln22/3 "/>
</bind>
</comp>

<comp id="337" class="1004" name="store_ln22_access_fu_337">
<pin_list>
<pin id="338" dir="0" index="0" bw="1" slack="2147483647"/>
<pin id="339" dir="0" index="1" bw="256" slack="2147483647"/>
<pin id="340" dir="0" index="2" bw="0" slack="0"/>
<pin id="342" dir="0" index="4" bw="1" slack="1"/>
<pin id="343" dir="0" index="5" bw="256" slack="2147483647"/>
<pin id="344" dir="0" index="6" bw="0" slack="2147483647"/>
<pin id="341" dir="1" index="3" bw="256" slack="2147483647"/>
<pin id="345" dir="1" index="7" bw="256" slack="2147483647"/>
</pin_list>
<bind>
<opcode="store(28) " fcode="store"/>
<opset="store_ln22/3 "/>
</bind>
</comp>

<comp id="347" class="1004" name="store_ln22_access_fu_347">
<pin_list>
<pin id="348" dir="0" index="0" bw="1" slack="2147483647"/>
<pin id="349" dir="0" index="1" bw="256" slack="2147483647"/>
<pin id="350" dir="0" index="2" bw="0" slack="0"/>
<pin id="352" dir="0" index="4" bw="1" slack="1"/>
<pin id="353" dir="0" index="5" bw="256" slack="2147483647"/>
<pin id="354" dir="0" index="6" bw="0" slack="2147483647"/>
<pin id="351" dir="1" index="3" bw="256" slack="2147483647"/>
<pin id="355" dir="1" index="7" bw="256" slack="2147483647"/>
</pin_list>
<bind>
<opcode="store(28) " fcode="store"/>
<opset="store_ln22/3 "/>
</bind>
</comp>

<comp id="357" class="1004" name="store_ln22_access_fu_357">
<pin_list>
<pin id="358" dir="0" index="0" bw="1" slack="2147483647"/>
<pin id="359" dir="0" index="1" bw="256" slack="2147483647"/>
<pin id="360" dir="0" index="2" bw="0" slack="0"/>
<pin id="362" dir="0" index="4" bw="1" slack="1"/>
<pin id="363" dir="0" index="5" bw="256" slack="2147483647"/>
<pin id="364" dir="0" index="6" bw="0" slack="2147483647"/>
<pin id="361" dir="1" index="3" bw="256" slack="2147483647"/>
<pin id="365" dir="1" index="7" bw="256" slack="2147483647"/>
</pin_list>
<bind>
<opcode="store(28) " fcode="store"/>
<opset="store_ln22/3 "/>
</bind>
</comp>

<comp id="367" class="1004" name="store_ln22_access_fu_367">
<pin_list>
<pin id="368" dir="0" index="0" bw="1" slack="2147483647"/>
<pin id="369" dir="0" index="1" bw="256" slack="2147483647"/>
<pin id="370" dir="0" index="2" bw="0" slack="0"/>
<pin id="372" dir="0" index="4" bw="1" slack="1"/>
<pin id="373" dir="0" index="5" bw="256" slack="2147483647"/>
<pin id="374" dir="0" index="6" bw="0" slack="2147483647"/>
<pin id="371" dir="1" index="3" bw="256" slack="2147483647"/>
<pin id="375" dir="1" index="7" bw="256" slack="2147483647"/>
</pin_list>
<bind>
<opcode="store(28) " fcode="store"/>
<opset="store_ln22/3 "/>
</bind>
</comp>

<comp id="377" class="1004" name="store_ln22_access_fu_377">
<pin_list>
<pin id="378" dir="0" index="0" bw="1" slack="2147483647"/>
<pin id="379" dir="0" index="1" bw="256" slack="2147483647"/>
<pin id="380" dir="0" index="2" bw="0" slack="0"/>
<pin id="382" dir="0" index="4" bw="1" slack="1"/>
<pin id="383" dir="0" index="5" bw="256" slack="2147483647"/>
<pin id="384" dir="0" index="6" bw="0" slack="2147483647"/>
<pin id="381" dir="1" index="3" bw="256" slack="2147483647"/>
<pin id="385" dir="1" index="7" bw="256" slack="2147483647"/>
</pin_list>
<bind>
<opcode="store(28) " fcode="store"/>
<opset="store_ln22/3 "/>
</bind>
</comp>

<comp id="387" class="1004" name="store_ln22_access_fu_387">
<pin_list>
<pin id="388" dir="0" index="0" bw="1" slack="2147483647"/>
<pin id="389" dir="0" index="1" bw="256" slack="2147483647"/>
<pin id="390" dir="0" index="2" bw="0" slack="0"/>
<pin id="392" dir="0" index="4" bw="1" slack="1"/>
<pin id="393" dir="0" index="5" bw="256" slack="2147483647"/>
<pin id="394" dir="0" index="6" bw="0" slack="2147483647"/>
<pin id="391" dir="1" index="3" bw="256" slack="2147483647"/>
<pin id="395" dir="1" index="7" bw="256" slack="2147483647"/>
</pin_list>
<bind>
<opcode="store(28) " fcode="store"/>
<opset="store_ln22/3 "/>
</bind>
</comp>

<comp id="397" class="1004" name="store_ln22_access_fu_397">
<pin_list>
<pin id="398" dir="0" index="0" bw="1" slack="2147483647"/>
<pin id="399" dir="0" index="1" bw="256" slack="2147483647"/>
<pin id="400" dir="0" index="2" bw="0" slack="0"/>
<pin id="402" dir="0" index="4" bw="1" slack="1"/>
<pin id="403" dir="0" index="5" bw="256" slack="2147483647"/>
<pin id="404" dir="0" index="6" bw="0" slack="2147483647"/>
<pin id="401" dir="1" index="3" bw="256" slack="2147483647"/>
<pin id="405" dir="1" index="7" bw="256" slack="2147483647"/>
</pin_list>
<bind>
<opcode="store(28) " fcode="store"/>
<opset="store_ln22/3 "/>
</bind>
</comp>

<comp id="407" class="1004" name="sext_ln15_2_cast_fu_407">
<pin_list>
<pin id="408" dir="0" index="0" bw="59" slack="0"/>
<pin id="409" dir="1" index="1" bw="64" slack="1"/>
</pin_list>
<bind>
<opcode="sext(35) " fcode="sext"/>
<opset="sext_ln15_2_cast/1 "/>
</bind>
</comp>

<comp id="411" class="1004" name="store_ln0_store_fu_411">
<pin_list>
<pin id="412" dir="0" index="0" bw="1" slack="0"/>
<pin id="413" dir="0" index="1" bw="6" slack="0"/>
<pin id="414" dir="1" index="2" bw="0" slack="2147483647"/>
</pin_list>
<bind>
<opcode="store(28) " fcode="store"/>
<opset="store_ln0/1 "/>
</bind>
</comp>

<comp id="416" class="1004" name="i_1_load_fu_416">
<pin_list>
<pin id="417" dir="0" index="0" bw="6" slack="0"/>
<pin id="418" dir="1" index="1" bw="6" slack="0"/>
</pin_list>
<bind>
<opcode="load(27) " fcode="load"/>
<opset="i_1/1 "/>
</bind>
</comp>

<comp id="419" class="1004" name="icmp_ln15_fu_419">
<pin_list>
<pin id="420" dir="0" index="0" bw="6" slack="0"/>
<pin id="421" dir="0" index="1" bw="6" slack="0"/>
<pin id="422" dir="1" index="2" bw="1" slack="1"/>
</pin_list>
<bind>
<opcode="icmp(45) " fcode="icmp"/>
<opset="icmp_ln15/1 "/>
</bind>
</comp>

<comp id="425" class="1004" name="add_ln15_fu_425">
<pin_list>
<pin id="426" dir="0" index="0" bw="6" slack="0"/>
<pin id="427" dir="0" index="1" bw="1" slack="0"/>
<pin id="428" dir="1" index="2" bw="6" slack="0"/>
</pin_list>
<bind>
<opcode="add(8) " fcode="add"/>
<opset="add_ln15/1 "/>
</bind>
</comp>

<comp id="431" class="1004" name="tmp_fu_431">
<pin_list>
<pin id="432" dir="0" index="0" bw="1" slack="0"/>
<pin id="433" dir="0" index="1" bw="6" slack="0"/>
<pin id="434" dir="0" index="2" bw="4" slack="0"/>
<pin id="435" dir="1" index="3" bw="1" slack="2"/>
</pin_list>
<bind>
<opcode="bitselect(1000) " fcode="bitselect"/>
<opset="tmp/1 "/>
</bind>
</comp>

<comp id="439" class="1004" name="trunc_ln22_fu_439">
<pin_list>
<pin id="440" dir="0" index="0" bw="6" slack="0"/>
<pin id="441" dir="1" index="1" bw="4" slack="2"/>
</pin_list>
<bind>
<opcode="trunc(33) " fcode="trunc"/>
<opset="trunc_ln22/1 "/>
</bind>
</comp>

<comp id="443" class="1004" name="store_ln15_store_fu_443">
<pin_list>
<pin id="444" dir="0" index="0" bw="6" slack="0"/>
<pin id="445" dir="0" index="1" bw="6" slack="0"/>
<pin id="446" dir="1" index="2" bw="0" slack="2147483647"/>
</pin_list>
<bind>
<opcode="store(28) " fcode="store"/>
<opset="store_ln15/1 "/>
</bind>
</comp>

<comp id="448" class="1004" name="gmem0_addr_fu_448">
<pin_list>
<pin id="449" dir="0" index="0" bw="256" slack="0"/>
<pin id="450" dir="0" index="1" bw="59" slack="1"/>
<pin id="451" dir="1" index="2" bw="256" slack="0"/>
</pin_list>
<bind>
<opcode="getelementptr(29) " fcode="getelementptr"/>
<opset="gmem0_addr/2 "/>
</bind>
</comp>

<comp id="454" class="1004" name="zext_ln22_fu_454">
<pin_list>
<pin id="455" dir="0" index="0" bw="1" slack="2"/>
<pin id="456" dir="1" index="1" bw="64" slack="0"/>
</pin_list>
<bind>
<opcode="zext(34) " fcode="zext"/>
<opset="zext_ln22/3 "/>
</bind>
</comp>

<comp id="473" class="1005" name="i_reg_473">
<pin_list>
<pin id="474" dir="0" index="0" bw="6" slack="0"/>
<pin id="475" dir="1" index="1" bw="6" slack="0"/>
</pin_list>
<bind>
<opset="i "/>
</bind>
</comp>

<comp id="480" class="1005" name="sext_ln15_2_cast_reg_480">
<pin_list>
<pin id="481" dir="0" index="0" bw="64" slack="1"/>
<pin id="482" dir="1" index="1" bw="64" slack="1"/>
</pin_list>
<bind>
<opset="sext_ln15_2_cast "/>
</bind>
</comp>

<comp id="485" class="1005" name="icmp_ln15_reg_485">
<pin_list>
<pin id="486" dir="0" index="0" bw="1" slack="1"/>
<pin id="487" dir="1" index="1" bw="1" slack="2147483647"/>
</pin_list>
<bind>
<opset="icmp_ln15 "/>
</bind>
</comp>

<comp id="489" class="1005" name="tmp_reg_489">
<pin_list>
<pin id="490" dir="0" index="0" bw="1" slack="2"/>
<pin id="491" dir="1" index="1" bw="1" slack="2"/>
</pin_list>
<bind>
<opset="tmp "/>
</bind>
</comp>

<comp id="494" class="1005" name="trunc_ln22_reg_494">
<pin_list>
<pin id="495" dir="0" index="0" bw="4" slack="2"/>
<pin id="496" dir="1" index="1" bw="4" slack="2147483647"/>
</pin_list>
<bind>
<opset="trunc_ln22 "/>
</bind>
</comp>

<comp id="498" class="1005" name="p_Val2_s_reg_498">
<pin_list>
<pin id="499" dir="0" index="0" bw="256" slack="1"/>
<pin id="500" dir="1" index="1" bw="256" slack="1"/>
</pin_list>
<bind>
<opset="p_Val2_s "/>
</bind>
</comp>

</comp_list>

<net_list>
<net id="123"><net_src comp="36" pin="0"/><net_sink comp="120" pin=0"/></net>

<net id="128"><net_src comp="38" pin="0"/><net_sink comp="124" pin=0"/></net>

<net id="129"><net_src comp="2" pin="0"/><net_sink comp="124" pin=1"/></net>

<net id="134"><net_src comp="110" pin="0"/><net_sink comp="130" pin=0"/></net>

<net id="140"><net_src comp="4" pin="0"/><net_sink comp="135" pin=0"/></net>

<net id="141"><net_src comp="118" pin="0"/><net_sink comp="135" pin=1"/></net>

<net id="147"><net_src comp="6" pin="0"/><net_sink comp="142" pin=0"/></net>

<net id="148"><net_src comp="118" pin="0"/><net_sink comp="142" pin=1"/></net>

<net id="154"><net_src comp="8" pin="0"/><net_sink comp="149" pin=0"/></net>

<net id="155"><net_src comp="118" pin="0"/><net_sink comp="149" pin=1"/></net>

<net id="161"><net_src comp="10" pin="0"/><net_sink comp="156" pin=0"/></net>

<net id="162"><net_src comp="118" pin="0"/><net_sink comp="156" pin=1"/></net>

<net id="168"><net_src comp="12" pin="0"/><net_sink comp="163" pin=0"/></net>

<net id="169"><net_src comp="118" pin="0"/><net_sink comp="163" pin=1"/></net>

<net id="175"><net_src comp="14" pin="0"/><net_sink comp="170" pin=0"/></net>

<net id="176"><net_src comp="118" pin="0"/><net_sink comp="170" pin=1"/></net>

<net id="182"><net_src comp="16" pin="0"/><net_sink comp="177" pin=0"/></net>

<net id="183"><net_src comp="118" pin="0"/><net_sink comp="177" pin=1"/></net>

<net id="189"><net_src comp="18" pin="0"/><net_sink comp="184" pin=0"/></net>

<net id="190"><net_src comp="118" pin="0"/><net_sink comp="184" pin=1"/></net>

<net id="196"><net_src comp="20" pin="0"/><net_sink comp="191" pin=0"/></net>

<net id="197"><net_src comp="118" pin="0"/><net_sink comp="191" pin=1"/></net>

<net id="203"><net_src comp="22" pin="0"/><net_sink comp="198" pin=0"/></net>

<net id="204"><net_src comp="118" pin="0"/><net_sink comp="198" pin=1"/></net>

<net id="210"><net_src comp="24" pin="0"/><net_sink comp="205" pin=0"/></net>

<net id="211"><net_src comp="118" pin="0"/><net_sink comp="205" pin=1"/></net>

<net id="217"><net_src comp="26" pin="0"/><net_sink comp="212" pin=0"/></net>

<net id="218"><net_src comp="118" pin="0"/><net_sink comp="212" pin=1"/></net>

<net id="224"><net_src comp="28" pin="0"/><net_sink comp="219" pin=0"/></net>

<net id="225"><net_src comp="118" pin="0"/><net_sink comp="219" pin=1"/></net>

<net id="231"><net_src comp="30" pin="0"/><net_sink comp="226" pin=0"/></net>

<net id="232"><net_src comp="118" pin="0"/><net_sink comp="226" pin=1"/></net>

<net id="238"><net_src comp="32" pin="0"/><net_sink comp="233" pin=0"/></net>

<net id="239"><net_src comp="118" pin="0"/><net_sink comp="233" pin=1"/></net>

<net id="245"><net_src comp="34" pin="0"/><net_sink comp="240" pin=0"/></net>

<net id="246"><net_src comp="118" pin="0"/><net_sink comp="240" pin=1"/></net>

<net id="256"><net_src comp="233" pin="3"/><net_sink comp="247" pin=2"/></net>

<net id="266"><net_src comp="226" pin="3"/><net_sink comp="257" pin=2"/></net>

<net id="276"><net_src comp="219" pin="3"/><net_sink comp="267" pin=2"/></net>

<net id="286"><net_src comp="212" pin="3"/><net_sink comp="277" pin=2"/></net>

<net id="296"><net_src comp="205" pin="3"/><net_sink comp="287" pin=2"/></net>

<net id="306"><net_src comp="198" pin="3"/><net_sink comp="297" pin=2"/></net>

<net id="316"><net_src comp="191" pin="3"/><net_sink comp="307" pin=2"/></net>

<net id="326"><net_src comp="184" pin="3"/><net_sink comp="317" pin=2"/></net>

<net id="336"><net_src comp="177" pin="3"/><net_sink comp="327" pin=2"/></net>

<net id="346"><net_src comp="170" pin="3"/><net_sink comp="337" pin=2"/></net>

<net id="356"><net_src comp="163" pin="3"/><net_sink comp="347" pin=2"/></net>

<net id="366"><net_src comp="156" pin="3"/><net_sink comp="357" pin=2"/></net>

<net id="376"><net_src comp="149" pin="3"/><net_sink comp="367" pin=2"/></net>

<net id="386"><net_src comp="142" pin="3"/><net_sink comp="377" pin=2"/></net>

<net id="396"><net_src comp="135" pin="3"/><net_sink comp="387" pin=2"/></net>

<net id="406"><net_src comp="240" pin="3"/><net_sink comp="397" pin=2"/></net>

<net id="410"><net_src comp="124" pin="2"/><net_sink comp="407" pin=0"/></net>

<net id="415"><net_src comp="68" pin="0"/><net_sink comp="411" pin=0"/></net>

<net id="423"><net_src comp="416" pin="1"/><net_sink comp="419" pin=0"/></net>

<net id="424"><net_src comp="70" pin="0"/><net_sink comp="419" pin=1"/></net>

<net id="429"><net_src comp="416" pin="1"/><net_sink comp="425" pin=0"/></net>

<net id="430"><net_src comp="72" pin="0"/><net_sink comp="425" pin=1"/></net>

<net id="436"><net_src comp="74" pin="0"/><net_sink comp="431" pin=0"/></net>

<net id="437"><net_src comp="416" pin="1"/><net_sink comp="431" pin=1"/></net>

<net id="438"><net_src comp="62" pin="0"/><net_sink comp="431" pin=2"/></net>

<net id="442"><net_src comp="416" pin="1"/><net_sink comp="439" pin=0"/></net>

<net id="447"><net_src comp="425" pin="2"/><net_sink comp="443" pin=0"/></net>

<net id="452"><net_src comp="0" pin="0"/><net_sink comp="448" pin=0"/></net>

<net id="453"><net_src comp="448" pin="2"/><net_sink comp="130" pin=1"/></net>

<net id="457"><net_src comp="454" pin="1"/><net_sink comp="135" pin=2"/></net>

<net id="458"><net_src comp="454" pin="1"/><net_sink comp="142" pin=2"/></net>

<net id="459"><net_src comp="454" pin="1"/><net_sink comp="149" pin=2"/></net>

<net id="460"><net_src comp="454" pin="1"/><net_sink comp="156" pin=2"/></net>

<net id="461"><net_src comp="454" pin="1"/><net_sink comp="163" pin=2"/></net>

<net id="462"><net_src comp="454" pin="1"/><net_sink comp="170" pin=2"/></net>

<net id="463"><net_src comp="454" pin="1"/><net_sink comp="177" pin=2"/></net>

<net id="464"><net_src comp="454" pin="1"/><net_sink comp="184" pin=2"/></net>

<net id="465"><net_src comp="454" pin="1"/><net_sink comp="191" pin=2"/></net>

<net id="466"><net_src comp="454" pin="1"/><net_sink comp="198" pin=2"/></net>

<net id="467"><net_src comp="454" pin="1"/><net_sink comp="205" pin=2"/></net>

<net id="468"><net_src comp="454" pin="1"/><net_sink comp="212" pin=2"/></net>

<net id="469"><net_src comp="454" pin="1"/><net_sink comp="219" pin=2"/></net>

<net id="470"><net_src comp="454" pin="1"/><net_sink comp="226" pin=2"/></net>

<net id="471"><net_src comp="454" pin="1"/><net_sink comp="233" pin=2"/></net>

<net id="472"><net_src comp="454" pin="1"/><net_sink comp="240" pin=2"/></net>

<net id="476"><net_src comp="120" pin="1"/><net_sink comp="473" pin=0"/></net>

<net id="477"><net_src comp="473" pin="1"/><net_sink comp="411" pin=1"/></net>

<net id="478"><net_src comp="473" pin="1"/><net_sink comp="416" pin=0"/></net>

<net id="479"><net_src comp="473" pin="1"/><net_sink comp="443" pin=1"/></net>

<net id="483"><net_src comp="407" pin="1"/><net_sink comp="480" pin=0"/></net>

<net id="484"><net_src comp="480" pin="1"/><net_sink comp="448" pin=1"/></net>

<net id="488"><net_src comp="419" pin="2"/><net_sink comp="485" pin=0"/></net>

<net id="492"><net_src comp="431" pin="3"/><net_sink comp="489" pin=0"/></net>

<net id="493"><net_src comp="489" pin="1"/><net_sink comp="454" pin=0"/></net>

<net id="497"><net_src comp="439" pin="1"/><net_sink comp="494" pin=0"/></net>

<net id="501"><net_src comp="130" pin="2"/><net_sink comp="498" pin=0"/></net>

<net id="502"><net_src comp="498" pin="1"/><net_sink comp="247" pin=4"/></net>

<net id="503"><net_src comp="498" pin="1"/><net_sink comp="257" pin=4"/></net>

<net id="504"><net_src comp="498" pin="1"/><net_sink comp="267" pin=4"/></net>

<net id="505"><net_src comp="498" pin="1"/><net_sink comp="277" pin=4"/></net>

<net id="506"><net_src comp="498" pin="1"/><net_sink comp="287" pin=4"/></net>

<net id="507"><net_src comp="498" pin="1"/><net_sink comp="297" pin=4"/></net>

<net id="508"><net_src comp="498" pin="1"/><net_sink comp="307" pin=4"/></net>

<net id="509"><net_src comp="498" pin="1"/><net_sink comp="317" pin=4"/></net>

<net id="510"><net_src comp="498" pin="1"/><net_sink comp="327" pin=4"/></net>

<net id="511"><net_src comp="498" pin="1"/><net_sink comp="337" pin=4"/></net>

<net id="512"><net_src comp="498" pin="1"/><net_sink comp="347" pin=4"/></net>

<net id="513"><net_src comp="498" pin="1"/><net_sink comp="357" pin=4"/></net>

<net id="514"><net_src comp="498" pin="1"/><net_sink comp="367" pin=4"/></net>

<net id="515"><net_src comp="498" pin="1"/><net_sink comp="377" pin=4"/></net>

<net id="516"><net_src comp="498" pin="1"/><net_sink comp="387" pin=4"/></net>

<net id="517"><net_src comp="498" pin="1"/><net_sink comp="397" pin=4"/></net>

</net_list>

</model> 
---------------- Datapath Model END ------------------

* FSMD analyzer results:
  - Output states:
	Port: local_buffer_0 | {3 }
	Port: local_buffer_1 | {3 }
	Port: local_buffer_2 | {3 }
	Port: local_buffer_3 | {3 }
	Port: local_buffer_4 | {3 }
	Port: local_buffer_5 | {3 }
	Port: local_buffer_6 | {3 }
	Port: local_buffer_7 | {3 }
	Port: local_buffer_8 | {3 }
	Port: local_buffer_9 | {3 }
	Port: local_buffer_10 | {3 }
	Port: local_buffer_11 | {3 }
	Port: local_buffer_12 | {3 }
	Port: local_buffer_13 | {3 }
	Port: local_buffer_14 | {3 }
	Port: local_buffer_15 | {3 }
 - Input state : 
	Port: read_big_tile_Pipeline_Read_Loop : gmem0 | {2 }
	Port: read_big_tile_Pipeline_Read_Loop : sext_ln15_2 | {1 }
  - Chain level:
	State 1
		store_ln0 : 1
		i_1 : 1
		icmp_ln15 : 2
		add_ln15 : 2
		br_ln15 : 3
		tmp : 2
		trunc_ln22 : 2
		switch_ln22 : 3
		store_ln15 : 3
	State 2
		p_Val2_s : 1
	State 3
		local_buffer_0_addr : 1
		local_buffer_1_addr : 1
		local_buffer_2_addr : 1
		local_buffer_3_addr : 1
		local_buffer_4_addr : 1
		local_buffer_5_addr : 1
		local_buffer_6_addr : 1
		local_buffer_7_addr : 1
		local_buffer_8_addr : 1
		local_buffer_9_addr : 1
		local_buffer_10_addr : 1
		local_buffer_11_addr : 1
		local_buffer_12_addr : 1
		local_buffer_13_addr : 1
		local_buffer_14_addr : 1
		local_buffer_15_addr : 1
		store_ln22 : 2
		store_ln22 : 2
		store_ln22 : 2
		store_ln22 : 2
		store_ln22 : 2
		store_ln22 : 2
		store_ln22 : 2
		store_ln22 : 2
		store_ln22 : 2
		store_ln22 : 2
		store_ln22 : 2
		store_ln22 : 2
		store_ln22 : 2
		store_ln22 : 2
		store_ln22 : 2
		store_ln22 : 2


============================================================
+ Verbose Summary: Datapath Resource usage 
============================================================

* Functional unit list:
|----------|------------------------------|---------|---------|
| Operation|        Functional Unit       |    FF   |   LUT   |
|----------|------------------------------|---------|---------|
|    add   |        add_ln15_fu_425       |    0    |    14   |
|----------|------------------------------|---------|---------|
|   icmp   |       icmp_ln15_fu_419       |    0    |    10   |
|----------|------------------------------|---------|---------|
|   read   | sext_ln15_2_read_read_fu_124 |    0    |    0    |
|          |     p_Val2_s_read_fu_130     |    0    |    0    |
|----------|------------------------------|---------|---------|
|   sext   |    sext_ln15_2_cast_fu_407   |    0    |    0    |
|----------|------------------------------|---------|---------|
| bitselect|          tmp_fu_431          |    0    |    0    |
|----------|------------------------------|---------|---------|
|   trunc  |       trunc_ln22_fu_439      |    0    |    0    |
|----------|------------------------------|---------|---------|
|   zext   |       zext_ln22_fu_454       |    0    |    0    |
|----------|------------------------------|---------|---------|
|   Total  |                              |    0    |    24   |
|----------|------------------------------|---------|---------|

Memories:
N/A

* Register list:
+------------------------+--------+
|                        |   FF   |
+------------------------+--------+
|        i_reg_473       |    6   |
|    icmp_ln15_reg_485   |    1   |
|    p_Val2_s_reg_498    |   256  |
|sext_ln15_2_cast_reg_480|   64   |
|       tmp_reg_489      |    1   |
|   trunc_ln22_reg_494   |    4   |
+------------------------+--------+
|          Total         |   332  |
+------------------------+--------+

* Multiplexer (MUX) list: 
|--------|------|------|------|--------|
|  Comp  |  Pin | Size |  BW  | S x BW |
|--------|------|------|------|--------|
|  Total |      |      |      |    0   |
|--------|------|------|------|--------|



* Summary:
+-----------+--------+--------+
|           |   FF   |   LUT  |
+-----------+--------+--------+
|  Function |    0   |   24   |
|   Memory  |    -   |    -   |
|Multiplexer|    -   |    -   |
|  Register |   332  |    -   |
+-----------+--------+--------+
|   Total   |   332  |   24   |
+-----------+--------+--------+
