

================================================================
== Vitis HLS Report for 'read_big_tile'
================================================================
* Date:           Mon May 25 15:50:52 2026

* Version:        2022.2 (Build 3670227 on Oct 13 2022)
* Project:        SystolicArray
* Solution:       solution1 (Vivado IP Flow Target)
* Product family: zynq
* Target device:  xc7z020-clg400-1


================================================================
== Performance Estimates
================================================================
+ Timing: 
    * Summary: 
    +--------+----------+----------+------------+
    |  Clock |  Target  | Estimated| Uncertainty|
    +--------+----------+----------+------------+
    |ap_clk  |  10.00 ns|  7.300 ns|     2.70 ns|
    +--------+----------+----------+------------+

+ Latency: 
    * Summary: 
    +---------+---------+----------+----------+-----+-----+---------+
    |  Latency (cycles) |  Latency (absolute) |  Interval | Pipeline|
    |   min   |   max   |    min   |    max   | min | max |   Type  |
    +---------+---------+----------+----------+-----+-----+---------+
    |       44|       44|  0.440 us|  0.440 us|   44|   44|       no|
    +---------+---------+----------+----------+-----+-----+---------+

    + Detail: 
        * Instance: 
        +---------------------------------------------+----------------------------------+---------+---------+----------+----------+-----+-----+---------+
        |                                             |                                  |  Latency (cycles) |  Latency (absolute) |  Interval | Pipeline|
        |                   Instance                  |              Module              |   min   |   max   |    min   |    max   | min | max |   Type  |
        +---------------------------------------------+----------------------------------+---------+---------+----------+----------+-----+-----+---------+
        |grp_read_big_tile_Pipeline_Read_Loop_fu_105  |read_big_tile_Pipeline_Read_Loop  |       35|       35|  0.350 us|  0.350 us|   35|   35|       no|
        +---------------------------------------------+----------------------------------+---------+---------+----------+----------+-----+-----+---------+

        * Loop: 
        N/A



================================================================
== Utilization Estimates
================================================================
* Summary: 
+-----------------+---------+-----+--------+-------+-----+
|       Name      | BRAM_18K| DSP |   FF   |  LUT  | URAM|
+-----------------+---------+-----+--------+-------+-----+
|DSP              |        -|    -|       -|      -|    -|
|Expression       |        -|    -|       0|     71|    -|
|FIFO             |        -|    -|       -|      -|    -|
|Instance         |        -|    -|     278|     75|    -|
|Memory           |        -|    -|       -|      -|    -|
|Multiplexer      |        -|    -|       -|    200|    -|
|Register         |        -|    -|      70|      -|    -|
+-----------------+---------+-----+--------+-------+-----+
|Total            |        0|    0|     348|    346|    0|
+-----------------+---------+-----+--------+-------+-----+
|Available        |      280|  220|  106400|  53200|    0|
+-----------------+---------+-----+--------+-------+-----+
|Utilization (%)  |        0|    0|      ~0|     ~0|    0|
+-----------------+---------+-----+--------+-------+-----+

+ Detail: 
    * Instance: 
    +---------------------------------------------+----------------------------------+---------+----+-----+----+-----+
    |                   Instance                  |              Module              | BRAM_18K| DSP|  FF | LUT| URAM|
    +---------------------------------------------+----------------------------------+---------+----+-----+----+-----+
    |grp_read_big_tile_Pipeline_Read_Loop_fu_105  |read_big_tile_Pipeline_Read_Loop  |        0|   0|  278|  75|    0|
    +---------------------------------------------+----------------------------------+---------+----+-----+----+-----+
    |Total                                        |                                  |        0|   0|  278|  75|    0|
    +---------------------------------------------+----------------------------------+---------+----+-----+----+-----+

    * DSP: 
    N/A

    * Memory: 
    N/A

    * FIFO: 
    N/A

    * Expression: 
    +--------------------+----------+----+---+----+------------+------------+
    |    Variable Name   | Operation| DSP| FF| LUT| Bitwidth P0| Bitwidth P1|
    +--------------------+----------+----+---+----+------------+------------+
    |add_ln15_fu_156_p2  |         +|   0|  0|  71|          64|          64|
    +--------------------+----------+----+---+----+------------+------------+
    |Total               |          |   0|  0|  71|          64|          64|
    +--------------------+----------+----+---+----+------------+------------+

    * Multiplexer: 
    +----------------------+----+-----------+-----+-----------+
    |         Name         | LUT| Input Size| Bits| Total Bits|
    +----------------------+----+-----------+-----+-----------+
    |ap_NS_fsm             |  59|         11|    1|         11|
    |gmem0_blk_n_AR        |   9|          2|    1|          2|
    |m_axi_gmem0_ARADDR    |  14|          3|   64|        192|
    |m_axi_gmem0_ARBURST   |   9|          2|    2|          4|
    |m_axi_gmem0_ARCACHE   |   9|          2|    4|          8|
    |m_axi_gmem0_ARID      |   9|          2|    1|          2|
    |m_axi_gmem0_ARLEN     |  14|          3|   32|         96|
    |m_axi_gmem0_ARLOCK    |   9|          2|    2|          4|
    |m_axi_gmem0_ARPROT    |   9|          2|    3|          6|
    |m_axi_gmem0_ARQOS     |   9|          2|    4|          8|
    |m_axi_gmem0_ARREGION  |   9|          2|    4|          8|
    |m_axi_gmem0_ARSIZE    |   9|          2|    3|          6|
    |m_axi_gmem0_ARUSER    |   9|          2|    1|          2|
    |m_axi_gmem0_ARVALID   |  14|          3|    1|          3|
    |m_axi_gmem0_RREADY    |   9|          2|    1|          2|
    +----------------------+----+-----------+-----+-----------+
    |Total                 | 200|         42|  124|        354|
    +----------------------+----+-----------+-----+-----------+

    * Register: 
    +----------------------------------------------------------+----+----+-----+-----------+
    |                           Name                           | FF | LUT| Bits| Const Bits|
    +----------------------------------------------------------+----+----+-----+-----------+
    |ap_CS_fsm                                                 |  10|   0|   10|          0|
    |grp_read_big_tile_Pipeline_Read_Loop_fu_105_ap_start_reg  |   1|   0|    1|          0|
    |trunc_ln_reg_182                                          |  59|   0|   59|          0|
    +----------------------------------------------------------+----+----+-----+-----------+
    |Total                                                     |  70|   0|   70|          0|
    +----------------------------------------------------------+----+----+-----+-----------+



================================================================
== Interface
================================================================
* Summary: 
+--------------------------+-----+-----+------------+-----------------+--------------+
|         RTL Ports        | Dir | Bits|  Protocol  |  Source Object  |    C Type    |
+--------------------------+-----+-----+------------+-----------------+--------------+
|ap_clk                    |   in|    1|  ap_ctrl_hs|    read_big_tile|  return value|
|ap_rst                    |   in|    1|  ap_ctrl_hs|    read_big_tile|  return value|
|ap_start                  |   in|    1|  ap_ctrl_hs|    read_big_tile|  return value|
|ap_done                   |  out|    1|  ap_ctrl_hs|    read_big_tile|  return value|
|ap_idle                   |  out|    1|  ap_ctrl_hs|    read_big_tile|  return value|
|ap_ready                  |  out|    1|  ap_ctrl_hs|    read_big_tile|  return value|
|m_axi_gmem0_AWVALID       |  out|    1|       m_axi|            gmem0|       pointer|
|m_axi_gmem0_AWREADY       |   in|    1|       m_axi|            gmem0|       pointer|
|m_axi_gmem0_AWADDR        |  out|   64|       m_axi|            gmem0|       pointer|
|m_axi_gmem0_AWID          |  out|    1|       m_axi|            gmem0|       pointer|
|m_axi_gmem0_AWLEN         |  out|   32|       m_axi|            gmem0|       pointer|
|m_axi_gmem0_AWSIZE        |  out|    3|       m_axi|            gmem0|       pointer|
|m_axi_gmem0_AWBURST       |  out|    2|       m_axi|            gmem0|       pointer|
|m_axi_gmem0_AWLOCK        |  out|    2|       m_axi|            gmem0|       pointer|
|m_axi_gmem0_AWCACHE       |  out|    4|       m_axi|            gmem0|       pointer|
|m_axi_gmem0_AWPROT        |  out|    3|       m_axi|            gmem0|       pointer|
|m_axi_gmem0_AWQOS         |  out|    4|       m_axi|            gmem0|       pointer|
|m_axi_gmem0_AWREGION      |  out|    4|       m_axi|            gmem0|       pointer|
|m_axi_gmem0_AWUSER        |  out|    1|       m_axi|            gmem0|       pointer|
|m_axi_gmem0_WVALID        |  out|    1|       m_axi|            gmem0|       pointer|
|m_axi_gmem0_WREADY        |   in|    1|       m_axi|            gmem0|       pointer|
|m_axi_gmem0_WDATA         |  out|  256|       m_axi|            gmem0|       pointer|
|m_axi_gmem0_WSTRB         |  out|   32|       m_axi|            gmem0|       pointer|
|m_axi_gmem0_WLAST         |  out|    1|       m_axi|            gmem0|       pointer|
|m_axi_gmem0_WID           |  out|    1|       m_axi|            gmem0|       pointer|
|m_axi_gmem0_WUSER         |  out|    1|       m_axi|            gmem0|       pointer|
|m_axi_gmem0_ARVALID       |  out|    1|       m_axi|            gmem0|       pointer|
|m_axi_gmem0_ARREADY       |   in|    1|       m_axi|            gmem0|       pointer|
|m_axi_gmem0_ARADDR        |  out|   64|       m_axi|            gmem0|       pointer|
|m_axi_gmem0_ARID          |  out|    1|       m_axi|            gmem0|       pointer|
|m_axi_gmem0_ARLEN         |  out|   32|       m_axi|            gmem0|       pointer|
|m_axi_gmem0_ARSIZE        |  out|    3|       m_axi|            gmem0|       pointer|
|m_axi_gmem0_ARBURST       |  out|    2|       m_axi|            gmem0|       pointer|
|m_axi_gmem0_ARLOCK        |  out|    2|       m_axi|            gmem0|       pointer|
|m_axi_gmem0_ARCACHE       |  out|    4|       m_axi|            gmem0|       pointer|
|m_axi_gmem0_ARPROT        |  out|    3|       m_axi|            gmem0|       pointer|
|m_axi_gmem0_ARQOS         |  out|    4|       m_axi|            gmem0|       pointer|
|m_axi_gmem0_ARREGION      |  out|    4|       m_axi|            gmem0|       pointer|
|m_axi_gmem0_ARUSER        |  out|    1|       m_axi|            gmem0|       pointer|
|m_axi_gmem0_RVALID        |   in|    1|       m_axi|            gmem0|       pointer|
|m_axi_gmem0_RREADY        |  out|    1|       m_axi|            gmem0|       pointer|
|m_axi_gmem0_RDATA         |   in|  256|       m_axi|            gmem0|       pointer|
|m_axi_gmem0_RLAST         |   in|    1|       m_axi|            gmem0|       pointer|
|m_axi_gmem0_RID           |   in|    1|       m_axi|            gmem0|       pointer|
|m_axi_gmem0_RFIFONUM      |   in|    9|       m_axi|            gmem0|       pointer|
|m_axi_gmem0_RUSER         |   in|    1|       m_axi|            gmem0|       pointer|
|m_axi_gmem0_RRESP         |   in|    2|       m_axi|            gmem0|       pointer|
|m_axi_gmem0_BVALID        |   in|    1|       m_axi|            gmem0|       pointer|
|m_axi_gmem0_BREADY        |  out|    1|       m_axi|            gmem0|       pointer|
|m_axi_gmem0_BRESP         |   in|    2|       m_axi|            gmem0|       pointer|
|m_axi_gmem0_BID           |   in|    1|       m_axi|            gmem0|       pointer|
|m_axi_gmem0_BUSER         |   in|    1|       m_axi|            gmem0|       pointer|
|dram_matrix               |   in|   64|     ap_none|      dram_matrix|        scalar|
|local_buffer_0_address1   |  out|    1|   ap_memory|   local_buffer_0|         array|
|local_buffer_0_ce1        |  out|    1|   ap_memory|   local_buffer_0|         array|
|local_buffer_0_we1        |  out|    1|   ap_memory|   local_buffer_0|         array|
|local_buffer_0_d1         |  out|  256|   ap_memory|   local_buffer_0|         array|
|local_buffer_1_address1   |  out|    1|   ap_memory|   local_buffer_1|         array|
|local_buffer_1_ce1        |  out|    1|   ap_memory|   local_buffer_1|         array|
|local_buffer_1_we1        |  out|    1|   ap_memory|   local_buffer_1|         array|
|local_buffer_1_d1         |  out|  256|   ap_memory|   local_buffer_1|         array|
|local_buffer_2_address1   |  out|    1|   ap_memory|   local_buffer_2|         array|
|local_buffer_2_ce1        |  out|    1|   ap_memory|   local_buffer_2|         array|
|local_buffer_2_we1        |  out|    1|   ap_memory|   local_buffer_2|         array|
|local_buffer_2_d1         |  out|  256|   ap_memory|   local_buffer_2|         array|
|local_buffer_3_address1   |  out|    1|   ap_memory|   local_buffer_3|         array|
|local_buffer_3_ce1        |  out|    1|   ap_memory|   local_buffer_3|         array|
|local_buffer_3_we1        |  out|    1|   ap_memory|   local_buffer_3|         array|
|local_buffer_3_d1         |  out|  256|   ap_memory|   local_buffer_3|         array|
|local_buffer_4_address1   |  out|    1|   ap_memory|   local_buffer_4|         array|
|local_buffer_4_ce1        |  out|    1|   ap_memory|   local_buffer_4|         array|
|local_buffer_4_we1        |  out|    1|   ap_memory|   local_buffer_4|         array|
|local_buffer_4_d1         |  out|  256|   ap_memory|   local_buffer_4|         array|
|local_buffer_5_address1   |  out|    1|   ap_memory|   local_buffer_5|         array|
|local_buffer_5_ce1        |  out|    1|   ap_memory|   local_buffer_5|         array|
|local_buffer_5_we1        |  out|    1|   ap_memory|   local_buffer_5|         array|
|local_buffer_5_d1         |  out|  256|   ap_memory|   local_buffer_5|         array|
|local_buffer_6_address1   |  out|    1|   ap_memory|   local_buffer_6|         array|
|local_buffer_6_ce1        |  out|    1|   ap_memory|   local_buffer_6|         array|
|local_buffer_6_we1        |  out|    1|   ap_memory|   local_buffer_6|         array|
|local_buffer_6_d1         |  out|  256|   ap_memory|   local_buffer_6|         array|
|local_buffer_7_address1   |  out|    1|   ap_memory|   local_buffer_7|         array|
|local_buffer_7_ce1        |  out|    1|   ap_memory|   local_buffer_7|         array|
|local_buffer_7_we1        |  out|    1|   ap_memory|   local_buffer_7|         array|
|local_buffer_7_d1         |  out|  256|   ap_memory|   local_buffer_7|         array|
|local_buffer_8_address1   |  out|    1|   ap_memory|   local_buffer_8|         array|
|local_buffer_8_ce1        |  out|    1|   ap_memory|   local_buffer_8|         array|
|local_buffer_8_we1        |  out|    1|   ap_memory|   local_buffer_8|         array|
|local_buffer_8_d1         |  out|  256|   ap_memory|   local_buffer_8|         array|
|local_buffer_9_address1   |  out|    1|   ap_memory|   local_buffer_9|         array|
|local_buffer_9_ce1        |  out|    1|   ap_memory|   local_buffer_9|         array|
|local_buffer_9_we1        |  out|    1|   ap_memory|   local_buffer_9|         array|
|local_buffer_9_d1         |  out|  256|   ap_memory|   local_buffer_9|         array|
|local_buffer_10_address1  |  out|    1|   ap_memory|  local_buffer_10|         array|
|local_buffer_10_ce1       |  out|    1|   ap_memory|  local_buffer_10|         array|
|local_buffer_10_we1       |  out|    1|   ap_memory|  local_buffer_10|         array|
|local_buffer_10_d1        |  out|  256|   ap_memory|  local_buffer_10|         array|
|local_buffer_11_address1  |  out|    1|   ap_memory|  local_buffer_11|         array|
|local_buffer_11_ce1       |  out|    1|   ap_memory|  local_buffer_11|         array|
|local_buffer_11_we1       |  out|    1|   ap_memory|  local_buffer_11|         array|
|local_buffer_11_d1        |  out|  256|   ap_memory|  local_buffer_11|         array|
|local_buffer_12_address1  |  out|    1|   ap_memory|  local_buffer_12|         array|
|local_buffer_12_ce1       |  out|    1|   ap_memory|  local_buffer_12|         array|
|local_buffer_12_we1       |  out|    1|   ap_memory|  local_buffer_12|         array|
|local_buffer_12_d1        |  out|  256|   ap_memory|  local_buffer_12|         array|
|local_buffer_13_address1  |  out|    1|   ap_memory|  local_buffer_13|         array|
|local_buffer_13_ce1       |  out|    1|   ap_memory|  local_buffer_13|         array|
|local_buffer_13_we1       |  out|    1|   ap_memory|  local_buffer_13|         array|
|local_buffer_13_d1        |  out|  256|   ap_memory|  local_buffer_13|         array|
|local_buffer_14_address1  |  out|    1|   ap_memory|  local_buffer_14|         array|
|local_buffer_14_ce1       |  out|    1|   ap_memory|  local_buffer_14|         array|
|local_buffer_14_we1       |  out|    1|   ap_memory|  local_buffer_14|         array|
|local_buffer_14_d1        |  out|  256|   ap_memory|  local_buffer_14|         array|
|local_buffer_15_address1  |  out|    1|   ap_memory|  local_buffer_15|         array|
|local_buffer_15_ce1       |  out|    1|   ap_memory|  local_buffer_15|         array|
|local_buffer_15_we1       |  out|    1|   ap_memory|  local_buffer_15|         array|
|local_buffer_15_d1        |  out|  256|   ap_memory|  local_buffer_15|         array|
|tile_index                |   in|   27|     ap_none|       tile_index|        scalar|
+--------------------------+-----+-----+------------+-----------------+--------------+

============================================================
+ Verbose Summary: Synthesis Manager
============================================================
InlineROM: 1
ExposeGlobal: 0
============================================================
+ Verbose Summary: CDFG Model
============================================================
IsTopModel: 0
ResetActiveHigh: 1
IsCombinational: 2
IsDatapathOnly: 2
HasWiredReturn: 1
HasMFsm: 0
HasVarLatency: 1
IsPipeline: 0
IsRtlPipelined: 0
IsInstanceOverlapped: 0
IsDontTouch: 0
HasImplIP: 0
IsGatedGlobalClock: 0


============================================================
+ Verbose Summary: Schedule
============================================================
* Number of FSM states : 10
* Pipeline : 0
* Dataflow Pipeline: 0

* FSM state transitions: 
1 --> 2 
2 --> 3 
3 --> 4 
4 --> 5 
5 --> 6 
6 --> 7 
7 --> 8 
8 --> 9 
9 --> 10 
10 --> 

* FSM state operations: 

State 1 <SV = 0> <Delay = 3.52>
ST_1 : Operation 11 [1/1] (0.00ns)   --->   "%tile_index_read = read i27 @_ssdm_op_Read.ap_auto.i27, i27 %tile_index" [SystolicArray/main.cpp:15]   --->   Operation 11 'read' 'tile_index_read' <Predicate = true> <Delay = 0.00>
ST_1 : Operation 12 [1/1] (0.00ns)   --->   "%dram_matrix_read = read i64 @_ssdm_op_Read.ap_auto.i64, i64 %dram_matrix" [SystolicArray/main.cpp:15]   --->   Operation 12 'read' 'dram_matrix_read' <Predicate = true> <Delay = 0.00>
ST_1 : Operation 13 [1/1] (0.00ns)   --->   "%shl_ln = bitconcatenate i37 @_ssdm_op_BitConcatenate.i37.i27.i10, i27 %tile_index_read, i10 0" [SystolicArray/main.cpp:15]   --->   Operation 13 'bitconcatenate' 'shl_ln' <Predicate = true> <Delay = 0.00>
ST_1 : Operation 14 [1/1] (0.00ns)   --->   "%sext_ln15 = sext i37 %shl_ln" [SystolicArray/main.cpp:15]   --->   Operation 14 'sext' 'sext_ln15' <Predicate = true> <Delay = 0.00>
ST_1 : Operation 15 [1/1] (3.52ns)   --->   "%add_ln15 = add i64 %sext_ln15, i64 %dram_matrix_read" [SystolicArray/main.cpp:15]   --->   Operation 15 'add' 'add_ln15' <Predicate = true> <Delay = 3.52> <CoreInst = "Adder">   --->   Core 1 'Adder' <Latency = 0> <II = 1> <Delay = 3.52> <FuncUnit> <Opcode : 'add' 'sub'> <InPorts = 2> <OutPorts = 1>
ST_1 : Operation 16 [1/1] (0.00ns)   --->   "%trunc_ln = partselect i59 @_ssdm_op_PartSelect.i59.i64.i32.i32, i64 %add_ln15, i32 5, i32 63" [SystolicArray/main.cpp:15]   --->   Operation 16 'partselect' 'trunc_ln' <Predicate = true> <Delay = 0.00>

State 2 <SV = 1> <Delay = 7.30>
ST_2 : Operation 17 [1/1] (0.00ns)   --->   "%sext_ln15_2 = sext i59 %trunc_ln" [SystolicArray/main.cpp:15]   --->   Operation 17 'sext' 'sext_ln15_2' <Predicate = true> <Delay = 0.00>
ST_2 : Operation 18 [1/1] (0.00ns)   --->   "%gmem0_addr = getelementptr i256 %gmem0, i64 %sext_ln15_2" [SystolicArray/main.cpp:15]   --->   Operation 18 'getelementptr' 'gmem0_addr' <Predicate = true> <Delay = 0.00>
ST_2 : Operation 19 [7/7] (7.30ns)   --->   "%empty = readreq i1 @_ssdm_op_ReadReq.m_axi.p1i256, i64 %gmem0_addr, i32 32" [SystolicArray/main.cpp:15]   --->   Operation 19 'readreq' 'empty' <Predicate = true> <Delay = 7.30> <CoreInst = "m_axi">   --->   Core 113 'm_axi' <Latency = 0> <II = 1> <Delay = 1.00> <Adapter> <Opcode : 'read' 'write' 'readreq' 'writereq' 'writeresp'>

State 3 <SV = 2> <Delay = 7.30>
ST_3 : Operation 20 [6/7] (7.30ns)   --->   "%empty = readreq i1 @_ssdm_op_ReadReq.m_axi.p1i256, i64 %gmem0_addr, i32 32" [SystolicArray/main.cpp:15]   --->   Operation 20 'readreq' 'empty' <Predicate = true> <Delay = 7.30> <CoreInst = "m_axi">   --->   Core 113 'm_axi' <Latency = 0> <II = 1> <Delay = 1.00> <Adapter> <Opcode : 'read' 'write' 'readreq' 'writereq' 'writeresp'>

State 4 <SV = 3> <Delay = 7.30>
ST_4 : Operation 21 [5/7] (7.30ns)   --->   "%empty = readreq i1 @_ssdm_op_ReadReq.m_axi.p1i256, i64 %gmem0_addr, i32 32" [SystolicArray/main.cpp:15]   --->   Operation 21 'readreq' 'empty' <Predicate = true> <Delay = 7.30> <CoreInst = "m_axi">   --->   Core 113 'm_axi' <Latency = 0> <II = 1> <Delay = 1.00> <Adapter> <Opcode : 'read' 'write' 'readreq' 'writereq' 'writeresp'>

State 5 <SV = 4> <Delay = 7.30>
ST_5 : Operation 22 [4/7] (7.30ns)   --->   "%empty = readreq i1 @_ssdm_op_ReadReq.m_axi.p1i256, i64 %gmem0_addr, i32 32" [SystolicArray/main.cpp:15]   --->   Operation 22 'readreq' 'empty' <Predicate = true> <Delay = 7.30> <CoreInst = "m_axi">   --->   Core 113 'm_axi' <Latency = 0> <II = 1> <Delay = 1.00> <Adapter> <Opcode : 'read' 'write' 'readreq' 'writereq' 'writeresp'>

State 6 <SV = 5> <Delay = 7.30>
ST_6 : Operation 23 [3/7] (7.30ns)   --->   "%empty = readreq i1 @_ssdm_op_ReadReq.m_axi.p1i256, i64 %gmem0_addr, i32 32" [SystolicArray/main.cpp:15]   --->   Operation 23 'readreq' 'empty' <Predicate = true> <Delay = 7.30> <CoreInst = "m_axi">   --->   Core 113 'm_axi' <Latency = 0> <II = 1> <Delay = 1.00> <Adapter> <Opcode : 'read' 'write' 'readreq' 'writereq' 'writeresp'>

State 7 <SV = 6> <Delay = 7.30>
ST_7 : Operation 24 [2/7] (7.30ns)   --->   "%empty = readreq i1 @_ssdm_op_ReadReq.m_axi.p1i256, i64 %gmem0_addr, i32 32" [SystolicArray/main.cpp:15]   --->   Operation 24 'readreq' 'empty' <Predicate = true> <Delay = 7.30> <CoreInst = "m_axi">   --->   Core 113 'm_axi' <Latency = 0> <II = 1> <Delay = 1.00> <Adapter> <Opcode : 'read' 'write' 'readreq' 'writereq' 'writeresp'>

State 8 <SV = 7> <Delay = 7.30>
ST_8 : Operation 25 [1/7] (7.30ns)   --->   "%empty = readreq i1 @_ssdm_op_ReadReq.m_axi.p1i256, i64 %gmem0_addr, i32 32" [SystolicArray/main.cpp:15]   --->   Operation 25 'readreq' 'empty' <Predicate = true> <Delay = 7.30> <CoreInst = "m_axi">   --->   Core 113 'm_axi' <Latency = 0> <II = 1> <Delay = 1.00> <Adapter> <Opcode : 'read' 'write' 'readreq' 'writereq' 'writeresp'>

State 9 <SV = 8> <Delay = 0.00>
ST_9 : Operation 26 [2/2] (0.00ns)   --->   "%call_ln15 = call void @read_big_tile_Pipeline_Read_Loop, i256 %gmem0, i59 %trunc_ln, i256 %local_buffer_0, i256 %local_buffer_1, i256 %local_buffer_2, i256 %local_buffer_3, i256 %local_buffer_4, i256 %local_buffer_5, i256 %local_buffer_6, i256 %local_buffer_7, i256 %local_buffer_8, i256 %local_buffer_9, i256 %local_buffer_10, i256 %local_buffer_11, i256 %local_buffer_12, i256 %local_buffer_13, i256 %local_buffer_14, i256 %local_buffer_15" [SystolicArray/main.cpp:15]   --->   Operation 26 'call' 'call_ln15' <Predicate = true> <Delay = 0.00> <CoreType = "Generic">   --->   Core 0 '' <Latency = 0> <II = 1> <Delay = 1.00> <Generic> <Opcode : >

State 10 <SV = 9> <Delay = 0.00>
ST_10 : Operation 27 [1/1] (0.00ns)   --->   "%specmemcore_ln0 = specmemcore void @_ssdm_op_SpecMemCore, i256 %local_buffer_0, i64 666, i64 22, i64 18446744073709551615"   --->   Operation 27 'specmemcore' 'specmemcore_ln0' <Predicate = true> <Delay = 0.00>
ST_10 : Operation 28 [1/1] (0.00ns)   --->   "%specmemcore_ln0 = specmemcore void @_ssdm_op_SpecMemCore, i256 %local_buffer_1, i64 666, i64 22, i64 18446744073709551615"   --->   Operation 28 'specmemcore' 'specmemcore_ln0' <Predicate = true> <Delay = 0.00>
ST_10 : Operation 29 [1/1] (0.00ns)   --->   "%specmemcore_ln0 = specmemcore void @_ssdm_op_SpecMemCore, i256 %local_buffer_2, i64 666, i64 22, i64 18446744073709551615"   --->   Operation 29 'specmemcore' 'specmemcore_ln0' <Predicate = true> <Delay = 0.00>
ST_10 : Operation 30 [1/1] (0.00ns)   --->   "%specmemcore_ln0 = specmemcore void @_ssdm_op_SpecMemCore, i256 %local_buffer_3, i64 666, i64 22, i64 18446744073709551615"   --->   Operation 30 'specmemcore' 'specmemcore_ln0' <Predicate = true> <Delay = 0.00>
ST_10 : Operation 31 [1/1] (0.00ns)   --->   "%specmemcore_ln0 = specmemcore void @_ssdm_op_SpecMemCore, i256 %local_buffer_4, i64 666, i64 22, i64 18446744073709551615"   --->   Operation 31 'specmemcore' 'specmemcore_ln0' <Predicate = true> <Delay = 0.00>
ST_10 : Operation 32 [1/1] (0.00ns)   --->   "%specmemcore_ln0 = specmemcore void @_ssdm_op_SpecMemCore, i256 %local_buffer_5, i64 666, i64 22, i64 18446744073709551615"   --->   Operation 32 'specmemcore' 'specmemcore_ln0' <Predicate = true> <Delay = 0.00>
ST_10 : Operation 33 [1/1] (0.00ns)   --->   "%specmemcore_ln0 = specmemcore void @_ssdm_op_SpecMemCore, i256 %local_buffer_6, i64 666, i64 22, i64 18446744073709551615"   --->   Operation 33 'specmemcore' 'specmemcore_ln0' <Predicate = true> <Delay = 0.00>
ST_10 : Operation 34 [1/1] (0.00ns)   --->   "%specmemcore_ln0 = specmemcore void @_ssdm_op_SpecMemCore, i256 %local_buffer_7, i64 666, i64 22, i64 18446744073709551615"   --->   Operation 34 'specmemcore' 'specmemcore_ln0' <Predicate = true> <Delay = 0.00>
ST_10 : Operation 35 [1/1] (0.00ns)   --->   "%specmemcore_ln0 = specmemcore void @_ssdm_op_SpecMemCore, i256 %local_buffer_8, i64 666, i64 22, i64 18446744073709551615"   --->   Operation 35 'specmemcore' 'specmemcore_ln0' <Predicate = true> <Delay = 0.00>
ST_10 : Operation 36 [1/1] (0.00ns)   --->   "%specmemcore_ln0 = specmemcore void @_ssdm_op_SpecMemCore, i256 %local_buffer_9, i64 666, i64 22, i64 18446744073709551615"   --->   Operation 36 'specmemcore' 'specmemcore_ln0' <Predicate = true> <Delay = 0.00>
ST_10 : Operation 37 [1/1] (0.00ns)   --->   "%specmemcore_ln0 = specmemcore void @_ssdm_op_SpecMemCore, i256 %local_buffer_10, i64 666, i64 22, i64 18446744073709551615"   --->   Operation 37 'specmemcore' 'specmemcore_ln0' <Predicate = true> <Delay = 0.00>
ST_10 : Operation 38 [1/1] (0.00ns)   --->   "%specmemcore_ln0 = specmemcore void @_ssdm_op_SpecMemCore, i256 %local_buffer_11, i64 666, i64 22, i64 18446744073709551615"   --->   Operation 38 'specmemcore' 'specmemcore_ln0' <Predicate = true> <Delay = 0.00>
ST_10 : Operation 39 [1/1] (0.00ns)   --->   "%specmemcore_ln0 = specmemcore void @_ssdm_op_SpecMemCore, i256 %local_buffer_12, i64 666, i64 22, i64 18446744073709551615"   --->   Operation 39 'specmemcore' 'specmemcore_ln0' <Predicate = true> <Delay = 0.00>
ST_10 : Operation 40 [1/1] (0.00ns)   --->   "%specmemcore_ln0 = specmemcore void @_ssdm_op_SpecMemCore, i256 %local_buffer_13, i64 666, i64 22, i64 18446744073709551615"   --->   Operation 40 'specmemcore' 'specmemcore_ln0' <Predicate = true> <Delay = 0.00>
ST_10 : Operation 41 [1/1] (0.00ns)   --->   "%specmemcore_ln0 = specmemcore void @_ssdm_op_SpecMemCore, i256 %local_buffer_14, i64 666, i64 22, i64 18446744073709551615"   --->   Operation 41 'specmemcore' 'specmemcore_ln0' <Predicate = true> <Delay = 0.00>
ST_10 : Operation 42 [1/1] (0.00ns)   --->   "%specmemcore_ln0 = specmemcore void @_ssdm_op_SpecMemCore, i256 %local_buffer_15, i64 666, i64 22, i64 18446744073709551615"   --->   Operation 42 'specmemcore' 'specmemcore_ln0' <Predicate = true> <Delay = 0.00>
ST_10 : Operation 43 [1/1] (0.00ns)   --->   "%specinterface_ln0 = specinterface void @_ssdm_op_SpecInterface, i256 %gmem0, void @empty_1045, i32 0, i32 0, void @empty_1037, i32 0, i32 4000, void @empty_1023, void @empty_1032, void @empty_1037, i32 4, i32 4, i32 64, i32 64, void @empty_1037, void @empty_1037, i32 4294967295, i32 0"   --->   Operation 43 'specinterface' 'specinterface_ln0' <Predicate = true> <Delay = 0.00>
ST_10 : Operation 44 [1/2] (0.00ns)   --->   "%call_ln15 = call void @read_big_tile_Pipeline_Read_Loop, i256 %gmem0, i59 %trunc_ln, i256 %local_buffer_0, i256 %local_buffer_1, i256 %local_buffer_2, i256 %local_buffer_3, i256 %local_buffer_4, i256 %local_buffer_5, i256 %local_buffer_6, i256 %local_buffer_7, i256 %local_buffer_8, i256 %local_buffer_9, i256 %local_buffer_10, i256 %local_buffer_11, i256 %local_buffer_12, i256 %local_buffer_13, i256 %local_buffer_14, i256 %local_buffer_15" [SystolicArray/main.cpp:15]   --->   Operation 44 'call' 'call_ln15' <Predicate = true> <Delay = 0.00> <CoreType = "Generic">   --->   Core 0 '' <Latency = 0> <II = 1> <Delay = 1.00> <Generic> <Opcode : >
ST_10 : Operation 45 [1/1] (0.00ns)   --->   "%ret_ln25 = ret" [SystolicArray/main.cpp:25]   --->   Operation 45 'ret' 'ret_ln25' <Predicate = true> <Delay = 0.00>


============================================================
+ Verbose Summary: Binding
============================================================
STG Binding: 
---------------- STG Properties BEGIN ----------------
- Is combinational: 0
- Is one-state seq: 0
- Is datapath-only: 0
- Is pipelined: 0
- Is top level: 0
Port [ Return ] is wired: 1; IO mode=ap_ctrl_hs:ce=0
Port [ gmem0]:  wired=1; compound=1; hidden=0; nouse=0; global=0; static=0; extern=0; dir=0; type=4; pingpong=0; private_global=0; IO mode=m_axi:ce=0
Port [ dram_matrix]:  wired=1; compound=0; hidden=0; nouse=0; global=0; static=0; extern=0; dir=0; type=0; pingpong=0; private_global=0; IO mode=ap_none:ce=0
Port [ local_buffer_0]:  wired=1; compound=1; hidden=0; nouse=0; global=0; static=0; extern=0; dir=1; type=1; pingpong=0; private_global=0; MemPort=[30]; IO mode=ap_memory:ce=0
Port [ local_buffer_1]:  wired=1; compound=1; hidden=0; nouse=0; global=0; static=0; extern=0; dir=1; type=1; pingpong=0; private_global=0; MemPort=[30]; IO mode=ap_memory:ce=0
Port [ local_buffer_2]:  wired=1; compound=1; hidden=0; nouse=0; global=0; static=0; extern=0; dir=1; type=1; pingpong=0; private_global=0; MemPort=[30]; IO mode=ap_memory:ce=0
Port [ local_buffer_3]:  wired=1; compound=1; hidden=0; nouse=0; global=0; static=0; extern=0; dir=1; type=1; pingpong=0; private_global=0; MemPort=[30]; IO mode=ap_memory:ce=0
Port [ local_buffer_4]:  wired=1; compound=1; hidden=0; nouse=0; global=0; static=0; extern=0; dir=1; type=1; pingpong=0; private_global=0; MemPort=[30]; IO mode=ap_memory:ce=0
Port [ local_buffer_5]:  wired=1; compound=1; hidden=0; nouse=0; global=0; static=0; extern=0; dir=1; type=1; pingpong=0; private_global=0; MemPort=[30]; IO mode=ap_memory:ce=0
Port [ local_buffer_6]:  wired=1; compound=1; hidden=0; nouse=0; global=0; static=0; extern=0; dir=1; type=1; pingpong=0; private_global=0; MemPort=[30]; IO mode=ap_memory:ce=0
Port [ local_buffer_7]:  wired=1; compound=1; hidden=0; nouse=0; global=0; static=0; extern=0; dir=1; type=1; pingpong=0; private_global=0; MemPort=[30]; IO mode=ap_memory:ce=0
Port [ local_buffer_8]:  wired=1; compound=1; hidden=0; nouse=0; global=0; static=0; extern=0; dir=1; type=1; pingpong=0; private_global=0; MemPort=[30]; IO mode=ap_memory:ce=0
Port [ local_buffer_9]:  wired=1; compound=1; hidden=0; nouse=0; global=0; static=0; extern=0; dir=1; type=1; pingpong=0; private_global=0; MemPort=[30]; IO mode=ap_memory:ce=0
Port [ local_buffer_10]:  wired=1; compound=1; hidden=0; nouse=0; global=0; static=0; extern=0; dir=1; type=1; pingpong=0; private_global=0; MemPort=[30]; IO mode=ap_memory:ce=0
Port [ local_buffer_11]:  wired=1; compound=1; hidden=0; nouse=0; global=0; static=0; extern=0; dir=1; type=1; pingpong=0; private_global=0; MemPort=[30]; IO mode=ap_memory:ce=0
Port [ local_buffer_12]:  wired=1; compound=1; hidden=0; nouse=0; global=0; static=0; extern=0; dir=1; type=1; pingpong=0; private_global=0; MemPort=[30]; IO mode=ap_memory:ce=0
Port [ local_buffer_13]:  wired=1; compound=1; hidden=0; nouse=0; global=0; static=0; extern=0; dir=1; type=1; pingpong=0; private_global=0; MemPort=[30]; IO mode=ap_memory:ce=0
Port [ local_buffer_14]:  wired=1; compound=1; hidden=0; nouse=0; global=0; static=0; extern=0; dir=1; type=1; pingpong=0; private_global=0; MemPort=[30]; IO mode=ap_memory:ce=0
Port [ local_buffer_15]:  wired=1; compound=1; hidden=0; nouse=0; global=0; static=0; extern=0; dir=1; type=1; pingpong=0; private_global=0; MemPort=[30]; IO mode=ap_memory:ce=0
Port [ tile_index]:  wired=1; compound=0; hidden=0; nouse=0; global=0; static=0; extern=0; dir=0; type=0; pingpong=0; private_global=0; IO mode=ap_none:ce=0
---------------- STG Properties END ------------------

---------------- Datapath Model BEGIN ----------------

<LifeTime>
<method=bitvector/>
tile_index_read   (read          ) [ 00000000000]
dram_matrix_read  (read          ) [ 00000000000]
shl_ln            (bitconcatenate) [ 00000000000]
sext_ln15         (sext          ) [ 00000000000]
add_ln15          (add           ) [ 00000000000]
trunc_ln          (partselect    ) [ 00111111111]
sext_ln15_2       (sext          ) [ 00000000000]
gmem0_addr        (getelementptr ) [ 00011111100]
empty             (readreq       ) [ 00000000000]
specmemcore_ln0   (specmemcore   ) [ 00000000000]
specmemcore_ln0   (specmemcore   ) [ 00000000000]
specmemcore_ln0   (specmemcore   ) [ 00000000000]
specmemcore_ln0   (specmemcore   ) [ 00000000000]
specmemcore_ln0   (specmemcore   ) [ 00000000000]
specmemcore_ln0   (specmemcore   ) [ 00000000000]
specmemcore_ln0   (specmemcore   ) [ 00000000000]
specmemcore_ln0   (specmemcore   ) [ 00000000000]
specmemcore_ln0   (specmemcore   ) [ 00000000000]
specmemcore_ln0   (specmemcore   ) [ 00000000000]
specmemcore_ln0   (specmemcore   ) [ 00000000000]
specmemcore_ln0   (specmemcore   ) [ 00000000000]
specmemcore_ln0   (specmemcore   ) [ 00000000000]
specmemcore_ln0   (specmemcore   ) [ 00000000000]
specmemcore_ln0   (specmemcore   ) [ 00000000000]
specmemcore_ln0   (specmemcore   ) [ 00000000000]
specinterface_ln0 (specinterface ) [ 00000000000]
call_ln15         (call          ) [ 00000000000]
ret_ln25          (ret           ) [ 00000000000]
</LifeTime>

<model>

<comp_list>
<comp id="0" class="1000" name="gmem0">
<pin_list>
<pin id="1" dir="1" index="0" bw="1" slack="0"/>
</pin_list>
<bind>
<StgValue><ssdm name="gmem0"/></StgValue>
</bind>
</comp>

<comp id="2" class="1000" name="dram_matrix">
<pin_list>
<pin id="3" dir="1" index="0" bw="1" slack="0"/>
</pin_list>
<bind>
<StgValue><ssdm name="dram_matrix"/></StgValue>
</bind>
</comp>

<comp id="4" class="1000" name="local_buffer_0">
<pin_list>
<pin id="5" dir="1" index="0" bw="1" slack="0"/>
</pin_list>
<bind>
<StgValue><ssdm name="local_buffer_0"/><MemPortTyVec>3 0 </MemPortTyVec>
</StgValue>
</bind>
</comp>

<comp id="6" class="1000" name="local_buffer_1">
<pin_list>
<pin id="7" dir="1" index="0" bw="1" slack="0"/>
</pin_list>
<bind>
<StgValue><ssdm name="local_buffer_1"/><MemPortTyVec>3 0 </MemPortTyVec>
</StgValue>
</bind>
</comp>

<comp id="8" class="1000" name="local_buffer_2">
<pin_list>
<pin id="9" dir="1" index="0" bw="1" slack="0"/>
</pin_list>
<bind>
<StgValue><ssdm name="local_buffer_2"/><MemPortTyVec>3 0 </MemPortTyVec>
</StgValue>
</bind>
</comp>

<comp id="10" class="1000" name="local_buffer_3">
<pin_list>
<pin id="11" dir="1" index="0" bw="1" slack="0"/>
</pin_list>
<bind>
<StgValue><ssdm name="local_buffer_3"/><MemPortTyVec>3 0 </MemPortTyVec>
</StgValue>
</bind>
</comp>

<comp id="12" class="1000" name="local_buffer_4">
<pin_list>
<pin id="13" dir="1" index="0" bw="1" slack="0"/>
</pin_list>
<bind>
<StgValue><ssdm name="local_buffer_4"/><MemPortTyVec>3 0 </MemPortTyVec>
</StgValue>
</bind>
</comp>

<comp id="14" class="1000" name="local_buffer_5">
<pin_list>
<pin id="15" dir="1" index="0" bw="1" slack="0"/>
</pin_list>
<bind>
<StgValue><ssdm name="local_buffer_5"/><MemPortTyVec>3 0 </MemPortTyVec>
</StgValue>
</bind>
</comp>

<comp id="16" class="1000" name="local_buffer_6">
<pin_list>
<pin id="17" dir="1" index="0" bw="1" slack="0"/>
</pin_list>
<bind>
<StgValue><ssdm name="local_buffer_6"/><MemPortTyVec>3 0 </MemPortTyVec>
</StgValue>
</bind>
</comp>

<comp id="18" class="1000" name="local_buffer_7">
<pin_list>
<pin id="19" dir="1" index="0" bw="1" slack="0"/>
</pin_list>
<bind>
<StgValue><ssdm name="local_buffer_7"/><MemPortTyVec>3 0 </MemPortTyVec>
</StgValue>
</bind>
</comp>

<comp id="20" class="1000" name="local_buffer_8">
<pin_list>
<pin id="21" dir="1" index="0" bw="1" slack="0"/>
</pin_list>
<bind>
<StgValue><ssdm name="local_buffer_8"/><MemPortTyVec>3 0 </MemPortTyVec>
</StgValue>
</bind>
</comp>

<comp id="22" class="1000" name="local_buffer_9">
<pin_list>
<pin id="23" dir="1" index="0" bw="1" slack="0"/>
</pin_list>
<bind>
<StgValue><ssdm name="local_buffer_9"/><MemPortTyVec>3 0 </MemPortTyVec>
</StgValue>
</bind>
</comp>

<comp id="24" class="1000" name="local_buffer_10">
<pin_list>
<pin id="25" dir="1" index="0" bw="1" slack="0"/>
</pin_list>
<bind>
<StgValue><ssdm name="local_buffer_10"/><MemPortTyVec>3 0 </MemPortTyVec>
</StgValue>
</bind>
</comp>

<comp id="26" class="1000" name="local_buffer_11">
<pin_list>
<pin id="27" dir="1" index="0" bw="1" slack="0"/>
</pin_list>
<bind>
<StgValue><ssdm name="local_buffer_11"/><MemPortTyVec>3 0 </MemPortTyVec>
</StgValue>
</bind>
</comp>

<comp id="28" class="1000" name="local_buffer_12">
<pin_list>
<pin id="29" dir="1" index="0" bw="1" slack="0"/>
</pin_list>
<bind>
<StgValue><ssdm name="local_buffer_12"/><MemPortTyVec>3 0 </MemPortTyVec>
</StgValue>
</bind>
</comp>

<comp id="30" class="1000" name="local_buffer_13">
<pin_list>
<pin id="31" dir="1" index="0" bw="1" slack="0"/>
</pin_list>
<bind>
<StgValue><ssdm name="local_buffer_13"/><MemPortTyVec>3 0 </MemPortTyVec>
</StgValue>
</bind>
</comp>

<comp id="32" class="1000" name="local_buffer_14">
<pin_list>
<pin id="33" dir="1" index="0" bw="1" slack="0"/>
</pin_list>
<bind>
<StgValue><ssdm name="local_buffer_14"/><MemPortTyVec>3 0 </MemPortTyVec>
</StgValue>
</bind>
</comp>

<comp id="34" class="1000" name="local_buffer_15">
<pin_list>
<pin id="35" dir="1" index="0" bw="1" slack="0"/>
</pin_list>
<bind>
<StgValue><ssdm name="local_buffer_15"/><MemPortTyVec>3 0 </MemPortTyVec>
</StgValue>
</bind>
</comp>

<comp id="36" class="1000" name="tile_index">
<pin_list>
<pin id="37" dir="1" index="0" bw="1" slack="0"/>
</pin_list>
<bind>
<StgValue><ssdm name="tile_index"/></StgValue>
</bind>
</comp>

<comp id="38" class="1001" name="const_38">
<pin_list>
<pin id="39" dir="1" index="0" bw="1" slack="0"/>
</pin_list>
<bind>
<StgValue><ssdm name="_ssdm_op_Read.ap_auto.i27"/></StgValue>
</bind>
</comp>

<comp id="40" class="1001" name="const_40">
<pin_list>
<pin id="41" dir="1" index="0" bw="1" slack="0"/>
</pin_list>
<bind>
<StgValue><ssdm name="_ssdm_op_Read.ap_auto.i64"/></StgValue>
</bind>
</comp>

<comp id="42" class="1001" name="const_42">
<pin_list>
<pin id="43" dir="1" index="0" bw="1" slack="0"/>
</pin_list>
<bind>
<StgValue><ssdm name="_ssdm_op_BitConcatenate.i37.i27.i10"/></StgValue>
</bind>
</comp>

<comp id="44" class="1001" name="const_44">
<pin_list>
<pin id="45" dir="1" index="0" bw="1" slack="0"/>
</pin_list>
<bind>
<StgValue><ssdm name=""/></StgValue>
</bind>
</comp>

<comp id="46" class="1001" name="const_46">
<pin_list>
<pin id="47" dir="1" index="0" bw="1" slack="0"/>
</pin_list>
<bind>
<StgValue><ssdm name="_ssdm_op_PartSelect.i59.i64.i32.i32"/></StgValue>
</bind>
</comp>

<comp id="48" class="1001" name="const_48">
<pin_list>
<pin id="49" dir="1" index="0" bw="1" slack="0"/>
</pin_list>
<bind>
<StgValue><ssdm name=""/></StgValue>
</bind>
</comp>

<comp id="50" class="1001" name="const_50">
<pin_list>
<pin id="51" dir="1" index="0" bw="1" slack="0"/>
</pin_list>
<bind>
<StgValue><ssdm name=""/></StgValue>
</bind>
</comp>

<comp id="52" class="1001" name="const_52">
<pin_list>
<pin id="53" dir="1" index="0" bw="1" slack="0"/>
</pin_list>
<bind>
<StgValue><ssdm name="_ssdm_op_ReadReq.m_axi.p1i256"/></StgValue>
</bind>
</comp>

<comp id="54" class="1001" name="const_54">
<pin_list>
<pin id="55" dir="1" index="0" bw="1" slack="0"/>
</pin_list>
<bind>
<StgValue><ssdm name=""/></StgValue>
</bind>
</comp>

<comp id="56" class="1001" name="const_56">
<pin_list>
<pin id="57" dir="1" index="0" bw="1" slack="0"/>
</pin_list>
<bind>
<StgValue><ssdm name="read_big_tile_Pipeline_Read_Loop"/></StgValue>
</bind>
</comp>

<comp id="58" class="1001" name="const_58">
<pin_list>
<pin id="59" dir="1" index="0" bw="1" slack="2147483647"/>
</pin_list>
<bind>
<StgValue><ssdm name="_ssdm_op_SpecMemCore"/></StgValue>
</bind>
</comp>

<comp id="60" class="1001" name="const_60">
<pin_list>
<pin id="61" dir="1" index="0" bw="1" slack="2147483647"/>
</pin_list>
<bind>
<StgValue><ssdm name=""/></StgValue>
</bind>
</comp>

<comp id="62" class="1001" name="const_62">
<pin_list>
<pin id="63" dir="1" index="0" bw="1" slack="2147483647"/>
</pin_list>
<bind>
<StgValue><ssdm name=""/></StgValue>
</bind>
</comp>

<comp id="64" class="1001" name="const_64">
<pin_list>
<pin id="65" dir="1" index="0" bw="1" slack="2147483647"/>
</pin_list>
<bind>
<StgValue><ssdm name=""/></StgValue>
</bind>
</comp>

<comp id="66" class="1001" name="const_66">
<pin_list>
<pin id="67" dir="1" index="0" bw="1" slack="2147483647"/>
</pin_list>
<bind>
<StgValue><ssdm name="_ssdm_op_SpecInterface"/></StgValue>
</bind>
</comp>

<comp id="68" class="1001" name="const_68">
<pin_list>
<pin id="69" dir="1" index="0" bw="1" slack="2147483647"/>
</pin_list>
<bind>
<StgValue><ssdm name="empty_1045"/></StgValue>
</bind>
</comp>

<comp id="70" class="1001" name="const_70">
<pin_list>
<pin id="71" dir="1" index="0" bw="1" slack="2147483647"/>
</pin_list>
<bind>
<StgValue><ssdm name=""/></StgValue>
</bind>
</comp>

<comp id="72" class="1001" name="const_72">
<pin_list>
<pin id="73" dir="1" index="0" bw="1" slack="2147483647"/>
</pin_list>
<bind>
<StgValue><ssdm name="empty_1037"/></StgValue>
</bind>
</comp>

<comp id="74" class="1001" name="const_74">
<pin_list>
<pin id="75" dir="1" index="0" bw="1" slack="2147483647"/>
</pin_list>
<bind>
<StgValue><ssdm name=""/></StgValue>
</bind>
</comp>

<comp id="76" class="1001" name="const_76">
<pin_list>
<pin id="77" dir="1" index="0" bw="1" slack="2147483647"/>
</pin_list>
<bind>
<StgValue><ssdm name="empty_1023"/></StgValue>
</bind>
</comp>

<comp id="78" class="1001" name="const_78">
<pin_list>
<pin id="79" dir="1" index="0" bw="1" slack="2147483647"/>
</pin_list>
<bind>
<StgValue><ssdm name="empty_1032"/></StgValue>
</bind>
</comp>

<comp id="80" class="1001" name="const_80">
<pin_list>
<pin id="81" dir="1" index="0" bw="1" slack="2147483647"/>
</pin_list>
<bind>
<StgValue><ssdm name=""/></StgValue>
</bind>
</comp>

<comp id="82" class="1001" name="const_82">
<pin_list>
<pin id="83" dir="1" index="0" bw="1" slack="2147483647"/>
</pin_list>
<bind>
<StgValue><ssdm name=""/></StgValue>
</bind>
</comp>

<comp id="84" class="1001" name="const_84">
<pin_list>
<pin id="85" dir="1" index="0" bw="1" slack="2147483647"/>
</pin_list>
<bind>
<StgValue><ssdm name=""/></StgValue>
</bind>
</comp>

<comp id="86" class="1004" name="tile_index_read_read_fu_86">
<pin_list>
<pin id="87" dir="0" index="0" bw="27" slack="0"/>
<pin id="88" dir="0" index="1" bw="27" slack="0"/>
<pin id="89" dir="1" index="2" bw="27" slack="0"/>
</pin_list>
<bind>
<opcode="read(1150) " fcode="read"/>
<opset="tile_index_read/1 "/>
</bind>
</comp>

<comp id="92" class="1004" name="dram_matrix_read_read_fu_92">
<pin_list>
<pin id="93" dir="0" index="0" bw="64" slack="0"/>
<pin id="94" dir="0" index="1" bw="64" slack="0"/>
<pin id="95" dir="1" index="2" bw="64" slack="0"/>
</pin_list>
<bind>
<opcode="read(1150) " fcode="read"/>
<opset="dram_matrix_read/1 "/>
</bind>
</comp>

<comp id="98" class="1004" name="grp_readreq_fu_98">
<pin_list>
<pin id="99" dir="0" index="0" bw="1" slack="0"/>
<pin id="100" dir="0" index="1" bw="256" slack="0"/>
<pin id="101" dir="0" index="2" bw="7" slack="0"/>
<pin id="102" dir="1" index="3" bw="1" slack="2147483647"/>
</pin_list>
<bind>
<opcode="readreq(1154) " fcode="readreq"/>
<opset="empty/2 "/>
</bind>
</comp>

<comp id="105" class="1004" name="grp_read_big_tile_Pipeline_Read_Loop_fu_105">
<pin_list>
<pin id="106" dir="0" index="0" bw="0" slack="0"/>
<pin id="107" dir="0" index="1" bw="256" slack="0"/>
<pin id="108" dir="0" index="2" bw="59" slack="8"/>
<pin id="109" dir="0" index="3" bw="256" slack="0"/>
<pin id="110" dir="0" index="4" bw="256" slack="0"/>
<pin id="111" dir="0" index="5" bw="256" slack="0"/>
<pin id="112" dir="0" index="6" bw="256" slack="0"/>
<pin id="113" dir="0" index="7" bw="256" slack="0"/>
<pin id="114" dir="0" index="8" bw="256" slack="0"/>
<pin id="115" dir="0" index="9" bw="256" slack="0"/>
<pin id="116" dir="0" index="10" bw="256" slack="0"/>
<pin id="117" dir="0" index="11" bw="256" slack="0"/>
<pin id="118" dir="0" index="12" bw="256" slack="0"/>
<pin id="119" dir="0" index="13" bw="256" slack="0"/>
<pin id="120" dir="0" index="14" bw="256" slack="0"/>
<pin id="121" dir="0" index="15" bw="256" slack="0"/>
<pin id="122" dir="0" index="16" bw="256" slack="0"/>
<pin id="123" dir="0" index="17" bw="256" slack="0"/>
<pin id="124" dir="0" index="18" bw="256" slack="0"/>
<pin id="125" dir="1" index="19" bw="0" slack="2147483647"/>
</pin_list>
<bind>
<opcode="call(48) " fcode="call"/>
<opset="call_ln15/9 "/>
</bind>
</comp>

<comp id="144" class="1004" name="shl_ln_fu_144">
<pin_list>
<pin id="145" dir="0" index="0" bw="37" slack="0"/>
<pin id="146" dir="0" index="1" bw="27" slack="0"/>
<pin id="147" dir="0" index="2" bw="1" slack="0"/>
<pin id="148" dir="1" index="3" bw="37" slack="0"/>
</pin_list>
<bind>
<opcode="bitconcatenate(1004) " fcode="bitconcatenate"/>
<opset="shl_ln/1 "/>
</bind>
</comp>

<comp id="152" class="1004" name="sext_ln15_fu_152">
<pin_list>
<pin id="153" dir="0" index="0" bw="37" slack="0"/>
<pin id="154" dir="1" index="1" bw="64" slack="0"/>
</pin_list>
<bind>
<opcode="sext(35) " fcode="sext"/>
<opset="sext_ln15/1 "/>
</bind>
</comp>

<comp id="156" class="1004" name="add_ln15_fu_156">
<pin_list>
<pin id="157" dir="0" index="0" bw="37" slack="0"/>
<pin id="158" dir="0" index="1" bw="64" slack="0"/>
<pin id="159" dir="1" index="2" bw="64" slack="0"/>
</pin_list>
<bind>
<opcode="add(8) " fcode="add"/>
<opset="add_ln15/1 "/>
</bind>
</comp>

<comp id="162" class="1004" name="trunc_ln_fu_162">
<pin_list>
<pin id="163" dir="0" index="0" bw="59" slack="0"/>
<pin id="164" dir="0" index="1" bw="64" slack="0"/>
<pin id="165" dir="0" index="2" bw="4" slack="0"/>
<pin id="166" dir="0" index="3" bw="7" slack="0"/>
<pin id="167" dir="1" index="4" bw="59" slack="1"/>
</pin_list>
<bind>
<opcode="partselect(1002) " fcode="partselect"/>
<opset="trunc_ln/1 "/>
</bind>
</comp>

<comp id="172" class="1004" name="sext_ln15_2_fu_172">
<pin_list>
<pin id="173" dir="0" index="0" bw="59" slack="1"/>
<pin id="174" dir="1" index="1" bw="64" slack="0"/>
</pin_list>
<bind>
<opcode="sext(35) " fcode="sext"/>
<opset="sext_ln15_2/2 "/>
</bind>
</comp>

<comp id="175" class="1004" name="gmem0_addr_fu_175">
<pin_list>
<pin id="176" dir="0" index="0" bw="64" slack="0"/>
<pin id="177" dir="0" index="1" bw="64" slack="0"/>
<pin id="178" dir="1" index="2" bw="64" slack="0"/>
</pin_list>
<bind>
<opcode="getelementptr(29) " fcode="getelementptr"/>
<opset="gmem0_addr/2 "/>
</bind>
</comp>

<comp id="182" class="1005" name="trunc_ln_reg_182">
<pin_list>
<pin id="183" dir="0" index="0" bw="59" slack="1"/>
<pin id="184" dir="1" index="1" bw="59" slack="1"/>
</pin_list>
<bind>
<opset="trunc_ln "/>
</bind>
</comp>

<comp id="188" class="1005" name="gmem0_addr_reg_188">
<pin_list>
<pin id="189" dir="0" index="0" bw="256" slack="1"/>
<pin id="190" dir="1" index="1" bw="256" slack="1"/>
</pin_list>
<bind>
<opset="gmem0_addr "/>
</bind>
</comp>

</comp_list>

<net_list>
<net id="90"><net_src comp="38" pin="0"/><net_sink comp="86" pin=0"/></net>

<net id="91"><net_src comp="36" pin="0"/><net_sink comp="86" pin=1"/></net>

<net id="96"><net_src comp="40" pin="0"/><net_sink comp="92" pin=0"/></net>

<net id="97"><net_src comp="2" pin="0"/><net_sink comp="92" pin=1"/></net>

<net id="103"><net_src comp="52" pin="0"/><net_sink comp="98" pin=0"/></net>

<net id="104"><net_src comp="54" pin="0"/><net_sink comp="98" pin=2"/></net>

<net id="126"><net_src comp="56" pin="0"/><net_sink comp="105" pin=0"/></net>

<net id="127"><net_src comp="0" pin="0"/><net_sink comp="105" pin=1"/></net>

<net id="128"><net_src comp="4" pin="0"/><net_sink comp="105" pin=3"/></net>

<net id="129"><net_src comp="6" pin="0"/><net_sink comp="105" pin=4"/></net>

<net id="130"><net_src comp="8" pin="0"/><net_sink comp="105" pin=5"/></net>

<net id="131"><net_src comp="10" pin="0"/><net_sink comp="105" pin=6"/></net>

<net id="132"><net_src comp="12" pin="0"/><net_sink comp="105" pin=7"/></net>

<net id="133"><net_src comp="14" pin="0"/><net_sink comp="105" pin=8"/></net>

<net id="134"><net_src comp="16" pin="0"/><net_sink comp="105" pin=9"/></net>

<net id="135"><net_src comp="18" pin="0"/><net_sink comp="105" pin=10"/></net>

<net id="136"><net_src comp="20" pin="0"/><net_sink comp="105" pin=11"/></net>

<net id="137"><net_src comp="22" pin="0"/><net_sink comp="105" pin=12"/></net>

<net id="138"><net_src comp="24" pin="0"/><net_sink comp="105" pin=13"/></net>

<net id="139"><net_src comp="26" pin="0"/><net_sink comp="105" pin=14"/></net>

<net id="140"><net_src comp="28" pin="0"/><net_sink comp="105" pin=15"/></net>

<net id="141"><net_src comp="30" pin="0"/><net_sink comp="105" pin=16"/></net>

<net id="142"><net_src comp="32" pin="0"/><net_sink comp="105" pin=17"/></net>

<net id="143"><net_src comp="34" pin="0"/><net_sink comp="105" pin=18"/></net>

<net id="149"><net_src comp="42" pin="0"/><net_sink comp="144" pin=0"/></net>

<net id="150"><net_src comp="86" pin="2"/><net_sink comp="144" pin=1"/></net>

<net id="151"><net_src comp="44" pin="0"/><net_sink comp="144" pin=2"/></net>

<net id="155"><net_src comp="144" pin="3"/><net_sink comp="152" pin=0"/></net>

<net id="160"><net_src comp="152" pin="1"/><net_sink comp="156" pin=0"/></net>

<net id="161"><net_src comp="92" pin="2"/><net_sink comp="156" pin=1"/></net>

<net id="168"><net_src comp="46" pin="0"/><net_sink comp="162" pin=0"/></net>

<net id="169"><net_src comp="156" pin="2"/><net_sink comp="162" pin=1"/></net>

<net id="170"><net_src comp="48" pin="0"/><net_sink comp="162" pin=2"/></net>

<net id="171"><net_src comp="50" pin="0"/><net_sink comp="162" pin=3"/></net>

<net id="179"><net_src comp="0" pin="0"/><net_sink comp="175" pin=0"/></net>

<net id="180"><net_src comp="172" pin="1"/><net_sink comp="175" pin=1"/></net>

<net id="181"><net_src comp="175" pin="2"/><net_sink comp="98" pin=1"/></net>

<net id="185"><net_src comp="162" pin="4"/><net_sink comp="182" pin=0"/></net>

<net id="186"><net_src comp="182" pin="1"/><net_sink comp="172" pin=0"/></net>

<net id="187"><net_src comp="182" pin="1"/><net_sink comp="105" pin=2"/></net>

<net id="191"><net_src comp="175" pin="2"/><net_sink comp="188" pin=0"/></net>

<net id="192"><net_src comp="188" pin="1"/><net_sink comp="98" pin=1"/></net>

</net_list>

</model> 
---------------- Datapath Model END ------------------

* FSMD analyzer results:
  - Output states:
	Port: gmem0 | {}
	Port: local_buffer_0 | {9 10 }
	Port: local_buffer_1 | {9 10 }
	Port: local_buffer_2 | {9 10 }
	Port: local_buffer_3 | {9 10 }
	Port: local_buffer_4 | {9 10 }
	Port: local_buffer_5 | {9 10 }
	Port: local_buffer_6 | {9 10 }
	Port: local_buffer_7 | {9 10 }
	Port: local_buffer_8 | {9 10 }
	Port: local_buffer_9 | {9 10 }
	Port: local_buffer_10 | {9 10 }
	Port: local_buffer_11 | {9 10 }
	Port: local_buffer_12 | {9 10 }
	Port: local_buffer_13 | {9 10 }
	Port: local_buffer_14 | {9 10 }
	Port: local_buffer_15 | {9 10 }
 - Input state : 
	Port: read_big_tile : gmem0 | {2 3 4 5 6 7 8 9 10 }
	Port: read_big_tile : dram_matrix | {1 }
	Port: read_big_tile : tile_index | {1 }
  - Chain level:
	State 1
		sext_ln15 : 1
		add_ln15 : 2
		trunc_ln : 3
	State 2
		gmem0_addr : 1
		empty : 2
	State 3
	State 4
	State 5
	State 6
	State 7
	State 8
	State 9
	State 10


============================================================
+ Verbose Summary: Datapath Resource usage 
============================================================

* Functional unit list:
|----------|---------------------------------------------|---------|---------|
| Operation|               Functional Unit               |    FF   |   LUT   |
|----------|---------------------------------------------|---------|---------|
|   call   | grp_read_big_tile_Pipeline_Read_Loop_fu_105 |   332   |    24   |
|----------|---------------------------------------------|---------|---------|
|    add   |               add_ln15_fu_156               |    0    |    71   |
|----------|---------------------------------------------|---------|---------|
|   read   |          tile_index_read_read_fu_86         |    0    |    0    |
|          |         dram_matrix_read_read_fu_92         |    0    |    0    |
|----------|---------------------------------------------|---------|---------|
|  readreq |              grp_readreq_fu_98              |    0    |    0    |
|----------|---------------------------------------------|---------|---------|
|bitconcatenate|                shl_ln_fu_144                |    0    |    0    |
|----------|---------------------------------------------|---------|---------|
|   sext   |               sext_ln15_fu_152              |    0    |    0    |
|          |              sext_ln15_2_fu_172             |    0    |    0    |
|----------|---------------------------------------------|---------|---------|
|partselect|               trunc_ln_fu_162               |    0    |    0    |
|----------|---------------------------------------------|---------|---------|
|   Total  |                                             |   332   |    95   |
|----------|---------------------------------------------|---------|---------|

Memories:
N/A

* Register list:
+------------------+--------+
|                  |   FF   |
+------------------+--------+
|gmem0_addr_reg_188|   256  |
| trunc_ln_reg_182 |   59   |
+------------------+--------+
|       Total      |   315  |
+------------------+--------+

* Multiplexer (MUX) list: 
|-------------------|------|------|------|--------||---------||---------|
|        Comp       |  Pin | Size |  BW  | S x BW ||  Delay  ||   LUT   |
|-------------------|------|------|------|--------||---------||---------|
| grp_readreq_fu_98 |  p1  |   2  |  256 |   512  ||    9    |
|-------------------|------|------|------|--------||---------||---------|
|       Total       |      |      |      |   512  ||  1.588  ||    9    |
|-------------------|------|------|------|--------||---------||---------|



* Summary:
+-----------+--------+--------+--------+
|           |  Delay |   FF   |   LUT  |
+-----------+--------+--------+--------+
|  Function |    -   |   332  |   95   |
|   Memory  |    -   |    -   |    -   |
|Multiplexer|    1   |    -   |    9   |
|  Register |    -   |   315  |    -   |
+-----------+--------+--------+--------+
|   Total   |    1   |   647  |   104  |
+-----------+--------+--------+--------+
