

================================================================
== Vitis HLS Report for 'read_big_tile_1'
================================================================
* Date:           Mon May 25 15:50:52 2026

* Version:        2022.2 (Build 3670227 on Oct 13 2022)
* Project:        SystolicArray
* Solution:       solution1 (Vivado IP Flow Target)
* Product family: zynq
* Target device:  xc7z020-clg400-1


================================================================
== Performance Estimates
================================================================
+ Timing: 
    * Summary: 
    +--------+----------+----------+------------+
    |  Clock |  Target  | Estimated| Uncertainty|
    +--------+----------+----------+------------+
    |ap_clk  |  10.00 ns|  7.300 ns|     2.70 ns|
    +--------+----------+----------+------------+

+ Latency: 
    * Summary: 
    +---------+---------+----------+----------+-----+-----+---------+
    |  Latency (cycles) |  Latency (absolute) |  Interval | Pipeline|
    |   min   |   max   |    min   |    max   | min | max |   Type  |
    +---------+---------+----------+----------+-----+-----+---------+
    |       44|       44|  0.440 us|  0.440 us|   44|   44|       no|
    +---------+---------+----------+----------+-----+-----+---------+

    + Detail: 
        * Instance: 
        +----------------------------------------------+------------------------------------+---------+---------+----------+----------+-----+-----+---------+
        |                                              |                                    |  Latency (cycles) |  Latency (absolute) |  Interval | Pipeline|
        |                   Instance                   |               Module               |   min   |   max   |    min   |    max   | min | max |   Type  |
        +----------------------------------------------+------------------------------------+---------+---------+----------+----------+-----+-----+---------+
        |grp_read_big_tile_1_Pipeline_Read_Loop_fu_77  |read_big_tile_1_Pipeline_Read_Loop  |       35|       35|  0.350 us|  0.350 us|   35|   35|       no|
        +----------------------------------------------+------------------------------------+---------+---------+----------+----------+-----+-----+---------+

        * Loop: 
        N/A



================================================================
== Utilization Estimates
================================================================
* Summary: 
+-----------------+---------+-----+--------+-------+-----+
|       Name      | BRAM_18K| DSP |   FF   |  LUT  | URAM|
+-----------------+---------+-----+--------+-------+-----+
|DSP              |        -|    -|       -|      -|    -|
|Expression       |        -|    -|       0|     71|    -|
|FIFO             |        -|    -|       -|      -|    -|
|Instance         |        -|    -|     280|     75|    -|
|Memory           |        -|    -|       -|      -|    -|
|Multiplexer      |        -|    -|       -|    200|    -|
|Register         |        -|    -|      70|      -|    -|
+-----------------+---------+-----+--------+-------+-----+
|Total            |        0|    0|     350|    346|    0|
+-----------------+---------+-----+--------+-------+-----+
|Available        |      280|  220|  106400|  53200|    0|
+-----------------+---------+-----+--------+-------+-----+
|Utilization (%)  |        0|    0|      ~0|     ~0|    0|
+-----------------+---------+-----+--------+-------+-----+

+ Detail: 
    * Instance: 
    +----------------------------------------------+------------------------------------+---------+----+-----+----+-----+
    |                   Instance                   |               Module               | BRAM_18K| DSP|  FF | LUT| URAM|
    +----------------------------------------------+------------------------------------+---------+----+-----+----+-----+
    |grp_read_big_tile_1_Pipeline_Read_Loop_fu_77  |read_big_tile_1_Pipeline_Read_Loop  |        0|   0|  280|  75|    0|
    +----------------------------------------------+------------------------------------+---------+----+-----+----+-----+
    |Total                                         |                                    |        0|   0|  280|  75|    0|
    +----------------------------------------------+------------------------------------+---------+----+-----+----+-----+

    * DSP: 
    N/A

    * Memory: 
    N/A

    * FIFO: 
    N/A

    * Expression: 
    +-------------------+----------+----+---+----+------------+------------+
    |   Variable Name   | Operation| DSP| FF| LUT| Bitwidth P0| Bitwidth P1|
    +-------------------+----------+----+---+----+------------+------------+
    |add_ln15_fu_98_p2  |         +|   0|  0|  71|          64|          64|
    +-------------------+----------+----+---+----+------------+------------+
    |Total              |          |   0|  0|  71|          64|          64|
    +-------------------+----------+----+---+----+------------+------------+

    * Multiplexer: 
    +----------------------+----+-----------+-----+-----------+
    |         Name         | LUT| Input Size| Bits| Total Bits|
    +----------------------+----+-----------+-----+-----------+
    |ap_NS_fsm             |  59|         11|    1|         11|
    |gmem1_blk_n_AR        |   9|          2|    1|          2|
    |m_axi_gmem1_ARADDR    |  14|          3|   64|        192|
    |m_axi_gmem1_ARBURST   |   9|          2|    2|          4|
    |m_axi_gmem1_ARCACHE   |   9|          2|    4|          8|
    |m_axi_gmem1_ARID      |   9|          2|    1|          2|
    |m_axi_gmem1_ARLEN     |  14|          3|   32|         96|
    |m_axi_gmem1_ARLOCK    |   9|          2|    2|          4|
    |m_axi_gmem1_ARPROT    |   9|          2|    3|          6|
    |m_axi_gmem1_ARQOS     |   9|          2|    4|          8|
    |m_axi_gmem1_ARREGION  |   9|          2|    4|          8|
    |m_axi_gmem1_ARSIZE    |   9|          2|    3|          6|
    |m_axi_gmem1_ARUSER    |   9|          2|    1|          2|
    |m_axi_gmem1_ARVALID   |  14|          3|    1|          3|
    |m_axi_gmem1_RREADY    |   9|          2|    1|          2|
    +----------------------+----+-----------+-----+-----------+
    |Total                 | 200|         42|  124|        354|
    +----------------------+----+-----------+-----+-----------+

    * Register: 
    +-----------------------------------------------------------+----+----+-----+-----------+
    |                            Name                           | FF | LUT| Bits| Const Bits|
    +-----------------------------------------------------------+----+----+-----+-----------+
    |ap_CS_fsm                                                  |  10|   0|   10|          0|
    |grp_read_big_tile_1_Pipeline_Read_Loop_fu_77_ap_start_reg  |   1|   0|    1|          0|
    |trunc_ln_reg_124                                           |  59|   0|   59|          0|
    +-----------------------------------------------------------+----+----+-----+-----------+
    |Total                                                      |  70|   0|   70|          0|
    +-----------------------------------------------------------+----+----+-----+-----------+



================================================================
== Interface
================================================================
* Summary: 
+-----------------------+-----+-----+------------+-----------------+--------------+
|       RTL Ports       | Dir | Bits|  Protocol  |  Source Object  |    C Type    |
+-----------------------+-----+-----+------------+-----------------+--------------+
|ap_clk                 |   in|    1|  ap_ctrl_hs|  read_big_tile.1|  return value|
|ap_rst                 |   in|    1|  ap_ctrl_hs|  read_big_tile.1|  return value|
|ap_start               |   in|    1|  ap_ctrl_hs|  read_big_tile.1|  return value|
|ap_done                |  out|    1|  ap_ctrl_hs|  read_big_tile.1|  return value|
|ap_idle                |  out|    1|  ap_ctrl_hs|  read_big_tile.1|  return value|
|ap_ready               |  out|    1|  ap_ctrl_hs|  read_big_tile.1|  return value|
|m_axi_gmem1_AWVALID    |  out|    1|       m_axi|            gmem1|       pointer|
|m_axi_gmem1_AWREADY    |   in|    1|       m_axi|            gmem1|       pointer|
|m_axi_gmem1_AWADDR     |  out|   64|       m_axi|            gmem1|       pointer|
|m_axi_gmem1_AWID       |  out|    1|       m_axi|            gmem1|       pointer|
|m_axi_gmem1_AWLEN      |  out|   32|       m_axi|            gmem1|       pointer|
|m_axi_gmem1_AWSIZE     |  out|    3|       m_axi|            gmem1|       pointer|
|m_axi_gmem1_AWBURST    |  out|    2|       m_axi|            gmem1|       pointer|
|m_axi_gmem1_AWLOCK     |  out|    2|       m_axi|            gmem1|       pointer|
|m_axi_gmem1_AWCACHE    |  out|    4|       m_axi|            gmem1|       pointer|
|m_axi_gmem1_AWPROT     |  out|    3|       m_axi|            gmem1|       pointer|
|m_axi_gmem1_AWQOS      |  out|    4|       m_axi|            gmem1|       pointer|
|m_axi_gmem1_AWREGION   |  out|    4|       m_axi|            gmem1|       pointer|
|m_axi_gmem1_AWUSER     |  out|    1|       m_axi|            gmem1|       pointer|
|m_axi_gmem1_WVALID     |  out|    1|       m_axi|            gmem1|       pointer|
|m_axi_gmem1_WREADY     |   in|    1|       m_axi|            gmem1|       pointer|
|m_axi_gmem1_WDATA      |  out|  256|       m_axi|            gmem1|       pointer|
|m_axi_gmem1_WSTRB      |  out|   32|       m_axi|            gmem1|       pointer|
|m_axi_gmem1_WLAST      |  out|    1|       m_axi|            gmem1|       pointer|
|m_axi_gmem1_WID        |  out|    1|       m_axi|            gmem1|       pointer|
|m_axi_gmem1_WUSER      |  out|    1|       m_axi|            gmem1|       pointer|
|m_axi_gmem1_ARVALID    |  out|    1|       m_axi|            gmem1|       pointer|
|m_axi_gmem1_ARREADY    |   in|    1|       m_axi|            gmem1|       pointer|
|m_axi_gmem1_ARADDR     |  out|   64|       m_axi|            gmem1|       pointer|
|m_axi_gmem1_ARID       |  out|    1|       m_axi|            gmem1|       pointer|
|m_axi_gmem1_ARLEN      |  out|   32|       m_axi|            gmem1|       pointer|
|m_axi_gmem1_ARSIZE     |  out|    3|       m_axi|            gmem1|       pointer|
|m_axi_gmem1_ARBURST    |  out|    2|       m_axi|            gmem1|       pointer|
|m_axi_gmem1_ARLOCK     |  out|    2|       m_axi|            gmem1|       pointer|
|m_axi_gmem1_ARCACHE    |  out|    4|       m_axi|            gmem1|       pointer|
|m_axi_gmem1_ARPROT     |  out|    3|       m_axi|            gmem1|       pointer|
|m_axi_gmem1_ARQOS      |  out|    4|       m_axi|            gmem1|       pointer|
|m_axi_gmem1_ARREGION   |  out|    4|       m_axi|            gmem1|       pointer|
|m_axi_gmem1_ARUSER     |  out|    1|       m_axi|            gmem1|       pointer|
|m_axi_gmem1_RVALID     |   in|    1|       m_axi|            gmem1|       pointer|
|m_axi_gmem1_RREADY     |  out|    1|       m_axi|            gmem1|       pointer|
|m_axi_gmem1_RDATA      |   in|  256|       m_axi|            gmem1|       pointer|
|m_axi_gmem1_RLAST      |   in|    1|       m_axi|            gmem1|       pointer|
|m_axi_gmem1_RID        |   in|    1|       m_axi|            gmem1|       pointer|
|m_axi_gmem1_RFIFONUM   |   in|    9|       m_axi|            gmem1|       pointer|
|m_axi_gmem1_RUSER      |   in|    1|       m_axi|            gmem1|       pointer|
|m_axi_gmem1_RRESP      |   in|    2|       m_axi|            gmem1|       pointer|
|m_axi_gmem1_BVALID     |   in|    1|       m_axi|            gmem1|       pointer|
|m_axi_gmem1_BREADY     |  out|    1|       m_axi|            gmem1|       pointer|
|m_axi_gmem1_BRESP      |   in|    2|       m_axi|            gmem1|       pointer|
|m_axi_gmem1_BID        |   in|    1|       m_axi|            gmem1|       pointer|
|m_axi_gmem1_BUSER      |   in|    1|       m_axi|            gmem1|       pointer|
|dram_matrix            |   in|   64|     ap_none|      dram_matrix|        scalar|
|local_buffer_address1  |  out|    5|   ap_memory|     local_buffer|         array|
|local_buffer_ce1       |  out|    1|   ap_memory|     local_buffer|         array|
|local_buffer_we1       |  out|    1|   ap_memory|     local_buffer|         array|
|local_buffer_d1        |  out|  256|   ap_memory|     local_buffer|         array|
|tile_index             |   in|   27|     ap_none|       tile_index|        scalar|
+-----------------------+-----+-----+------------+-----------------+--------------+

============================================================
+ Verbose Summary: Synthesis Manager
============================================================
InlineROM: 1
ExposeGlobal: 0
============================================================
+ Verbose Summary: CDFG Model
============================================================
IsTopModel: 0
ResetActiveHigh: 1
IsCombinational: 2
IsDatapathOnly: 2
HasWiredReturn: 1
HasMFsm: 0
HasVarLatency: 1
IsPipeline: 0
IsRtlPipelined: 0
IsInstanceOverlapped: 0
IsDontTouch: 0
HasImplIP: 0
IsGatedGlobalClock: 0


============================================================
+ Verbose Summary: Schedule
============================================================
* Number of FSM states : 10
* Pipeline : 0
* Dataflow Pipeline: 0

* FSM state transitions: 
1 --> 2 
2 --> 3 
3 --> 4 
4 --> 5 
5 --> 6 
6 --> 7 
7 --> 8 
8 --> 9 
9 --> 10 
10 --> 

* FSM state operations: 

State 1 <SV = 0> <Delay = 3.52>
ST_1 : Operation 11 [1/1] (0.00ns)   --->   "%tile_index_read = read i27 @_ssdm_op_Read.ap_auto.i27, i27 %tile_index" [SystolicArray/main.cpp:15]   --->   Operation 11 'read' 'tile_index_read' <Predicate = true> <Delay = 0.00>
ST_1 : Operation 12 [1/1] (0.00ns)   --->   "%dram_matrix_read = read i64 @_ssdm_op_Read.ap_auto.i64, i64 %dram_matrix" [SystolicArray/main.cpp:15]   --->   Operation 12 'read' 'dram_matrix_read' <Predicate = true> <Delay = 0.00>
ST_1 : Operation 13 [1/1] (0.00ns)   --->   "%shl_ln = bitconcatenate i37 @_ssdm_op_BitConcatenate.i37.i27.i10, i27 %tile_index_read, i10 0" [SystolicArray/main.cpp:15]   --->   Operation 13 'bitconcatenate' 'shl_ln' <Predicate = true> <Delay = 0.00>
ST_1 : Operation 14 [1/1] (0.00ns)   --->   "%sext_ln15 = sext i37 %shl_ln" [SystolicArray/main.cpp:15]   --->   Operation 14 'sext' 'sext_ln15' <Predicate = true> <Delay = 0.00>
ST_1 : Operation 15 [1/1] (3.52ns)   --->   "%add_ln15 = add i64 %sext_ln15, i64 %dram_matrix_read" [SystolicArray/main.cpp:15]   --->   Operation 15 'add' 'add_ln15' <Predicate = true> <Delay = 3.52> <CoreInst = "Adder">   --->   Core 1 'Adder' <Latency = 0> <II = 1> <Delay = 3.52> <FuncUnit> <Opcode : 'add' 'sub'> <InPorts = 2> <OutPorts = 1>
ST_1 : Operation 16 [1/1] (0.00ns)   --->   "%trunc_ln = partselect i59 @_ssdm_op_PartSelect.i59.i64.i32.i32, i64 %add_ln15, i32 5, i32 63" [SystolicArray/main.cpp:15]   --->   Operation 16 'partselect' 'trunc_ln' <Predicate = true> <Delay = 0.00>

State 2 <SV = 1> <Delay = 7.30>
ST_2 : Operation 17 [1/1] (0.00ns)   --->   "%sext_ln15_1 = sext i59 %trunc_ln" [SystolicArray/main.cpp:15]   --->   Operation 17 'sext' 'sext_ln15_1' <Predicate = true> <Delay = 0.00>
ST_2 : Operation 18 [1/1] (0.00ns)   --->   "%gmem1_addr = getelementptr i256 %gmem1, i64 %sext_ln15_1" [SystolicArray/main.cpp:15]   --->   Operation 18 'getelementptr' 'gmem1_addr' <Predicate = true> <Delay = 0.00>
ST_2 : Operation 19 [7/7] (7.30ns)   --->   "%empty = readreq i1 @_ssdm_op_ReadReq.m_axi.p1i256, i64 %gmem1_addr, i32 32" [SystolicArray/main.cpp:15]   --->   Operation 19 'readreq' 'empty' <Predicate = true> <Delay = 7.30> <CoreInst = "m_axi">   --->   Core 113 'm_axi' <Latency = 0> <II = 1> <Delay = 1.00> <Adapter> <Opcode : 'read' 'write' 'readreq' 'writereq' 'writeresp'>

State 3 <SV = 2> <Delay = 7.30>
ST_3 : Operation 20 [6/7] (7.30ns)   --->   "%empty = readreq i1 @_ssdm_op_ReadReq.m_axi.p1i256, i64 %gmem1_addr, i32 32" [SystolicArray/main.cpp:15]   --->   Operation 20 'readreq' 'empty' <Predicate = true> <Delay = 7.30> <CoreInst = "m_axi">   --->   Core 113 'm_axi' <Latency = 0> <II = 1> <Delay = 1.00> <Adapter> <Opcode : 'read' 'write' 'readreq' 'writereq' 'writeresp'>

State 4 <SV = 3> <Delay = 7.30>
ST_4 : Operation 21 [5/7] (7.30ns)   --->   "%empty = readreq i1 @_ssdm_op_ReadReq.m_axi.p1i256, i64 %gmem1_addr, i32 32" [SystolicArray/main.cpp:15]   --->   Operation 21 'readreq' 'empty' <Predicate = true> <Delay = 7.30> <CoreInst = "m_axi">   --->   Core 113 'm_axi' <Latency = 0> <II = 1> <Delay = 1.00> <Adapter> <Opcode : 'read' 'write' 'readreq' 'writereq' 'writeresp'>

State 5 <SV = 4> <Delay = 7.30>
ST_5 : Operation 22 [4/7] (7.30ns)   --->   "%empty = readreq i1 @_ssdm_op_ReadReq.m_axi.p1i256, i64 %gmem1_addr, i32 32" [SystolicArray/main.cpp:15]   --->   Operation 22 'readreq' 'empty' <Predicate = true> <Delay = 7.30> <CoreInst = "m_axi">   --->   Core 113 'm_axi' <Latency = 0> <II = 1> <Delay = 1.00> <Adapter> <Opcode : 'read' 'write' 'readreq' 'writereq' 'writeresp'>

State 6 <SV = 5> <Delay = 7.30>
ST_6 : Operation 23 [3/7] (7.30ns)   --->   "%empty = readreq i1 @_ssdm_op_ReadReq.m_axi.p1i256, i64 %gmem1_addr, i32 32" [SystolicArray/main.cpp:15]   --->   Operation 23 'readreq' 'empty' <Predicate = true> <Delay = 7.30> <CoreInst = "m_axi">   --->   Core 113 'm_axi' <Latency = 0> <II = 1> <Delay = 1.00> <Adapter> <Opcode : 'read' 'write' 'readreq' 'writereq' 'writeresp'>

State 7 <SV = 6> <Delay = 7.30>
ST_7 : Operation 24 [2/7] (7.30ns)   --->   "%empty = readreq i1 @_ssdm_op_ReadReq.m_axi.p1i256, i64 %gmem1_addr, i32 32" [SystolicArray/main.cpp:15]   --->   Operation 24 'readreq' 'empty' <Predicate = true> <Delay = 7.30> <CoreInst = "m_axi">   --->   Core 113 'm_axi' <Latency = 0> <II = 1> <Delay = 1.00> <Adapter> <Opcode : 'read' 'write' 'readreq' 'writereq' 'writeresp'>

State 8 <SV = 7> <Delay = 7.30>
ST_8 : Operation 25 [1/7] (7.30ns)   --->   "%empty = readreq i1 @_ssdm_op_ReadReq.m_axi.p1i256, i64 %gmem1_addr, i32 32" [SystolicArray/main.cpp:15]   --->   Operation 25 'readreq' 'empty' <Predicate = true> <Delay = 7.30> <CoreInst = "m_axi">   --->   Core 113 'm_axi' <Latency = 0> <II = 1> <Delay = 1.00> <Adapter> <Opcode : 'read' 'write' 'readreq' 'writereq' 'writeresp'>

State 9 <SV = 8> <Delay = 0.00>
ST_9 : Operation 26 [2/2] (0.00ns)   --->   "%call_ln15 = call void @read_big_tile.1_Pipeline_Read_Loop, i256 %gmem1, i59 %trunc_ln, i256 %local_buffer" [SystolicArray/main.cpp:15]   --->   Operation 26 'call' 'call_ln15' <Predicate = true> <Delay = 0.00> <CoreType = "Generic">   --->   Core 0 '' <Latency = 0> <II = 1> <Delay = 1.00> <Generic> <Opcode : >

State 10 <SV = 9> <Delay = 0.00>
ST_10 : Operation 27 [1/1] (0.00ns)   --->   "%specmemcore_ln0 = specmemcore void @_ssdm_op_SpecMemCore, i256 %local_buffer, i64 666, i64 22, i64 18446744073709551615"   --->   Operation 27 'specmemcore' 'specmemcore_ln0' <Predicate = true> <Delay = 0.00>
ST_10 : Operation 28 [1/1] (0.00ns)   --->   "%specinterface_ln0 = specinterface void @_ssdm_op_SpecInterface, i256 %gmem1, void @empty_1045, i32 0, i32 0, void @empty_1037, i32 0, i32 4000, void @empty_1019, void @empty_1032, void @empty_1037, i32 4, i32 16, i32 64, i32 16, void @empty_1037, void @empty_1037, i32 4294967295, i32 0"   --->   Operation 28 'specinterface' 'specinterface_ln0' <Predicate = true> <Delay = 0.00>
ST_10 : Operation 29 [1/2] (0.00ns)   --->   "%call_ln15 = call void @read_big_tile.1_Pipeline_Read_Loop, i256 %gmem1, i59 %trunc_ln, i256 %local_buffer" [SystolicArray/main.cpp:15]   --->   Operation 29 'call' 'call_ln15' <Predicate = true> <Delay = 0.00> <CoreType = "Generic">   --->   Core 0 '' <Latency = 0> <II = 1> <Delay = 1.00> <Generic> <Opcode : >
ST_10 : Operation 30 [1/1] (0.00ns)   --->   "%ret_ln25 = ret" [SystolicArray/main.cpp:25]   --->   Operation 30 'ret' 'ret_ln25' <Predicate = true> <Delay = 0.00>


============================================================
+ Verbose Summary: Binding
============================================================
STG Binding: 
---------------- STG Properties BEGIN ----------------
- Is combinational: 0
- Is one-state seq: 0
- Is datapath-only: 0
- Is pipelined: 0
- Is top level: 0
Port [ Return ] is wired: 1; IO mode=ap_ctrl_hs:ce=0
Port [ gmem1]:  wired=1; compound=1; hidden=0; nouse=0; global=0; static=0; extern=0; dir=0; type=4; pingpong=0; private_global=0; IO mode=m_axi:ce=0
Port [ dram_matrix]:  wired=1; compound=0; hidden=0; nouse=0; global=0; static=0; extern=0; dir=0; type=0; pingpong=0; private_global=0; IO mode=ap_none:ce=0
Port [ local_buffer]:  wired=1; compound=1; hidden=0; nouse=0; global=0; static=0; extern=0; dir=1; type=1; pingpong=0; private_global=0; MemPort=[30]; IO mode=ap_memory:ce=0
Port [ tile_index]:  wired=1; compound=0; hidden=0; nouse=0; global=0; static=0; extern=0; dir=0; type=0; pingpong=0; private_global=0; IO mode=ap_none:ce=0
---------------- STG Properties END ------------------

---------------- Datapath Model BEGIN ----------------

<LifeTime>
<method=bitvector/>
tile_index_read   (read          ) [ 00000000000]
dram_matrix_read  (read          ) [ 00000000000]
shl_ln            (bitconcatenate) [ 00000000000]
sext_ln15         (sext          ) [ 00000000000]
add_ln15          (add           ) [ 00000000000]
trunc_ln          (partselect    ) [ 00111111111]
sext_ln15_1       (sext          ) [ 00000000000]
gmem1_addr        (getelementptr ) [ 00011111100]
empty             (readreq       ) [ 00000000000]
specmemcore_ln0   (specmemcore   ) [ 00000000000]
specinterface_ln0 (specinterface ) [ 00000000000]
call_ln15         (call          ) [ 00000000000]
ret_ln25          (ret           ) [ 00000000000]
</LifeTime>

<model>

<comp_list>
<comp id="0" class="1000" name="gmem1">
<pin_list>
<pin id="1" dir="1" index="0" bw="1" slack="0"/>
</pin_list>
<bind>
<StgValue><ssdm name="gmem1"/></StgValue>
</bind>
</comp>

<comp id="2" class="1000" name="dram_matrix">
<pin_list>
<pin id="3" dir="1" index="0" bw="1" slack="0"/>
</pin_list>
<bind>
<StgValue><ssdm name="dram_matrix"/></StgValue>
</bind>
</comp>

<comp id="4" class="1000" name="local_buffer">
<pin_list>
<pin id="5" dir="1" index="0" bw="1" slack="0"/>
</pin_list>
<bind>
<StgValue><ssdm name="local_buffer"/><MemPortTyVec>3 0 </MemPortTyVec>
</StgValue>
</bind>
</comp>

<comp id="6" class="1000" name="tile_index">
<pin_list>
<pin id="7" dir="1" index="0" bw="1" slack="0"/>
</pin_list>
<bind>
<StgValue><ssdm name="tile_index"/></StgValue>
</bind>
</comp>

<comp id="8" class="1001" name="const_8">
<pin_list>
<pin id="9" dir="1" index="0" bw="1" slack="0"/>
</pin_list>
<bind>
<StgValue><ssdm name="_ssdm_op_Read.ap_auto.i27"/></StgValue>
</bind>
</comp>

<comp id="10" class="1001" name="const_10">
<pin_list>
<pin id="11" dir="1" index="0" bw="1" slack="0"/>
</pin_list>
<bind>
<StgValue><ssdm name="_ssdm_op_Read.ap_auto.i64"/></StgValue>
</bind>
</comp>

<comp id="12" class="1001" name="const_12">
<pin_list>
<pin id="13" dir="1" index="0" bw="1" slack="0"/>
</pin_list>
<bind>
<StgValue><ssdm name="_ssdm_op_BitConcatenate.i37.i27.i10"/></StgValue>
</bind>
</comp>

<comp id="14" class="1001" name="const_14">
<pin_list>
<pin id="15" dir="1" index="0" bw="1" slack="0"/>
</pin_list>
<bind>
<StgValue><ssdm name=""/></StgValue>
</bind>
</comp>

<comp id="16" class="1001" name="const_16">
<pin_list>
<pin id="17" dir="1" index="0" bw="1" slack="0"/>
</pin_list>
<bind>
<StgValue><ssdm name="_ssdm_op_PartSelect.i59.i64.i32.i32"/></StgValue>
</bind>
</comp>

<comp id="18" class="1001" name="const_18">
<pin_list>
<pin id="19" dir="1" index="0" bw="1" slack="0"/>
</pin_list>
<bind>
<StgValue><ssdm name=""/></StgValue>
</bind>
</comp>

<comp id="20" class="1001" name="const_20">
<pin_list>
<pin id="21" dir="1" index="0" bw="1" slack="0"/>
</pin_list>
<bind>
<StgValue><ssdm name=""/></StgValue>
</bind>
</comp>

<comp id="22" class="1001" name="const_22">
<pin_list>
<pin id="23" dir="1" index="0" bw="1" slack="0"/>
</pin_list>
<bind>
<StgValue><ssdm name="_ssdm_op_ReadReq.m_axi.p1i256"/></StgValue>
</bind>
</comp>

<comp id="24" class="1001" name="const_24">
<pin_list>
<pin id="25" dir="1" index="0" bw="1" slack="0"/>
</pin_list>
<bind>
<StgValue><ssdm name=""/></StgValue>
</bind>
</comp>

<comp id="26" class="1001" name="const_26">
<pin_list>
<pin id="27" dir="1" index="0" bw="1" slack="0"/>
</pin_list>
<bind>
<StgValue><ssdm name="read_big_tile.1_Pipeline_Read_Loop"/></StgValue>
</bind>
</comp>

<comp id="28" class="1001" name="const_28">
<pin_list>
<pin id="29" dir="1" index="0" bw="1" slack="2147483647"/>
</pin_list>
<bind>
<StgValue><ssdm name="_ssdm_op_SpecMemCore"/></StgValue>
</bind>
</comp>

<comp id="30" class="1001" name="const_30">
<pin_list>
<pin id="31" dir="1" index="0" bw="1" slack="2147483647"/>
</pin_list>
<bind>
<StgValue><ssdm name=""/></StgValue>
</bind>
</comp>

<comp id="32" class="1001" name="const_32">
<pin_list>
<pin id="33" dir="1" index="0" bw="1" slack="2147483647"/>
</pin_list>
<bind>
<StgValue><ssdm name=""/></StgValue>
</bind>
</comp>

<comp id="34" class="1001" name="const_34">
<pin_list>
<pin id="35" dir="1" index="0" bw="1" slack="2147483647"/>
</pin_list>
<bind>
<StgValue><ssdm name=""/></StgValue>
</bind>
</comp>

<comp id="36" class="1001" name="const_36">
<pin_list>
<pin id="37" dir="1" index="0" bw="1" slack="2147483647"/>
</pin_list>
<bind>
<StgValue><ssdm name="_ssdm_op_SpecInterface"/></StgValue>
</bind>
</comp>

<comp id="38" class="1001" name="const_38">
<pin_list>
<pin id="39" dir="1" index="0" bw="1" slack="2147483647"/>
</pin_list>
<bind>
<StgValue><ssdm name="empty_1045"/></StgValue>
</bind>
</comp>

<comp id="40" class="1001" name="const_40">
<pin_list>
<pin id="41" dir="1" index="0" bw="1" slack="2147483647"/>
</pin_list>
<bind>
<StgValue><ssdm name=""/></StgValue>
</bind>
</comp>

<comp id="42" class="1001" name="const_42">
<pin_list>
<pin id="43" dir="1" index="0" bw="1" slack="2147483647"/>
</pin_list>
<bind>
<StgValue><ssdm name="empty_1037"/></StgValue>
</bind>
</comp>

<comp id="44" class="1001" name="const_44">
<pin_list>
<pin id="45" dir="1" index="0" bw="1" slack="2147483647"/>
</pin_list>
<bind>
<StgValue><ssdm name=""/></StgValue>
</bind>
</comp>

<comp id="46" class="1001" name="const_46">
<pin_list>
<pin id="47" dir="1" index="0" bw="1" slack="2147483647"/>
</pin_list>
<bind>
<StgValue><ssdm name="empty_1019"/></StgValue>
</bind>
</comp>

<comp id="48" class="1001" name="const_48">
<pin_list>
<pin id="49" dir="1" index="0" bw="1" slack="2147483647"/>
</pin_list>
<bind>
<StgValue><ssdm name="empty_1032"/></StgValue>
</bind>
</comp>

<comp id="50" class="1001" name="const_50">
<pin_list>
<pin id="51" dir="1" index="0" bw="1" slack="2147483647"/>
</pin_list>
<bind>
<StgValue><ssdm name=""/></StgValue>
</bind>
</comp>

<comp id="52" class="1001" name="const_52">
<pin_list>
<pin id="53" dir="1" index="0" bw="1" slack="2147483647"/>
</pin_list>
<bind>
<StgValue><ssdm name=""/></StgValue>
</bind>
</comp>

<comp id="54" class="1001" name="const_54">
<pin_list>
<pin id="55" dir="1" index="0" bw="1" slack="2147483647"/>
</pin_list>
<bind>
<StgValue><ssdm name=""/></StgValue>
</bind>
</comp>

<comp id="56" class="1001" name="const_56">
<pin_list>
<pin id="57" dir="1" index="0" bw="1" slack="2147483647"/>
</pin_list>
<bind>
<StgValue><ssdm name=""/></StgValue>
</bind>
</comp>

<comp id="58" class="1004" name="tile_index_read_read_fu_58">
<pin_list>
<pin id="59" dir="0" index="0" bw="27" slack="0"/>
<pin id="60" dir="0" index="1" bw="27" slack="0"/>
<pin id="61" dir="1" index="2" bw="27" slack="0"/>
</pin_list>
<bind>
<opcode="read(1150) " fcode="read"/>
<opset="tile_index_read/1 "/>
</bind>
</comp>

<comp id="64" class="1004" name="dram_matrix_read_read_fu_64">
<pin_list>
<pin id="65" dir="0" index="0" bw="64" slack="0"/>
<pin id="66" dir="0" index="1" bw="64" slack="0"/>
<pin id="67" dir="1" index="2" bw="64" slack="0"/>
</pin_list>
<bind>
<opcode="read(1150) " fcode="read"/>
<opset="dram_matrix_read/1 "/>
</bind>
</comp>

<comp id="70" class="1004" name="grp_readreq_fu_70">
<pin_list>
<pin id="71" dir="0" index="0" bw="1" slack="0"/>
<pin id="72" dir="0" index="1" bw="256" slack="0"/>
<pin id="73" dir="0" index="2" bw="7" slack="0"/>
<pin id="74" dir="1" index="3" bw="1" slack="2147483647"/>
</pin_list>
<bind>
<opcode="readreq(1154) " fcode="readreq"/>
<opset="empty/2 "/>
</bind>
</comp>

<comp id="77" class="1004" name="grp_read_big_tile_1_Pipeline_Read_Loop_fu_77">
<pin_list>
<pin id="78" dir="0" index="0" bw="0" slack="0"/>
<pin id="79" dir="0" index="1" bw="256" slack="0"/>
<pin id="80" dir="0" index="2" bw="59" slack="8"/>
<pin id="81" dir="0" index="3" bw="256" slack="0"/>
<pin id="82" dir="1" index="4" bw="0" slack="2147483647"/>
</pin_list>
<bind>
<opcode="call(48) " fcode="call"/>
<opset="call_ln15/9 "/>
</bind>
</comp>

<comp id="86" class="1004" name="shl_ln_fu_86">
<pin_list>
<pin id="87" dir="0" index="0" bw="37" slack="0"/>
<pin id="88" dir="0" index="1" bw="27" slack="0"/>
<pin id="89" dir="0" index="2" bw="1" slack="0"/>
<pin id="90" dir="1" index="3" bw="37" slack="0"/>
</pin_list>
<bind>
<opcode="bitconcatenate(1004) " fcode="bitconcatenate"/>
<opset="shl_ln/1 "/>
</bind>
</comp>

<comp id="94" class="1004" name="sext_ln15_fu_94">
<pin_list>
<pin id="95" dir="0" index="0" bw="37" slack="0"/>
<pin id="96" dir="1" index="1" bw="64" slack="0"/>
</pin_list>
<bind>
<opcode="sext(35) " fcode="sext"/>
<opset="sext_ln15/1 "/>
</bind>
</comp>

<comp id="98" class="1004" name="add_ln15_fu_98">
<pin_list>
<pin id="99" dir="0" index="0" bw="37" slack="0"/>
<pin id="100" dir="0" index="1" bw="64" slack="0"/>
<pin id="101" dir="1" index="2" bw="64" slack="0"/>
</pin_list>
<bind>
<opcode="add(8) " fcode="add"/>
<opset="add_ln15/1 "/>
</bind>
</comp>

<comp id="104" class="1004" name="trunc_ln_fu_104">
<pin_list>
<pin id="105" dir="0" index="0" bw="59" slack="0"/>
<pin id="106" dir="0" index="1" bw="64" slack="0"/>
<pin id="107" dir="0" index="2" bw="4" slack="0"/>
<pin id="108" dir="0" index="3" bw="7" slack="0"/>
<pin id="109" dir="1" index="4" bw="59" slack="1"/>
</pin_list>
<bind>
<opcode="partselect(1002) " fcode="partselect"/>
<opset="trunc_ln/1 "/>
</bind>
</comp>

<comp id="114" class="1004" name="sext_ln15_1_fu_114">
<pin_list>
<pin id="115" dir="0" index="0" bw="59" slack="1"/>
<pin id="116" dir="1" index="1" bw="64" slack="0"/>
</pin_list>
<bind>
<opcode="sext(35) " fcode="sext"/>
<opset="sext_ln15_1/2 "/>
</bind>
</comp>

<comp id="117" class="1004" name="gmem1_addr_fu_117">
<pin_list>
<pin id="118" dir="0" index="0" bw="64" slack="0"/>
<pin id="119" dir="0" index="1" bw="64" slack="0"/>
<pin id="120" dir="1" index="2" bw="64" slack="0"/>
</pin_list>
<bind>
<opcode="getelementptr(29) " fcode="getelementptr"/>
<opset="gmem1_addr/2 "/>
</bind>
</comp>

<comp id="124" class="1005" name="trunc_ln_reg_124">
<pin_list>
<pin id="125" dir="0" index="0" bw="59" slack="1"/>
<pin id="126" dir="1" index="1" bw="59" slack="1"/>
</pin_list>
<bind>
<opset="trunc_ln "/>
</bind>
</comp>

<comp id="130" class="1005" name="gmem1_addr_reg_130">
<pin_list>
<pin id="131" dir="0" index="0" bw="256" slack="1"/>
<pin id="132" dir="1" index="1" bw="256" slack="1"/>
</pin_list>
<bind>
<opset="gmem1_addr "/>
</bind>
</comp>

</comp_list>

<net_list>
<net id="62"><net_src comp="8" pin="0"/><net_sink comp="58" pin=0"/></net>

<net id="63"><net_src comp="6" pin="0"/><net_sink comp="58" pin=1"/></net>

<net id="68"><net_src comp="10" pin="0"/><net_sink comp="64" pin=0"/></net>

<net id="69"><net_src comp="2" pin="0"/><net_sink comp="64" pin=1"/></net>

<net id="75"><net_src comp="22" pin="0"/><net_sink comp="70" pin=0"/></net>

<net id="76"><net_src comp="24" pin="0"/><net_sink comp="70" pin=2"/></net>

<net id="83"><net_src comp="26" pin="0"/><net_sink comp="77" pin=0"/></net>

<net id="84"><net_src comp="0" pin="0"/><net_sink comp="77" pin=1"/></net>

<net id="85"><net_src comp="4" pin="0"/><net_sink comp="77" pin=3"/></net>

<net id="91"><net_src comp="12" pin="0"/><net_sink comp="86" pin=0"/></net>

<net id="92"><net_src comp="58" pin="2"/><net_sink comp="86" pin=1"/></net>

<net id="93"><net_src comp="14" pin="0"/><net_sink comp="86" pin=2"/></net>

<net id="97"><net_src comp="86" pin="3"/><net_sink comp="94" pin=0"/></net>

<net id="102"><net_src comp="94" pin="1"/><net_sink comp="98" pin=0"/></net>

<net id="103"><net_src comp="64" pin="2"/><net_sink comp="98" pin=1"/></net>

<net id="110"><net_src comp="16" pin="0"/><net_sink comp="104" pin=0"/></net>

<net id="111"><net_src comp="98" pin="2"/><net_sink comp="104" pin=1"/></net>

<net id="112"><net_src comp="18" pin="0"/><net_sink comp="104" pin=2"/></net>

<net id="113"><net_src comp="20" pin="0"/><net_sink comp="104" pin=3"/></net>

<net id="121"><net_src comp="0" pin="0"/><net_sink comp="117" pin=0"/></net>

<net id="122"><net_src comp="114" pin="1"/><net_sink comp="117" pin=1"/></net>

<net id="123"><net_src comp="117" pin="2"/><net_sink comp="70" pin=1"/></net>

<net id="127"><net_src comp="104" pin="4"/><net_sink comp="124" pin=0"/></net>

<net id="128"><net_src comp="124" pin="1"/><net_sink comp="114" pin=0"/></net>

<net id="129"><net_src comp="124" pin="1"/><net_sink comp="77" pin=2"/></net>

<net id="133"><net_src comp="117" pin="2"/><net_sink comp="130" pin=0"/></net>

<net id="134"><net_src comp="130" pin="1"/><net_sink comp="70" pin=1"/></net>

</net_list>

</model> 
---------------- Datapath Model END ------------------

* FSMD analyzer results:
  - Output states:
	Port: gmem1 | {}
	Port: local_buffer | {9 10 }
 - Input state : 
	Port: read_big_tile.1 : gmem1 | {2 3 4 5 6 7 8 9 10 }
	Port: read_big_tile.1 : dram_matrix | {1 }
	Port: read_big_tile.1 : tile_index | {1 }
  - Chain level:
	State 1
		sext_ln15 : 1
		add_ln15 : 2
		trunc_ln : 3
	State 2
		gmem1_addr : 1
		empty : 2
	State 3
	State 4
	State 5
	State 6
	State 7
	State 8
	State 9
	State 10


============================================================
+ Verbose Summary: Datapath Resource usage 
============================================================

* Functional unit list:
|----------|----------------------------------------------|---------|---------|
| Operation|                Functional Unit               |    FF   |   LUT   |
|----------|----------------------------------------------|---------|---------|
|   call   | grp_read_big_tile_1_Pipeline_Read_Loop_fu_77 |   333   |    24   |
|----------|----------------------------------------------|---------|---------|
|    add   |                add_ln15_fu_98                |    0    |    71   |
|----------|----------------------------------------------|---------|---------|
|   read   |          tile_index_read_read_fu_58          |    0    |    0    |
|          |          dram_matrix_read_read_fu_64         |    0    |    0    |
|----------|----------------------------------------------|---------|---------|
|  readreq |               grp_readreq_fu_70              |    0    |    0    |
|----------|----------------------------------------------|---------|---------|
|bitconcatenate|                 shl_ln_fu_86                 |    0    |    0    |
|----------|----------------------------------------------|---------|---------|
|   sext   |                sext_ln15_fu_94               |    0    |    0    |
|          |              sext_ln15_1_fu_114              |    0    |    0    |
|----------|----------------------------------------------|---------|---------|
|partselect|                trunc_ln_fu_104               |    0    |    0    |
|----------|----------------------------------------------|---------|---------|
|   Total  |                                              |   333   |    95   |
|----------|----------------------------------------------|---------|---------|

Memories:
N/A

* Register list:
+------------------+--------+
|                  |   FF   |
+------------------+--------+
|gmem1_addr_reg_130|   256  |
| trunc_ln_reg_124 |   59   |
+------------------+--------+
|       Total      |   315  |
+------------------+--------+

* Multiplexer (MUX) list: 
|-------------------|------|------|------|--------||---------||---------|
|        Comp       |  Pin | Size |  BW  | S x BW ||  Delay  ||   LUT   |
|-------------------|------|------|------|--------||---------||---------|
| grp_readreq_fu_70 |  p1  |   2  |  256 |   512  ||    9    |
|-------------------|------|------|------|--------||---------||---------|
|       Total       |      |      |      |   512  ||  1.588  ||    9    |
|-------------------|------|------|------|--------||---------||---------|



* Summary:
+-----------+--------+--------+--------+
|           |  Delay |   FF   |   LUT  |
+-----------+--------+--------+--------+
|  Function |    -   |   333  |   95   |
|   Memory  |    -   |    -   |    -   |
|Multiplexer|    1   |    -   |    9   |
|  Register |    -   |   315  |    -   |
+-----------+--------+--------+--------+
|   Total   |    1   |   648  |   104  |
+-----------+--------+--------+--------+
