

================================================================
== Vitis HLS Report for 'read_big_tile_1_Pipeline_Read_Loop'
================================================================
* Date:           Mon May 25 15:50:52 2026

* Version:        2022.2 (Build 3670227 on Oct 13 2022)
* Project:        SystolicArray
* Solution:       solution1 (Vivado IP Flow Target)
* Product family: zynq
* Target device:  xc7z020-clg400-1


================================================================
== Performance Estimates
================================================================
+ Timing: 
    * Summary: 
    +--------+----------+----------+------------+
    |  Clock |  Target  | Estimated| Uncertainty|
    +--------+----------+----------+------------+
    |ap_clk  |  10.00 ns|  7.300 ns|     2.70 ns|
    +--------+----------+----------+------------+

+ Latency: 
    * Summary: 
    +---------+---------+----------+----------+-----+-----+---------+
    |  Latency (cycles) |  Latency (absolute) |  Interval | Pipeline|
    |   min   |   max   |    min   |    max   | min | max |   Type  |
    +---------+---------+----------+----------+-----+-----+---------+
    |       35|       35|  0.350 us|  0.350 us|   35|   35|       no|
    +---------+---------+----------+----------+-----+-----+---------+

    + Detail: 
        * Instance: 
        N/A

        * Loop: 
        +-------------+---------+---------+----------+-----------+-----------+------+----------+
        |             |  Latency (cycles) | Iteration|  Initiation Interval  | Trip |          |
        |  Loop Name  |   min   |   max   |  Latency |  achieved |   target  | Count| Pipelined|
        +-------------+---------+---------+----------+-----------+-----------+------+----------+
        |- Read_Loop  |       33|       33|         3|          1|          1|    32|       yes|
        +-------------+---------+---------+----------+-----------+-----------+------+----------+



================================================================
== Utilization Estimates
================================================================
* Summary: 
+-----------------+---------+-----+--------+-------+-----+
|       Name      | BRAM_18K| DSP |   FF   |  LUT  | URAM|
+-----------------+---------+-----+--------+-------+-----+
|DSP              |        -|    -|       -|      -|    -|
|Expression       |        -|    -|       0|     30|    -|
|FIFO             |        -|    -|       -|      -|    -|
|Instance         |        -|    -|       -|      -|    -|
|Memory           |        -|    -|       -|      -|    -|
|Multiplexer      |        -|    -|       -|     45|    -|
|Register         |        -|    -|     280|      -|    -|
+-----------------+---------+-----+--------+-------+-----+
|Total            |        0|    0|     280|     75|    0|
+-----------------+---------+-----+--------+-------+-----+
|Available        |      280|  220|  106400|  53200|    0|
+-----------------+---------+-----+--------+-------+-----+
|Utilization (%)  |        0|    0|      ~0|     ~0|    0|
+-----------------+---------+-----+--------+-------+-----+

+ Detail: 
    * Instance: 
    N/A

    * DSP: 
    N/A

    * Memory: 
    N/A

    * FIFO: 
    N/A

    * Expression: 
    +----------------------------------+----------+----+---+----+------------+------------+
    |           Variable Name          | Operation| DSP| FF| LUT| Bitwidth P0| Bitwidth P1|
    +----------------------------------+----------+----+---+----+------------+------------+
    |add_ln15_fu_110_p2                |         +|   0|  0|  14|           6|           1|
    |ap_block_pp0_stage0_11001         |       and|   0|  0|   2|           1|           1|
    |ap_block_state2_pp0_stage0_iter1  |       and|   0|  0|   2|           1|           1|
    |icmp_ln15_fu_104_p2               |      icmp|   0|  0|  10|           6|           7|
    |ap_enable_pp0                     |       xor|   0|  0|   2|           1|           2|
    +----------------------------------+----------+----+---+----+------------+------------+
    |Total                             |          |   0|  0|  30|          15|          12|
    +----------------------------------+----------+----+---+----+------------+------------+

    * Multiplexer: 
    +-------------------------+----+-----------+-----+-----------+
    |           Name          | LUT| Input Size| Bits| Total Bits|
    +-------------------------+----+-----------+-----+-----------+
    |ap_done_int              |   9|          2|    1|          2|
    |ap_enable_reg_pp0_iter2  |   9|          2|    1|          2|
    |ap_sig_allocacmp_i_2     |   9|          2|    6|         12|
    |gmem1_blk_n_R            |   9|          2|    1|          2|
    |i_fu_60                  |   9|          2|    6|         12|
    +-------------------------+----+-----------+-----+-----------+
    |Total                    |  45|         10|   15|         30|
    +-------------------------+----+-----------+-----+-----------+

    * Register: 
    +----------------------------------+-----+----+-----+-----------+
    |               Name               |  FF | LUT| Bits| Const Bits|
    +----------------------------------+-----+----+-----+-----------+
    |ap_CS_fsm                         |    1|   0|    1|          0|
    |ap_done_reg                       |    1|   0|    1|          0|
    |ap_enable_reg_pp0_iter1           |    1|   0|    1|          0|
    |ap_enable_reg_pp0_iter2           |    1|   0|    1|          0|
    |ap_loop_exit_ready_pp0_iter1_reg  |    1|   0|    1|          0|
    |i_2_reg_143                       |    6|   0|    6|          0|
    |i_2_reg_143_pp0_iter1_reg         |    6|   0|    6|          0|
    |i_fu_60                           |    6|   0|    6|          0|
    |icmp_ln15_reg_148                 |    1|   0|    1|          0|
    |packet_V_reg_152                  |  256|   0|  256|          0|
    +----------------------------------+-----+----+-----+-----------+
    |Total                             |  280|   0|  280|          0|
    +----------------------------------+-----+----+-----+-----------+



================================================================
== Interface
================================================================
* Summary: 
+-----------------------+-----+-----+------------+------------------------------------+--------------+
|       RTL Ports       | Dir | Bits|  Protocol  |            Source Object           |    C Type    |
+-----------------------+-----+-----+------------+------------------------------------+--------------+
|ap_clk                 |   in|    1|  ap_ctrl_hs|  read_big_tile.1_Pipeline_Read_Loop|  return value|
|ap_rst                 |   in|    1|  ap_ctrl_hs|  read_big_tile.1_Pipeline_Read_Loop|  return value|
|ap_start               |   in|    1|  ap_ctrl_hs|  read_big_tile.1_Pipeline_Read_Loop|  return value|
|ap_done                |  out|    1|  ap_ctrl_hs|  read_big_tile.1_Pipeline_Read_Loop|  return value|
|ap_idle                |  out|    1|  ap_ctrl_hs|  read_big_tile.1_Pipeline_Read_Loop|  return value|
|ap_ready               |  out|    1|  ap_ctrl_hs|  read_big_tile.1_Pipeline_Read_Loop|  return value|
|m_axi_gmem1_AWVALID    |  out|    1|       m_axi|                               gmem1|       pointer|
|m_axi_gmem1_AWREADY    |   in|    1|       m_axi|                               gmem1|       pointer|
|m_axi_gmem1_AWADDR     |  out|   64|       m_axi|                               gmem1|       pointer|
|m_axi_gmem1_AWID       |  out|    1|       m_axi|                               gmem1|       pointer|
|m_axi_gmem1_AWLEN      |  out|   32|       m_axi|                               gmem1|       pointer|
|m_axi_gmem1_AWSIZE     |  out|    3|       m_axi|                               gmem1|       pointer|
|m_axi_gmem1_AWBURST    |  out|    2|       m_axi|                               gmem1|       pointer|
|m_axi_gmem1_AWLOCK     |  out|    2|       m_axi|                               gmem1|       pointer|
|m_axi_gmem1_AWCACHE    |  out|    4|       m_axi|                               gmem1|       pointer|
|m_axi_gmem1_AWPROT     |  out|    3|       m_axi|                               gmem1|       pointer|
|m_axi_gmem1_AWQOS      |  out|    4|       m_axi|                               gmem1|       pointer|
|m_axi_gmem1_AWREGION   |  out|    4|       m_axi|                               gmem1|       pointer|
|m_axi_gmem1_AWUSER     |  out|    1|       m_axi|                               gmem1|       pointer|
|m_axi_gmem1_WVALID     |  out|    1|       m_axi|                               gmem1|       pointer|
|m_axi_gmem1_WREADY     |   in|    1|       m_axi|                               gmem1|       pointer|
|m_axi_gmem1_WDATA      |  out|  256|       m_axi|                               gmem1|       pointer|
|m_axi_gmem1_WSTRB      |  out|   32|       m_axi|                               gmem1|       pointer|
|m_axi_gmem1_WLAST      |  out|    1|       m_axi|                               gmem1|       pointer|
|m_axi_gmem1_WID        |  out|    1|       m_axi|                               gmem1|       pointer|
|m_axi_gmem1_WUSER      |  out|    1|       m_axi|                               gmem1|       pointer|
|m_axi_gmem1_ARVALID    |  out|    1|       m_axi|                               gmem1|       pointer|
|m_axi_gmem1_ARREADY    |   in|    1|       m_axi|                               gmem1|       pointer|
|m_axi_gmem1_ARADDR     |  out|   64|       m_axi|                               gmem1|       pointer|
|m_axi_gmem1_ARID       |  out|    1|       m_axi|                               gmem1|       pointer|
|m_axi_gmem1_ARLEN      |  out|   32|       m_axi|                               gmem1|       pointer|
|m_axi_gmem1_ARSIZE     |  out|    3|       m_axi|                               gmem1|       pointer|
|m_axi_gmem1_ARBURST    |  out|    2|       m_axi|                               gmem1|       pointer|
|m_axi_gmem1_ARLOCK     |  out|    2|       m_axi|                               gmem1|       pointer|
|m_axi_gmem1_ARCACHE    |  out|    4|       m_axi|                               gmem1|       pointer|
|m_axi_gmem1_ARPROT     |  out|    3|       m_axi|                               gmem1|       pointer|
|m_axi_gmem1_ARQOS      |  out|    4|       m_axi|                               gmem1|       pointer|
|m_axi_gmem1_ARREGION   |  out|    4|       m_axi|                               gmem1|       pointer|
|m_axi_gmem1_ARUSER     |  out|    1|       m_axi|                               gmem1|       pointer|
|m_axi_gmem1_RVALID     |   in|    1|       m_axi|                               gmem1|       pointer|
|m_axi_gmem1_RREADY     |  out|    1|       m_axi|                               gmem1|       pointer|
|m_axi_gmem1_RDATA      |   in|  256|       m_axi|                               gmem1|       pointer|
|m_axi_gmem1_RLAST      |   in|    1|       m_axi|                               gmem1|       pointer|
|m_axi_gmem1_RID        |   in|    1|       m_axi|                               gmem1|       pointer|
|m_axi_gmem1_RFIFONUM   |   in|    9|       m_axi|                               gmem1|       pointer|
|m_axi_gmem1_RUSER      |   in|    1|       m_axi|                               gmem1|       pointer|
|m_axi_gmem1_RRESP      |   in|    2|       m_axi|                               gmem1|       pointer|
|m_axi_gmem1_BVALID     |   in|    1|       m_axi|                               gmem1|       pointer|
|m_axi_gmem1_BREADY     |  out|    1|       m_axi|                               gmem1|       pointer|
|m_axi_gmem1_BRESP      |   in|    2|       m_axi|                               gmem1|       pointer|
|m_axi_gmem1_BID        |   in|    1|       m_axi|                               gmem1|       pointer|
|m_axi_gmem1_BUSER      |   in|    1|       m_axi|                               gmem1|       pointer|
|sext_ln15_1            |   in|   59|     ap_none|                         sext_ln15_1|        scalar|
|local_buffer_address1  |  out|    5|   ap_memory|                        local_buffer|         array|
|local_buffer_ce1       |  out|    1|   ap_memory|                        local_buffer|         array|
|local_buffer_we1       |  out|    1|   ap_memory|                        local_buffer|         array|
|local_buffer_d1        |  out|  256|   ap_memory|                        local_buffer|         array|
+-----------------------+-----+-----+------------+------------------------------------+--------------+

============================================================
+ Verbose Summary: Synthesis Manager
============================================================
InlineROM: 1
ExposeGlobal: 0
============================================================
+ Verbose Summary: CDFG Model
============================================================
IsTopModel: 0
ResetActiveHigh: 1
IsCombinational: 2
IsDatapathOnly: 2
HasWiredReturn: 1
HasMFsm: 2
HasVarLatency: 1
IsPipeline: 0
IsRtlPipelined: 0
IsInstanceOverlapped: 0
IsDontTouch: 0
HasImplIP: 0
IsGatedGlobalClock: 0

+ Individual pipeline summary: 
  * Pipeline-0: initiation interval (II) = 1, depth = 3


============================================================
+ Verbose Summary: Schedule
============================================================
* Number of FSM states : 3
* Pipeline : 1
  Pipeline-0 : II = 1, D = 3, States = { 1 2 3 }
* Dataflow Pipeline: 0

* FSM state transitions: 
1 --> 2 
2 --> 3 
3 --> 

* FSM state operations: 

State 1 <SV = 0> <Delay = 3.41>
ST_1 : Operation 6 [1/1] (0.00ns)   --->   "%i = alloca i32 1"   --->   Operation 6 'alloca' 'i' <Predicate = true> <Delay = 0.00>
ST_1 : Operation 7 [1/1] (0.00ns)   --->   "%sext_ln15_1_read = read i59 @_ssdm_op_Read.ap_auto.i59, i59 %sext_ln15_1"   --->   Operation 7 'read' 'sext_ln15_1_read' <Predicate = true> <Delay = 0.00>
ST_1 : Operation 8 [1/1] (0.00ns)   --->   "%sext_ln15_1_cast = sext i59 %sext_ln15_1_read"   --->   Operation 8 'sext' 'sext_ln15_1_cast' <Predicate = true> <Delay = 0.00>
ST_1 : Operation 9 [1/1] (0.00ns)   --->   "%specmemcore_ln0 = specmemcore void @_ssdm_op_SpecMemCore, i256 %local_buffer, i64 666, i64 22, i64 18446744073709551615"   --->   Operation 9 'specmemcore' 'specmemcore_ln0' <Predicate = true> <Delay = 0.00>
ST_1 : Operation 10 [1/1] (0.00ns)   --->   "%specinterface_ln0 = specinterface void @_ssdm_op_SpecInterface, i256 %gmem1, void @empty_1045, i32 0, i32 0, void @empty_1037, i32 0, i32 4000, void @empty_1019, void @empty_1032, void @empty_1037, i32 4, i32 16, i32 64, i32 16, void @empty_1037, void @empty_1037, i32 4294967295, i32 0"   --->   Operation 10 'specinterface' 'specinterface_ln0' <Predicate = true> <Delay = 0.00>
ST_1 : Operation 11 [1/1] (1.58ns)   --->   "%store_ln0 = store i6 0, i6 %i"   --->   Operation 11 'store' 'store_ln0' <Predicate = true> <Delay = 1.58>
ST_1 : Operation 12 [1/1] (0.00ns)   --->   "%br_ln0 = br void %for.inc"   --->   Operation 12 'br' 'br_ln0' <Predicate = true> <Delay = 0.00>
ST_1 : Operation 13 [1/1] (0.00ns)   --->   "%i_2 = load i6 %i" [SystolicArray/main.cpp:15]   --->   Operation 13 'load' 'i_2' <Predicate = true> <Delay = 0.00>
ST_1 : Operation 14 [1/1] (1.42ns)   --->   "%icmp_ln15 = icmp_eq  i6 %i_2, i6 32" [SystolicArray/main.cpp:15]   --->   Operation 14 'icmp' 'icmp_ln15' <Predicate = true> <Delay = 1.42> <CoreInst = "Cmp">   --->   Core 9 'Cmp' <Latency = 0> <II = 1> <Delay = 1.48> <FuncUnit> <Opcode : 'icmp'> <InPorts = 2> <OutPorts = 1>
ST_1 : Operation 15 [1/1] (1.82ns)   --->   "%add_ln15 = add i6 %i_2, i6 1" [SystolicArray/main.cpp:15]   --->   Operation 15 'add' 'add_ln15' <Predicate = true> <Delay = 1.82> <CoreInst = "Adder">   --->   Core 1 'Adder' <Latency = 0> <II = 1> <Delay = 1.82> <FuncUnit> <Opcode : 'add' 'sub'> <InPorts = 2> <OutPorts = 1>
ST_1 : Operation 16 [1/1] (0.00ns)   --->   "%br_ln15 = br i1 %icmp_ln15, void %for.inc.split, void %for.end15.exitStub" [SystolicArray/main.cpp:15]   --->   Operation 16 'br' 'br_ln15' <Predicate = true> <Delay = 0.00>
ST_1 : Operation 17 [1/1] (1.58ns)   --->   "%store_ln15 = store i6 %add_ln15, i6 %i" [SystolicArray/main.cpp:15]   --->   Operation 17 'store' 'store_ln15' <Predicate = (!icmp_ln15)> <Delay = 1.58>

State 2 <SV = 1> <Delay = 7.30>
ST_2 : Operation 18 [1/1] (0.00ns)   --->   "%gmem1_addr = getelementptr i256 %gmem1, i64 %sext_ln15_1_cast" [SystolicArray/main.cpp:15]   --->   Operation 18 'getelementptr' 'gmem1_addr' <Predicate = true> <Delay = 0.00>
ST_2 : Operation 19 [1/1] (0.00ns)   --->   "%empty = speclooptripcount i32 @_ssdm_op_SpecLoopTripCount, i64 32, i64 32, i64 32"   --->   Operation 19 'speclooptripcount' 'empty' <Predicate = true> <Delay = 0.00>
ST_2 : Operation 20 [1/1] (7.30ns)   --->   "%packet_V = read i256 @_ssdm_op_Read.m_axi.p1i256, i64 %gmem1_addr" [SystolicArray/main.cpp:18]   --->   Operation 20 'read' 'packet_V' <Predicate = (!icmp_ln15)> <Delay = 7.30> <CoreInst = "m_axi">   --->   Core 113 'm_axi' <Latency = 0> <II = 1> <Delay = 1.00> <Adapter> <Opcode : 'read' 'write' 'readreq' 'writereq' 'writeresp'>
ST_2 : Operation 27 [1/1] (0.00ns)   --->   "%ret_ln0 = ret"   --->   Operation 27 'ret' 'ret_ln0' <Predicate = (icmp_ln15)> <Delay = 0.00>

State 3 <SV = 2> <Delay = 3.25>
ST_3 : Operation 21 [1/1] (0.00ns)   --->   "%zext_ln15 = zext i6 %i_2" [SystolicArray/main.cpp:15]   --->   Operation 21 'zext' 'zext_ln15' <Predicate = true> <Delay = 0.00>
ST_3 : Operation 22 [1/1] (0.00ns)   --->   "%specpipeline_ln16 = specpipeline void @_ssdm_op_SpecPipeline, i32 1, i32 0, i32 0, i32 0, void @empty_1037" [SystolicArray/main.cpp:16]   --->   Operation 22 'specpipeline' 'specpipeline_ln16' <Predicate = true> <Delay = 0.00>
ST_3 : Operation 23 [1/1] (0.00ns)   --->   "%specloopname_ln15 = specloopname void @_ssdm_op_SpecLoopName, void @empty_1024" [SystolicArray/main.cpp:15]   --->   Operation 23 'specloopname' 'specloopname_ln15' <Predicate = true> <Delay = 0.00>
ST_3 : Operation 24 [1/1] (0.00ns)   --->   "%local_buffer_addr = getelementptr i256 %local_buffer, i64 0, i64 %zext_ln15" [SystolicArray/main.cpp:22]   --->   Operation 24 'getelementptr' 'local_buffer_addr' <Predicate = true> <Delay = 0.00>
ST_3 : Operation 25 [1/1] (3.25ns)   --->   "%store_ln22 = store i256 %packet_V, i5 %local_buffer_addr" [SystolicArray/main.cpp:22]   --->   Operation 25 'store' 'store_ln22' <Predicate = true> <Delay = 3.25> <CoreInst = "RAM_2P_BRAM">   --->   Core 91 'RAM_2P_BRAM' <Latency = 1> <II = 1> <Delay = 3.25> <Storage> <Opcode : 'load' 'store'> <Ports = 2> <Width = 256> <Depth = 32> <RAM>
ST_3 : Operation 26 [1/1] (0.00ns)   --->   "%br_ln15 = br void %for.inc" [SystolicArray/main.cpp:15]   --->   Operation 26 'br' 'br_ln15' <Predicate = true> <Delay = 0.00>


============================================================
+ Verbose Summary: Binding
============================================================
STG Binding: 
---------------- STG Properties BEGIN ----------------
- Is combinational: 0
- Is one-state seq: 0
- Is datapath-only: 0
- Is pipelined: 0
- Is top level: 0
Port [ Return ] is wired: 1; IO mode=ap_ctrl_hs:ce=0
Port [ gmem1]:  wired=1; compound=1; hidden=0; nouse=0; global=0; static=0; extern=0; dir=0; type=4; pingpong=0; private_global=0; IO mode=m_axi:ce=0
Port [ sext_ln15_1]:  wired=1; compound=0; hidden=0; nouse=0; global=0; static=0; extern=0; dir=0; type=0; pingpong=0; private_global=0; IO mode=ap_none:ce=0
Port [ local_buffer]:  wired=1; compound=1; hidden=0; nouse=0; global=0; static=0; extern=0; dir=1; type=1; pingpong=0; private_global=0; MemPort=[30]; IO mode=ap_memory:ce=0
---------------- STG Properties END ------------------

---------------- Datapath Model BEGIN ----------------

<LifeTime>
<method=bitvector/>
i                 (alloca           ) [ 0100]
sext_ln15_1_read  (read             ) [ 0000]
sext_ln15_1_cast  (sext             ) [ 0110]
specmemcore_ln0   (specmemcore      ) [ 0000]
specinterface_ln0 (specinterface    ) [ 0000]
store_ln0         (store            ) [ 0000]
br_ln0            (br               ) [ 0000]
i_2               (load             ) [ 0111]
icmp_ln15         (icmp             ) [ 0110]
add_ln15          (add              ) [ 0000]
br_ln15           (br               ) [ 0000]
store_ln15        (store            ) [ 0000]
gmem1_addr        (getelementptr    ) [ 0000]
empty             (speclooptripcount) [ 0000]
packet_V          (read             ) [ 0101]
zext_ln15         (zext             ) [ 0000]
specpipeline_ln16 (specpipeline     ) [ 0000]
specloopname_ln15 (specloopname     ) [ 0000]
local_buffer_addr (getelementptr    ) [ 0000]
store_ln22        (store            ) [ 0000]
br_ln15           (br               ) [ 0000]
ret_ln0           (ret              ) [ 0000]
</LifeTime>

<model>

<comp_list>
<comp id="0" class="1000" name="gmem1">
<pin_list>
<pin id="1" dir="1" index="0" bw="1" slack="0"/>
</pin_list>
<bind>
<StgValue><ssdm name="gmem1"/></StgValue>
</bind>
</comp>

<comp id="2" class="1000" name="sext_ln15_1">
<pin_list>
<pin id="3" dir="1" index="0" bw="1" slack="0"/>
</pin_list>
<bind>
<StgValue><ssdm name="sext_ln15_1"/></StgValue>
</bind>
</comp>

<comp id="4" class="1000" name="local_buffer">
<pin_list>
<pin id="5" dir="1" index="0" bw="1" slack="0"/>
</pin_list>
<bind>
<StgValue><ssdm name="local_buffer"/><MemPortTyVec>3 0 </MemPortTyVec>
</StgValue>
</bind>
</comp>

<comp id="6" class="1001" name="const_6">
<pin_list>
<pin id="7" dir="1" index="0" bw="1" slack="0"/>
</pin_list>
<bind>
<StgValue><ssdm name=""/></StgValue>
</bind>
</comp>

<comp id="8" class="1001" name="const_8">
<pin_list>
<pin id="9" dir="1" index="0" bw="1" slack="0"/>
</pin_list>
<bind>
<StgValue><ssdm name="_ssdm_op_Read.ap_auto.i59"/></StgValue>
</bind>
</comp>

<comp id="10" class="1001" name="const_10">
<pin_list>
<pin id="11" dir="1" index="0" bw="1" slack="2147483647"/>
</pin_list>
<bind>
<StgValue><ssdm name="_ssdm_op_SpecMemCore"/></StgValue>
</bind>
</comp>

<comp id="12" class="1001" name="const_12">
<pin_list>
<pin id="13" dir="1" index="0" bw="1" slack="2147483647"/>
</pin_list>
<bind>
<StgValue><ssdm name=""/></StgValue>
</bind>
</comp>

<comp id="14" class="1001" name="const_14">
<pin_list>
<pin id="15" dir="1" index="0" bw="1" slack="2147483647"/>
</pin_list>
<bind>
<StgValue><ssdm name=""/></StgValue>
</bind>
</comp>

<comp id="16" class="1001" name="const_16">
<pin_list>
<pin id="17" dir="1" index="0" bw="1" slack="2147483647"/>
</pin_list>
<bind>
<StgValue><ssdm name=""/></StgValue>
</bind>
</comp>

<comp id="18" class="1001" name="const_18">
<pin_list>
<pin id="19" dir="1" index="0" bw="1" slack="2147483647"/>
</pin_list>
<bind>
<StgValue><ssdm name="_ssdm_op_SpecInterface"/></StgValue>
</bind>
</comp>

<comp id="20" class="1001" name="const_20">
<pin_list>
<pin id="21" dir="1" index="0" bw="1" slack="2147483647"/>
</pin_list>
<bind>
<StgValue><ssdm name="empty_1045"/></StgValue>
</bind>
</comp>

<comp id="22" class="1001" name="const_22">
<pin_list>
<pin id="23" dir="1" index="0" bw="1" slack="2147483647"/>
</pin_list>
<bind>
<StgValue><ssdm name=""/></StgValue>
</bind>
</comp>

<comp id="24" class="1001" name="const_24">
<pin_list>
<pin id="25" dir="1" index="0" bw="1" slack="2147483647"/>
</pin_list>
<bind>
<StgValue><ssdm name="empty_1037"/></StgValue>
</bind>
</comp>

<comp id="26" class="1001" name="const_26">
<pin_list>
<pin id="27" dir="1" index="0" bw="1" slack="2147483647"/>
</pin_list>
<bind>
<StgValue><ssdm name=""/></StgValue>
</bind>
</comp>

<comp id="28" class="1001" name="const_28">
<pin_list>
<pin id="29" dir="1" index="0" bw="1" slack="2147483647"/>
</pin_list>
<bind>
<StgValue><ssdm name="empty_1019"/></StgValue>
</bind>
</comp>

<comp id="30" class="1001" name="const_30">
<pin_list>
<pin id="31" dir="1" index="0" bw="1" slack="2147483647"/>
</pin_list>
<bind>
<StgValue><ssdm name="empty_1032"/></StgValue>
</bind>
</comp>

<comp id="32" class="1001" name="const_32">
<pin_list>
<pin id="33" dir="1" index="0" bw="1" slack="2147483647"/>
</pin_list>
<bind>
<StgValue><ssdm name=""/></StgValue>
</bind>
</comp>

<comp id="34" class="1001" name="const_34">
<pin_list>
<pin id="35" dir="1" index="0" bw="1" slack="2147483647"/>
</pin_list>
<bind>
<StgValue><ssdm name=""/></StgValue>
</bind>
</comp>

<comp id="36" class="1001" name="const_36">
<pin_list>
<pin id="37" dir="1" index="0" bw="1" slack="2147483647"/>
</pin_list>
<bind>
<StgValue><ssdm name=""/></StgValue>
</bind>
</comp>

<comp id="38" class="1001" name="const_38">
<pin_list>
<pin id="39" dir="1" index="0" bw="1" slack="2147483647"/>
</pin_list>
<bind>
<StgValue><ssdm name=""/></StgValue>
</bind>
</comp>

<comp id="40" class="1001" name="const_40">
<pin_list>
<pin id="41" dir="1" index="0" bw="1" slack="0"/>
</pin_list>
<bind>
<StgValue><ssdm name=""/></StgValue>
</bind>
</comp>

<comp id="42" class="1001" name="const_42">
<pin_list>
<pin id="43" dir="1" index="0" bw="1" slack="0"/>
</pin_list>
<bind>
<StgValue><ssdm name=""/></StgValue>
</bind>
</comp>

<comp id="44" class="1001" name="const_44">
<pin_list>
<pin id="45" dir="1" index="0" bw="1" slack="0"/>
</pin_list>
<bind>
<StgValue><ssdm name=""/></StgValue>
</bind>
</comp>

<comp id="46" class="1001" name="const_46">
<pin_list>
<pin id="47" dir="1" index="0" bw="1" slack="2147483647"/>
</pin_list>
<bind>
<StgValue><ssdm name="_ssdm_op_SpecLoopTripCount"/></StgValue>
</bind>
</comp>

<comp id="48" class="1001" name="const_48">
<pin_list>
<pin id="49" dir="1" index="0" bw="1" slack="2147483647"/>
</pin_list>
<bind>
<StgValue><ssdm name=""/></StgValue>
</bind>
</comp>

<comp id="50" class="1001" name="const_50">
<pin_list>
<pin id="51" dir="1" index="0" bw="1" slack="0"/>
</pin_list>
<bind>
<StgValue><ssdm name="_ssdm_op_Read.m_axi.p1i256"/></StgValue>
</bind>
</comp>

<comp id="52" class="1001" name="const_52">
<pin_list>
<pin id="53" dir="1" index="0" bw="1" slack="2147483647"/>
</pin_list>
<bind>
<StgValue><ssdm name="_ssdm_op_SpecPipeline"/></StgValue>
</bind>
</comp>

<comp id="54" class="1001" name="const_54">
<pin_list>
<pin id="55" dir="1" index="0" bw="1" slack="2147483647"/>
</pin_list>
<bind>
<StgValue><ssdm name="_ssdm_op_SpecLoopName"/></StgValue>
</bind>
</comp>

<comp id="56" class="1001" name="const_56">
<pin_list>
<pin id="57" dir="1" index="0" bw="1" slack="2147483647"/>
</pin_list>
<bind>
<StgValue><ssdm name="empty_1024"/></StgValue>
</bind>
</comp>

<comp id="58" class="1001" name="const_58">
<pin_list>
<pin id="59" dir="1" index="0" bw="1" slack="0"/>
</pin_list>
<bind>
<StgValue><ssdm name=""/></StgValue>
</bind>
</comp>

<comp id="60" class="1004" name="i_fu_60">
<pin_list>
<pin id="61" dir="0" index="0" bw="1" slack="0"/>
<pin id="62" dir="1" index="1" bw="6" slack="0"/>
</pin_list>
<bind>
<opcode="alloca(26) " fcode="alloca"/>
<opset="i/1 "/>
</bind>
</comp>

<comp id="64" class="1004" name="sext_ln15_1_read_read_fu_64">
<pin_list>
<pin id="65" dir="0" index="0" bw="59" slack="0"/>
<pin id="66" dir="0" index="1" bw="59" slack="0"/>
<pin id="67" dir="1" index="2" bw="59" slack="0"/>
</pin_list>
<bind>
<opcode="read(1150) " fcode="read"/>
<opset="sext_ln15_1_read/1 "/>
</bind>
</comp>

<comp id="70" class="1004" name="packet_V_read_fu_70">
<pin_list>
<pin id="71" dir="0" index="0" bw="256" slack="0"/>
<pin id="72" dir="0" index="1" bw="256" slack="0"/>
<pin id="73" dir="1" index="2" bw="256" slack="1"/>
</pin_list>
<bind>
<opcode="read(1150) " fcode="read"/>
<opset="packet_V/2 "/>
</bind>
</comp>

<comp id="75" class="1004" name="local_buffer_addr_gep_fu_75">
<pin_list>
<pin id="76" dir="0" index="0" bw="256" slack="0"/>
<pin id="77" dir="0" index="1" bw="1" slack="0"/>
<pin id="78" dir="0" index="2" bw="6" slack="0"/>
<pin id="79" dir="1" index="3" bw="5" slack="0"/>
</pin_list>
<bind>
<opcode="getelementptr(29) " fcode="getelementptr"/>
<opset="local_buffer_addr/3 "/>
</bind>
</comp>

<comp id="82" class="1004" name="store_ln22_access_fu_82">
<pin_list>
<pin id="83" dir="0" index="0" bw="5" slack="2147483647"/>
<pin id="84" dir="0" index="1" bw="256" slack="2147483647"/>
<pin id="85" dir="0" index="2" bw="0" slack="0"/>
<pin id="87" dir="0" index="4" bw="5" slack="1"/>
<pin id="88" dir="0" index="5" bw="256" slack="2147483647"/>
<pin id="89" dir="0" index="6" bw="0" slack="2147483647"/>
<pin id="86" dir="1" index="3" bw="256" slack="2147483647"/>
<pin id="90" dir="1" index="7" bw="256" slack="2147483647"/>
</pin_list>
<bind>
<opcode="store(28) " fcode="store"/>
<opset="store_ln22/3 "/>
</bind>
</comp>

<comp id="92" class="1004" name="sext_ln15_1_cast_fu_92">
<pin_list>
<pin id="93" dir="0" index="0" bw="59" slack="0"/>
<pin id="94" dir="1" index="1" bw="64" slack="1"/>
</pin_list>
<bind>
<opcode="sext(35) " fcode="sext"/>
<opset="sext_ln15_1_cast/1 "/>
</bind>
</comp>

<comp id="96" class="1004" name="store_ln0_store_fu_96">
<pin_list>
<pin id="97" dir="0" index="0" bw="1" slack="0"/>
<pin id="98" dir="0" index="1" bw="6" slack="0"/>
<pin id="99" dir="1" index="2" bw="0" slack="2147483647"/>
</pin_list>
<bind>
<opcode="store(28) " fcode="store"/>
<opset="store_ln0/1 "/>
</bind>
</comp>

<comp id="101" class="1004" name="i_2_load_fu_101">
<pin_list>
<pin id="102" dir="0" index="0" bw="6" slack="0"/>
<pin id="103" dir="1" index="1" bw="6" slack="0"/>
</pin_list>
<bind>
<opcode="load(27) " fcode="load"/>
<opset="i_2/1 "/>
</bind>
</comp>

<comp id="104" class="1004" name="icmp_ln15_fu_104">
<pin_list>
<pin id="105" dir="0" index="0" bw="6" slack="0"/>
<pin id="106" dir="0" index="1" bw="6" slack="0"/>
<pin id="107" dir="1" index="2" bw="1" slack="1"/>
</pin_list>
<bind>
<opcode="icmp(45) " fcode="icmp"/>
<opset="icmp_ln15/1 "/>
</bind>
</comp>

<comp id="110" class="1004" name="add_ln15_fu_110">
<pin_list>
<pin id="111" dir="0" index="0" bw="6" slack="0"/>
<pin id="112" dir="0" index="1" bw="1" slack="0"/>
<pin id="113" dir="1" index="2" bw="6" slack="0"/>
</pin_list>
<bind>
<opcode="add(8) " fcode="add"/>
<opset="add_ln15/1 "/>
</bind>
</comp>

<comp id="116" class="1004" name="store_ln15_store_fu_116">
<pin_list>
<pin id="117" dir="0" index="0" bw="6" slack="0"/>
<pin id="118" dir="0" index="1" bw="6" slack="0"/>
<pin id="119" dir="1" index="2" bw="0" slack="2147483647"/>
</pin_list>
<bind>
<opcode="store(28) " fcode="store"/>
<opset="store_ln15/1 "/>
</bind>
</comp>

<comp id="121" class="1004" name="gmem1_addr_fu_121">
<pin_list>
<pin id="122" dir="0" index="0" bw="64" slack="0"/>
<pin id="123" dir="0" index="1" bw="64" slack="1"/>
<pin id="124" dir="1" index="2" bw="64" slack="0"/>
</pin_list>
<bind>
<opcode="getelementptr(29) " fcode="getelementptr"/>
<opset="gmem1_addr/2 "/>
</bind>
</comp>

<comp id="127" class="1004" name="zext_ln15_fu_127">
<pin_list>
<pin id="128" dir="0" index="0" bw="6" slack="2"/>
<pin id="129" dir="1" index="1" bw="64" slack="0"/>
</pin_list>
<bind>
<opcode="zext(34) " fcode="zext"/>
<opset="zext_ln15/3 "/>
</bind>
</comp>

<comp id="131" class="1005" name="i_reg_131">
<pin_list>
<pin id="132" dir="0" index="0" bw="6" slack="0"/>
<pin id="133" dir="1" index="1" bw="6" slack="0"/>
</pin_list>
<bind>
<opset="i "/>
</bind>
</comp>

<comp id="138" class="1005" name="sext_ln15_1_cast_reg_138">
<pin_list>
<pin id="139" dir="0" index="0" bw="64" slack="1"/>
<pin id="140" dir="1" index="1" bw="64" slack="1"/>
</pin_list>
<bind>
<opset="sext_ln15_1_cast "/>
</bind>
</comp>

<comp id="143" class="1005" name="i_2_reg_143">
<pin_list>
<pin id="144" dir="0" index="0" bw="6" slack="2"/>
<pin id="145" dir="1" index="1" bw="6" slack="2"/>
</pin_list>
<bind>
<opset="i_2 "/>
</bind>
</comp>

<comp id="148" class="1005" name="icmp_ln15_reg_148">
<pin_list>
<pin id="149" dir="0" index="0" bw="1" slack="1"/>
<pin id="150" dir="1" index="1" bw="1" slack="2147483647"/>
</pin_list>
<bind>
<opset="icmp_ln15 "/>
</bind>
</comp>

<comp id="152" class="1005" name="packet_V_reg_152">
<pin_list>
<pin id="153" dir="0" index="0" bw="256" slack="1"/>
<pin id="154" dir="1" index="1" bw="256" slack="1"/>
</pin_list>
<bind>
<opset="packet_V "/>
</bind>
</comp>

</comp_list>

<net_list>
<net id="63"><net_src comp="6" pin="0"/><net_sink comp="60" pin=0"/></net>

<net id="68"><net_src comp="8" pin="0"/><net_sink comp="64" pin=0"/></net>

<net id="69"><net_src comp="2" pin="0"/><net_sink comp="64" pin=1"/></net>

<net id="74"><net_src comp="50" pin="0"/><net_sink comp="70" pin=0"/></net>

<net id="80"><net_src comp="4" pin="0"/><net_sink comp="75" pin=0"/></net>

<net id="81"><net_src comp="58" pin="0"/><net_sink comp="75" pin=1"/></net>

<net id="91"><net_src comp="75" pin="3"/><net_sink comp="82" pin=2"/></net>

<net id="95"><net_src comp="64" pin="2"/><net_sink comp="92" pin=0"/></net>

<net id="100"><net_src comp="40" pin="0"/><net_sink comp="96" pin=0"/></net>

<net id="108"><net_src comp="101" pin="1"/><net_sink comp="104" pin=0"/></net>

<net id="109"><net_src comp="42" pin="0"/><net_sink comp="104" pin=1"/></net>

<net id="114"><net_src comp="101" pin="1"/><net_sink comp="110" pin=0"/></net>

<net id="115"><net_src comp="44" pin="0"/><net_sink comp="110" pin=1"/></net>

<net id="120"><net_src comp="110" pin="2"/><net_sink comp="116" pin=0"/></net>

<net id="125"><net_src comp="0" pin="0"/><net_sink comp="121" pin=0"/></net>

<net id="126"><net_src comp="121" pin="2"/><net_sink comp="70" pin=1"/></net>

<net id="130"><net_src comp="127" pin="1"/><net_sink comp="75" pin=2"/></net>

<net id="134"><net_src comp="60" pin="1"/><net_sink comp="131" pin=0"/></net>

<net id="135"><net_src comp="131" pin="1"/><net_sink comp="96" pin=1"/></net>

<net id="136"><net_src comp="131" pin="1"/><net_sink comp="101" pin=0"/></net>

<net id="137"><net_src comp="131" pin="1"/><net_sink comp="116" pin=1"/></net>

<net id="141"><net_src comp="92" pin="1"/><net_sink comp="138" pin=0"/></net>

<net id="142"><net_src comp="138" pin="1"/><net_sink comp="121" pin=1"/></net>

<net id="146"><net_src comp="101" pin="1"/><net_sink comp="143" pin=0"/></net>

<net id="147"><net_src comp="143" pin="1"/><net_sink comp="127" pin=0"/></net>

<net id="151"><net_src comp="104" pin="2"/><net_sink comp="148" pin=0"/></net>

<net id="155"><net_src comp="70" pin="2"/><net_sink comp="152" pin=0"/></net>

<net id="156"><net_src comp="152" pin="1"/><net_sink comp="82" pin=4"/></net>

</net_list>

</model> 
---------------- Datapath Model END ------------------

* FSMD analyzer results:
  - Output states:
	Port: gmem1 | {}
	Port: local_buffer | {3 }
 - Input state : 
	Port: read_big_tile.1_Pipeline_Read_Loop : gmem1 | {2 }
	Port: read_big_tile.1_Pipeline_Read_Loop : sext_ln15_1 | {1 }
	Port: read_big_tile.1_Pipeline_Read_Loop : local_buffer | {}
  - Chain level:
	State 1
		store_ln0 : 1
		i_2 : 1
		icmp_ln15 : 2
		add_ln15 : 2
		br_ln15 : 3
		store_ln15 : 3
	State 2
		packet_V : 1
	State 3
		local_buffer_addr : 1
		store_ln22 : 2


============================================================
+ Verbose Summary: Datapath Resource usage 
============================================================

* Functional unit list:
|----------|-----------------------------|---------|---------|
| Operation|       Functional Unit       |    FF   |   LUT   |
|----------|-----------------------------|---------|---------|
|    add   |       add_ln15_fu_110       |    0    |    14   |
|----------|-----------------------------|---------|---------|
|   icmp   |       icmp_ln15_fu_104      |    0    |    10   |
|----------|-----------------------------|---------|---------|
|   read   | sext_ln15_1_read_read_fu_64 |    0    |    0    |
|          |     packet_V_read_fu_70     |    0    |    0    |
|----------|-----------------------------|---------|---------|
|   sext   |    sext_ln15_1_cast_fu_92   |    0    |    0    |
|----------|-----------------------------|---------|---------|
|   zext   |       zext_ln15_fu_127      |    0    |    0    |
|----------|-----------------------------|---------|---------|
|   Total  |                             |    0    |    24   |
|----------|-----------------------------|---------|---------|

Memories:
N/A

* Register list:
+------------------------+--------+
|                        |   FF   |
+------------------------+--------+
|       i_2_reg_143      |    6   |
|        i_reg_131       |    6   |
|    icmp_ln15_reg_148   |    1   |
|    packet_V_reg_152    |   256  |
|sext_ln15_1_cast_reg_138|   64   |
+------------------------+--------+
|          Total         |   333  |
+------------------------+--------+

* Multiplexer (MUX) list: 
|--------|------|------|------|--------|
|  Comp  |  Pin | Size |  BW  | S x BW |
|--------|------|------|------|--------|
|  Total |      |      |      |    0   |
|--------|------|------|------|--------|



* Summary:
+-----------+--------+--------+
|           |   FF   |   LUT  |
+-----------+--------+--------+
|  Function |    0   |   24   |
|   Memory  |    -   |    -   |
|Multiplexer|    -   |    -   |
|  Register |   333  |    -   |
+-----------+--------+--------+
|   Total   |   333  |   24   |
+-----------+--------+--------+
