

================================================================
== Vitis HLS Report for 'read_big_tile_Pipeline_Read_Loop'
================================================================
* Date:           Mon May 25 15:50:19 2026

* Version:        2022.2 (Build 3670227 on Oct 13 2022)
* Project:        SystolicArray
* Solution:       solution1 (Vivado IP Flow Target)
* Product family: zynq
* Target device:  xc7z020-clg400-1


================================================================
== Performance Estimates
================================================================
+ Timing: 
    * Summary: 
    +--------+----------+----------+------------+
    |  Clock |  Target  | Estimated| Uncertainty|
    +--------+----------+----------+------------+
    |ap_clk  |  10.00 ns|  7.300 ns|     2.70 ns|
    +--------+----------+----------+------------+

+ Latency: 
    * Summary: 
    +---------+---------+----------+----------+-----+-----+---------+
    |  Latency (cycles) |  Latency (absolute) |  Interval | Pipeline|
    |   min   |   max   |    min   |    max   | min | max |   Type  |
    +---------+---------+----------+----------+-----+-----+---------+
    |       35|       35|  0.350 us|  0.350 us|   35|   35|       no|
    +---------+---------+----------+----------+-----+-----+---------+

    + Detail: 
        * Instance: 
        N/A

        * Loop: 
        +-------------+---------+---------+----------+-----------+-----------+------+----------+
        |             |  Latency (cycles) | Iteration|  Initiation Interval  | Trip |          |
        |  Loop Name  |   min   |   max   |  Latency |  achieved |   target  | Count| Pipelined|
        +-------------+---------+---------+----------+-----------+-----------+------+----------+
        |- Read_Loop  |       33|       33|         3|          1|          1|    32|       yes|
        +-------------+---------+---------+----------+-----------+-----------+------+----------+

============================================================
+ Verbose Summary: Synthesis Manager
============================================================
InlineROM: 1
ExposeGlobal: 0
============================================================
+ Verbose Summary: CDFG Model
============================================================
IsTopModel: 0
ResetActiveHigh: 1
IsCombinational: 0
IsDatapathOnly: 0
HasWiredReturn: 1
HasMFsm: 2
HasVarLatency: 1
IsPipeline: 0
IsRtlPipelined: 0
IsInstanceOverlapped: 0
IsDontTouch: 0
HasImplIP: 0
IsGatedGlobalClock: 0

+ Individual pipeline summary: 
  * Pipeline-0: initiation interval (II) = 1, depth = 3


============================================================
+ Verbose Summary: Schedule
============================================================
* Number of FSM states : 3
* Pipeline : 1
  Pipeline-0 : II = 1, D = 3, States = { 1 2 3 }
* Dataflow Pipeline: 0

* FSM state transitions: 
1 --> 2 
2 --> 3 
3 --> 

* FSM state operations: 

State 1 <SV = 0> <Delay = 3.41>
ST_1 : Operation 6 [1/1] (0.00ns)   --->   "%i = alloca i32 1"   --->   Operation 6 'alloca' 'i' <Predicate = true> <Delay = 0.00>
ST_1 : Operation 7 [1/1] (0.00ns)   --->   "%sext_ln15_2_read = read i59 @_ssdm_op_Read.ap_auto.i59, i59 %sext_ln15_2"   --->   Operation 7 'read' 'sext_ln15_2_read' <Predicate = true> <Delay = 0.00>
ST_1 : Operation 8 [1/1] (0.00ns)   --->   "%sext_ln15_2_cast = sext i59 %sext_ln15_2_read"   --->   Operation 8 'sext' 'sext_ln15_2_cast' <Predicate = true> <Delay = 0.00>
ST_1 : Operation 9 [1/1] (0.00ns)   --->   "%specmemcore_ln0 = specmemcore void @_ssdm_op_SpecMemCore, i256 %local_buffer_15, i64 666, i64 22, i64 18446744073709551615"   --->   Operation 9 'specmemcore' 'specmemcore_ln0' <Predicate = true> <Delay = 0.00>
ST_1 : Operation 10 [1/1] (0.00ns)   --->   "%specmemcore_ln0 = specmemcore void @_ssdm_op_SpecMemCore, i256 %local_buffer_14, i64 666, i64 22, i64 18446744073709551615"   --->   Operation 10 'specmemcore' 'specmemcore_ln0' <Predicate = true> <Delay = 0.00>
ST_1 : Operation 11 [1/1] (0.00ns)   --->   "%specmemcore_ln0 = specmemcore void @_ssdm_op_SpecMemCore, i256 %local_buffer_13, i64 666, i64 22, i64 18446744073709551615"   --->   Operation 11 'specmemcore' 'specmemcore_ln0' <Predicate = true> <Delay = 0.00>
ST_1 : Operation 12 [1/1] (0.00ns)   --->   "%specmemcore_ln0 = specmemcore void @_ssdm_op_SpecMemCore, i256 %local_buffer_12, i64 666, i64 22, i64 18446744073709551615"   --->   Operation 12 'specmemcore' 'specmemcore_ln0' <Predicate = true> <Delay = 0.00>
ST_1 : Operation 13 [1/1] (0.00ns)   --->   "%specmemcore_ln0 = specmemcore void @_ssdm_op_SpecMemCore, i256 %local_buffer_11, i64 666, i64 22, i64 18446744073709551615"   --->   Operation 13 'specmemcore' 'specmemcore_ln0' <Predicate = true> <Delay = 0.00>
ST_1 : Operation 14 [1/1] (0.00ns)   --->   "%specmemcore_ln0 = specmemcore void @_ssdm_op_SpecMemCore, i256 %local_buffer_10, i64 666, i64 22, i64 18446744073709551615"   --->   Operation 14 'specmemcore' 'specmemcore_ln0' <Predicate = true> <Delay = 0.00>
ST_1 : Operation 15 [1/1] (0.00ns)   --->   "%specmemcore_ln0 = specmemcore void @_ssdm_op_SpecMemCore, i256 %local_buffer_9, i64 666, i64 22, i64 18446744073709551615"   --->   Operation 15 'specmemcore' 'specmemcore_ln0' <Predicate = true> <Delay = 0.00>
ST_1 : Operation 16 [1/1] (0.00ns)   --->   "%specmemcore_ln0 = specmemcore void @_ssdm_op_SpecMemCore, i256 %local_buffer_8, i64 666, i64 22, i64 18446744073709551615"   --->   Operation 16 'specmemcore' 'specmemcore_ln0' <Predicate = true> <Delay = 0.00>
ST_1 : Operation 17 [1/1] (0.00ns)   --->   "%specmemcore_ln0 = specmemcore void @_ssdm_op_SpecMemCore, i256 %local_buffer_7, i64 666, i64 22, i64 18446744073709551615"   --->   Operation 17 'specmemcore' 'specmemcore_ln0' <Predicate = true> <Delay = 0.00>
ST_1 : Operation 18 [1/1] (0.00ns)   --->   "%specmemcore_ln0 = specmemcore void @_ssdm_op_SpecMemCore, i256 %local_buffer_6, i64 666, i64 22, i64 18446744073709551615"   --->   Operation 18 'specmemcore' 'specmemcore_ln0' <Predicate = true> <Delay = 0.00>
ST_1 : Operation 19 [1/1] (0.00ns)   --->   "%specmemcore_ln0 = specmemcore void @_ssdm_op_SpecMemCore, i256 %local_buffer_5, i64 666, i64 22, i64 18446744073709551615"   --->   Operation 19 'specmemcore' 'specmemcore_ln0' <Predicate = true> <Delay = 0.00>
ST_1 : Operation 20 [1/1] (0.00ns)   --->   "%specmemcore_ln0 = specmemcore void @_ssdm_op_SpecMemCore, i256 %local_buffer_4, i64 666, i64 22, i64 18446744073709551615"   --->   Operation 20 'specmemcore' 'specmemcore_ln0' <Predicate = true> <Delay = 0.00>
ST_1 : Operation 21 [1/1] (0.00ns)   --->   "%specmemcore_ln0 = specmemcore void @_ssdm_op_SpecMemCore, i256 %local_buffer_3, i64 666, i64 22, i64 18446744073709551615"   --->   Operation 21 'specmemcore' 'specmemcore_ln0' <Predicate = true> <Delay = 0.00>
ST_1 : Operation 22 [1/1] (0.00ns)   --->   "%specmemcore_ln0 = specmemcore void @_ssdm_op_SpecMemCore, i256 %local_buffer_2, i64 666, i64 22, i64 18446744073709551615"   --->   Operation 22 'specmemcore' 'specmemcore_ln0' <Predicate = true> <Delay = 0.00>
ST_1 : Operation 23 [1/1] (0.00ns)   --->   "%specmemcore_ln0 = specmemcore void @_ssdm_op_SpecMemCore, i256 %local_buffer_1, i64 666, i64 22, i64 18446744073709551615"   --->   Operation 23 'specmemcore' 'specmemcore_ln0' <Predicate = true> <Delay = 0.00>
ST_1 : Operation 24 [1/1] (0.00ns)   --->   "%specmemcore_ln0 = specmemcore void @_ssdm_op_SpecMemCore, i256 %local_buffer_0, i64 666, i64 22, i64 18446744073709551615"   --->   Operation 24 'specmemcore' 'specmemcore_ln0' <Predicate = true> <Delay = 0.00>
ST_1 : Operation 25 [1/1] (0.00ns)   --->   "%specinterface_ln0 = specinterface void @_ssdm_op_SpecInterface, i256 %gmem0, void @empty_1045, i32 0, i32 0, void @empty_1037, i32 0, i32 4000, void @empty_1023, void @empty_1032, void @empty_1037, i32 4, i32 4, i32 64, i32 64, void @empty_1037, void @empty_1037, i32 4294967295, i32 0"   --->   Operation 25 'specinterface' 'specinterface_ln0' <Predicate = true> <Delay = 0.00>
ST_1 : Operation 26 [1/1] (1.58ns)   --->   "%store_ln0 = store i6 0, i6 %i"   --->   Operation 26 'store' 'store_ln0' <Predicate = true> <Delay = 1.58>
ST_1 : Operation 27 [1/1] (0.00ns)   --->   "%br_ln0 = br void %for.inc"   --->   Operation 27 'br' 'br_ln0' <Predicate = true> <Delay = 0.00>
ST_1 : Operation 28 [1/1] (0.00ns)   --->   "%i_1 = load i6 %i" [SystolicArray/main.cpp:22]   --->   Operation 28 'load' 'i_1' <Predicate = true> <Delay = 0.00>
ST_1 : Operation 29 [1/1] (1.42ns)   --->   "%icmp_ln15 = icmp_eq  i6 %i_1, i6 32" [SystolicArray/main.cpp:15]   --->   Operation 29 'icmp' 'icmp_ln15' <Predicate = true> <Delay = 1.42> <CoreInst = "Cmp">   --->   Core 9 'Cmp' <Latency = 0> <II = 1> <Delay = 1.42> <FuncUnit> <Opcode : 'icmp'> <InPorts = 2> <OutPorts = 1>
ST_1 : Operation 30 [1/1] (1.82ns)   --->   "%add_ln15 = add i6 %i_1, i6 1" [SystolicArray/main.cpp:15]   --->   Operation 30 'add' 'add_ln15' <Predicate = true> <Delay = 1.82> <CoreInst = "Adder">   --->   Core 1 'Adder' <Latency = 0> <II = 1> <Delay = 1.82> <FuncUnit> <Opcode : 'add' 'sub'> <InPorts = 2> <OutPorts = 1>
ST_1 : Operation 31 [1/1] (0.00ns)   --->   "%br_ln15 = br i1 %icmp_ln15, void %for.inc.split, void %for.end15.exitStub" [SystolicArray/main.cpp:15]   --->   Operation 31 'br' 'br_ln15' <Predicate = true> <Delay = 0.00>
ST_1 : Operation 32 [1/1] (0.00ns)   --->   "%tmp = bitselect i1 @_ssdm_op_BitSelect.i1.i6.i32, i6 %i_1, i32 4" [SystolicArray/main.cpp:22]   --->   Operation 32 'bitselect' 'tmp' <Predicate = (!icmp_ln15)> <Delay = 0.00>
ST_1 : Operation 33 [1/1] (0.00ns)   --->   "%trunc_ln22 = trunc i6 %i_1" [SystolicArray/main.cpp:22]   --->   Operation 33 'trunc' 'trunc_ln22' <Predicate = (!icmp_ln15)> <Delay = 0.00>
ST_1 : Operation 34 [1/1] (0.95ns)   --->   "%switch_ln22 = switch i4 %trunc_ln22, void %arrayidx121.3170.case.15, i4 0, void %arrayidx121.3170.case.0, i4 1, void %arrayidx121.3170.case.1, i4 2, void %arrayidx121.3170.case.2, i4 3, void %arrayidx121.3170.case.3, i4 4, void %arrayidx121.3170.case.4, i4 5, void %arrayidx121.3170.case.5, i4 6, void %arrayidx121.3170.case.6, i4 7, void %arrayidx121.3170.case.7, i4 8, void %arrayidx121.3170.case.8, i4 9, void %arrayidx121.3170.case.9, i4 10, void %arrayidx121.3170.case.10, i4 11, void %arrayidx121.3170.case.11, i4 12, void %arrayidx121.3170.case.12, i4 13, void %arrayidx121.3170.case.13, i4 14, void %arrayidx121.3170.case.14" [SystolicArray/main.cpp:22]   --->   Operation 34 'switch' 'switch_ln22' <Predicate = (!icmp_ln15)> <Delay = 0.95>
ST_1 : Operation 35 [1/1] (1.58ns)   --->   "%store_ln15 = store i6 %add_ln15, i6 %i" [SystolicArray/main.cpp:15]   --->   Operation 35 'store' 'store_ln15' <Predicate = (!icmp_ln15)> <Delay = 1.58>
ST_1 : Operation 36 [1/1] (0.00ns)   --->   "%br_ln15 = br void %for.inc" [SystolicArray/main.cpp:15]   --->   Operation 36 'br' 'br_ln15' <Predicate = (!icmp_ln15)> <Delay = 0.00>

State 2 <SV = 1> <Delay = 7.30>
ST_2 : Operation 37 [1/1] (0.00ns)   --->   "%gmem0_addr = getelementptr i256 %gmem0, i64 %sext_ln15_2_cast" [SystolicArray/main.cpp:15]   --->   Operation 37 'getelementptr' 'gmem0_addr' <Predicate = true> <Delay = 0.00>
ST_2 : Operation 38 [1/1] (0.00ns)   --->   "%empty = speclooptripcount i32 @_ssdm_op_SpecLoopTripCount, i64 32, i64 32, i64 32"   --->   Operation 38 'speclooptripcount' 'empty' <Predicate = true> <Delay = 0.00>
ST_2 : Operation 39 [1/1] (7.30ns)   --->   "%p_Val2_s = read i256 @_ssdm_op_Read.m_axi.p1i256, i256 %gmem0_addr" [SystolicArray/main.cpp:18]   --->   Operation 39 'read' 'p_Val2_s' <Predicate = (!icmp_ln15)> <Delay = 7.30> <CoreInst = "m_axi">   --->   Core 113 'm_axi' <Latency = 0> <II = 1> <Delay = 1.00> <Adapter> <Opcode : 'read' 'write' 'readreq' 'writereq' 'writeresp'>
ST_2 : Operation 91 [1/1] (0.00ns)   --->   "%ret_ln0 = ret"   --->   Operation 91 'ret' 'ret_ln0' <Predicate = (icmp_ln15)> <Delay = 0.00>

State 3 <SV = 2> <Delay = 3.25>
ST_3 : Operation 40 [1/1] (0.00ns)   --->   "%specpipeline_ln16 = specpipeline void @_ssdm_op_SpecPipeline, i32 1, i32 0, i32 0, i32 0, void @empty_1037" [SystolicArray/main.cpp:16]   --->   Operation 40 'specpipeline' 'specpipeline_ln16' <Predicate = true> <Delay = 0.00>
ST_3 : Operation 41 [1/1] (0.00ns)   --->   "%specloopname_ln15 = specloopname void @_ssdm_op_SpecLoopName, void @empty_1024" [SystolicArray/main.cpp:15]   --->   Operation 41 'specloopname' 'specloopname_ln15' <Predicate = true> <Delay = 0.00>
ST_3 : Operation 42 [1/1] (0.00ns)   --->   "%zext_ln22 = zext i1 %tmp" [SystolicArray/main.cpp:22]   --->   Operation 42 'zext' 'zext_ln22' <Predicate = true> <Delay = 0.00>
ST_3 : Operation 43 [1/1] (0.00ns)   --->   "%local_buffer_0_addr = getelementptr i256 %local_buffer_0, i64 0, i64 %zext_ln22" [SystolicArray/main.cpp:22]   --->   Operation 43 'getelementptr' 'local_buffer_0_addr' <Predicate = true> <Delay = 0.00>
ST_3 : Operation 44 [1/1] (0.00ns)   --->   "%local_buffer_1_addr = getelementptr i256 %local_buffer_1, i64 0, i64 %zext_ln22" [SystolicArray/main.cpp:22]   --->   Operation 44 'getelementptr' 'local_buffer_1_addr' <Predicate = true> <Delay = 0.00>
ST_3 : Operation 45 [1/1] (0.00ns)   --->   "%local_buffer_2_addr = getelementptr i256 %local_buffer_2, i64 0, i64 %zext_ln22" [SystolicArray/main.cpp:22]   --->   Operation 45 'getelementptr' 'local_buffer_2_addr' <Predicate = true> <Delay = 0.00>
ST_3 : Operation 46 [1/1] (0.00ns)   --->   "%local_buffer_3_addr = getelementptr i256 %local_buffer_3, i64 0, i64 %zext_ln22" [SystolicArray/main.cpp:22]   --->   Operation 46 'getelementptr' 'local_buffer_3_addr' <Predicate = true> <Delay = 0.00>
ST_3 : Operation 47 [1/1] (0.00ns)   --->   "%local_buffer_4_addr = getelementptr i256 %local_buffer_4, i64 0, i64 %zext_ln22" [SystolicArray/main.cpp:22]   --->   Operation 47 'getelementptr' 'local_buffer_4_addr' <Predicate = true> <Delay = 0.00>
ST_3 : Operation 48 [1/1] (0.00ns)   --->   "%local_buffer_5_addr = getelementptr i256 %local_buffer_5, i64 0, i64 %zext_ln22" [SystolicArray/main.cpp:22]   --->   Operation 48 'getelementptr' 'local_buffer_5_addr' <Predicate = true> <Delay = 0.00>
ST_3 : Operation 49 [1/1] (0.00ns)   --->   "%local_buffer_6_addr = getelementptr i256 %local_buffer_6, i64 0, i64 %zext_ln22" [SystolicArray/main.cpp:22]   --->   Operation 49 'getelementptr' 'local_buffer_6_addr' <Predicate = true> <Delay = 0.00>
ST_3 : Operation 50 [1/1] (0.00ns)   --->   "%local_buffer_7_addr = getelementptr i256 %local_buffer_7, i64 0, i64 %zext_ln22" [SystolicArray/main.cpp:22]   --->   Operation 50 'getelementptr' 'local_buffer_7_addr' <Predicate = true> <Delay = 0.00>
ST_3 : Operation 51 [1/1] (0.00ns)   --->   "%local_buffer_8_addr = getelementptr i256 %local_buffer_8, i64 0, i64 %zext_ln22" [SystolicArray/main.cpp:22]   --->   Operation 51 'getelementptr' 'local_buffer_8_addr' <Predicate = true> <Delay = 0.00>
ST_3 : Operation 52 [1/1] (0.00ns)   --->   "%local_buffer_9_addr = getelementptr i256 %local_buffer_9, i64 0, i64 %zext_ln22" [SystolicArray/main.cpp:22]   --->   Operation 52 'getelementptr' 'local_buffer_9_addr' <Predicate = true> <Delay = 0.00>
ST_3 : Operation 53 [1/1] (0.00ns)   --->   "%local_buffer_10_addr = getelementptr i256 %local_buffer_10, i64 0, i64 %zext_ln22" [SystolicArray/main.cpp:22]   --->   Operation 53 'getelementptr' 'local_buffer_10_addr' <Predicate = true> <Delay = 0.00>
ST_3 : Operation 54 [1/1] (0.00ns)   --->   "%local_buffer_11_addr = getelementptr i256 %local_buffer_11, i64 0, i64 %zext_ln22" [SystolicArray/main.cpp:22]   --->   Operation 54 'getelementptr' 'local_buffer_11_addr' <Predicate = true> <Delay = 0.00>
ST_3 : Operation 55 [1/1] (0.00ns)   --->   "%local_buffer_12_addr = getelementptr i256 %local_buffer_12, i64 0, i64 %zext_ln22" [SystolicArray/main.cpp:22]   --->   Operation 55 'getelementptr' 'local_buffer_12_addr' <Predicate = true> <Delay = 0.00>
ST_3 : Operation 56 [1/1] (0.00ns)   --->   "%local_buffer_13_addr = getelementptr i256 %local_buffer_13, i64 0, i64 %zext_ln22" [SystolicArray/main.cpp:22]   --->   Operation 56 'getelementptr' 'local_buffer_13_addr' <Predicate = true> <Delay = 0.00>
ST_3 : Operation 57 [1/1] (0.00ns)   --->   "%local_buffer_14_addr = getelementptr i256 %local_buffer_14, i64 0, i64 %zext_ln22" [SystolicArray/main.cpp:22]   --->   Operation 57 'getelementptr' 'local_buffer_14_addr' <Predicate = true> <Delay = 0.00>
ST_3 : Operation 58 [1/1] (0.00ns)   --->   "%local_buffer_15_addr = getelementptr i256 %local_buffer_15, i64 0, i64 %zext_ln22" [SystolicArray/main.cpp:22]   --->   Operation 58 'getelementptr' 'local_buffer_15_addr' <Predicate = true> <Delay = 0.00>
ST_3 : Operation 59 [1/1] (3.25ns)   --->   "%store_ln22 = store i256 %p_Val2_s, i1 %local_buffer_14_addr" [SystolicArray/main.cpp:22]   --->   Operation 59 'store' 'store_ln22' <Predicate = (trunc_ln22 == 14)> <Delay = 3.25> <CoreInst = "RAM_2P_BRAM">   --->   Core 91 'RAM_2P_BRAM' <Latency = 1> <II = 1> <Delay = 3.25> <Storage> <Opcode : 'load' 'store'> <Ports = 2> <Width = 256> <Depth = 2> <RAM>
ST_3 : Operation 60 [1/1] (0.00ns)   --->   "%br_ln22 = br void %arrayidx121.3170.exit" [SystolicArray/main.cpp:22]   --->   Operation 60 'br' 'br_ln22' <Predicate = (trunc_ln22 == 14)> <Delay = 0.00>
ST_3 : Operation 61 [1/1] (3.25ns)   --->   "%store_ln22 = store i256 %p_Val2_s, i1 %local_buffer_13_addr" [SystolicArray/main.cpp:22]   --->   Operation 61 'store' 'store_ln22' <Predicate = (trunc_ln22 == 13)> <Delay = 3.25> <CoreInst = "RAM_2P_BRAM">   --->   Core 91 'RAM_2P_BRAM' <Latency = 1> <II = 1> <Delay = 3.25> <Storage> <Opcode : 'load' 'store'> <Ports = 2> <Width = 256> <Depth = 2> <RAM>
ST_3 : Operation 62 [1/1] (0.00ns)   --->   "%br_ln22 = br void %arrayidx121.3170.exit" [SystolicArray/main.cpp:22]   --->   Operation 62 'br' 'br_ln22' <Predicate = (trunc_ln22 == 13)> <Delay = 0.00>
ST_3 : Operation 63 [1/1] (3.25ns)   --->   "%store_ln22 = store i256 %p_Val2_s, i1 %local_buffer_12_addr" [SystolicArray/main.cpp:22]   --->   Operation 63 'store' 'store_ln22' <Predicate = (trunc_ln22 == 12)> <Delay = 3.25> <CoreInst = "RAM_2P_BRAM">   --->   Core 91 'RAM_2P_BRAM' <Latency = 1> <II = 1> <Delay = 3.25> <Storage> <Opcode : 'load' 'store'> <Ports = 2> <Width = 256> <Depth = 2> <RAM>
ST_3 : Operation 64 [1/1] (0.00ns)   --->   "%br_ln22 = br void %arrayidx121.3170.exit" [SystolicArray/main.cpp:22]   --->   Operation 64 'br' 'br_ln22' <Predicate = (trunc_ln22 == 12)> <Delay = 0.00>
ST_3 : Operation 65 [1/1] (3.25ns)   --->   "%store_ln22 = store i256 %p_Val2_s, i1 %local_buffer_11_addr" [SystolicArray/main.cpp:22]   --->   Operation 65 'store' 'store_ln22' <Predicate = (trunc_ln22 == 11)> <Delay = 3.25> <CoreInst = "RAM_2P_BRAM">   --->   Core 91 'RAM_2P_BRAM' <Latency = 1> <II = 1> <Delay = 3.25> <Storage> <Opcode : 'load' 'store'> <Ports = 2> <Width = 256> <Depth = 2> <RAM>
ST_3 : Operation 66 [1/1] (0.00ns)   --->   "%br_ln22 = br void %arrayidx121.3170.exit" [SystolicArray/main.cpp:22]   --->   Operation 66 'br' 'br_ln22' <Predicate = (trunc_ln22 == 11)> <Delay = 0.00>
ST_3 : Operation 67 [1/1] (3.25ns)   --->   "%store_ln22 = store i256 %p_Val2_s, i1 %local_buffer_10_addr" [SystolicArray/main.cpp:22]   --->   Operation 67 'store' 'store_ln22' <Predicate = (trunc_ln22 == 10)> <Delay = 3.25> <CoreInst = "RAM_2P_BRAM">   --->   Core 91 'RAM_2P_BRAM' <Latency = 1> <II = 1> <Delay = 3.25> <Storage> <Opcode : 'load' 'store'> <Ports = 2> <Width = 256> <Depth = 2> <RAM>
ST_3 : Operation 68 [1/1] (0.00ns)   --->   "%br_ln22 = br void %arrayidx121.3170.exit" [SystolicArray/main.cpp:22]   --->   Operation 68 'br' 'br_ln22' <Predicate = (trunc_ln22 == 10)> <Delay = 0.00>
ST_3 : Operation 69 [1/1] (3.25ns)   --->   "%store_ln22 = store i256 %p_Val2_s, i1 %local_buffer_9_addr" [SystolicArray/main.cpp:22]   --->   Operation 69 'store' 'store_ln22' <Predicate = (trunc_ln22 == 9)> <Delay = 3.25> <CoreInst = "RAM_2P_BRAM">   --->   Core 91 'RAM_2P_BRAM' <Latency = 1> <II = 1> <Delay = 3.25> <Storage> <Opcode : 'load' 'store'> <Ports = 2> <Width = 256> <Depth = 2> <RAM>
ST_3 : Operation 70 [1/1] (0.00ns)   --->   "%br_ln22 = br void %arrayidx121.3170.exit" [SystolicArray/main.cpp:22]   --->   Operation 70 'br' 'br_ln22' <Predicate = (trunc_ln22 == 9)> <Delay = 0.00>
ST_3 : Operation 71 [1/1] (3.25ns)   --->   "%store_ln22 = store i256 %p_Val2_s, i1 %local_buffer_8_addr" [SystolicArray/main.cpp:22]   --->   Operation 71 'store' 'store_ln22' <Predicate = (trunc_ln22 == 8)> <Delay = 3.25> <CoreInst = "RAM_2P_BRAM">   --->   Core 91 'RAM_2P_BRAM' <Latency = 1> <II = 1> <Delay = 3.25> <Storage> <Opcode : 'load' 'store'> <Ports = 2> <Width = 256> <Depth = 2> <RAM>
ST_3 : Operation 72 [1/1] (0.00ns)   --->   "%br_ln22 = br void %arrayidx121.3170.exit" [SystolicArray/main.cpp:22]   --->   Operation 72 'br' 'br_ln22' <Predicate = (trunc_ln22 == 8)> <Delay = 0.00>
ST_3 : Operation 73 [1/1] (3.25ns)   --->   "%store_ln22 = store i256 %p_Val2_s, i1 %local_buffer_7_addr" [SystolicArray/main.cpp:22]   --->   Operation 73 'store' 'store_ln22' <Predicate = (trunc_ln22 == 7)> <Delay = 3.25> <CoreInst = "RAM_2P_BRAM">   --->   Core 91 'RAM_2P_BRAM' <Latency = 1> <II = 1> <Delay = 3.25> <Storage> <Opcode : 'load' 'store'> <Ports = 2> <Width = 256> <Depth = 2> <RAM>
ST_3 : Operation 74 [1/1] (0.00ns)   --->   "%br_ln22 = br void %arrayidx121.3170.exit" [SystolicArray/main.cpp:22]   --->   Operation 74 'br' 'br_ln22' <Predicate = (trunc_ln22 == 7)> <Delay = 0.00>
ST_3 : Operation 75 [1/1] (3.25ns)   --->   "%store_ln22 = store i256 %p_Val2_s, i1 %local_buffer_6_addr" [SystolicArray/main.cpp:22]   --->   Operation 75 'store' 'store_ln22' <Predicate = (trunc_ln22 == 6)> <Delay = 3.25> <CoreInst = "RAM_2P_BRAM">   --->   Core 91 'RAM_2P_BRAM' <Latency = 1> <II = 1> <Delay = 3.25> <Storage> <Opcode : 'load' 'store'> <Ports = 2> <Width = 256> <Depth = 2> <RAM>
ST_3 : Operation 76 [1/1] (0.00ns)   --->   "%br_ln22 = br void %arrayidx121.3170.exit" [SystolicArray/main.cpp:22]   --->   Operation 76 'br' 'br_ln22' <Predicate = (trunc_ln22 == 6)> <Delay = 0.00>
ST_3 : Operation 77 [1/1] (3.25ns)   --->   "%store_ln22 = store i256 %p_Val2_s, i1 %local_buffer_5_addr" [SystolicArray/main.cpp:22]   --->   Operation 77 'store' 'store_ln22' <Predicate = (trunc_ln22 == 5)> <Delay = 3.25> <CoreInst = "RAM_2P_BRAM">   --->   Core 91 'RAM_2P_BRAM' <Latency = 1> <II = 1> <Delay = 3.25> <Storage> <Opcode : 'load' 'store'> <Ports = 2> <Width = 256> <Depth = 2> <RAM>
ST_3 : Operation 78 [1/1] (0.00ns)   --->   "%br_ln22 = br void %arrayidx121.3170.exit" [SystolicArray/main.cpp:22]   --->   Operation 78 'br' 'br_ln22' <Predicate = (trunc_ln22 == 5)> <Delay = 0.00>
ST_3 : Operation 79 [1/1] (3.25ns)   --->   "%store_ln22 = store i256 %p_Val2_s, i1 %local_buffer_4_addr" [SystolicArray/main.cpp:22]   --->   Operation 79 'store' 'store_ln22' <Predicate = (trunc_ln22 == 4)> <Delay = 3.25> <CoreInst = "RAM_2P_BRAM">   --->   Core 91 'RAM_2P_BRAM' <Latency = 1> <II = 1> <Delay = 3.25> <Storage> <Opcode : 'load' 'store'> <Ports = 2> <Width = 256> <Depth = 2> <RAM>
ST_3 : Operation 80 [1/1] (0.00ns)   --->   "%br_ln22 = br void %arrayidx121.3170.exit" [SystolicArray/main.cpp:22]   --->   Operation 80 'br' 'br_ln22' <Predicate = (trunc_ln22 == 4)> <Delay = 0.00>
ST_3 : Operation 81 [1/1] (3.25ns)   --->   "%store_ln22 = store i256 %p_Val2_s, i1 %local_buffer_3_addr" [SystolicArray/main.cpp:22]   --->   Operation 81 'store' 'store_ln22' <Predicate = (trunc_ln22 == 3)> <Delay = 3.25> <CoreInst = "RAM_2P_BRAM">   --->   Core 91 'RAM_2P_BRAM' <Latency = 1> <II = 1> <Delay = 3.25> <Storage> <Opcode : 'load' 'store'> <Ports = 2> <Width = 256> <Depth = 2> <RAM>
ST_3 : Operation 82 [1/1] (0.00ns)   --->   "%br_ln22 = br void %arrayidx121.3170.exit" [SystolicArray/main.cpp:22]   --->   Operation 82 'br' 'br_ln22' <Predicate = (trunc_ln22 == 3)> <Delay = 0.00>
ST_3 : Operation 83 [1/1] (3.25ns)   --->   "%store_ln22 = store i256 %p_Val2_s, i1 %local_buffer_2_addr" [SystolicArray/main.cpp:22]   --->   Operation 83 'store' 'store_ln22' <Predicate = (trunc_ln22 == 2)> <Delay = 3.25> <CoreInst = "RAM_2P_BRAM">   --->   Core 91 'RAM_2P_BRAM' <Latency = 1> <II = 1> <Delay = 3.25> <Storage> <Opcode : 'load' 'store'> <Ports = 2> <Width = 256> <Depth = 2> <RAM>
ST_3 : Operation 84 [1/1] (0.00ns)   --->   "%br_ln22 = br void %arrayidx121.3170.exit" [SystolicArray/main.cpp:22]   --->   Operation 84 'br' 'br_ln22' <Predicate = (trunc_ln22 == 2)> <Delay = 0.00>
ST_3 : Operation 85 [1/1] (3.25ns)   --->   "%store_ln22 = store i256 %p_Val2_s, i1 %local_buffer_1_addr" [SystolicArray/main.cpp:22]   --->   Operation 85 'store' 'store_ln22' <Predicate = (trunc_ln22 == 1)> <Delay = 3.25> <CoreInst = "RAM_2P_BRAM">   --->   Core 91 'RAM_2P_BRAM' <Latency = 1> <II = 1> <Delay = 3.25> <Storage> <Opcode : 'load' 'store'> <Ports = 2> <Width = 256> <Depth = 2> <RAM>
ST_3 : Operation 86 [1/1] (0.00ns)   --->   "%br_ln22 = br void %arrayidx121.3170.exit" [SystolicArray/main.cpp:22]   --->   Operation 86 'br' 'br_ln22' <Predicate = (trunc_ln22 == 1)> <Delay = 0.00>
ST_3 : Operation 87 [1/1] (3.25ns)   --->   "%store_ln22 = store i256 %p_Val2_s, i1 %local_buffer_0_addr" [SystolicArray/main.cpp:22]   --->   Operation 87 'store' 'store_ln22' <Predicate = (trunc_ln22 == 0)> <Delay = 3.25> <CoreInst = "RAM_2P_BRAM">   --->   Core 91 'RAM_2P_BRAM' <Latency = 1> <II = 1> <Delay = 3.25> <Storage> <Opcode : 'load' 'store'> <Ports = 2> <Width = 256> <Depth = 2> <RAM>
ST_3 : Operation 88 [1/1] (0.00ns)   --->   "%br_ln22 = br void %arrayidx121.3170.exit" [SystolicArray/main.cpp:22]   --->   Operation 88 'br' 'br_ln22' <Predicate = (trunc_ln22 == 0)> <Delay = 0.00>
ST_3 : Operation 89 [1/1] (3.25ns)   --->   "%store_ln22 = store i256 %p_Val2_s, i1 %local_buffer_15_addr" [SystolicArray/main.cpp:22]   --->   Operation 89 'store' 'store_ln22' <Predicate = (trunc_ln22 == 15)> <Delay = 3.25> <CoreInst = "RAM_2P_BRAM">   --->   Core 91 'RAM_2P_BRAM' <Latency = 1> <II = 1> <Delay = 3.25> <Storage> <Opcode : 'load' 'store'> <Ports = 2> <Width = 256> <Depth = 2> <RAM>
ST_3 : Operation 90 [1/1] (0.00ns)   --->   "%br_ln22 = br void %arrayidx121.3170.exit" [SystolicArray/main.cpp:22]   --->   Operation 90 'br' 'br_ln22' <Predicate = (trunc_ln22 == 15)> <Delay = 0.00>


============================================================
+ Verbose Summary: Timing violations
============================================================
Target clock period: 10ns, clock uncertainty: 2.7ns.

 <State 1>: 3.41ns
The critical path consists of the following:
	'alloca' operation ('i') [19]  (0 ns)
	'load' operation ('i', SystolicArray/main.cpp:22) on local variable 'i' [42]  (0 ns)
	'add' operation ('add_ln15', SystolicArray/main.cpp:15) [46]  (1.83 ns)
	'store' operation ('store_ln15', SystolicArray/main.cpp:15) of variable 'add_ln15', SystolicArray/main.cpp:15 on local variable 'i' [121]  (1.59 ns)

 <State 2>: 7.3ns
The critical path consists of the following:
	'getelementptr' operation ('gmem0_addr', SystolicArray/main.cpp:15) [43]  (0 ns)
	bus read operation ('packet.V', SystolicArray/main.cpp:18) on port 'gmem0' (SystolicArray/main.cpp:18) [51]  (7.3 ns)

 <State 3>: 3.25ns
The critical path consists of the following:
	'getelementptr' operation ('local_buffer_8_addr', SystolicArray/main.cpp:22) [62]  (0 ns)
	'store' operation ('store_ln22', SystolicArray/main.cpp:22) of variable 'packet.V', SystolicArray/main.cpp:18 on array 'local_buffer_8' [91]  (3.25 ns)


============================================================
+ Verbose Summary: Binding
============================================================
N/A
* FSMD analyzer results:
  - Output states:
 - Input state : 
  - Chain level:
	State 1
	State 2
	State 3


============================================================
+ Verbose Summary: Datapath Resource usage 
============================================================
N/A
