

================================================================
== Vitis HLS Report for 'write_big_tile_Pipeline_Write_Rows_Write_Cols'
================================================================
* Date:           Mon May 25 15:50:51 2026

* Version:        2022.2 (Build 3670227 on Oct 13 2022)
* Project:        SystolicArray
* Solution:       solution1 (Vivado IP Flow Target)
* Product family: zynq
* Target device:  xc7z020-clg400-1


================================================================
== Performance Estimates
================================================================
+ Timing: 
    * Summary: 
    +--------+----------+----------+------------+
    |  Clock |  Target  | Estimated| Uncertainty|
    +--------+----------+----------+------------+
    |ap_clk  |  10.00 ns|  7.300 ns|     2.70 ns|
    +--------+----------+----------+------------+

+ Latency: 
    * Summary: 
    +---------+---------+----------+----------+-----+-----+---------+
    |  Latency (cycles) |  Latency (absolute) |  Interval | Pipeline|
    |   min   |   max   |    min   |    max   | min | max |   Type  |
    +---------+---------+----------+----------+-----+-----+---------+
    |      131|      131|  1.310 us|  1.310 us|  131|  131|       no|
    +---------+---------+----------+----------+-----+-----+---------+

    + Detail: 
        * Instance: 
        N/A

        * Loop: 
        +-------------------------+---------+---------+----------+-----------+-----------+------+----------+
        |                         |  Latency (cycles) | Iteration|  Initiation Interval  | Trip |          |
        |        Loop Name        |   min   |   max   |  Latency |  achieved |   target  | Count| Pipelined|
        +-------------------------+---------+---------+----------+-----------+-----------+------+----------+
        |- Write_Rows_Write_Cols  |      129|      129|         3|          1|          1|   128|       yes|
        +-------------------------+---------+---------+----------+-----------+-----------+------+----------+

============================================================
+ Verbose Summary: Synthesis Manager
============================================================
InlineROM: 1
ExposeGlobal: 0
============================================================
+ Verbose Summary: CDFG Model
============================================================
IsTopModel: 0
ResetActiveHigh: 1
IsCombinational: 0
IsDatapathOnly: 0
HasWiredReturn: 1
HasMFsm: 2
HasVarLatency: 1
IsPipeline: 0
IsRtlPipelined: 0
IsInstanceOverlapped: 0
IsDontTouch: 0
HasImplIP: 0
IsGatedGlobalClock: 0

+ Individual pipeline summary: 
  * Pipeline-0: initiation interval (II) = 1, depth = 3


============================================================
+ Verbose Summary: Schedule
============================================================
* Number of FSM states : 3
* Pipeline : 1
  Pipeline-0 : II = 1, D = 3, States = { 1 2 3 }
* Dataflow Pipeline: 0

* FSM state transitions: 
1 --> 2 
2 --> 3 
3 --> 

* FSM state operations: 

State 1 <SV = 0> <Delay = 6.26>
ST_1 : Operation 6 [1/1] (0.00ns)   --->   "%c = alloca i32 1"   --->   Operation 6 'alloca' 'c' <Predicate = true> <Delay = 0.00>
ST_1 : Operation 7 [1/1] (0.00ns)   --->   "%indvar = alloca i32 1"   --->   Operation 7 'alloca' 'indvar' <Predicate = true> <Delay = 0.00>
ST_1 : Operation 8 [1/1] (0.00ns)   --->   "%r = alloca i32 1"   --->   Operation 8 'alloca' 'r' <Predicate = true> <Delay = 0.00>
ST_1 : Operation 9 [1/1] (0.00ns)   --->   "%indvar_flatten = alloca i32 1"   --->   Operation 9 'alloca' 'indvar_flatten' <Predicate = true> <Delay = 0.00>
ST_1 : Operation 10 [1/1] (0.00ns)   --->   "%sext_ln111_1_read = read i59 @_ssdm_op_Read.ap_auto.i59, i59 %sext_ln111_1"   --->   Operation 10 'read' 'sext_ln111_1_read' <Predicate = true> <Delay = 0.00>
ST_1 : Operation 11 [1/1] (0.00ns)   --->   "%sext_ln111_1_cast = sext i59 %sext_ln111_1_read"   --->   Operation 11 'sext' 'sext_ln111_1_cast' <Predicate = true> <Delay = 0.00>
ST_1 : Operation 12 [1/1] (0.00ns)   --->   "%specmemcore_ln0 = specmemcore void @_ssdm_op_SpecMemCore, i32 %local_buffer_15, i64 666, i64 22, i64 18446744073709551615"   --->   Operation 12 'specmemcore' 'specmemcore_ln0' <Predicate = true> <Delay = 0.00>
ST_1 : Operation 13 [1/1] (0.00ns)   --->   "%specmemcore_ln0 = specmemcore void @_ssdm_op_SpecMemCore, i32 %local_buffer_14, i64 666, i64 22, i64 18446744073709551615"   --->   Operation 13 'specmemcore' 'specmemcore_ln0' <Predicate = true> <Delay = 0.00>
ST_1 : Operation 14 [1/1] (0.00ns)   --->   "%specmemcore_ln0 = specmemcore void @_ssdm_op_SpecMemCore, i32 %local_buffer_13, i64 666, i64 22, i64 18446744073709551615"   --->   Operation 14 'specmemcore' 'specmemcore_ln0' <Predicate = true> <Delay = 0.00>
ST_1 : Operation 15 [1/1] (0.00ns)   --->   "%specmemcore_ln0 = specmemcore void @_ssdm_op_SpecMemCore, i32 %local_buffer_12, i64 666, i64 22, i64 18446744073709551615"   --->   Operation 15 'specmemcore' 'specmemcore_ln0' <Predicate = true> <Delay = 0.00>
ST_1 : Operation 16 [1/1] (0.00ns)   --->   "%specmemcore_ln0 = specmemcore void @_ssdm_op_SpecMemCore, i32 %local_buffer_11, i64 666, i64 22, i64 18446744073709551615"   --->   Operation 16 'specmemcore' 'specmemcore_ln0' <Predicate = true> <Delay = 0.00>
ST_1 : Operation 17 [1/1] (0.00ns)   --->   "%specmemcore_ln0 = specmemcore void @_ssdm_op_SpecMemCore, i32 %local_buffer_10, i64 666, i64 22, i64 18446744073709551615"   --->   Operation 17 'specmemcore' 'specmemcore_ln0' <Predicate = true> <Delay = 0.00>
ST_1 : Operation 18 [1/1] (0.00ns)   --->   "%specmemcore_ln0 = specmemcore void @_ssdm_op_SpecMemCore, i32 %local_buffer_9, i64 666, i64 22, i64 18446744073709551615"   --->   Operation 18 'specmemcore' 'specmemcore_ln0' <Predicate = true> <Delay = 0.00>
ST_1 : Operation 19 [1/1] (0.00ns)   --->   "%specmemcore_ln0 = specmemcore void @_ssdm_op_SpecMemCore, i32 %local_buffer_8, i64 666, i64 22, i64 18446744073709551615"   --->   Operation 19 'specmemcore' 'specmemcore_ln0' <Predicate = true> <Delay = 0.00>
ST_1 : Operation 20 [1/1] (0.00ns)   --->   "%specmemcore_ln0 = specmemcore void @_ssdm_op_SpecMemCore, i32 %local_buffer_7, i64 666, i64 22, i64 18446744073709551615"   --->   Operation 20 'specmemcore' 'specmemcore_ln0' <Predicate = true> <Delay = 0.00>
ST_1 : Operation 21 [1/1] (0.00ns)   --->   "%specmemcore_ln0 = specmemcore void @_ssdm_op_SpecMemCore, i32 %local_buffer_6, i64 666, i64 22, i64 18446744073709551615"   --->   Operation 21 'specmemcore' 'specmemcore_ln0' <Predicate = true> <Delay = 0.00>
ST_1 : Operation 22 [1/1] (0.00ns)   --->   "%specmemcore_ln0 = specmemcore void @_ssdm_op_SpecMemCore, i32 %local_buffer_5, i64 666, i64 22, i64 18446744073709551615"   --->   Operation 22 'specmemcore' 'specmemcore_ln0' <Predicate = true> <Delay = 0.00>
ST_1 : Operation 23 [1/1] (0.00ns)   --->   "%specmemcore_ln0 = specmemcore void @_ssdm_op_SpecMemCore, i32 %local_buffer_4, i64 666, i64 22, i64 18446744073709551615"   --->   Operation 23 'specmemcore' 'specmemcore_ln0' <Predicate = true> <Delay = 0.00>
ST_1 : Operation 24 [1/1] (0.00ns)   --->   "%specmemcore_ln0 = specmemcore void @_ssdm_op_SpecMemCore, i32 %local_buffer_3, i64 666, i64 22, i64 18446744073709551615"   --->   Operation 24 'specmemcore' 'specmemcore_ln0' <Predicate = true> <Delay = 0.00>
ST_1 : Operation 25 [1/1] (0.00ns)   --->   "%specmemcore_ln0 = specmemcore void @_ssdm_op_SpecMemCore, i32 %local_buffer_2, i64 666, i64 22, i64 18446744073709551615"   --->   Operation 25 'specmemcore' 'specmemcore_ln0' <Predicate = true> <Delay = 0.00>
ST_1 : Operation 26 [1/1] (0.00ns)   --->   "%specmemcore_ln0 = specmemcore void @_ssdm_op_SpecMemCore, i32 %local_buffer_1, i64 666, i64 22, i64 18446744073709551615"   --->   Operation 26 'specmemcore' 'specmemcore_ln0' <Predicate = true> <Delay = 0.00>
ST_1 : Operation 27 [1/1] (0.00ns)   --->   "%specmemcore_ln0 = specmemcore void @_ssdm_op_SpecMemCore, i32 %local_buffer_0, i64 666, i64 22, i64 18446744073709551615"   --->   Operation 27 'specmemcore' 'specmemcore_ln0' <Predicate = true> <Delay = 0.00>
ST_1 : Operation 28 [1/1] (0.00ns)   --->   "%specinterface_ln0 = specinterface void @_ssdm_op_SpecInterface, i256 %gmem0, void @empty_1045, i32 0, i32 0, void @empty_1037, i32 0, i32 4000, void @empty_1023, void @empty_1032, void @empty_1037, i32 4, i32 4, i32 64, i32 64, void @empty_1037, void @empty_1037, i32 4294967295, i32 0"   --->   Operation 28 'specinterface' 'specinterface_ln0' <Predicate = true> <Delay = 0.00>
ST_1 : Operation 29 [1/1] (1.58ns)   --->   "%store_ln0 = store i8 0, i8 %indvar_flatten"   --->   Operation 29 'store' 'store_ln0' <Predicate = true> <Delay = 1.58>
ST_1 : Operation 30 [1/1] (1.58ns)   --->   "%store_ln0 = store i6 0, i6 %r"   --->   Operation 30 'store' 'store_ln0' <Predicate = true> <Delay = 1.58>
ST_1 : Operation 31 [1/1] (1.58ns)   --->   "%store_ln0 = store i3 0, i3 %indvar"   --->   Operation 31 'store' 'store_ln0' <Predicate = true> <Delay = 1.58>
ST_1 : Operation 32 [1/1] (1.58ns)   --->   "%store_ln0 = store i6 0, i6 %c"   --->   Operation 32 'store' 'store_ln0' <Predicate = true> <Delay = 1.58>
ST_1 : Operation 33 [1/1] (0.00ns)   --->   "%br_ln0 = br void %for.inc"   --->   Operation 33 'br' 'br_ln0' <Predicate = true> <Delay = 0.00>
ST_1 : Operation 34 [1/1] (0.00ns)   --->   "%indvar_flatten_load = load i8 %indvar_flatten" [SystolicArray/main.cpp:111]   --->   Operation 34 'load' 'indvar_flatten_load' <Predicate = true> <Delay = 0.00>
ST_1 : Operation 35 [1/1] (1.55ns)   --->   "%icmp_ln111 = icmp_eq  i8 %indvar_flatten_load, i8 128" [SystolicArray/main.cpp:111]   --->   Operation 35 'icmp' 'icmp_ln111' <Predicate = true> <Delay = 1.55> <CoreInst = "Cmp">   --->   Core 9 'Cmp' <Latency = 0> <II = 1> <Delay = 1.55> <FuncUnit> <Opcode : 'icmp'> <InPorts = 2> <OutPorts = 1>
ST_1 : Operation 36 [1/1] (1.91ns)   --->   "%add_ln111 = add i8 %indvar_flatten_load, i8 1" [SystolicArray/main.cpp:111]   --->   Operation 36 'add' 'add_ln111' <Predicate = true> <Delay = 1.91> <CoreInst = "Adder">   --->   Core 1 'Adder' <Latency = 0> <II = 1> <Delay = 1.91> <FuncUnit> <Opcode : 'add' 'sub'> <InPorts = 2> <OutPorts = 1>
ST_1 : Operation 37 [1/1] (0.00ns)   --->   "%br_ln111 = br i1 %icmp_ln111, void %for.inc22, void %for.end24.exitStub" [SystolicArray/main.cpp:111]   --->   Operation 37 'br' 'br_ln111' <Predicate = true> <Delay = 0.00>
ST_1 : Operation 38 [1/1] (0.00ns)   --->   "%c_load = load i6 %c" [SystolicArray/main.cpp:111]   --->   Operation 38 'load' 'c_load' <Predicate = (!icmp_ln111)> <Delay = 0.00>
ST_1 : Operation 39 [1/1] (0.00ns)   --->   "%indvar_load = load i3 %indvar" [SystolicArray/main.cpp:112]   --->   Operation 39 'load' 'indvar_load' <Predicate = (!icmp_ln111)> <Delay = 0.00>
ST_1 : Operation 40 [1/1] (0.00ns)   --->   "%r_load = load i6 %r" [SystolicArray/main.cpp:111]   --->   Operation 40 'load' 'r_load' <Predicate = (!icmp_ln111)> <Delay = 0.00>
ST_1 : Operation 41 [1/1] (1.82ns)   --->   "%add_ln111_1 = add i6 %r_load, i6 1" [SystolicArray/main.cpp:111]   --->   Operation 41 'add' 'add_ln111_1' <Predicate = (!icmp_ln111)> <Delay = 1.82> <CoreInst = "Adder">   --->   Core 1 'Adder' <Latency = 0> <II = 1> <Delay = 1.82> <FuncUnit> <Opcode : 'add' 'sub'> <InPorts = 2> <OutPorts = 1>
ST_1 : Operation 42 [1/1] (1.13ns)   --->   "%icmp_ln112 = icmp_eq  i3 %indvar_load, i3 4" [SystolicArray/main.cpp:112]   --->   Operation 42 'icmp' 'icmp_ln112' <Predicate = (!icmp_ln111)> <Delay = 1.13> <CoreInst = "Cmp">   --->   Core 9 'Cmp' <Latency = 0> <II = 1> <Delay = 1.13> <FuncUnit> <Opcode : 'icmp'> <InPorts = 2> <OutPorts = 1>
ST_1 : Operation 43 [1/1] (1.18ns)   --->   "%select_ln111 = select i1 %icmp_ln112, i6 0, i6 %c_load" [SystolicArray/main.cpp:111]   --->   Operation 43 'select' 'select_ln111' <Predicate = (!icmp_ln111)> <Delay = 1.18> <CoreInst = "Sel">   --->   Core 73 'Sel' <Latency = 0> <II = 1> <Delay = 1.18> <FuncUnit> <Opcode : 'select'> <InPorts = 3> <OutPorts = 1>
ST_1 : Operation 44 [1/1] (1.18ns)   --->   "%select_ln111_1 = select i1 %icmp_ln112, i6 %add_ln111_1, i6 %r_load" [SystolicArray/main.cpp:111]   --->   Operation 44 'select' 'select_ln111_1' <Predicate = (!icmp_ln111)> <Delay = 1.18> <CoreInst = "Sel">   --->   Core 73 'Sel' <Latency = 0> <II = 1> <Delay = 1.18> <FuncUnit> <Opcode : 'select'> <InPorts = 3> <OutPorts = 1>
ST_1 : Operation 45 [1/1] (0.00ns)   --->   "%trunc_ln113 = trunc i6 %select_ln111_1" [SystolicArray/main.cpp:113]   --->   Operation 45 'trunc' 'trunc_ln113' <Predicate = (!icmp_ln111)> <Delay = 0.00>
ST_1 : Operation 46 [1/1] (0.00ns)   --->   "%tmp_1 = bitselect i1 @_ssdm_op_BitSelect.i1.i6.i32, i6 %select_ln111, i32 4"   --->   Operation 46 'bitselect' 'tmp_1' <Predicate = (!icmp_ln111)> <Delay = 0.00>
ST_1 : Operation 47 [1/1] (0.00ns)   --->   "%tmp = bitconcatenate i6 @_ssdm_op_BitConcatenate.i6.i5.i1, i5 %trunc_ln113, i1 %tmp_1"   --->   Operation 47 'bitconcatenate' 'tmp' <Predicate = (!icmp_ln111)> <Delay = 0.00>
ST_1 : Operation 48 [1/1] (0.00ns)   --->   "%zext_ln186 = zext i6 %tmp"   --->   Operation 48 'zext' 'zext_ln186' <Predicate = (!icmp_ln111)> <Delay = 0.00>
ST_1 : Operation 49 [1/1] (0.00ns)   --->   "%local_buffer_0_addr = getelementptr i32 %local_buffer_0, i64 0, i64 %zext_ln186"   --->   Operation 49 'getelementptr' 'local_buffer_0_addr' <Predicate = (!icmp_ln111)> <Delay = 0.00>
ST_1 : Operation 50 [1/1] (0.00ns)   --->   "%local_buffer_1_addr = getelementptr i32 %local_buffer_1, i64 0, i64 %zext_ln186"   --->   Operation 50 'getelementptr' 'local_buffer_1_addr' <Predicate = (!icmp_ln111)> <Delay = 0.00>
ST_1 : Operation 51 [1/1] (0.00ns)   --->   "%local_buffer_2_addr = getelementptr i32 %local_buffer_2, i64 0, i64 %zext_ln186"   --->   Operation 51 'getelementptr' 'local_buffer_2_addr' <Predicate = (!icmp_ln111)> <Delay = 0.00>
ST_1 : Operation 52 [1/1] (0.00ns)   --->   "%local_buffer_3_addr = getelementptr i32 %local_buffer_3, i64 0, i64 %zext_ln186"   --->   Operation 52 'getelementptr' 'local_buffer_3_addr' <Predicate = (!icmp_ln111)> <Delay = 0.00>
ST_1 : Operation 53 [1/1] (0.00ns)   --->   "%local_buffer_4_addr = getelementptr i32 %local_buffer_4, i64 0, i64 %zext_ln186"   --->   Operation 53 'getelementptr' 'local_buffer_4_addr' <Predicate = (!icmp_ln111)> <Delay = 0.00>
ST_1 : Operation 54 [1/1] (0.00ns)   --->   "%local_buffer_5_addr = getelementptr i32 %local_buffer_5, i64 0, i64 %zext_ln186"   --->   Operation 54 'getelementptr' 'local_buffer_5_addr' <Predicate = (!icmp_ln111)> <Delay = 0.00>
ST_1 : Operation 55 [1/1] (0.00ns)   --->   "%local_buffer_6_addr = getelementptr i32 %local_buffer_6, i64 0, i64 %zext_ln186"   --->   Operation 55 'getelementptr' 'local_buffer_6_addr' <Predicate = (!icmp_ln111)> <Delay = 0.00>
ST_1 : Operation 56 [1/1] (0.00ns)   --->   "%local_buffer_7_addr = getelementptr i32 %local_buffer_7, i64 0, i64 %zext_ln186"   --->   Operation 56 'getelementptr' 'local_buffer_7_addr' <Predicate = (!icmp_ln111)> <Delay = 0.00>
ST_1 : Operation 57 [1/1] (0.00ns)   --->   "%local_buffer_8_addr = getelementptr i32 %local_buffer_8, i64 0, i64 %zext_ln186"   --->   Operation 57 'getelementptr' 'local_buffer_8_addr' <Predicate = (!icmp_ln111)> <Delay = 0.00>
ST_1 : Operation 58 [1/1] (0.00ns)   --->   "%local_buffer_9_addr = getelementptr i32 %local_buffer_9, i64 0, i64 %zext_ln186"   --->   Operation 58 'getelementptr' 'local_buffer_9_addr' <Predicate = (!icmp_ln111)> <Delay = 0.00>
ST_1 : Operation 59 [1/1] (0.00ns)   --->   "%local_buffer_10_addr = getelementptr i32 %local_buffer_10, i64 0, i64 %zext_ln186"   --->   Operation 59 'getelementptr' 'local_buffer_10_addr' <Predicate = (!icmp_ln111)> <Delay = 0.00>
ST_1 : Operation 60 [1/1] (0.00ns)   --->   "%local_buffer_11_addr = getelementptr i32 %local_buffer_11, i64 0, i64 %zext_ln186"   --->   Operation 60 'getelementptr' 'local_buffer_11_addr' <Predicate = (!icmp_ln111)> <Delay = 0.00>
ST_1 : Operation 61 [1/1] (0.00ns)   --->   "%local_buffer_12_addr = getelementptr i32 %local_buffer_12, i64 0, i64 %zext_ln186"   --->   Operation 61 'getelementptr' 'local_buffer_12_addr' <Predicate = (!icmp_ln111)> <Delay = 0.00>
ST_1 : Operation 62 [1/1] (0.00ns)   --->   "%local_buffer_13_addr = getelementptr i32 %local_buffer_13, i64 0, i64 %zext_ln186"   --->   Operation 62 'getelementptr' 'local_buffer_13_addr' <Predicate = (!icmp_ln111)> <Delay = 0.00>
ST_1 : Operation 63 [1/1] (0.00ns)   --->   "%local_buffer_14_addr = getelementptr i32 %local_buffer_14, i64 0, i64 %zext_ln186"   --->   Operation 63 'getelementptr' 'local_buffer_14_addr' <Predicate = (!icmp_ln111)> <Delay = 0.00>
ST_1 : Operation 64 [1/1] (0.00ns)   --->   "%local_buffer_15_addr = getelementptr i32 %local_buffer_15, i64 0, i64 %zext_ln186"   --->   Operation 64 'getelementptr' 'local_buffer_15_addr' <Predicate = (!icmp_ln111)> <Delay = 0.00>
ST_1 : Operation 65 [1/1] (0.00ns)   --->   "%trunc_ln186 = trunc i6 %select_ln111"   --->   Operation 65 'trunc' 'trunc_ln186' <Predicate = (!icmp_ln111)> <Delay = 0.00>
ST_1 : Operation 66 [2/2] (3.25ns)   --->   "%local_buffer_0_load = load i6 %local_buffer_0_addr"   --->   Operation 66 'load' 'local_buffer_0_load' <Predicate = (!icmp_ln111)> <Delay = 3.25> <CoreInst = "RAM_2P_BRAM">   --->   Core 91 'RAM_2P_BRAM' <Latency = 1> <II = 1> <Delay = 3.25> <Storage> <Opcode : 'load' 'store'> <Ports = 2> <Width = 32> <Depth = 64> <RAM>
ST_1 : Operation 67 [2/2] (3.25ns)   --->   "%local_buffer_8_load = load i6 %local_buffer_8_addr"   --->   Operation 67 'load' 'local_buffer_8_load' <Predicate = (!icmp_ln111)> <Delay = 3.25> <CoreInst = "RAM_2P_BRAM">   --->   Core 91 'RAM_2P_BRAM' <Latency = 1> <II = 1> <Delay = 3.25> <Storage> <Opcode : 'load' 'store'> <Ports = 2> <Width = 32> <Depth = 64> <RAM>
ST_1 : Operation 68 [1/1] (1.30ns)   --->   "%icmp_ln186 = icmp_eq  i4 %trunc_ln186, i4 8"   --->   Operation 68 'icmp' 'icmp_ln186' <Predicate = (!icmp_ln111)> <Delay = 1.30> <CoreInst = "Cmp">   --->   Core 9 'Cmp' <Latency = 0> <II = 1> <Delay = 1.30> <FuncUnit> <Opcode : 'icmp'> <InPorts = 2> <OutPorts = 1>
ST_1 : Operation 69 [2/2] (3.25ns)   --->   "%local_buffer_1_load = load i6 %local_buffer_1_addr"   --->   Operation 69 'load' 'local_buffer_1_load' <Predicate = (!icmp_ln111)> <Delay = 3.25> <CoreInst = "RAM_2P_BRAM">   --->   Core 91 'RAM_2P_BRAM' <Latency = 1> <II = 1> <Delay = 3.25> <Storage> <Opcode : 'load' 'store'> <Ports = 2> <Width = 32> <Depth = 64> <RAM>
ST_1 : Operation 70 [2/2] (3.25ns)   --->   "%local_buffer_9_load = load i6 %local_buffer_9_addr"   --->   Operation 70 'load' 'local_buffer_9_load' <Predicate = (!icmp_ln111)> <Delay = 3.25> <CoreInst = "RAM_2P_BRAM">   --->   Core 91 'RAM_2P_BRAM' <Latency = 1> <II = 1> <Delay = 3.25> <Storage> <Opcode : 'load' 'store'> <Ports = 2> <Width = 32> <Depth = 64> <RAM>
ST_1 : Operation 71 [2/2] (3.25ns)   --->   "%local_buffer_2_load = load i6 %local_buffer_2_addr"   --->   Operation 71 'load' 'local_buffer_2_load' <Predicate = (!icmp_ln111)> <Delay = 3.25> <CoreInst = "RAM_2P_BRAM">   --->   Core 91 'RAM_2P_BRAM' <Latency = 1> <II = 1> <Delay = 3.25> <Storage> <Opcode : 'load' 'store'> <Ports = 2> <Width = 32> <Depth = 64> <RAM>
ST_1 : Operation 72 [2/2] (3.25ns)   --->   "%local_buffer_10_load = load i6 %local_buffer_10_addr"   --->   Operation 72 'load' 'local_buffer_10_load' <Predicate = (!icmp_ln111)> <Delay = 3.25> <CoreInst = "RAM_2P_BRAM">   --->   Core 91 'RAM_2P_BRAM' <Latency = 1> <II = 1> <Delay = 3.25> <Storage> <Opcode : 'load' 'store'> <Ports = 2> <Width = 32> <Depth = 64> <RAM>
ST_1 : Operation 73 [2/2] (3.25ns)   --->   "%local_buffer_3_load = load i6 %local_buffer_3_addr"   --->   Operation 73 'load' 'local_buffer_3_load' <Predicate = (!icmp_ln111)> <Delay = 3.25> <CoreInst = "RAM_2P_BRAM">   --->   Core 91 'RAM_2P_BRAM' <Latency = 1> <II = 1> <Delay = 3.25> <Storage> <Opcode : 'load' 'store'> <Ports = 2> <Width = 32> <Depth = 64> <RAM>
ST_1 : Operation 74 [2/2] (3.25ns)   --->   "%local_buffer_11_load = load i6 %local_buffer_11_addr"   --->   Operation 74 'load' 'local_buffer_11_load' <Predicate = (!icmp_ln111)> <Delay = 3.25> <CoreInst = "RAM_2P_BRAM">   --->   Core 91 'RAM_2P_BRAM' <Latency = 1> <II = 1> <Delay = 3.25> <Storage> <Opcode : 'load' 'store'> <Ports = 2> <Width = 32> <Depth = 64> <RAM>
ST_1 : Operation 75 [2/2] (3.25ns)   --->   "%local_buffer_4_load = load i6 %local_buffer_4_addr"   --->   Operation 75 'load' 'local_buffer_4_load' <Predicate = (!icmp_ln111)> <Delay = 3.25> <CoreInst = "RAM_2P_BRAM">   --->   Core 91 'RAM_2P_BRAM' <Latency = 1> <II = 1> <Delay = 3.25> <Storage> <Opcode : 'load' 'store'> <Ports = 2> <Width = 32> <Depth = 64> <RAM>
ST_1 : Operation 76 [2/2] (3.25ns)   --->   "%local_buffer_12_load = load i6 %local_buffer_12_addr"   --->   Operation 76 'load' 'local_buffer_12_load' <Predicate = (!icmp_ln111)> <Delay = 3.25> <CoreInst = "RAM_2P_BRAM">   --->   Core 91 'RAM_2P_BRAM' <Latency = 1> <II = 1> <Delay = 3.25> <Storage> <Opcode : 'load' 'store'> <Ports = 2> <Width = 32> <Depth = 64> <RAM>
ST_1 : Operation 77 [2/2] (3.25ns)   --->   "%local_buffer_5_load = load i6 %local_buffer_5_addr"   --->   Operation 77 'load' 'local_buffer_5_load' <Predicate = (!icmp_ln111)> <Delay = 3.25> <CoreInst = "RAM_2P_BRAM">   --->   Core 91 'RAM_2P_BRAM' <Latency = 1> <II = 1> <Delay = 3.25> <Storage> <Opcode : 'load' 'store'> <Ports = 2> <Width = 32> <Depth = 64> <RAM>
ST_1 : Operation 78 [2/2] (3.25ns)   --->   "%local_buffer_13_load = load i6 %local_buffer_13_addr"   --->   Operation 78 'load' 'local_buffer_13_load' <Predicate = (!icmp_ln111)> <Delay = 3.25> <CoreInst = "RAM_2P_BRAM">   --->   Core 91 'RAM_2P_BRAM' <Latency = 1> <II = 1> <Delay = 3.25> <Storage> <Opcode : 'load' 'store'> <Ports = 2> <Width = 32> <Depth = 64> <RAM>
ST_1 : Operation 79 [2/2] (3.25ns)   --->   "%local_buffer_6_load = load i6 %local_buffer_6_addr"   --->   Operation 79 'load' 'local_buffer_6_load' <Predicate = (!icmp_ln111)> <Delay = 3.25> <CoreInst = "RAM_2P_BRAM">   --->   Core 91 'RAM_2P_BRAM' <Latency = 1> <II = 1> <Delay = 3.25> <Storage> <Opcode : 'load' 'store'> <Ports = 2> <Width = 32> <Depth = 64> <RAM>
ST_1 : Operation 80 [2/2] (3.25ns)   --->   "%local_buffer_14_load = load i6 %local_buffer_14_addr"   --->   Operation 80 'load' 'local_buffer_14_load' <Predicate = (!icmp_ln111)> <Delay = 3.25> <CoreInst = "RAM_2P_BRAM">   --->   Core 91 'RAM_2P_BRAM' <Latency = 1> <II = 1> <Delay = 3.25> <Storage> <Opcode : 'load' 'store'> <Ports = 2> <Width = 32> <Depth = 64> <RAM>
ST_1 : Operation 81 [2/2] (3.25ns)   --->   "%local_buffer_7_load = load i6 %local_buffer_7_addr"   --->   Operation 81 'load' 'local_buffer_7_load' <Predicate = (!icmp_ln111)> <Delay = 3.25> <CoreInst = "RAM_2P_BRAM">   --->   Core 91 'RAM_2P_BRAM' <Latency = 1> <II = 1> <Delay = 3.25> <Storage> <Opcode : 'load' 'store'> <Ports = 2> <Width = 32> <Depth = 64> <RAM>
ST_1 : Operation 82 [2/2] (3.25ns)   --->   "%local_buffer_15_load = load i6 %local_buffer_15_addr"   --->   Operation 82 'load' 'local_buffer_15_load' <Predicate = (!icmp_ln111)> <Delay = 3.25> <CoreInst = "RAM_2P_BRAM">   --->   Core 91 'RAM_2P_BRAM' <Latency = 1> <II = 1> <Delay = 3.25> <Storage> <Opcode : 'load' 'store'> <Ports = 2> <Width = 32> <Depth = 64> <RAM>
ST_1 : Operation 83 [1/1] (1.82ns)   --->   "%add_ln112 = add i6 %select_ln111, i6 8" [SystolicArray/main.cpp:112]   --->   Operation 83 'add' 'add_ln112' <Predicate = (!icmp_ln111)> <Delay = 1.82> <CoreInst = "Adder">   --->   Core 1 'Adder' <Latency = 0> <II = 1> <Delay = 1.82> <FuncUnit> <Opcode : 'add' 'sub'> <InPorts = 2> <OutPorts = 1>
ST_1 : Operation 84 [1/1] (1.65ns)   --->   "%add_ln112_1 = add i3 %indvar_load, i3 1" [SystolicArray/main.cpp:112]   --->   Operation 84 'add' 'add_ln112_1' <Predicate = (!icmp_ln111)> <Delay = 1.65> <CoreInst = "Adder">   --->   Core 1 'Adder' <Latency = 0> <II = 1> <Delay = 1.65> <FuncUnit> <Opcode : 'add' 'sub'> <InPorts = 2> <OutPorts = 1>
ST_1 : Operation 85 [1/1] (0.98ns)   --->   "%select_ln112 = select i1 %icmp_ln112, i3 1, i3 %add_ln112_1" [SystolicArray/main.cpp:112]   --->   Operation 85 'select' 'select_ln112' <Predicate = (!icmp_ln111)> <Delay = 0.98> <CoreInst = "Sel">   --->   Core 73 'Sel' <Latency = 0> <II = 1> <Delay = 0.98> <FuncUnit> <Opcode : 'select'> <InPorts = 3> <OutPorts = 1>
ST_1 : Operation 86 [1/1] (1.58ns)   --->   "%store_ln112 = store i8 %add_ln111, i8 %indvar_flatten" [SystolicArray/main.cpp:112]   --->   Operation 86 'store' 'store_ln112' <Predicate = (!icmp_ln111)> <Delay = 1.58>
ST_1 : Operation 87 [1/1] (1.58ns)   --->   "%store_ln112 = store i6 %select_ln111_1, i6 %r" [SystolicArray/main.cpp:112]   --->   Operation 87 'store' 'store_ln112' <Predicate = (!icmp_ln111)> <Delay = 1.58>
ST_1 : Operation 88 [1/1] (1.58ns)   --->   "%store_ln112 = store i3 %select_ln112, i3 %indvar" [SystolicArray/main.cpp:112]   --->   Operation 88 'store' 'store_ln112' <Predicate = (!icmp_ln111)> <Delay = 1.58>
ST_1 : Operation 89 [1/1] (1.58ns)   --->   "%store_ln112 = store i6 %add_ln112, i6 %c" [SystolicArray/main.cpp:112]   --->   Operation 89 'store' 'store_ln112' <Predicate = (!icmp_ln111)> <Delay = 1.58>

State 2 <SV = 1> <Delay = 3.95>
ST_2 : Operation 90 [1/1] (0.00ns)   --->   "%gmem0_addr = getelementptr i256 %gmem0, i64 %sext_ln111_1_cast" [SystolicArray/main.cpp:111]   --->   Operation 90 'getelementptr' 'gmem0_addr' <Predicate = true> <Delay = 0.00>
ST_2 : Operation 91 [1/2] (3.25ns)   --->   "%local_buffer_0_load = load i6 %local_buffer_0_addr"   --->   Operation 91 'load' 'local_buffer_0_load' <Predicate = (!icmp_ln111)> <Delay = 3.25> <CoreInst = "RAM_2P_BRAM">   --->   Core 91 'RAM_2P_BRAM' <Latency = 1> <II = 1> <Delay = 3.25> <Storage> <Opcode : 'load' 'store'> <Ports = 2> <Width = 32> <Depth = 64> <RAM>
ST_2 : Operation 92 [1/2] (3.25ns)   --->   "%local_buffer_8_load = load i6 %local_buffer_8_addr"   --->   Operation 92 'load' 'local_buffer_8_load' <Predicate = (!icmp_ln111)> <Delay = 3.25> <CoreInst = "RAM_2P_BRAM">   --->   Core 91 'RAM_2P_BRAM' <Latency = 1> <II = 1> <Delay = 3.25> <Storage> <Opcode : 'load' 'store'> <Ports = 2> <Width = 32> <Depth = 64> <RAM>
ST_2 : Operation 93 [1/1] (0.69ns)   --->   "%select_ln186 = select i1 %icmp_ln186, i32 %local_buffer_8_load, i32 %local_buffer_0_load"   --->   Operation 93 'select' 'select_ln186' <Predicate = (!icmp_ln111)> <Delay = 0.69> <CoreInst = "Sel">   --->   Core 73 'Sel' <Latency = 0> <II = 1> <Delay = 0.69> <FuncUnit> <Opcode : 'select'> <InPorts = 3> <OutPorts = 1>
ST_2 : Operation 94 [1/2] (3.25ns)   --->   "%local_buffer_1_load = load i6 %local_buffer_1_addr"   --->   Operation 94 'load' 'local_buffer_1_load' <Predicate = (!icmp_ln111)> <Delay = 3.25> <CoreInst = "RAM_2P_BRAM">   --->   Core 91 'RAM_2P_BRAM' <Latency = 1> <II = 1> <Delay = 3.25> <Storage> <Opcode : 'load' 'store'> <Ports = 2> <Width = 32> <Depth = 64> <RAM>
ST_2 : Operation 95 [1/2] (3.25ns)   --->   "%local_buffer_9_load = load i6 %local_buffer_9_addr"   --->   Operation 95 'load' 'local_buffer_9_load' <Predicate = (!icmp_ln111)> <Delay = 3.25> <CoreInst = "RAM_2P_BRAM">   --->   Core 91 'RAM_2P_BRAM' <Latency = 1> <II = 1> <Delay = 3.25> <Storage> <Opcode : 'load' 'store'> <Ports = 2> <Width = 32> <Depth = 64> <RAM>
ST_2 : Operation 96 [1/1] (0.69ns)   --->   "%select_ln186_1 = select i1 %icmp_ln186, i32 %local_buffer_9_load, i32 %local_buffer_1_load"   --->   Operation 96 'select' 'select_ln186_1' <Predicate = (!icmp_ln111)> <Delay = 0.69> <CoreInst = "Sel">   --->   Core 73 'Sel' <Latency = 0> <II = 1> <Delay = 0.69> <FuncUnit> <Opcode : 'select'> <InPorts = 3> <OutPorts = 1>
ST_2 : Operation 97 [1/2] (3.25ns)   --->   "%local_buffer_2_load = load i6 %local_buffer_2_addr"   --->   Operation 97 'load' 'local_buffer_2_load' <Predicate = (!icmp_ln111)> <Delay = 3.25> <CoreInst = "RAM_2P_BRAM">   --->   Core 91 'RAM_2P_BRAM' <Latency = 1> <II = 1> <Delay = 3.25> <Storage> <Opcode : 'load' 'store'> <Ports = 2> <Width = 32> <Depth = 64> <RAM>
ST_2 : Operation 98 [1/2] (3.25ns)   --->   "%local_buffer_10_load = load i6 %local_buffer_10_addr"   --->   Operation 98 'load' 'local_buffer_10_load' <Predicate = (!icmp_ln111)> <Delay = 3.25> <CoreInst = "RAM_2P_BRAM">   --->   Core 91 'RAM_2P_BRAM' <Latency = 1> <II = 1> <Delay = 3.25> <Storage> <Opcode : 'load' 'store'> <Ports = 2> <Width = 32> <Depth = 64> <RAM>
ST_2 : Operation 99 [1/1] (0.69ns)   --->   "%select_ln186_2 = select i1 %icmp_ln186, i32 %local_buffer_10_load, i32 %local_buffer_2_load"   --->   Operation 99 'select' 'select_ln186_2' <Predicate = (!icmp_ln111)> <Delay = 0.69> <CoreInst = "Sel">   --->   Core 73 'Sel' <Latency = 0> <II = 1> <Delay = 0.69> <FuncUnit> <Opcode : 'select'> <InPorts = 3> <OutPorts = 1>
ST_2 : Operation 100 [1/2] (3.25ns)   --->   "%local_buffer_3_load = load i6 %local_buffer_3_addr"   --->   Operation 100 'load' 'local_buffer_3_load' <Predicate = (!icmp_ln111)> <Delay = 3.25> <CoreInst = "RAM_2P_BRAM">   --->   Core 91 'RAM_2P_BRAM' <Latency = 1> <II = 1> <Delay = 3.25> <Storage> <Opcode : 'load' 'store'> <Ports = 2> <Width = 32> <Depth = 64> <RAM>
ST_2 : Operation 101 [1/2] (3.25ns)   --->   "%local_buffer_11_load = load i6 %local_buffer_11_addr"   --->   Operation 101 'load' 'local_buffer_11_load' <Predicate = (!icmp_ln111)> <Delay = 3.25> <CoreInst = "RAM_2P_BRAM">   --->   Core 91 'RAM_2P_BRAM' <Latency = 1> <II = 1> <Delay = 3.25> <Storage> <Opcode : 'load' 'store'> <Ports = 2> <Width = 32> <Depth = 64> <RAM>
ST_2 : Operation 102 [1/1] (0.69ns)   --->   "%select_ln186_3 = select i1 %icmp_ln186, i32 %local_buffer_11_load, i32 %local_buffer_3_load"   --->   Operation 102 'select' 'select_ln186_3' <Predicate = (!icmp_ln111)> <Delay = 0.69> <CoreInst = "Sel">   --->   Core 73 'Sel' <Latency = 0> <II = 1> <Delay = 0.69> <FuncUnit> <Opcode : 'select'> <InPorts = 3> <OutPorts = 1>
ST_2 : Operation 103 [1/2] (3.25ns)   --->   "%local_buffer_4_load = load i6 %local_buffer_4_addr"   --->   Operation 103 'load' 'local_buffer_4_load' <Predicate = (!icmp_ln111)> <Delay = 3.25> <CoreInst = "RAM_2P_BRAM">   --->   Core 91 'RAM_2P_BRAM' <Latency = 1> <II = 1> <Delay = 3.25> <Storage> <Opcode : 'load' 'store'> <Ports = 2> <Width = 32> <Depth = 64> <RAM>
ST_2 : Operation 104 [1/2] (3.25ns)   --->   "%local_buffer_12_load = load i6 %local_buffer_12_addr"   --->   Operation 104 'load' 'local_buffer_12_load' <Predicate = (!icmp_ln111)> <Delay = 3.25> <CoreInst = "RAM_2P_BRAM">   --->   Core 91 'RAM_2P_BRAM' <Latency = 1> <II = 1> <Delay = 3.25> <Storage> <Opcode : 'load' 'store'> <Ports = 2> <Width = 32> <Depth = 64> <RAM>
ST_2 : Operation 105 [1/1] (0.69ns)   --->   "%select_ln186_4 = select i1 %icmp_ln186, i32 %local_buffer_12_load, i32 %local_buffer_4_load"   --->   Operation 105 'select' 'select_ln186_4' <Predicate = (!icmp_ln111)> <Delay = 0.69> <CoreInst = "Sel">   --->   Core 73 'Sel' <Latency = 0> <II = 1> <Delay = 0.69> <FuncUnit> <Opcode : 'select'> <InPorts = 3> <OutPorts = 1>
ST_2 : Operation 106 [1/2] (3.25ns)   --->   "%local_buffer_5_load = load i6 %local_buffer_5_addr"   --->   Operation 106 'load' 'local_buffer_5_load' <Predicate = (!icmp_ln111)> <Delay = 3.25> <CoreInst = "RAM_2P_BRAM">   --->   Core 91 'RAM_2P_BRAM' <Latency = 1> <II = 1> <Delay = 3.25> <Storage> <Opcode : 'load' 'store'> <Ports = 2> <Width = 32> <Depth = 64> <RAM>
ST_2 : Operation 107 [1/2] (3.25ns)   --->   "%local_buffer_13_load = load i6 %local_buffer_13_addr"   --->   Operation 107 'load' 'local_buffer_13_load' <Predicate = (!icmp_ln111)> <Delay = 3.25> <CoreInst = "RAM_2P_BRAM">   --->   Core 91 'RAM_2P_BRAM' <Latency = 1> <II = 1> <Delay = 3.25> <Storage> <Opcode : 'load' 'store'> <Ports = 2> <Width = 32> <Depth = 64> <RAM>
ST_2 : Operation 108 [1/1] (0.69ns)   --->   "%select_ln186_5 = select i1 %icmp_ln186, i32 %local_buffer_13_load, i32 %local_buffer_5_load"   --->   Operation 108 'select' 'select_ln186_5' <Predicate = (!icmp_ln111)> <Delay = 0.69> <CoreInst = "Sel">   --->   Core 73 'Sel' <Latency = 0> <II = 1> <Delay = 0.69> <FuncUnit> <Opcode : 'select'> <InPorts = 3> <OutPorts = 1>
ST_2 : Operation 109 [1/2] (3.25ns)   --->   "%local_buffer_6_load = load i6 %local_buffer_6_addr"   --->   Operation 109 'load' 'local_buffer_6_load' <Predicate = (!icmp_ln111)> <Delay = 3.25> <CoreInst = "RAM_2P_BRAM">   --->   Core 91 'RAM_2P_BRAM' <Latency = 1> <II = 1> <Delay = 3.25> <Storage> <Opcode : 'load' 'store'> <Ports = 2> <Width = 32> <Depth = 64> <RAM>
ST_2 : Operation 110 [1/2] (3.25ns)   --->   "%local_buffer_14_load = load i6 %local_buffer_14_addr"   --->   Operation 110 'load' 'local_buffer_14_load' <Predicate = (!icmp_ln111)> <Delay = 3.25> <CoreInst = "RAM_2P_BRAM">   --->   Core 91 'RAM_2P_BRAM' <Latency = 1> <II = 1> <Delay = 3.25> <Storage> <Opcode : 'load' 'store'> <Ports = 2> <Width = 32> <Depth = 64> <RAM>
ST_2 : Operation 111 [1/1] (0.69ns)   --->   "%select_ln186_6 = select i1 %icmp_ln186, i32 %local_buffer_14_load, i32 %local_buffer_6_load"   --->   Operation 111 'select' 'select_ln186_6' <Predicate = (!icmp_ln111)> <Delay = 0.69> <CoreInst = "Sel">   --->   Core 73 'Sel' <Latency = 0> <II = 1> <Delay = 0.69> <FuncUnit> <Opcode : 'select'> <InPorts = 3> <OutPorts = 1>
ST_2 : Operation 112 [1/2] (3.25ns)   --->   "%local_buffer_7_load = load i6 %local_buffer_7_addr"   --->   Operation 112 'load' 'local_buffer_7_load' <Predicate = (!icmp_ln111)> <Delay = 3.25> <CoreInst = "RAM_2P_BRAM">   --->   Core 91 'RAM_2P_BRAM' <Latency = 1> <II = 1> <Delay = 3.25> <Storage> <Opcode : 'load' 'store'> <Ports = 2> <Width = 32> <Depth = 64> <RAM>
ST_2 : Operation 113 [1/2] (3.25ns)   --->   "%local_buffer_15_load = load i6 %local_buffer_15_addr"   --->   Operation 113 'load' 'local_buffer_15_load' <Predicate = (!icmp_ln111)> <Delay = 3.25> <CoreInst = "RAM_2P_BRAM">   --->   Core 91 'RAM_2P_BRAM' <Latency = 1> <II = 1> <Delay = 3.25> <Storage> <Opcode : 'load' 'store'> <Ports = 2> <Width = 32> <Depth = 64> <RAM>
ST_2 : Operation 114 [1/1] (0.69ns)   --->   "%select_ln186_7 = select i1 %icmp_ln186, i32 %local_buffer_15_load, i32 %local_buffer_7_load"   --->   Operation 114 'select' 'select_ln186_7' <Predicate = (!icmp_ln111)> <Delay = 0.69> <CoreInst = "Sel">   --->   Core 73 'Sel' <Latency = 0> <II = 1> <Delay = 0.69> <FuncUnit> <Opcode : 'select'> <InPorts = 3> <OutPorts = 1>
ST_2 : Operation 122 [1/1] (0.00ns)   --->   "%ret_ln0 = ret"   --->   Operation 122 'ret' 'ret_ln0' <Predicate = (icmp_ln111)> <Delay = 0.00>

State 3 <SV = 2> <Delay = 7.30>
ST_3 : Operation 115 [1/1] (0.00ns)   --->   "%specloopname_ln0 = specloopname void @_ssdm_op_SpecLoopName, void @Write_Rows_Write_Cols_str"   --->   Operation 115 'specloopname' 'specloopname_ln0' <Predicate = true> <Delay = 0.00>
ST_3 : Operation 116 [1/1] (0.00ns)   --->   "%empty = speclooptripcount i32 @_ssdm_op_SpecLoopTripCount, i64 128, i64 128, i64 128"   --->   Operation 116 'speclooptripcount' 'empty' <Predicate = true> <Delay = 0.00>
ST_3 : Operation 117 [1/1] (0.00ns)   --->   "%specpipeline_ln113 = specpipeline void @_ssdm_op_SpecPipeline, i32 1, i32 0, i32 0, i32 0, void @empty_1037" [SystolicArray/main.cpp:113]   --->   Operation 117 'specpipeline' 'specpipeline_ln113' <Predicate = true> <Delay = 0.00>
ST_3 : Operation 118 [1/1] (0.00ns)   --->   "%specloopname_ln115 = specloopname void @_ssdm_op_SpecLoopName, void @empty_1036" [SystolicArray/main.cpp:115]   --->   Operation 118 'specloopname' 'specloopname_ln115' <Predicate = true> <Delay = 0.00>
ST_3 : Operation 119 [1/1] (0.00ns)   --->   "%p_Result_s = bitconcatenate i256 @_ssdm_op_BitConcatenate.i256.i32.i32.i32.i32.i32.i32.i32.i32, i32 %select_ln186_7, i32 %select_ln186_6, i32 %select_ln186_5, i32 %select_ln186_4, i32 %select_ln186_3, i32 %select_ln186_2, i32 %select_ln186_1, i32 %select_ln186"   --->   Operation 119 'bitconcatenate' 'p_Result_s' <Predicate = true> <Delay = 0.00>
ST_3 : Operation 120 [1/1] (7.30ns)   --->   "%write_ln122 = write void @_ssdm_op_Write.m_axi.p1i256, i256 %gmem0_addr, i256 %p_Result_s, i32 4294967295" [SystolicArray/main.cpp:122]   --->   Operation 120 'write' 'write_ln122' <Predicate = true> <Delay = 7.30> <CoreInst = "m_axi">   --->   Core 113 'm_axi' <Latency = 0> <II = 1> <Delay = 1.00> <Adapter> <Opcode : 'read' 'write' 'readreq' 'writereq' 'writeresp'>
ST_3 : Operation 121 [1/1] (0.00ns)   --->   "%br_ln112 = br void %for.inc" [SystolicArray/main.cpp:112]   --->   Operation 121 'br' 'br_ln112' <Predicate = true> <Delay = 0.00>


============================================================
+ Verbose Summary: Timing violations
============================================================
Target clock period: 10ns, clock uncertainty: 2.7ns.

 <State 1>: 6.27ns
The critical path consists of the following:
	'alloca' operation ('r') [21]  (0 ns)
	'load' operation ('r_load', SystolicArray/main.cpp:111) on local variable 'r' [56]  (0 ns)
	'add' operation ('add_ln111_1', SystolicArray/main.cpp:111) [57]  (1.83 ns)
	'select' operation ('select_ln111_1', SystolicArray/main.cpp:111) [62]  (1.19 ns)
	'getelementptr' operation ('local_buffer_0_addr') [69]  (0 ns)
	'load' operation ('local_buffer_0_load') on array 'local_buffer_0' [86]  (3.25 ns)

 <State 2>: 3.95ns
The critical path consists of the following:
	'load' operation ('local_buffer_0_load') on array 'local_buffer_0' [86]  (3.25 ns)
	'select' operation ('select_ln186') [89]  (0.698 ns)

 <State 3>: 7.3ns
The critical path consists of the following:
	bus write operation ('write_ln122', SystolicArray/main.cpp:122) on port 'gmem0' (SystolicArray/main.cpp:122) [112]  (7.3 ns)


============================================================
+ Verbose Summary: Binding
============================================================
N/A
* FSMD analyzer results:
  - Output states:
 - Input state : 
  - Chain level:
	State 1
	State 2
	State 3


============================================================
+ Verbose Summary: Datapath Resource usage 
============================================================
N/A
