Mon May 25 19:28:55 2026: Running xcd server. This server was NOT built by gradle, but presumably rdi.
Mon May 25 19:28:55 2026: Server was asked to start on port: '44477'
Mon May 25 19:28:55 2026: Server is using token UUID: 'b18cbd79-1847-45b4-a9c4-3629da1152f6'
Mon May 25 19:28:55 2026: SESSION_MGR: creating session with session uuid: '6d04a3e9-ade5-4ab9-8d63-1f78fcd2ec76' and name 'default'
Mon May 25 19:28:55 2026: Attempting to start server on port '44477'
Mon May 25 19:28:55 2026: XCD main fifo: created main fifo '/tmp/xcdmainb18cbd79-1847-45b4-a9c4-3629da1152f6', fd read = 12
Mon May 25 19:28:55 2026: Running Dispatch Server
Mon May 25 19:28:55 2026: Version 2.2.0
Mon May 25 19:29:04 2026: Dispatch Server: Accepted socket connection from client
Mon May 25 19:29:04 2026: Starting Socket connection
Mon May 25 19:29:04 2026: EXCHANGE_TOKEN received, server token: b18cbd79-1847-45b4-a9c4-3629da1152f6, passed token: b18cbd79-1847-45b4-a9c4-3629da1152f6
Mon May 25 19:29:04 2026: SESSION_MGR: creating session with session uuid: 'a40e2b42-3f23-4fcb-911f-577ffb5e3b32' and name 'vitis_hls'
Mon May 25 19:29:04 2026: KERNEL_SVC: creating session with uuid: 'a40e2b42-3f23-4fcb-911f-577ffb5e3b32' and name 'vitis_hls'
Mon May 25 19:29:04 2026: GUIDANCE_SMGR: creating guidance session with uuid: 'a40e2b42-3f23-4fcb-911f-577ffb5e3b32' and name 'vitis_hls'
Mon May 25 19:29:04 2026: STOP_SERVER received, server token: b18cbd79-1847-45b4-a9c4-3629da1152f6, passed token: b18cbd79-1847-45b4-a9c4-3629da1152f6
Mon May 25 19:29:04 2026: Socket received request to stop server.
Mon May 25 19:29:04 2026: Dispatch Server: do_await_stop
Mon May 25 19:29:04 2026: Dispatch Server: stopping mainFifo_
Mon May 25 19:29:04 2026: XCD main fifo: Stopping
Mon May 25 19:29:04 2026: XCD main fifo: do_read error code: Operation canceled
Mon May 25 19:29:04 2026: XCD main fifo: bytes_transferred: 0
Mon May 25 19:29:04 2026: SERVER: destructor for server bound to port 44477
Mon May 25 19:29:04 2026: XCD main fifo: Good unlink of /tmp/xcdmainb18cbd79-1847-45b4-a9c4-3629da1152f6
Mon May 25 19:29:04 2026: Server exiting with status 0.
Mon May 25 19:29:04 2026: Closing log file.
Mon May 25 19:30:09 2026: Running xcd server. This server was NOT built by gradle, but presumably rdi.
Mon May 25 19:30:09 2026: Server was asked to start on port: '44419'
Mon May 25 19:30:09 2026: Server is using token UUID: '4220c220-4ad5-4e53-ba69-b523d7c2b3d8'
Mon May 25 19:30:09 2026: SESSION_MGR: creating session with session uuid: '6d04a3e9-ade5-4ab9-8d63-1f78fcd2ec76' and name 'default'
Mon May 25 19:30:09 2026: Attempting to start server on port '44419'
Mon May 25 19:30:09 2026: XCD main fifo: created main fifo '/tmp/xcdmain4220c220-4ad5-4e53-ba69-b523d7c2b3d8', fd read = 13
Mon May 25 19:30:09 2026: Running Dispatch Server
Mon May 25 19:30:09 2026: Version 2.2.0
Mon May 25 19:30:18 2026: Dispatch Server: Accepted socket connection from client
Mon May 25 19:30:18 2026: Starting Socket connection
Mon May 25 19:30:18 2026: EXCHANGE_TOKEN received, server token: 4220c220-4ad5-4e53-ba69-b523d7c2b3d8, passed token: 4220c220-4ad5-4e53-ba69-b523d7c2b3d8
Mon May 25 19:30:18 2026: SESSION_MGR: creating session with session uuid: 'dc5732dd-8763-4dd8-9926-bfd3e49c19f6' and name 'vitis_hls'
Mon May 25 19:30:18 2026: KERNEL_SVC: creating session with uuid: 'dc5732dd-8763-4dd8-9926-bfd3e49c19f6' and name 'vitis_hls'
Mon May 25 19:30:18 2026: GUIDANCE_SMGR: creating guidance session with uuid: 'dc5732dd-8763-4dd8-9926-bfd3e49c19f6' and name 'vitis_hls'
Mon May 25 19:30:18 2026: STOP_SERVER received, server token: 4220c220-4ad5-4e53-ba69-b523d7c2b3d8, passed token: 4220c220-4ad5-4e53-ba69-b523d7c2b3d8
Mon May 25 19:30:18 2026: Socket received request to stop server.
Mon May 25 19:30:18 2026: Dispatch Server: do_await_stop
Mon May 25 19:30:18 2026: Dispatch Server: stopping mainFifo_
Mon May 25 19:30:18 2026: XCD main fifo: Stopping
Mon May 25 19:30:18 2026: XCD main fifo: do_read error code: Operation canceled
Mon May 25 19:30:18 2026: XCD main fifo: bytes_transferred: 0
Mon May 25 19:30:18 2026: SERVER: destructor for server bound to port 44419
Mon May 25 19:30:18 2026: XCD main fifo: Good unlink of /tmp/xcdmain4220c220-4ad5-4e53-ba69-b523d7c2b3d8
Mon May 25 19:30:18 2026: Server exiting with status 0.
Mon May 25 19:30:18 2026: Closing log file.
Mon May 25 19:30:47 2026: Running xcd server. This server was NOT built by gradle, but presumably rdi.
Mon May 25 19:30:47 2026: Server was asked to start on port: '38633'
Mon May 25 19:30:47 2026: Server is using token UUID: '40b28661-c71f-41d7-98f3-c57d499be231'
Mon May 25 19:30:47 2026: SESSION_MGR: creating session with session uuid: '6d04a3e9-ade5-4ab9-8d63-1f78fcd2ec76' and name 'default'
Mon May 25 19:30:47 2026: Attempting to start server on port '38633'
Mon May 25 19:30:47 2026: XCD main fifo: created main fifo '/tmp/xcdmain40b28661-c71f-41d7-98f3-c57d499be231', fd read = 13
Mon May 25 19:30:47 2026: Running Dispatch Server
Mon May 25 19:30:47 2026: Version 2.2.0
Mon May 25 19:30:57 2026: Dispatch Server: Accepted socket connection from client
Mon May 25 19:30:57 2026: Starting Socket connection
Mon May 25 19:30:57 2026: EXCHANGE_TOKEN received, server token: 40b28661-c71f-41d7-98f3-c57d499be231, passed token: 40b28661-c71f-41d7-98f3-c57d499be231
Mon May 25 19:30:57 2026: SESSION_MGR: creating session with session uuid: 'be823229-1326-4175-b328-c58ad830b6a5' and name 'vitis_hls'
Mon May 25 19:30:57 2026: KERNEL_SVC: creating session with uuid: 'be823229-1326-4175-b328-c58ad830b6a5' and name 'vitis_hls'
Mon May 25 19:30:57 2026: GUIDANCE_SMGR: creating guidance session with uuid: 'be823229-1326-4175-b328-c58ad830b6a5' and name 'vitis_hls'
Mon May 25 19:30:57 2026: STOP_SERVER received, server token: 40b28661-c71f-41d7-98f3-c57d499be231, passed token: 40b28661-c71f-41d7-98f3-c57d499be231
Mon May 25 19:30:57 2026: Socket received request to stop server.
Mon May 25 19:30:57 2026: Dispatch Server: do_await_stop
Mon May 25 19:30:57 2026: Dispatch Server: stopping mainFifo_
Mon May 25 19:30:57 2026: XCD main fifo: Stopping
Mon May 25 19:30:57 2026: XCD main fifo: do_read error code: Operation canceled
Mon May 25 19:30:57 2026: XCD main fifo: bytes_transferred: 0
Mon May 25 19:30:57 2026: SERVER: destructor for server bound to port 38633
Mon May 25 19:30:57 2026: XCD main fifo: Good unlink of /tmp/xcdmain40b28661-c71f-41d7-98f3-c57d499be231
Mon May 25 19:30:57 2026: Server exiting with status 0.
Mon May 25 19:30:57 2026: Closing log file.
